60
 energy: -61.504499696759 gnorm: 0.125530694439 xtb: 6.7.1 (edcfbbe)
B           -6.14670712000000        2.12750258000000        0.06154643000000
B           -5.85929342000000        0.47086499000000       -0.26807168000000
B           -4.83536206000000        3.20202583000000       -0.18907879000000
B           -4.56393175000000        1.53736898000000       -0.11322764000000
B           -4.28411332000000       -0.13566216000000       -0.10819151000000
B           -5.31340995000000       -2.87540174000000        0.08142220000000
B           -5.02921992000000       -4.53428358000000       -0.23729405000000
B           -4.01110894000000       -1.79121311000000       -0.04531417000000
B           -3.73589267000000       -3.46446854000000        0.02038944000000
B           -3.45981268000000       -5.12736433000000        0.11263758000000
B           -3.25675352000000        2.61789732000000        0.02360156000000
B           -2.97803145000000        0.93905035000000       -0.00333641000000
B           -1.95866477000000        3.67603661000000        0.26609381000000
B           -1.67759613000000        2.01672222000000        0.10443684000000
B           -1.39517997000000        0.34821063000000       -0.02489582000000
B           -2.42356054000000       -2.38428497000000       -0.06323361000000
B           -2.14467346000000       -4.06350774000000        0.01436476000000
B           -1.11967915000000       -1.31217177000000       -0.01549662000000
B           -0.84207753000000       -2.98332203000000       -0.01351569000000
B           -0.56146827000000       -4.64570072000000       -0.12410403000000
B           -0.37113249000000        3.09673705000000        0.15504896000000
B           -0.08983348000000        1.41967785000000        0.08462825000000
B            0.93933219000000        4.16396263000000        0.05980840000000
B            1.21375246000000        2.49849839000000        0.15421789000000
B            1.49267014000000        0.82797871000000        0.11495075000000
B            0.46517079000000       -1.90367794000000        0.02442665000000
B            0.74293560000000       -3.58244263000000        0.06596513000000
B            1.77067002000000       -0.83102995000000        0.04798421000000
B            2.04660914000000       -2.50323689000000        0.12425985000000
B            2.31794899000000       -4.16721661000000        0.27023735000000
B            2.51476451000000        3.57723958000000        0.26438779000000
B            2.79900567000000        1.90048787000000        0.16608576000000
B            3.81797442000000        4.63594674000000        0.47726767000000
B            4.10120380000000        2.97663271000000        0.34018252000000
B            4.38080639000000        1.30552735000000        0.25285830000000
B            3.35193492000000       -1.42367466000000        0.15612913000000
B            3.63002390000000       -3.10286043000000        0.14984098000000
B            4.65835380000000       -0.34823382000000        0.17593333000000
B            4.93935814000000       -2.02044192000000        0.14738706000000
B            5.21703926000000       -3.68221273000000        0.03142560000000
B            5.40900609000000        4.05229887000000        0.20695348000000
B            5.67424531000000        2.38511248000000        0.49547925000000
B            6.24367137000000       -0.95122409000000        0.10040233000000
B            6.51038206000000       -2.61653496000000        0.40676558000000
H           -7.19133661000000        2.53425644000000        0.39584990000000
H           -6.71482564000000       -0.17550179000000       -0.73680244000000
H           -5.04914500000000        4.28812036000000       -0.57688145000000
H           -6.35041437000000       -2.54371098000000        0.51431889000000
H           -5.85044239000000       -5.25343344000000       -0.66229588000000
H           -3.33221064000000       -6.24355103000000        0.44986292000000
H           -2.16095017000000        4.81835987000000        0.43733178000000
H           -0.37146230000000       -5.78936913000000       -0.30627115000000
H            0.75733223000000        5.31324744000000       -0.09287323000000
H            2.50735545000000       -5.31397756000000        0.42300447000000
H            3.67129640000000        5.74183668000000        0.83625014000000
H            5.45918530000000       -4.75741768000000       -0.37050583000000
H            6.25221876000000        4.78510500000000       -0.14541027000000
H            6.67232729000000        2.02910300000000        0.99530205000000
H            7.12053968000000       -0.29183353000000       -0.30698450000000
H            7.52260267000000       -3.03520648000000        0.81890542000000
60
 energy: -61.507467753504 gnorm: 0.040944318146 xtb: 6.7.1 (edcfbbe)
B           -6.14480295645689        2.12634850892391        0.07832016106602
B           -5.85696134536932        0.47409286629876       -0.29432631633057
B           -4.83448921389566        3.19944784580580       -0.21563236813147
B           -4.56474781469795        1.53716697533929       -0.12732437107598
B           -4.28420902891709       -0.13826068481475       -0.10174931929719
B           -5.31157179655841       -2.87826520795170        0.10356951661418
B           -5.02654827286212       -4.53247775025313       -0.26002961474811
B           -4.01192365325618       -1.78919148490725       -0.03841363932633
B           -3.73705844446600       -3.46498364282806        0.02678408508782
B           -3.46122940184710       -5.12508429329223        0.13385515697437
B           -3.25698201371829        2.62129340038637        0.01394229953089
B           -2.97714554015771        0.93634252626535       -0.00211543014136
B           -1.95886483230444        3.67397545690565        0.28338682873736
B           -1.67785381498343        2.01653140512311        0.10313496831381
B           -1.39536744283307        0.34635338627438       -0.01851308372105
B           -2.42354313046093       -2.38166797904309       -0.06292391631644
B           -2.14387311848428       -4.06688775573694        0.01001129138105
B           -1.12046170420727       -1.31075200003714       -0.00663215279031
B           -0.84213622859732       -2.98319087326713       -0.02302212501599
B           -0.56074705934170       -4.64398865113110       -0.14766420693718
B           -0.37180306981641        3.09998014223186        0.14951414700730
B           -0.08946157642573        1.41712799172611        0.07842437175159
B            0.93982298991545        4.16280019285441        0.03695272724195
B            1.21423892966754        2.49857917862241        0.14102799080845
B            1.49287523595760        0.82621424548856        0.11658697118963
B            0.46458412113958       -1.90122080141578        0.02604585624549
B            0.74337439449916       -3.58576911301518        0.06555638153163
B            1.77003764367474       -0.82968066093143        0.06031759238167
B            2.04647699281334       -2.50324417972124        0.12922813383946
B            2.31673997315304       -4.16585936008464        0.28922413354835
B            2.51366726079032        3.58043759568167        0.26369877215035
B            2.79859608666332        1.89767764713129        0.16658165039831
B            3.81778519951445        4.63284926048003        0.49896821330273
B            4.10151788588770        2.97664605816021        0.35213310608257
B            4.38062281881011        1.30282210822037        0.26776910012796
B            3.35054399393055       -1.42124450296334        0.15859065990581
B            3.63042586113667       -3.10618751164179        0.14146093840840
B            4.65790193471082       -0.34578765183940        0.17562519888111
B            4.94089061167453       -2.01998913364356        0.13032922583671
B            5.21769045755046       -3.67894597386171        0.00396745914452
B            5.40744952497800        4.05082811448740        0.18696534660831
B            5.67060804561271        2.38718913182931        0.51865164811999
B            6.24270573736562       -0.95400175561261        0.07326733949117
B            6.50713795507900       -2.61595018214704        0.42127405257125
H           -7.19092233598697        2.53333486036597        0.41989240702175
H           -6.71525804000227       -0.17315125298109       -0.75954746889164
H           -5.05137933461591        4.29363133941436       -0.58584593517369
H           -6.34794559820700       -2.54229407907858        0.53558513758513
H           -5.85070037175285       -5.25444508420000       -0.68104214572996
H           -3.33337471333014       -6.24413286641440        0.46939718810973
H           -2.16210275435355        4.81809380621041        0.45996262706252
H           -0.37078276235294       -5.79181970125104       -0.31685943621440
H            0.75771621887482        5.31577103928925       -0.10332798578766
H            2.50846184187625       -5.31503721262926        0.44334845033495
H            3.67066636251861        5.74315451401084        0.85361700937101
H            5.46305022591174       -4.76298019772990       -0.37821479592332
H            6.25198228660898        4.78699884615141       -0.16336655088598
H            6.67263691144364        2.03295471576223        1.01231257125513
H            7.12464609602520       -0.29468251676464       -0.32607036533130
H            7.52082081247497       -3.03582950825154        0.83750015274949
60
 energy: -61.507782008475 gnorm: 0.025196589313 xtb: 6.7.1 (edcfbbe)
B           -6.14610416005818        2.12686358007672        0.07416431496861
B           -5.85719453113267        0.47415511709868       -0.29866792465340
B           -4.83480491931648        3.19958371052155       -0.22266480593278
B           -4.56422866312327        1.53688580977692       -0.13468149493018
B           -4.28451815798955       -0.13866023728478       -0.10507224024991
B           -5.31192529505550       -2.87871733492181        0.10595525618228
B           -5.02765911334047       -4.53339475095331       -0.25964910317185
B           -4.01252930769374       -1.78903445933504       -0.03253444258336
B           -3.73696806165346       -3.46481024380875        0.02936851796352
B           -3.46168062875096       -5.12546083504786        0.13736604917742
B           -3.25613510169331        2.62171200793050        0.00471382854432
B           -2.97793088457512        0.93605872118887        0.00046086250308
B           -1.95948509691897        3.67381039542678        0.28820348914751
B           -1.67791176505520        2.01684859232256        0.09843872677332
B           -1.39570642600121        0.34622908226799       -0.01492634063321
B           -2.42420668865900       -2.38177501303533       -0.06270270091500
B           -2.14324769207019       -4.06706634022454        0.00930249149581
B           -1.12075400007172       -1.31095417353570       -0.00267321240088
B           -0.84210623973858       -2.98340471374762       -0.02562843132421
B           -0.56077444035103       -4.64400815317432       -0.15615983325386
B           -0.37186613864614        3.10031940487102        0.14493560916509
B           -0.08942852695648        1.41712039230221        0.07448898739406
B            0.94023375550008        4.16301377296952        0.02842969899235
B            1.21427010102232        2.49882864188898        0.13603428469144
B            1.49280517280445        0.82623552920666        0.11816889828035
B            0.46440977840093       -1.90125749800239        0.02830136720376
B            0.74340173850419       -3.58607711465357        0.06430203985474
B            1.76991975973554       -0.82980937742418        0.06521171514752
B            2.04650233145418       -2.50348170012908        0.12859722508326
B            2.31680785632626       -4.16593385005829        0.29529600302421
B            2.51282427857907        3.58053845142250        0.26460152983983
B            2.79905213254330        1.89769432084042        0.16712836144768
B            3.81773001586240        4.63302180353498        0.50355930706971
B            4.10092032931484        2.97623560864009        0.35732092298013
B            4.38065650653448        1.30242299940676        0.27477982777610
B            3.35096626859053       -1.42114908934115        0.16139931451371
B            3.62995094209539       -3.10643696162475        0.13370933014571
B            4.65819887715426       -0.34538868852624        0.17369956202467
B            4.94063135313033       -2.01957093378155        0.12253254803026
B            5.21817461519725       -3.67894639927521       -0.00309273583003
B            5.40831228179029        4.05165702803979        0.18828752092364
B            5.67051306460817        2.38745572990781        0.52273124320718
B            6.24300541278307       -0.95397285613535        0.06839320530933
B            6.50864582258617       -2.61644056163140        0.41576818846578
H           -7.18718615227550        2.53195420647624        0.43178392682002
H           -6.71138696473449       -0.16954431352620       -0.77607078007775
H           -5.05462908569007        4.29387438088922       -0.59129033542740
H           -6.34386119980204       -2.54443367945796        0.54870434034640
H           -5.84842962139051       -5.25328583397834       -0.68834330655815
H           -3.33725667930432       -6.24119823560777        0.48562477568430
H           -2.16278771406681        4.81574335918863        0.48363447852088
H           -0.37051431210810       -5.79174449146124       -0.32851258861633
H            0.75866291880175        5.31600263556522       -0.11572792196206
H            2.50827573211145       -5.31377837495584        0.46542999585138
H            3.67273540409814        5.74029985327730        0.86971265610601
H            5.46636908402021       -4.76296445221644       -0.38369526461942
H            6.25001267932098        4.78574107167219       -0.17030092229942
H            6.67021285830231        2.03738215221500        1.02305972981575
H            7.12308312432794       -0.29804483173334       -0.34015137418983
H            7.51736041272274       -3.03530327033566        0.84310526915796
60
 energy: -61.507956118280 gnorm: 0.013479806921 xtb: 6.7.1 (edcfbbe)
B           -6.14585120546682        2.12667279754863        0.06902713599842
B           -5.85690108774005        0.47376874587198       -0.30199099255178
B           -4.83449299107126        3.19931804783503       -0.22746784638562
B           -4.56381459090998        1.53665364267724       -0.13998067172697
B           -4.28452199269412       -0.13874367931908       -0.10556228367830
B           -5.31178830347624       -2.87858327486472        0.10639606593170
B           -5.02749659286819       -4.53336485459534       -0.25750004626236
B           -4.01250857668277       -1.78911671719621       -0.03163710196811
B           -3.73677523687040       -3.46467874274803        0.03068698719803
B           -3.46145787915701       -5.12531293805746        0.13923520215153
B           -3.25558982000026        2.62159869132239       -0.00352396506638
B           -2.97818037230667        0.93598712082442        0.00169913368598
B           -1.95980358032673        3.67341901529711        0.28957873352012
B           -1.67779842761475        2.01690348001718        0.09354425158534
B           -1.39589817568720        0.34621243726034       -0.01141713762897
B           -2.42430993839639       -2.38190999596477       -0.06235362839774
B           -2.14297142686780       -4.06686291332139        0.00949144511290
B           -1.12079331772040       -1.31117474206237       -0.00084936914603
B           -0.84198857116543       -2.98335476031369       -0.02654007402480
B           -0.56076578435381       -4.64373485256276       -0.15961554730367
B           -0.37185832241069        3.10002251230989        0.14121766058615
B           -0.08944847845462        1.41721815089747        0.07170212445291
B            0.94033119096642        4.16282783911111        0.02487868456851
B            1.21414543691344        2.49878737022541        0.13313678719008
B            1.49262398287682        0.82638709300301        0.11858620407197
B            0.46430989666693       -1.90138308159637        0.03034035534167
B            0.74339644350503       -3.58571601476852        0.06289066172948
B            1.76973657748839       -0.82996754857738        0.06894325671076
B            2.04644664283613       -2.50340794100135        0.12681971415260
B            2.31684092289455       -4.16563901116115        0.29728960212917
B            2.51233711910469        3.58028250833883        0.26581767319795
B            2.79899348040522        1.89778224064705        0.16750939186779
B            3.81714665703202        4.63280315829477        0.50595436592138
B            4.10038523880423        2.97598733963578        0.36046753493269
B            4.38040801413710        1.30246695809093        0.27592301853646
B            3.35095772190976       -1.42115064744575        0.16366799926350
B            3.62974851733512       -3.10611949694342        0.12680610723645
B            4.65804560421289       -0.34534993044342        0.17460437983164
B            4.94039119985893       -2.01921258382660        0.11726374771640
B            5.21794717061504       -3.67863308960223       -0.00729111645213
B            5.40781926719823        4.05156248036553        0.19096663011648
B            5.67013971122969        2.38724412750116        0.52389407659785
B            6.24275445537035       -0.95346630998045        0.06560869792808
B            6.50864110158550       -2.61615388181800        0.40956553841387
H           -7.18232496742279        2.53142205462419        0.44234788719004
H           -6.70578106571482       -0.16589526717607       -0.79540146247561
H           -5.05682434872743        4.29310552539670       -0.59726455461508
H           -6.33955352474056       -2.54738905733911        0.56162362456515
H           -5.84550639711287       -5.25218377690702       -0.69403521790779
H           -3.34118069902968       -6.23700199176030        0.50354095298353
H           -2.16344370907855        4.81205523981927        0.50953043267487
H           -0.37025560693884       -5.79055735951480       -0.34109960550497
H            0.75975190123875        5.31522903765581       -0.12929288603011
H            2.50767590131580       -5.31122810498875        0.48965385201296
H            3.67478795230395        5.73586777741105        0.88787692197153
H            5.46830434879706       -4.76186269889595       -0.38965399491768
H            6.24769628470668        4.78428058726851       -0.17551286782599
H            6.66672928863361        2.04117131696534        1.03359758907818
H            7.11943732200566       -0.30077865386488       -0.35642723926259
H            7.51338267905910       -3.03546378759865        0.84689282097856
60
 energy: -61.508031743099 gnorm: 0.006456297479 xtb: 6.7.1 (edcfbbe)
B           -6.14573442901523        2.12635314958698        0.06646971881097
B           -5.85676623738041        0.47346965254032       -0.30725564264109
B           -4.83439148820320        3.19907981346853       -0.23286268810514
B           -4.56403657261154        1.53667863847021       -0.14372378712941
B           -4.28473781205986       -0.13873809862724       -0.10340818402811
B           -5.31188374333009       -2.87861882180401        0.10763949316112
B           -5.02717425046809       -4.53343445258137       -0.25763330157411
B           -4.01248741440966       -1.78941517317878       -0.03389573548888
B           -3.73697535124971       -3.46498056007174        0.03232669282441
B           -3.46143447094787       -5.12530405428575        0.14295954686240
B           -3.25585805233448        2.62165439344160       -0.00975274124409
B           -2.97819797542804        0.93603480316260        0.00191659140132
B           -1.96008832046352        3.67328957324713        0.28973947448831
B           -1.67790099956342        2.01692137002830        0.09138342256951
B           -1.39613363290019        0.34616347817211       -0.00746079448075
B           -2.42416762722244       -2.38209422524009       -0.06216807541286
B           -2.14325660876565       -4.06712375958251        0.01093741398115
B           -1.12081816796733       -1.31131413648915       -0.00046798253276
B           -0.84194711604822       -2.98342775485539       -0.02725051564800
B           -0.56068544523683       -4.64373703137397       -0.16050932741497
B           -0.37195515461614        3.10008470352498        0.13861778892086
B           -0.08954008865421        1.41734441062863        0.07077410726841
B            0.94025348812858        4.16288214441536        0.02356380241780
B            1.21413330174975        2.49891259294250        0.13066392218208
B            1.49256642469413        0.82656769458375        0.11786411996748
B            0.46428952195257       -1.90152366774013        0.03214104860441
B            0.74351252233445       -3.58568958538513        0.06185422594259
B            1.76963082988943       -0.83003625254256        0.07308761506978
B            2.04653192175487       -2.50335653286529        0.12692708132116
B            2.31698766424783       -4.16551637015221        0.29789096406513
B            2.51241024513779        3.58051128668842        0.26759640239892
B            2.79875835851290        1.89797888841836        0.16747803135548
B            3.81673599755849        4.63275259985934        0.50974109968672
B            4.10032588786765        2.97623946656272        0.36356694367977
B            4.38039986267979        1.30285557306968        0.27410830521464
B            3.35082384755775       -1.42117592169166        0.16536726174554
B            3.63028524938974       -3.10597531864032        0.12173675068987
B            4.65802218560179       -0.34541402569719        0.17718489782160
B            4.94078489092448       -2.01909533909113        0.11320160613125
B            5.21807464892652       -3.67829509837777       -0.01203491102699
B            5.40737445126256        4.05168306189765        0.19134747762088
B            5.67006714549545        2.38726696197502        0.52503744184164
B            6.24286756500914       -0.95297090309536        0.06143309179742
B            6.50861938601866       -2.61576068860842        0.40629473344786
H           -7.17777473453542        2.53251480835953        0.45041531555276
H           -6.69941816842556       -0.16287739876531       -0.81645196485048
H           -5.05775202789820        4.29215475106247       -0.60421360530808
H           -6.33616984156176       -2.55024826345407        0.57309578503015
H           -5.84291328568091       -5.25209745222076       -0.69887753087835
H           -3.34444096614116       -6.23272177428200        0.52157780359241
H           -2.16448230468458        4.80720021090752        0.53433678648400
H           -0.37023092431450       -5.78855996715049       -0.35500614937138
H            0.76102898783880        5.31374707421141       -0.14431440072861
H            2.50715005424513       -5.30756145840985        0.51333419605899
H            3.67646126101778        5.73109922824356        0.90654663682397
H            5.46889885627953       -4.76060940725826       -0.39672728294576
H            6.24579357141001        4.78384149633202       -0.17963796214270
H            6.66316005908434        2.04323014901792        1.04330472518331
H            7.11461103976946       -0.30220928411843       -0.37462833675674
H            7.51022102577878       -3.03698960718203        0.84897823769329
60
 energy: -61.508052492223 gnorm: 0.003242944060 xtb: 6.7.1 (edcfbbe)
B           -6.14585049460889        2.12624906062824        0.06654403856160
B           -5.85656854508050        0.47342175442623       -0.30852111668524
B           -4.83434182976822        3.19895322554301       -0.23380179837135
B           -4.56393045121567        1.53663074462952       -0.14381662826042
B           -4.28460491150916       -0.13873748333834       -0.10394838109622
B           -5.31177093149480       -2.87864048630157        0.10709344478616
B           -5.02704217388410       -4.53358063363573       -0.25849536796742
B           -4.01232861507406       -1.78947096730385       -0.03486797428108
B           -3.73686135239203       -3.46497292988790        0.03365905606710
B           -3.46140835530157       -5.12521425705618        0.14499740334019
B           -3.25590017567169        2.62154559066469       -0.00995801985313
B           -2.97812527768079        0.93598850796091        0.00233704667603
B           -1.96009798546457        3.67317751914929        0.29033114275127
B           -1.67802032169716        2.01675573804304        0.09428915899753
B           -1.39613930908297        0.34610169433072       -0.00644143821661
B           -2.42400340682857       -2.38208573592573       -0.06319767423846
B           -2.14326583293379       -4.06710233092597        0.01277329157107
B           -1.12075427413652       -1.31123586783798       -0.00139586183114
B           -0.84189174998827       -2.98337437286749       -0.02845184303892
B           -0.56058575950243       -4.64368268868864       -0.16019916072491
B           -0.37202805955949        3.10016222266513        0.13888810508634
B           -0.08959472666692        1.41727478613688        0.07187615482196
B            0.94014349235513        4.16283660831741        0.02346305584558
B            1.21416265362956        2.49892958811536        0.12928764598857
B            1.49256028663296        0.82654784845611        0.11715356437016
B            0.46431618570928       -1.90144943596349        0.03210760800000
B            0.74358322992075       -3.58574421635175        0.06189268407857
B            1.76957772859301       -0.82996350375380        0.07405885812872
B            2.04648538310352       -2.50327041238884        0.12962902524916
B            2.31696365466846       -4.16539096740724        0.29859756493955
B            2.51233895686024        3.58048238200412        0.26876998948891
B            2.79866568777547        1.89803244811829        0.16624402558722
B            3.81659850780843        4.63264755777940        0.51152778098385
B            4.10013501498037        2.97622286467204        0.36485063995496
B            4.38031886259718        1.30298137568177        0.27293320220063
B            3.35072916234153       -1.42111702952550        0.16578766718072
B            3.63034571607410       -3.10583771700848        0.12170155183534
B            4.65792558875206       -0.34538138200343        0.17684643661872
B            4.94070387656129       -2.01900181603534        0.11263872922565
B            5.21809405772049       -3.67810945369804       -0.01292004185167
B            5.40731805078410        4.05187563169922        0.19034262286085
B            5.67000605051730        2.38736518691946        0.52425566325625
B            6.24276530471898       -0.95288215446705        0.06047220646458
B            6.50873112178269       -2.61563865743069        0.40663563212144
H           -7.17708506522393        2.53377470540655        0.44928772967188
H           -6.69733564872352       -0.16198003821913       -0.82171749666961
H           -5.05797454776327        4.29177664858584       -0.60543436303763
H           -6.33587313764806       -2.55078709185905        0.57325266763143
H           -5.84257518788935       -5.25297763753278       -0.69844527533485
H           -3.34535822994340       -6.23157843929873        0.52578776063271
H           -2.16521139215291        4.80470183727219        0.54104237490108
H           -0.37063473364950       -5.78741215855244       -0.36087684046815
H            0.76171019309496        5.31276398634752       -0.15082936910252
H            2.50719969567339       -5.30547144195497        0.52043758658905
H            3.67722588654696        5.72959421616408        0.91143018418824
H            5.46904721678436       -4.76013408486216       -0.39824875589359
H            6.24551928744131        4.78484656806340       -0.17889640608348
H            6.66232945836880        2.04295946536920        1.04390971578721
H            7.11277241672975       -0.30249292490292       -0.37963188087982
H            7.51031679400962       -3.03824185616416        0.84712231744601
60
 energy: -61.508069032533 gnorm: 0.002626944866 xtb: 6.7.1 (edcfbbe)
B           -6.14585157456056        2.12612241019183        0.06599562466683
B           -5.85650151675070        0.47340377517008       -0.30936497178729
B           -4.83435378469529        3.19890686997213       -0.23382246186986
B           -4.56392239920476        1.53661870227299       -0.14375403407068
B           -4.28456447713982       -0.13877399311309       -0.10490118675726
B           -5.31175654726978       -2.87870460297582        0.10563561024281
B           -5.02687009983408       -4.53368257335850       -0.25849910692137
B           -4.01228163706505       -1.78953979958281       -0.03568471039096
B           -3.73683603177416       -3.46501550336433        0.03566843835259
B           -3.46138466023883       -5.12518707184908        0.14662667591837
B           -3.25591808684685        2.62148398986067       -0.00961316269179
B           -2.97816284990956        0.93594767327776        0.00234722826794
B           -1.96015789848248        3.67311579152257        0.29169537210496
B           -1.67823476170791        2.01657987635902        0.09988372278079
B           -1.39614787605994        0.34607505825259       -0.00606943531449
B           -2.42393971137692       -2.38211677407038       -0.06464022357628
B           -2.14323282951850       -4.06710266471783        0.01514359572305
B           -1.12070803996560       -1.31119540438903       -0.00249514291748
B           -0.84179812251396       -2.98333919589629       -0.03081582717430
B           -0.56050000223020       -4.64371105542439       -0.16011176770539
B           -0.37210410236911        3.10024031800456        0.13966449287294
B           -0.08965837198238        1.41723795118166        0.07342039920619
B            0.94008514721233        4.16287014087923        0.02284675584932
B            1.21422996105450        2.49900036963035        0.12685016315178
B            1.49258414443404        0.82654775926983        0.11677715203133
B            0.46435869187016       -1.90140391949704        0.03183440193823
B            0.74364851781220       -3.58581528979269        0.06223834129440
B            1.76958125486276       -0.82991349714855        0.07446912423327
B            2.04637945388853       -2.50325410621620        0.13473414016165
B            2.31695516905219       -4.16532669804180        0.30028223234464
B            2.51222202271054        3.58046362125024        0.27024547870478
B            2.79872033623862        1.89813568021608        0.16461109224339
B            3.81650570229773        4.63259813416819        0.51302117050778
B            4.10001063452892        2.97623374912608        0.36675833939209
B            4.38035764087292        1.30311001692543        0.27174096125672
B            3.35078643783201       -1.42105604438082        0.16577822727266
B            3.63036444736660       -3.10576469278696        0.12212264609052
B            4.65796382602978       -0.34529788908083        0.17582204968504
B            4.94072508641452       -2.01894820704373        0.11195824042266
B            5.21813352741671       -3.67803294669827       -0.01294561885927
B            5.40719143076662        4.05198067798101        0.19012079903878
B            5.67010129091285        2.38752726466972        0.52268376210481
B            6.24277784792584       -0.95284235670082        0.05982547576712
B            6.50877826867054       -2.61547066871077        0.40635444767400
H           -7.17733737069329        2.53503725689163        0.44499396764006
H           -6.69597122679045       -0.16102172354744       -0.82498541065189
H           -5.05837042597486        4.29149966507512       -0.60538074017733
H           -6.33626189318213       -2.55079646121975        0.57056482012116
H           -5.84265789202553       -5.25446072629254       -0.69538268001568
H           -3.34615231902069       -6.23076468269729        0.52837641075272
H           -2.16577602452696        4.80198730967961        0.54812680266777
H           -0.37117589344429       -5.78597133794400       -0.36828377215735
H            0.76243275722610        5.31144573550792       -0.15935817665839
H            2.50703267086134       -5.30311049954042        0.52841608330903
H            3.67814008030314        5.72829557673713        0.91510502225960
H            5.46949834832070       -4.75967894739046       -0.39877204037508
H            6.24535415406373        4.78663323105873       -0.17550108740273
H            6.66213624548274        2.04247792001913        1.04240276679455
H            7.11157444991881       -0.30317824638196       -0.38321104908596
H            7.51138592080708       -3.03945935529718        0.84261021171457
60
 energy: -61.508078158467 gnorm: 0.001685109059 xtb: 6.7.1 (edcfbbe)
B           -6.14591244027141        2.12611117223438        0.06512439282376
B           -5.85646878188907        0.47339322659894       -0.30985321146353
B           -4.83435650369233        3.19893325098857       -0.23324467838721
B           -4.56392111109068        1.53660464207395       -0.14390277565186
B           -4.28456356208549       -0.13882305307297       -0.10504017205457
B           -5.31176098210583       -2.87873062118092        0.10463139132547
B           -5.02688337490807       -4.53377630429305       -0.25800078405493
B           -4.01225350776325       -1.78955750102474       -0.03681595745843
B           -3.73684441750667       -3.46502449068886        0.03693092821663
B           -3.46134789358434       -5.12520052031971        0.14704483206365
B           -3.25588447290104        2.62150944680415       -0.00960345881468
B           -2.97814734567918        0.93592156587623        0.00160726252808
B           -1.96019586376466        3.67303514368833        0.29293753208528
B           -1.67839531085862        2.01644754182918        0.10497455214694
B           -1.39613441140677        0.34609766206617       -0.00651372916261
B           -2.42391308672934       -2.38211577420455       -0.06525920770547
B           -2.14318731873309       -4.06713055286770        0.01597385285837
B           -1.12068486563501       -1.31122051602048       -0.00282317534908
B           -0.84169314468710       -2.98329322013061       -0.03355938962883
B           -0.56045626312580       -4.64369585083263       -0.16057200316096
B           -0.37212357314674        3.10020634465268        0.14000903666171
B           -0.08968908393152        1.41723697744988        0.07399146567413
B            0.94009887201930        4.16285267138571        0.02190616978907
B            1.21430234114708        2.49904201838518        0.12395133024516
B            1.49257319980729        0.82656443370906        0.11696724073942
B            0.46438286777001       -1.90140390290668        0.03160989249708
B            0.74365941107719       -3.58579340493028        0.06252770636246
B            1.76960098840769       -0.82992867858258        0.07408765817954
B            2.04622781865236       -2.50328461965056        0.13965965104082
B            2.31691216556916       -4.16526499439483        0.30195242777235
B            2.51214216680190        3.58047335862032        0.27083718076850
B            2.79874482532842        1.89814826791117        0.16396415856470
B            3.81644661301207        4.63259229148292        0.51346385884917
B            4.09994153943855        2.97620205025681        0.36821156247067
B            4.38040486338565        1.30315326544267        0.27059443641259
B            3.35082285107813       -1.42101215011499        0.16515000821211
B            3.63034056778902       -3.10579211361130        0.12216795984903
B            4.65798094181354       -0.34524669735510        0.17566009854418
B            4.94074908248727       -2.01892419225032        0.11125633086897
B            5.21810861101723       -3.67807861887866       -0.01247595232025
B            5.40718766604256        4.05204851002929        0.19069324726197
B            5.67017676058210        2.38758087788182        0.52164951590411
B            6.24278659352864       -0.95282220391345        0.05929702886190
B            6.50890177727406       -2.61543246682260        0.40547741143226
H           -7.17851446401232        2.53546677414253        0.44062348566270
H           -6.69590494237398       -0.16054335393479       -0.82573864630580
H           -5.05859359001451        4.29166535579726       -0.60416675985171
H           -6.33682390756595       -2.55023042735722        0.56797455671468
H           -5.84314196549885       -5.25582716655268       -0.69177949519385
H           -3.34644768908274       -6.23053701170960        0.52943869371072
H           -2.16578853149689        4.80042501392963        0.55501518357832
H           -0.37132178855863       -5.78485293816231       -0.37453247658782
H            0.76281365242698        5.31036090469338       -0.16677916713033
H            2.50652237438216       -5.30169156663861        0.53616649243987
H            3.67857606804150        5.72775458034295        0.91683389050271
H            5.46984390405480       -4.75960861613460       -0.39832881433642
H            6.24551267965447        4.78819720261122       -0.17145883510191
H            6.66251780572657        2.04222114199967        1.04059056997354
H            7.11160847975925       -0.30391109334820       -0.38450406909456
H            7.51289374602486       -3.03985148099826        0.83815940522225
60
 energy: -61.508082627930 gnorm: 0.001163990352 xtb: 6.7.1 (edcfbbe)
B           -6.14586466678582        2.12616047692512        0.06422416989227
B           -5.85648201141211        0.47339830222943       -0.30994525688715
B           -4.83438152342074        3.19904354846322       -0.23236330409680
B           -4.56389691848315        1.53659860146905       -0.14445700373835
B           -4.28457207796823       -0.13881948048572       -0.10531114927969
B           -5.31179571122077       -2.87871026803014        0.10422130429384
B           -5.02694901842438       -4.53375972785712       -0.25704697281001
B           -4.01226590465585       -1.78953600891648       -0.03688059745648
B           -3.73688270724809       -3.46499350992821        0.03755986854876
B           -3.46131997617942       -5.12526543654005        0.14629541918078
B           -3.25581202684275        2.62156446227306       -0.00965134742406
B           -2.97812929317603        0.93594330644285        0.00046902103928
B           -1.96021937984608        3.67297955001991        0.29409049910153
B           -1.67854557250256        2.01632607844765        0.10985988604182
B           -1.39611814153163        0.34614604111649       -0.00730860018448
B           -2.42397043428626       -2.38211881457097       -0.06489427194539
B           -2.14313903627478       -4.06714438075853        0.01501369386378
B           -1.12069135960341       -1.31126270924850       -0.00260763966778
B           -0.84160519070144       -2.98323743635450       -0.03722455770546
B           -0.56045197472817       -4.64366211029765       -0.16175911050952
B           -0.37208770495060        3.10017471931313        0.13954825677885
B           -0.08967068420711        1.41725623825979        0.07331689147379
B            0.94019394198785        4.16283241218588        0.02033235799884
B            1.21445754904387        2.49909114687154        0.11987389602349
B            1.49255869185885        0.82658233231772        0.11732906158119
B            0.46439086853649       -1.90142280868123        0.03134715962490
B            0.74364131239638       -3.58576858665205        0.06249120189072
B            1.76962683041177       -0.82998023859793        0.07352595425344
B            2.04606601872935       -2.50333373259520        0.14475574695064
B            2.31686053136680       -4.16525105532272        0.30328324167171
B            2.51213766245256        3.58049193817096        0.27020559215761
B            2.79877038237415        1.89811918476501        0.16456968531761
B            3.81644189463884        4.63264022633261        0.51313970844848
B            4.09991450361717        2.97612474649912        0.36926234686446
B            4.38043460248084        1.30312457986870        0.27043663378074
B            3.35088553172925       -1.42101538214452        0.16391450980344
B            3.63027999380540       -3.10586142034860        0.12194363412027
B            4.65800933042051       -0.34525451942671        0.17530008118854
B            4.94076604640250       -2.01891257985087        0.11033909327909
B            5.21806960636073       -3.67822131918825       -0.01183085238330
B            5.40717908771651        4.05199462596168        0.19175355273343
B            5.67022058583655        2.38752978698555        0.52155315566488
B            6.24280076575413       -0.95281631145198        0.05900010210276
B            6.50891966007512       -2.61547140213634        0.40434555912585
H           -7.18026903924580        2.53514999947640        0.43672068621249
H           -6.69697747267059       -0.16097911779963       -0.82382327667860
H           -5.05833675358140        4.29243087256963       -0.60183786577217
H           -6.33743720233406       -2.54916907319490        0.56583589656023
H           -5.84406626320324       -5.25671110863528       -0.68801942095390
H           -3.34598680719883       -6.23103297867155        0.52826238150137
H           -2.16555496019498        4.79976403834375        0.56175496258789
H           -0.37101140213740       -5.78408236741208       -0.37948813084164
H            0.76296335280014        5.30956231364039       -0.17314639552164
H            2.50593118330617       -5.30099522728452        0.54364481129655
H            3.67826868987460        5.72814455431018        0.91625047851476
H            5.46961296904461       -4.76019069672699       -0.39679067391748
H            6.24617940365424        4.78901791533818       -0.16743792649227
H            6.66323936710023        2.04187730209553        1.03906778301811
H            7.11255403857549       -0.30400660015559       -0.38317842132710
H            7.51454385266450       -3.03944330142748        0.83432413110519
60
 energy: -61.508083823583 gnorm: 0.000700347780 xtb: 6.7.1 (edcfbbe)
B           -6.14587392698898        2.12621061793865        0.06440464576207
B           -5.85650577385635        0.47341013622441       -0.30964521418733
B           -4.83436038794796        3.19903684518906       -0.23219162187475
B           -4.56391342399164        1.53661996151995       -0.14443677233873
B           -4.28458111865277       -0.13878690526511       -0.10502132554251
B           -5.31179052930424       -2.87868465572251        0.10496176910905
B           -5.02700776254735       -4.53371971332736       -0.25723169371448
B           -4.01228732277816       -1.78951945780681       -0.03663246848744
B           -3.73688963661272       -3.46499037307050        0.03663655948167
B           -3.46131234691601       -5.12525206070980        0.14552986664207
B           -3.25581545542278        2.62157495240418       -0.00970120288573
B           -2.97811342483051        0.93596439256882        0.00064266218145
B           -1.96017886276058        3.67301076878414        0.29355870576927
B           -1.67848950622972        2.01634888898415        0.10878763973237
B           -1.39611475320223        0.34614848625234       -0.00718911582618
B           -2.42398126999929       -2.38210929733651       -0.06432986661248
B           -2.14315461132472       -4.06713229495988        0.01406964888023
B           -1.12071542582265       -1.31126331072390       -0.00196389831448
B           -0.84161103863907       -2.98322104795434       -0.03715948039174
B           -0.56046463131808       -4.64363771717112       -0.16205689850116
B           -0.37205844956955        3.10017829214322        0.13912652088165
B           -0.08964142504512        1.41726516440999        0.07269906845172
B            0.94020617915956        4.16281868862493        0.02047217843706
B            1.21446312265653        2.49906417786679        0.11984659927832
B            1.49255419469354        0.82657018115158        0.11744806799233
B            0.46437664447360       -1.90143235118040        0.03137305240340
B            0.74363029158367       -3.58576462657567        0.06216179121903
B            1.76962045548186       -0.82998503672804        0.07335517214065
B            2.04606385992353       -2.50332643887786        0.14395721238083
B            2.31684465734050       -4.16527819148435        0.30276747959510
B            2.51218826183338        3.58049075147439        0.26964445800128
B            2.79874072288777        1.89808693581097        0.16520736300761
B            3.81647320915131        4.63265431673673        0.51222904612552
B            4.09997353844786        2.97613982125391        0.36845689142704
B            4.38040400554117        1.30307891701314        0.27118441333821
B            3.35085375366791       -1.42104420201620        0.16390669646660
B            3.63027936477733       -3.10586956216571        0.12178242861784
B            4.65799136945558       -0.34530221244331        0.17580877446391
B            4.94076800425533       -2.01894119710725        0.11060316772289
B            5.21803953605608       -3.67821749991149       -0.01187418522801
B            5.40723208206823        4.05196310449977        0.19185113954292
B            5.67017235875112        2.38746591152638        0.52221000465036
B            6.24279938838160       -0.95283483526078        0.05913491577871
B            6.50890595350581       -2.61553265407595        0.40448497781761
H           -7.18008262351488        2.53478851952760        0.43801216238420
H           -6.69746058978254       -0.16151107035782       -0.82247597589662
H           -5.05798430566217        4.29262568923792       -0.60147199100946
H           -6.33723673697882       -2.54939318038043        0.56721668791069
H           -5.84418968181265       -5.25597881582181       -0.68925732929100
H           -3.34551084912592       -6.23134991642926        0.52678919148218
H           -2.16545454225429        4.80020573571056        0.56040794164471
H           -0.37085751233670       -5.78442212190408       -0.37805155508592
H            0.76290787577482        5.30987677705215       -0.17132740767564
H            2.50603522881840       -5.30134277978175        0.54239333754048
H            3.67773290876282        5.72870068180931        0.91415324050400
H            5.46919802759570       -4.76044697548780       -0.39649917455372
H            6.24648393162479        4.78812157666055       -0.16847808084052
H            6.66321211241062        2.04203033708200        1.03984526478705
H            7.11284406257266       -0.30345955133471       -0.38191109191001
H            7.51406986357526       -3.03906098608487        0.83594524661587
