55
 energy: -56.196748611104 gnorm: 0.006159844789 xtb: 6.7.1 (edcfbbe)
B           -4.78060212810516       -2.60451272195463        0.31726640248521
B           -4.56946542092356       -1.35668310629316       -0.64800408778613
B           -4.46386071152997       -0.24738064342288       -1.88294476080549
B           -3.39653114248309       -2.66197939132667       -0.50282669022160
B           -3.03800920083139        0.17760662861752       -1.40477344873187
B           -4.39087183354180        0.34264421095904       -0.19239656817369
B           -5.03101221778247        1.40307827763977        0.81922154762237
B           -4.62009379700083        2.98638801988285        0.99756218559343
B           -2.80885069062964        0.51280288442160        0.19951255105648
B           -3.21855148714788        3.22753972795357        1.79323591828874
B           -2.16113324658195       -3.77582077655871       -0.58434349954053
B           -1.87692794552205       -2.24808369264506       -0.93341418929023
B           -1.69716384472834       -0.61333441376661       -0.83575132982930
B           -0.58444330516177       -3.21898361694770       -0.83504891282733
B           -0.21975092725657       -0.14844847925055       -0.31180258094942
B           -1.39498476128340        0.03581797169566        0.85208716556541
B           -1.77568622987171        1.66210958889842        0.75922379686051
B           -1.89750204291225        3.23698929716018        0.88258394155037
B           -0.21529165187858        1.03720020997037        1.06969465184616
B           -0.75211800983287        4.34800190182793        0.55841652979380
B            0.82650101803648       -4.11286966761294       -0.74004862749685
B            0.92514420166808       -2.50540356116467       -0.74972269459984
B            1.21436371257911       -0.94897940926379       -0.58697226135702
B            2.20066499946930       -3.40258613372449       -0.16816732856770
B            2.62204627016677       -0.19565142754108       -0.29297700878279
B            1.23408058935036        0.55156215911385        0.14260040767122
B            1.12484403237610        2.00092310887610        1.04298608876754
B            0.53659962080180        3.43722902666625        0.61800662574485
B            2.45801542319631        1.67264560951496        0.08749490363520
B            1.21364618475935        3.01707291317090       -0.85296287728410
B            3.22024415102024       -3.85082033065175        1.10442777006576
B            3.62404573810086       -2.65348636785488        0.06373706531976
B            4.02502698037712       -1.12193031110703       -0.23655244980638
B            4.41737557651182       -2.83547431437302        1.42032928397897
B            5.36364045778391       -0.24189778967238       -0.68977775138453
B            4.10411869328249        0.53100897266082       -0.01347678266902
B            4.01809304252315        2.32177466124435       -0.03381032896725
B            2.82183825740384        3.09683305905196       -0.91293012984188
B            5.42200667767386        1.45825389621061       -0.18528822632111
B            4.29611779141166        3.55008998152080       -1.01397913324797
H           -5.16873366508543       -3.09485622778306        1.31067667783779
H           -5.71606329046330       -2.07639163894128       -0.39350853388090
H           -5.26403353577053       -0.12071679270246       -2.74169031368908
H           -5.77109694150905        1.00744334297935        1.66460415930107
H           -5.36451415141942        3.84312534383261        0.67204394189903
H           -3.23429953466606        3.22497389599614        2.97567413799208
H           -2.35929683556703       -4.92623667158374       -0.47322520319924
H           -0.89648183974698        5.47548043557243        0.24425271060269
H            0.82234616480696       -5.24979409681697       -1.02332921113679
H            0.55369522925264        2.69429372385459       -1.78368562955645
H            2.97032308813556       -4.81755633185315        1.71725026552226
H            5.26307405215498       -2.51245427310269        2.15654244454774
H            6.38477771008240       -0.64668560311096       -1.09559042958942
H            6.50319703006137        1.83816888324287        0.06501209723081
H            5.13888969624262        4.25241405851201       -1.41544228122805
55
 energy: -56.196844215538 gnorm: 0.003893792780 xtb: 6.7.1 (edcfbbe)
B           -4.78017162701251       -2.60681109421033        0.31749497373395
B           -4.56899363900411       -1.35786891245302       -0.64810686771631
B           -4.46207217706226       -0.24903084841843       -1.88326489792290
B           -3.39781088599004       -2.66433220445804       -0.50433869334311
B           -3.03702007185943        0.17851639357079       -1.40335454389266
B           -4.38989480561174        0.34138880087803       -0.19190423050979
B           -5.03215211210898        1.40210231156969        0.81935955674747
B           -4.62139278162104        2.98501023880632        0.99650141366070
B           -2.80827849117878        0.51275741463510        0.20081704475216
B           -3.21895112107372        3.22703833596941        1.79055000822541
B           -2.16186976938854       -3.77751731043501       -0.58829822389274
B           -1.87721176455824       -2.24804765881277       -0.93270616819758
B           -1.69722902850111       -0.61363212809718       -0.83392254130008
B           -0.58393911593407       -3.21959445254640       -0.83522976835428
B           -0.21927203638731       -0.14688417073668       -0.31195287608991
B           -1.39419312403265        0.03759298672299        0.85294836128901
B           -1.77541393621813        1.66360674964302        0.75986252501303
B           -1.89748192608959        3.23804552442829        0.87925364092794
B           -0.21381246296896        1.03956816833472        1.06976709453253
B           -0.75237639902217        4.34878119445206        0.55833766309815
B            0.82630528012699       -4.11364994556658       -0.74040997129718
B            0.92442253260173       -2.50523984708654       -0.74933616864449
B            1.21444475936039       -0.94745182642737       -0.58813836415147
B            2.20205074182601       -3.40259565263804       -0.17107980018949
B            2.62204688407663       -0.19576468045808       -0.29160225321899
B            1.23353046686199        0.55266865266679        0.14174547358639
B            1.12570404025555        2.00250545526929        1.04364462008771
B            0.53754685713020        3.43931509790298        0.62158507953331
B            2.45870300927391        1.67388508750575        0.08721966409571
B            1.21113363618944        3.01840748137279       -0.84968484370031
B            3.21875626036368       -3.85072818906801        1.10432371367130
B            3.62555508990506       -2.65426333708794        0.06336895230896
B            4.02520618143942       -1.12255365264139       -0.23913561340151
B            4.41723542833553       -2.83780539081346        1.42112056692256
B            5.36251651764130       -0.24216560171993       -0.69464226813372
B            4.10536626832448        0.52873000870429       -0.01204587919558
B            4.01954680964296        2.31816665179031       -0.03957063164701
B            2.81931118015404        3.09914886173308       -0.91181950450500
B            5.42428415671539        1.45513744914227       -0.17941886754159
B            4.29457843974230        3.54861146581615       -1.02071292763522
H           -5.16643373136083       -3.09243304564534        1.31377070543433
H           -5.71588732163646       -2.07620981937943       -0.39180310138041
H           -5.26102563857434       -0.12098802031395       -2.74293635080509
H           -5.76948757318594        1.00630157759520        1.66679177689292
H           -5.36429453112678        3.84314313525357        0.67147335361137
H           -3.23302579291235        3.23369975153285        2.97293613483740
H           -2.36096009562437       -4.92812127284566       -0.48003907868502
H           -0.89551935288259        5.47833210104910        0.25169442520745
H            0.82131290310726       -5.25177854292322       -1.01868691342233
H            0.55064036078155        2.69728774993430       -1.78055570798897
H            2.96932001197231       -4.81904971694777        1.71502226560219
H            5.25966055562100       -2.51211745871781        2.15986363907392
H            6.38330813958672       -0.64737010922027       -1.10062477445835
H            6.50432477340384        1.83540343105668        0.07494093747092
H            5.13670602848347        4.25330681235407       -1.41907175907842
55
 energy: -56.196927293043 gnorm: 0.002913291186 xtb: 6.7.1 (edcfbbe)
B           -4.77861660521093       -2.61037390599057        0.31965799410881
B           -4.56845335945534       -1.36000947063384       -0.64799184452461
B           -4.45822400974686       -0.25289862940920       -1.88362547447092
B           -3.40011963524316       -2.66790568127047       -0.50575915319050
B           -3.03520767803754        0.18054689820025       -1.40003643118236
B           -4.38773162644842        0.33876644910462       -0.19008715379341
B           -5.03147168855937        1.39999052726225        0.82170625525765
B           -4.62255839279592        2.98323415049362        0.99074729903051
B           -2.80703253412400        0.51249161794462        0.20373585352309
B           -3.22059776972508        3.23169856334317        1.78389006845257
B           -2.16350507684840       -3.78018440610079       -0.59812947456734
B           -1.87739615559163       -2.24710393905433       -0.92990420880831
B           -1.69707988087633       -0.61377573198316       -0.82973714736219
B           -0.58280400571928       -3.22052002621458       -0.83590739048838
B           -0.21814368344480       -0.14413395004540       -0.31152756053839
B           -1.39249691363113        0.04115384006061        0.85517203928942
B           -1.77481904421590        1.66676739404672        0.76205727719126
B           -1.89622593634883        3.24097337580188        0.87467139404610
B           -0.21089138172647        1.04381360856907        1.07055510749589
B           -0.75158827144040        4.35392347846368        0.56858044369910
B            0.82562814556536       -4.11529815370426       -0.74048197184381
B            0.92263821081020       -2.50528553798417       -0.74766887555026
B            1.21483454172380       -0.94544524427849       -0.58839510034022
B            2.20519593737137       -3.40256393699606       -0.17758871256305
B            2.62151265894584       -0.19520730241545       -0.28967935128486
B            1.23211092269523        0.55510947980920        0.14001680349336
B            1.12703588426129        2.00608516556212        1.04550419146483
B            0.53832225588042        3.44326368724201        0.62955219307442
B            2.45903205704430        1.67744353539945        0.08660804745015
B            1.20678255336105        3.02278955839703       -0.84241622095455
B            3.21686031789659       -3.85183793370988        1.10207315949314
B            3.62920087889815       -2.65599202403800        0.06146327963530
B            4.02452452637673       -1.12359661182393       -0.24671047688097
B            4.41063902815548       -2.83757082117730        1.42659289981748
B            5.36263074309487       -0.24409026083793       -0.70007129312735
B            4.10778982968017        0.52424844349567       -0.00998364848582
B            4.02233984645415        2.31047941078638       -0.05158356821074
B            2.81550375360060        3.10271350197826       -0.91193481292904
B            5.42857297121184        1.44859352531598       -0.16811348547558
B            4.29058890628017        3.54856826993183       -1.03077928848475
H           -5.16331746419553       -3.08707869403545        1.32064269084306
H           -5.71531206846916       -2.07637665094842       -0.38744791474507
H           -5.25409337317626       -0.12232332912461       -2.74573051423794
H           -5.76892503951856        1.00436969304086        1.66870422460956
H           -5.36581639746664        3.84175564280151        0.66798974429952
H           -3.23252350152945        3.24462770574789        2.96606647596727
H           -2.36393035558392       -4.93148248260872       -0.49817057234428
H           -0.89243056707415        5.48354548297556        0.26188465325880
H            0.81996201769756       -5.25612447533449       -1.00727941674671
H            0.54392299334477        2.70462799391601       -1.77253947932489
H            2.96628689018039       -4.82313409565526        1.70777778545362
H            5.25687584740591       -2.51635214227188        2.16285033362462
H            6.38009743497650       -0.64720256998652       -1.11613265922790
H            6.50573027355170        1.82747746150630        0.09986283329456
H            5.13403898973512        4.24926354645783       -1.43294984617261
55
 energy: -56.196936385527 gnorm: 0.003230237720 xtb: 6.7.1 (edcfbbe)
B           -4.77715696729743       -2.61096166795329        0.32156751323059
B           -4.56859623773177       -1.36043740905227       -0.64751588371232
B           -4.45658247770278       -0.25475475922174       -1.88333075501011
B           -3.40067206781942       -2.66819928259320       -0.50579628561882
B           -3.03473239277356        0.18134590421031       -1.39809913924753
B           -4.38708957893977        0.33794707602483       -0.18871845731459
B           -5.03130793696456        1.39965278216482        0.82251944597039
B           -4.62354735257337        2.98290931554038        0.99168569013368
B           -2.80664212453570        0.51206631553322        0.20540088442497
B           -3.22093677828483        3.23326845824044        1.78314921146019
B           -2.16439846129760       -3.78049136783711       -0.60559387547305
B           -1.87730021236826       -2.24593632834762       -0.92888049315127
B           -1.69668298725322       -0.61340205360424       -0.82748799505839
B           -0.58252812566388       -3.22032922123054       -0.83739051298383
B           -0.21750653820736       -0.14348793076447       -0.31037175382293
B           -1.39167743015378        0.04221490564061        0.85677820039311
B           -1.77424956005205        1.66751518786289        0.76274188269464
B           -1.89525677903435        3.24158025763641        0.87514613915611
B           -0.20977745886928        1.04470623256496        1.07162462495406
B           -0.75261687757752        4.35552537115928        0.56670798331561
B            0.82495373536499       -4.11541203834633       -0.73990320233257
B            0.92131385432846       -2.50515749236649       -0.74660731200113
B            1.21538216951217       -0.94546128068182       -0.58671271079251
B            2.20532173612849       -3.40146905834715       -0.17882270445971
B            2.62134167244602       -0.19466483946607       -0.28858071385081
B            1.23173055417246        0.55629723481842        0.13956434268570
B            1.12700196892974        2.00821363105213        1.04632926395844
B            0.53734176304693        3.44525460718476        0.63194516486794
B            2.45821771554453        1.67988278001901        0.08673293577529
B            1.20606032000336        3.02568224925151       -0.83968514268080
B            3.21557918206039       -3.85158526538058        1.10165694067150
B            3.63031695731380       -2.65660082888921        0.06012916381620
B            4.02432758394578       -1.12379931573887       -0.24858622835437
B            4.41976234591638       -2.84878841591303        1.41954256169275
B            5.36298826031959       -0.24485635625378       -0.70217694847483
B            4.10867972318997        0.52282646600150       -0.00915913647940
B            4.02351476867140        2.30747274985744       -0.05670873168002
B            2.81535546732391        3.10257604881788       -0.91407335327415
B            5.42998815029230        1.44555779286462       -0.16359745827129
B            4.28903709321987        3.54806366688020       -1.03572791485586
H           -5.16219859589045       -3.08524510972399        1.32358540988290
H           -5.71487107900021       -2.07660584631344       -0.38474245627022
H           -5.25110776630467       -0.12319617801154       -2.74647586951885
H           -5.76743443831592        1.00298345394556        1.67006158373417
H           -5.36617698124368        3.84029180002621        0.66426849420472
H           -3.23289905322734        3.24969496706486        2.96513570183298
H           -2.36509594112778       -4.93232527065078       -0.51204780703705
H           -0.89163462377426        5.48794553942013        0.26909706140880
H            0.82048726066778       -5.25747911687832       -1.00104337294092
H            0.54130064947630        2.70864862881456       -1.76889609072826
H            2.96249426957421       -4.82418879834499        1.70413037680731
H            5.24662740341809       -2.50845380420370        2.16975104287450
H            6.37866862126713       -0.64854922216371       -1.12210001330687
H            6.50593271109388        1.82226574065639        0.11230530587971
H            5.13429688675298        4.24390309504614       -1.44272460710658
55
 energy: -56.196963877555 gnorm: 0.002044174943 xtb: 6.7.1 (edcfbbe)
B           -4.77682850163462       -2.60971119694878        0.32247068166773
B           -4.56859938425561       -1.35996862133978       -0.64743712315741
B           -4.45595170541677       -0.25524863462604       -1.88355728963711
B           -3.40031758082762       -2.66742381698179       -0.50476346222063
B           -3.03449701985737        0.18105981649954       -1.39794126173562
B           -4.38719590907949        0.33838669522035       -0.18894356063282
B           -5.03171224298057        1.40068684176713        0.82094903852079
B           -4.62338686616024        2.98382302043227        0.99153977202580
B           -2.80669933151797        0.51229558546143        0.20542059791204
B           -3.22127134709062        3.23289066928992        1.78410757723903
B           -2.16445386560897       -3.78001053147558       -0.60666890836536
B           -1.87701467172481       -2.24575371698459       -0.92804383460285
B           -1.69639058766653       -0.61339970856925       -0.82656693606045
B           -0.58249475987904       -3.22023183648648       -0.83690211284220
B           -0.21756521191835       -0.14400394903110       -0.30897516936303
B           -1.39190618137788        0.04213269466388        0.85770685002832
B           -1.77393824291771        1.66737463595284        0.76248803138572
B           -1.89496469801435        3.24145775338981        0.87724699547716
B           -0.21000374766626        1.04395547100583        1.07265494057662
B           -0.75292449214294        4.35597485848305        0.56638623974349
B            0.82519460725461       -4.11511858571930       -0.73983530731349
B            0.92114204502185       -2.50530888921516       -0.74607164837804
B            1.21542352829082       -0.94625611479845       -0.58519877937251
B            2.20560805394138       -3.40097962836054       -0.17898415751741
B            2.62105924309733       -0.19434773585563       -0.28888693410989
B            1.23184872948230        0.55630717452595        0.14013128724070
B            1.12669820632687        2.00835502215933        1.04725858411152
B            0.53635483958824        3.44523003470802        0.63232234387689
B            2.45721859750009        1.68060009422493        0.08768758658075
B            1.20659695939899        3.02646127118353       -0.83920482968612
B            3.21660985775217       -3.85253211275370        1.10014324330141
B            3.63096601402687       -2.65645683319596        0.05958165004752
B            4.02391433324330       -1.12355453226532       -0.24993994087332
B            4.41363219615288       -2.84366418594371        1.42382192535817
B            5.36259875818920       -0.24431659743235       -0.70438774438163
B            4.10836011711873        0.52289651233212       -0.00987523863482
B            4.02349087570613        2.30738938347267       -0.05643443992823
B            2.81618384481417        3.10153539024616       -0.91427132543608
B            5.42958794588242        1.44493676023749       -0.16365103555909
B            4.28914351569787        3.54677863980800       -1.03680167477533
H           -5.16272321908084       -3.08422814710041        1.32413096932254
H           -5.71468500486424       -2.07615003363598       -0.38438453936194
H           -5.25019517720892       -0.12411216483829       -2.74700692734546
H           -5.76705600130853        1.00386401138084        1.66920631977848
H           -5.36594885433839        3.84027472433265        0.66122156868192
H           -3.23505982229128        3.25017825261297        2.96607568172900
H           -2.36537296103046       -4.93191726140810       -0.51535921939068
H           -0.89172782877946        5.48933392820709        0.27194560258607
H            0.82165546531373       -5.25720604084362       -1.00048342317183
H            0.54141284330112        2.70981155476877       -1.76834753146596
H            2.96232214347275       -4.82530950984686        1.70168368482798
H            5.25237152513601       -2.51442418016041        2.16511342850387
H            6.37827271975537       -0.64983190498535       -1.12251255597986
H            6.50542829649136        1.82034127181543        0.11442788054283
H            5.13513595467938        4.24158840264176       -1.44428556974993
55
 energy: -56.196976103147 gnorm: 0.001259613324 xtb: 6.7.1 (edcfbbe)
B           -4.77626869777153       -2.60858754295193        0.32332451168251
B           -4.56850257549663       -1.35939756379329       -0.64705908527100
B           -4.45528242191454       -0.25539081720083       -1.88328699189225
B           -3.40003753371715       -2.66694359707074       -0.50437297267311
B           -3.03413932723523        0.18084942877595       -1.39732895196060
B           -4.38709273704247        0.33872606182676       -0.18838640078901
B           -5.03083162729585        1.40129216605173        0.82108821708242
B           -4.62202109260706        2.98500601907750        0.98842992518031
B           -2.80653806972546        0.51327538597951        0.20574343084826
B           -3.22205930064543        3.23475347638923        1.78419080779137
B           -2.16473033697030       -3.77983304278359       -0.60942828859946
B           -1.87688153159670       -2.24561796299213       -0.92749877774336
B           -1.69619303515246       -0.61340558287904       -0.82475292151302
B           -0.58268586638070       -3.22022665520708       -0.83714170334859
B           -0.21779615737264       -0.14429185746329       -0.30678513221704
B           -1.39217403108140        0.04277501228378        0.85942222416732
B           -1.77370551787929        1.66804966432958        0.76275032087821
B           -1.89481424701208        3.24240097735998        0.87902155991169
B           -0.21018691695163        1.04381584665197        1.07392887556807
B           -0.75192218387878        4.35853581050667        0.57405388332166
B            0.82532746452000       -4.11464866401739       -0.74018812777595
B            0.92059687636642       -2.50532187012833       -0.74559940764697
B            1.21525019615989       -0.94686803803264       -0.58372605301296
B            2.20539107338522       -3.40013913874450       -0.17882546003614
B            2.62076221072019       -0.19441574369350       -0.28834641289285
B            1.23212892559599        0.55639911970403        0.14088982116634
B            1.12683381021758        2.00860226985396        1.04860992553884
B            0.53538540149773        3.44507730562290        0.63294044591875
B            2.45583783209285        1.68156488620402        0.08864337994640
B            1.20665262176673        3.02703899675179       -0.83902152733730
B            3.21686691040693       -3.85299709857835        1.09931183253755
B            3.63145444567971       -2.65660248699871        0.05894945112651
B            4.02351959118490       -1.12376003072184       -0.25065075949530
B            4.41313905135508       -2.84420804487040        1.42391334965895
B            5.36276068978534       -0.24435733631750       -0.70509877313696
B            4.10804492647244        0.52254059923739       -0.01028133621536
B            4.02341244863574        2.30698649973714       -0.05678758332867
B            2.81659507370491        3.10066630212575       -0.91375384370737
B            5.42919613588393        1.44384944359929       -0.16400347726179
B            4.28939334262501        3.54409011945898       -1.03990298002780
H           -5.16203418362911       -3.08306944939444        1.32515387881078
H           -5.71438933619371       -2.07539067751076       -0.38363717855103
H           -5.24923962985230       -0.12483198089216       -2.74709181521882
H           -5.76793974938915        1.00582115323493        1.66864256930250
H           -5.36688974683714        3.84000717144994        0.65947878590679
H           -3.23799843951538        3.24916392472053        2.96625875529157
H           -2.36642085223360       -4.93183793112433       -0.52196365975260
H           -0.89207804038959        5.48924825036743        0.27110973935570
H            0.82311498164011       -5.25675312367052       -1.00033331204986
H            0.54165394252479        2.71066748148999       -1.76852516925922
H            2.96132010383367       -4.82635257337804        1.69926328004595
H            5.25493292279924       -2.51695221207215        2.16264812125134
H            6.37789178341959       -0.65102465591771       -1.12339933286638
H            6.50456306198635        1.81850941492297        0.11693070454011
H            5.13617336150310        4.23796689071272       -1.44752036123191
55
 energy: -56.196988609822 gnorm: 0.001254444462 xtb: 6.7.1 (edcfbbe)
B           -4.77486034293032       -2.60705214812330        0.32527114737203
B           -4.56832638150381       -1.35853594915764       -0.64631100413779
B           -4.45323995072277       -0.25617319405731       -1.88315830261882
B           -3.39997085355622       -2.66665265542534       -0.50415434616903
B           -3.03313504506828        0.18121018618712       -1.39558764131240
B           -4.38680456286162        0.33913417409551       -0.18745353218078
B           -5.02994870443873        1.40223353024011        0.82135816383419
B           -4.62215539853653        2.98670173555336        0.98750776017496
B           -2.80636711808349        0.51450117516949        0.20711393771393
B           -3.22342444600021        3.23820131920325        1.78444730971478
B           -2.16574251945118       -3.78017629166571       -0.61674039849114
B           -1.87668127618432       -2.24498344290262       -0.92615072891050
B           -1.69588120685114       -0.61319137695511       -0.82085719508371
B           -0.58296886221859       -3.22049674833633       -0.83811219309453
B           -0.21804537971416       -0.14400051316411       -0.30266984019770
B           -1.39253060391542        0.04409388504277        0.86304156629603
B           -1.77389556404228        1.66917748472205        0.76421634243536
B           -1.89478150965366        3.24356236438775        0.88125418319595
B           -0.21026351953646        1.04436562744739        1.07660822541524
B           -0.75213794670613        4.36044557687409        0.57568290950518
B            0.82525091792416       -4.11423523996801       -0.74090776316814
B            0.91914790695633       -2.50527959645779       -0.74403125554802
B            1.21489255509530       -0.94728923627898       -0.58089586712872
B            2.20543511221213       -3.39890407542936       -0.17962710583576
B            2.62014049923602       -0.19446896947367       -0.28645980180628
B            1.23232986512232        0.55722991894728        0.14215952881752
B            1.12668440992829        2.00989596339567        1.05149631649333
B            0.53404506390503        3.44634523902719        0.63551981039263
B            2.45343557817537        1.68423693771999        0.09081866995812
B            1.20650938727495        3.02910776606054       -0.83651774512354
B            3.21687068292863       -3.85389687653419        1.09776765886303
B            3.63286069981225       -2.65742822766953        0.05730916885740
B            4.02263713866216       -1.12453400934357       -0.25310905294651
B            4.41454173736539       -2.84821740429651        1.42243364652010
B            5.36334650984542       -0.24504083166729       -0.70619062181132
B            4.10803083965748        0.52079619718450       -0.01014844179529
B            4.02387102278922        2.30463592978655       -0.05916906418862
B            2.81702038434310        3.09976932074377       -0.91263689733134
B            5.42953131650920        1.44073285717408       -0.16253909587451
B            4.28962165286776        3.53988716617039       -1.04569513372121
H           -5.16006382258451       -3.08003021808908        1.32812815580882
H           -5.71361935063508       -2.07433893242430       -0.38175930438342
H           -5.24621862371133       -0.12585312782921       -2.74790892949003
H           -5.76929296292855        1.00857868088781        1.66784533987351
H           -5.36642883659896        3.84019341522805        0.65314410097166
H           -3.24178988769776        3.25233156246452        2.96652276521723
H           -2.36940882837536       -4.93250965325252       -0.53812828407332
H           -0.89243947273403        5.49306053452598        0.27987829570898
H            0.82524897562827       -5.25680788573468       -0.99856928955307
H            0.54125015888753        2.71306749173269       -1.76609664596164
H            2.95909436282944       -4.82889791999713        1.69402132024741
H            5.25748938823249       -2.52028105803741        2.15970564022463
H            6.37646431939069       -0.65262447660398       -1.12853400471468
H            6.50355501115257        1.81439538080994        0.12514566620084
H            5.13846348050550        4.22846263811411       -1.45827814314389
55
 energy: -56.196997362582 gnorm: 0.001197135663 xtb: 6.7.1 (edcfbbe)
B           -4.77344734352512       -2.60545541250089        0.32680954228038
B           -4.56834169067711       -1.35714331590514       -0.64516210279198
B           -4.45144543678044       -0.25597785964816       -1.88302293594501
B           -3.39981717456495       -2.66620632429600       -0.50460789623553
B           -3.03221537092030        0.18220184729461       -1.39368929835256
B           -4.38716257593476        0.34012060100614       -0.18688617983621
B           -5.03190183838399        1.40441909942479        0.81947614102917
B           -4.62260858051831        2.98871053317376        0.98547402507837
B           -2.80668675539395        0.51604574780196        0.20883940993229
B           -3.22511372622837        3.23982929651438        1.78458217969415
B           -2.16699822755942       -3.78072232064638       -0.62407764650224
B           -1.87649135483858       -2.24400682918913       -0.92545293442119
B           -1.69581497948567       -0.61241598315824       -0.81715269708098
B           -0.58354047058591       -3.22092605193140       -0.83959783997043
B           -0.21830725585927       -0.14324170151945       -0.29815285897521
B           -1.39335819899279        0.04522990143767        0.86675215304831
B           -1.77450769900864        1.67025391901691        0.76622505029596
B           -1.89519695527884        3.24451634844130        0.88330601532589
B           -0.21063996072652        1.04515995337069        1.07977710218355
B           -0.75207678353584        4.36213817128930        0.58000275213793
B            0.82502388578472       -4.11399727821152       -0.74249897984791
B            0.91778916496802       -2.50507778152362       -0.74207030743679
B            1.21427543829397       -0.94715907154556       -0.57779114284672
B            2.20534309981643       -3.39853194970941       -0.18037106871067
B            2.61983640017734       -0.19498181758254       -0.28374452151840
B            1.23285461270678        0.55798887086312        0.14420384600890
B            1.12599690076246        2.01078680370351        1.05496596166299
B            0.53328967235148        3.44739172582895        0.63817085581950
B            2.45148993911596        1.68680049282623        0.09406463944749
B            1.20638616468107        3.03002291778040       -0.83370668855938
B            3.21687240072268       -3.85493317197171        1.09669441445936
B            3.63387967131571       -2.65858213403662        0.05585548659777
B            4.02221329036396       -1.12562258641769       -0.25464806252714
B            4.41860274708236       -2.85428115657991        1.41906398007411
B            5.36283710566407       -0.24500794003644       -0.70906135910755
B            4.10819621516018        0.51855691546959       -0.00930071981267
B            4.02416315651199        2.30214530021160       -0.06056769438616
B            2.81724894014761        3.09877582750593       -0.91088534226167
B            5.43018727071528        1.43799178737145       -0.16120687026121
B            4.29066744049602        3.53475010748972       -1.05078068417729
H           -5.15746516087514       -3.07756010237794        1.33048487188647
H           -5.71276602063339       -2.07375788052079       -0.38050687907507
H           -5.24357249555664       -0.12590961372888       -2.74860078033599
H           -5.76866475201639        1.01161078444622        1.66858005031235
H           -5.36563676495344        3.84226087213241        0.64883619498974
H           -3.24540686056129        3.25840919793562        2.96667676765342
H           -2.37307968050753       -4.93322973430947       -0.55371953286194
H           -0.89312905632647        5.49523749340907        0.28653522085600
H            0.82677957473299       -5.25663883167804       -0.99980173109682
H            0.54123648467907        2.71433025126733       -1.76346211970226
H            2.95765259959844       -4.83132307505416        1.69008274504870
H            5.26091600819739       -2.52398560186956        2.15613535526725
H            6.37503039094829       -0.65515163416096       -1.13094767964708
H            6.50328929485258        1.81230384839296        0.12904347654490
H            5.14068130037837        4.21829254472529       -1.46916368333378
55
 energy: -56.197005756107 gnorm: 0.001165827239 xtb: 6.7.1 (edcfbbe)
B           -4.77229335368567       -2.60358372534579        0.32730176195692
B           -4.56871108991748       -1.35484293559308       -0.64377487438473
B           -4.45025667071571       -0.25370806209748       -1.88228038792487
B           -3.39945956895769       -2.66515586941456       -0.50592639405495
B           -3.03134458851060        0.18375448844027       -1.39157585742738
B           -4.38766832262399        0.34160798649628       -0.18567398060311
B           -5.03163402448883        1.40676999717768        0.82044795014011
B           -4.62329466934318        2.99178236040402        0.98335014615840
B           -2.80717216118644        0.51774977533378        0.21101014261177
B           -3.22722746995808        3.24386964517694        1.78466287023045
B           -2.16844520592784       -3.78097145987272       -0.63104020628488
B           -1.87619139303201       -2.24264503530363       -0.92551866292467
B           -1.69588431932488       -0.61116056259173       -0.81347337919520
B           -0.58442923179325       -3.22130403335790       -0.84106492088831
B           -0.21855495778508       -0.14221056435880       -0.29270319794781
B           -1.39453274964816        0.04615361807765        0.87082673967683
B           -1.77598891924706        1.67129542324637        0.76976455372595
B           -1.89610515968122        3.24555184629630        0.88527286227065
B           -0.21157541711819        1.04626155915584        1.08374376012037
B           -0.75214414197236        4.36280982897470        0.58247777402657
B            0.82467445151024       -4.11371288441705       -0.74538506370054
B            0.91654060633440       -2.50464988392964       -0.73948310834383
B            1.21339341584888       -0.94676643396274       -0.57357870188909
B            2.20488682588772       -3.39918741090211       -0.18083710254102
B            2.61981564346286       -0.19608854656161       -0.27986545305652
B            1.23384160229823        0.55860231792157        0.14751199591716
B            1.12470540844580        2.01126408083459        1.05929981576962
B            0.53306280004272        3.44825773449754        0.64062323517756
B            2.45006912813119        1.68918181883405        0.09883115819853
B            1.20662381751358        3.02990166962259       -0.83059745507885
B            3.21749529915408       -3.85705396457250        1.09522618520451
B            3.63439254758570       -2.66047548954092        0.05420649483212
B            4.02191267554293       -1.12741529606863       -0.25536029276083
B            4.42272689756366       -2.86022710641369        1.41515553468066
B            5.36309642915260       -0.24588113904980       -0.70940900497729
B            4.10882972866363        0.51564297746547       -0.00782368847113
B            4.02423261063303        2.29943587679434       -0.06055754291765
B            2.81755614765109        3.09753325829608       -0.90820415667727
B            5.43093267563058        1.43563158785926       -0.16217451109170
B            4.29263354235437        3.52755560564890       -1.05566042227563
H           -5.15452752576511       -3.07576451382172        1.33152357264586
H           -5.71217812881060       -2.07316986814950       -0.38023146537086
H           -5.24152104609722       -0.12431564838536       -2.74874932702436
H           -5.77279083192344        1.01630118735494        1.66671715546838
H           -5.36497558270387        3.84572396771195        0.64502781832196
H           -3.24910061168781        3.26324446151369        2.96664745038405
H           -2.37721017914029       -4.93341540931685       -0.56804007000646
H           -0.89374487495524        5.49677086927680        0.29260248279031
H            0.82793581983432       -5.25579989371913       -1.00526490863250
H            0.54190726400981        2.71357985606389       -1.76036727965001
H            2.95724491425991       -4.83403862573105        1.68720082364551
H            5.26794850452933       -2.53105340728929        2.14948294832452
H            6.37399625115284       -0.65746904010740       -1.13295741071998
H            6.50337062639126        1.81221026888285        0.12738143648586
H            5.14248256241268        4.20807674253765       -1.47871784192609
55
 energy: -56.197013506877 gnorm: 0.001080316993 xtb: 6.7.1 (edcfbbe)
B           -4.77132384412909       -2.60160894307778        0.32703362626525
B           -4.56920894846894       -1.35181271387000       -0.64240883876715
B           -4.44899652107925       -0.25057061734714       -1.88128794944970
B           -3.39895274513708       -2.66322118866311       -0.50739388935581
B           -3.03042328966840        0.18604329928544       -1.38898667431626
B           -4.38840999821203        0.34364431741930       -0.18447387382293
B           -5.03433498562332        1.41048363096975        0.81908882748073
B           -4.62475967708399        2.99481282653355        0.98296009752776
B           -2.80793953426745        0.51930998228470        0.21392339782437
B           -3.22912321497560        3.24717100341200        1.78519323075557
B           -2.16976977510706       -3.78021547954825       -0.63764525536786
B           -1.87561969229560       -2.24050401494366       -0.92571894836078
B           -1.69590533905192       -0.60937490496479       -0.80970520733228
B           -0.58517127365518       -3.22109208596982       -0.84267922277156
B           -0.21849992256641       -0.14143378632037       -0.28662510805321
B           -1.39568927810015        0.04710406846512        0.87493399489051
B           -1.77726551228713        1.67238542542100        0.77358188317459
B           -1.89695883013920        3.24669317836255        0.88734592761570
B           -0.21255561572458        1.04741328375461        1.08842737833325
B           -0.75242665961378        4.36385062688358        0.58583252462591
B            0.82410952272048       -4.11334045010310       -0.74893185117220
B            0.91548002943597       -2.50413486983255       -0.73658531810701
B            1.21266714002246       -0.94670947614493       -0.56792746089016
B            2.20431079719457       -3.40057083124964       -0.18152650056611
B            2.62002600613624       -0.19757023425526       -0.27524411775968
B            1.23497083340981        0.55891829597083        0.15169285487308
B            1.12312200634535        2.01173089476947        1.06392717040577
B            0.53254376747331        3.44885376034165        0.64287194083954
B            2.44921041113301        1.69118247121321        0.10426003131883
B            1.20685624732148        3.02952786810188       -0.82729505184761
B            3.21867996994669       -3.86043116502903        1.09260806355855
B            3.63457646414704       -2.66282742133474        0.05217263004833
B            4.02192670794789       -1.12942488775372       -0.25569440446954
B            4.42573409170100       -2.86551883973997        1.41124125788350
B            5.36367818417449       -0.24742911242265       -0.70975921587465
B            4.11020719387145        0.51242933578956       -0.00610005139752
B            4.02396508049825        2.29625292231767       -0.05966439802684
B            2.81782753078515        3.09598771554337       -0.90611991652347
B            5.43160092477818        1.43363580444916       -0.16467581087260
B            4.29396606180438        3.52047789005244       -1.05894575669967
H           -5.15252214417855       -3.07471166511106        1.33118125181998
H           -5.71185931629671       -2.07243537342465       -0.38059984378659
H           -5.23930007681251       -0.12149495800203       -2.74864898474237
H           -5.77473230726032        1.02012930783149        1.66599561992274
H           -5.36401888317429        3.84943803590288        0.64103040213427
H           -3.25243851150121        3.26907914154481        2.96697660217372
H           -2.38059019617907       -4.93258887966855       -0.58093795048737
H           -0.89380483484437        5.49769432741401        0.29555617200492
H            0.82861057517908       -5.25461310215079       -1.01254957677139
H            0.54227600366832        2.71184141985153       -1.75668401348414
H            2.95716363331259       -4.83713229664939        1.68447845243044
H            5.27586244284574       -2.54037689872600        2.14172945905099
H            6.37331691124014       -0.66053890766645       -1.13493209466531
H            6.50383555864181        1.81215734126372        0.12345859142271
H            5.14342283169445        4.19788892884154       -1.48775410262218
55
 energy: -56.197020032141 gnorm: 0.001148741068 xtb: 6.7.1 (edcfbbe)
B           -4.77050750634951       -2.59940849329107        0.32561275619036
B           -4.56966032686461       -1.34742814021254       -0.64089368102696
B           -4.44729953848386       -0.24545264821826       -1.87921823909752
B           -3.39846424430864       -2.66022319241021       -0.50957304804389
B           -3.02900865358008        0.18969868317300       -1.38496498453550
B           -4.38874517669669        0.34629054775510       -0.18172447701697
B           -5.03602565049717        1.41496961742948        0.81971345620896
B           -4.62472043429179        2.99884730631407        0.97937718627785
B           -2.80852138298746        0.52081704683519        0.21857665116430
B           -3.23142681109508        3.25165412315830        1.78595310025940
B           -2.17130327473231       -3.77826980032483       -0.64590326755837
B           -1.87472928049973       -2.23718632417744       -0.92580188512018
B           -1.69558568223701       -0.60674042552788       -0.80466294308589
B           -0.58581736386220       -3.22013100322030       -0.84502640018348
B           -0.21801981084265       -0.14066718259945       -0.27832098146543
B           -1.39659610238875        0.04851284809648        0.88042768520013
B           -1.77825449282594        1.67386467772002        0.77908703969337
B           -1.89744734933026        3.24834102353389        0.89068807849082
B           -0.21342944706589        1.04903018432922        1.09528342490372
B           -0.75308562834419        4.36509759753951        0.58783119165682
B            0.82327918882229       -4.11267393914105       -0.75407708060281
B            0.91427592496472       -2.50342402887258       -0.73306512227905
B            1.21205792305541       -0.94693083025890       -0.55978711987827
B            2.20361498138216       -3.40264049763502       -0.18310094489589
B            2.62050884911657       -0.19963580628469       -0.26859258062398
B            1.23650843178581        0.55909450164506        0.15778168377394
B            1.12141122307605        2.01260222940905        1.07020077240184
B            0.53167457186700        3.44956913278987        0.64578741079849
B            2.44861013959966        1.69320560984942        0.11178340200018
B            1.20673427674057        3.02879001770744       -0.82289153817853
B            3.22005482987279       -3.86551956791575        1.08825021062918
B            3.63463632820013       -2.66599771123780        0.04934047613525
B            4.02235296850584       -1.13194225381321       -0.25566961567799
B            4.42981157473094       -2.87329159875388        1.40533626236789
B            5.36348764897986       -0.24940112382287       -0.71331436377660
B            4.11272435782664        0.50821993841023       -0.00340580041603
B            4.02334338236750        2.29166403097304       -0.05825285367199
B            2.81777794582066        3.09353836306198       -0.90445332724242
B            5.43242512231779        1.43118576263854       -0.16800363157669
B            4.29484044146951        3.51128011135581       -1.06318671673998
H           -5.15123770139929       -3.07425169425147        1.32917344782749
H           -5.71175963795467       -2.07093211716434       -0.38173299657197
H           -5.23625437737316       -0.11596125051410       -2.74770875167447
H           -5.77926742902061        1.02545438627987        1.66463690259116
H           -5.36475678821876        3.85333529604738        0.63869298831457
H           -3.25713259780403        3.27668345438556        2.96759893732262
H           -2.38394709540421       -4.93065512328885       -0.59647022406912
H           -0.89319627784737        5.49909181203435        0.29732656247731
H            0.82899612425879       -5.25279595696905       -1.02279756770810
H            0.54202511820192        2.70920636640918       -1.75163006003487
H            2.95707367731317       -4.84169748875594        1.68036559953384
H            5.28393369222927       -2.55263703936694        2.13302228487624
H            6.37245086697055       -0.66601698454742       -1.13655916933744
H            6.50501382014900        1.81113215529330        0.11751480814382
H            5.14392265267751        4.18518939842294       -1.49857294713215
55
 energy: -56.197025340838 gnorm: 0.001099576526 xtb: 6.7.1 (edcfbbe)
B           -4.77072945744955       -2.59800914318603        0.32331802987207
B           -4.56939232080505       -1.34387792497520       -0.64041285306638
B           -4.44534429229481       -0.24094599634334       -1.87750517798560
B           -3.39847646872131       -2.65796425573178       -0.51138931464248
B           -3.02728146539234        0.19295304354804       -1.38152647393276
B           -4.38819450304924        0.34844963542751       -0.17919216947009
B           -5.03698159309468        1.41760608061089        0.82123480840123
B           -4.62649321579843        3.00127315011920        0.98179718240623
B           -2.80844343215221        0.52178994356962        0.22275656440828
B           -3.23254008051106        3.25505263752767        1.78685680506619
B           -2.17232990724810       -3.77630568754889       -0.65123698837597
B           -1.87420902811614       -2.23467910985517       -0.92551262401537
B           -1.69498565274473       -0.60474295542489       -0.80042620759832
B           -0.58614569295080       -3.21893634371425       -0.84691634333306
B           -0.21752666450786       -0.14028706633507       -0.27165773851336
B           -1.39676001624944        0.04994738041240        0.88510063471046
B           -1.77841509487952        1.67516706056138        0.78376717909651
B           -1.89792948368348        3.24989368837606        0.89226018005655
B           -0.21368971519365        1.05055118439650        1.10101336309451
B           -0.75332268468666        4.36625814204989        0.58986886160804
B            0.82261832628554       -4.11204664356433       -0.75858529136173
B            0.91353829255083       -2.50294930263080       -0.73129719099824
B            1.21177990631238       -0.94716527090204       -0.55388226243174
B            2.20309398088669       -3.40434181829507       -0.18510930543740
B            2.62085315476786       -0.20115061142720       -0.26304795837639
B            1.23762340267639        0.55900329460838        0.16283292538426
B            1.12099358016677        2.01349110998341        1.07498827420457
B            0.53092279488423        3.44981111688423        0.64779212129584
B            2.44841672999479        1.69392375823922        0.11741413845865
B            1.20598546838743        3.02766388768012       -0.82014541476687
B            3.22044472713443       -3.86974906760253        1.08429680905403
B            3.63448863357509       -2.66858646552619        0.04714021769558
B            4.02245555656193       -1.13399305723040       -0.25516397445216
B            4.43256618381529       -2.87974533015002        1.40056604500041
B            5.36370580179192       -0.25201762343144       -0.71424565074704
B            4.11499496721944        0.50517803669283       -0.00076552288922
B            4.02259436443317        2.28816991491978       -0.05744089045405
B            2.81705542106603        3.09158281032791       -0.90364639786888
B            5.43278879742962        1.42957424435320       -0.17106056682389
B            4.29492720055238        3.50423392626855       -1.06730864007830
H           -5.15164464493193       -3.07428659629248        1.32622513263607
H           -5.71191351929808       -2.06868127408195       -0.38350712242488
H           -5.23353661617333       -0.11001389707439       -2.74648250443903
H           -5.78331719022695        1.02880210826828        1.66370179159592
H           -5.36383728071204        3.85592021811230        0.63504170189761
H           -3.25905630581469        3.28315509368308        2.96841105640603
H           -2.38578637129318       -4.92871371150282       -0.60613181659445
H           -0.89260442202725        5.49920574735448        0.29506968273270
H            0.82870351246167       -5.25117872611675       -1.03140838654136
H            0.54135086901716        2.70608789554396       -1.74836297719306
H            2.95729823780191       -4.84591736174524        1.67638741610359
H            5.28758656123745       -2.56170177965685        2.12814928006286
H            6.37169258447756       -0.66888444384787       -1.13953812293061
H            6.50573916297652        1.81016317672115        0.11227404736120
H            5.14401490153822        4.17641717797441       -1.50535836084980
55
 energy: -56.197030597789 gnorm: 0.000860252341 xtb: 6.7.1 (edcfbbe)
B           -4.77191689147913       -2.59708960290796        0.32073427143638
B           -4.56868059711489       -1.34115913982209       -0.64069127805432
B           -4.44315592459917       -0.23723554897577       -1.87618304720756
B           -3.39902220055940       -2.65632021299487       -0.51261208006601
B           -3.02548229151983        0.19580990188133       -1.37835915418526
B           -4.38736646494484        0.35026603543679       -0.17686493237986
B           -5.03840572203842        1.41963683966352        0.82172649986460
B           -4.62566867170231        3.00289536560527        0.98150490460020
B           -2.80809720067388        0.52239501648817        0.22671738992107
B           -3.23288054124734        3.25833592489969        1.78787023106303
B           -2.17314799868578       -3.77454358065952       -0.65457112728823
B           -1.87417170964391       -2.23280004943560       -0.92460328319891
B           -1.69430959705941       -0.60316089613987       -0.79666686789051
B           -0.58641660702350       -3.21758992335841       -0.84854217406260
B           -0.21725700730005       -0.14013729801750       -0.26619875163277
B           -1.39656239915840        0.05116125989778        0.88952907785099
B           -1.77807630501197        1.67607666629222        0.78824369985113
B           -1.89784949836792        3.25101979886553        0.89391676869397
B           -0.21356888609341        1.05170863072727        1.10604460906613
B           -0.75330683549694        4.36645349790006        0.58855092847899
B            0.82203460826963       -4.11142300920244       -0.76248277261935
B            0.91306715082091       -2.50263195396036       -0.73110819400132
B            1.21163083913764       -0.94734937075066       -0.54996069675720
B            2.20269969514468       -3.40551116657123       -0.18752097178736
B            2.62093043043856       -0.20199050199663       -0.25860595585677
B            1.23826602783776        0.55877177380287        0.16696223215002
B            1.12149576471745        2.01436836774080        1.07865243043866
B            0.53062416682627        3.44994432495609        0.64927491884108
B            2.44822749164668        1.69377196121292        0.12162156960259
B            1.20533934705093        3.02644592829038       -0.81847400858632
B            3.21998205697436       -3.87318028691239        1.08060284984952
B            3.63436003915891       -2.67060545850519        0.04542220520064
B            4.02207684600948       -1.13555431279698       -0.25467437842481
B            4.43307123835803       -2.88418368372157        1.39771455607091
B            5.36358269689201       -0.25466022900798       -0.71417399623093
B            4.11667802951914        0.50323419456141        0.00152513514868
B            4.02189363388013        2.28580449611257       -0.05680162098846
B            2.81638927751253        3.08993115152862       -0.90320415127435
B            5.43265703236639        1.42859609793267       -0.17357130910581
B            4.29472134404039        3.49948247875192       -1.07026796198623
H           -5.15353537113825       -3.07431982444803        1.32298512861855
H           -5.71229084764545       -2.06593375674689       -0.38556699416548
H           -5.23084982731053       -0.10411077643478       -2.74531169779390
H           -5.78382981450700        1.03117920194596        1.66513514930309
H           -5.36332453054467        3.85705093643804        0.63451006572766
H           -3.26012948613898        3.28648989183014        2.96944385138576
H           -2.38673291656864       -4.92700612604015       -0.61191159802903
H           -0.89215894951589        5.49918392128133        0.29260694983535
H            0.82787026835584       -5.24978372761613       -1.03828907209640
H            0.54061399123325        2.70269667474035       -1.74593479822531
H            2.95757124070836       -4.85000528759086        1.67194035640581
H            5.28850321234098       -2.56872809254515        2.12596568239832
H            6.37055238359538       -0.66964701796378       -1.14371146630296
H            6.50593750790199        1.80923668521220        0.10804398914765
H            5.14476477234845        4.16916781114836       -1.51038111073590
55
 energy: -56.197036026086 gnorm: 0.000815344225 xtb: 6.7.1 (edcfbbe)
B           -4.77384582610241       -2.59592348405378        0.31768749722874
B           -4.56780308659331       -1.33825760576220       -0.64149319459681
B           -4.44027603391371       -0.23277522557947       -1.87472360617778
B           -3.40008540453241       -2.65444971058254       -0.51390931203637
B           -3.02316177434318        0.19923745872232       -1.37446407481918
B           -4.38596130591314        0.35226448807530       -0.17363583093034
B           -5.03788972252596        1.42125871436312        0.82429558362168
B           -4.62516462387542        3.00494622372303        0.98278304830786
B           -2.80722307153073        0.52274787837848        0.23153452892625
B           -3.23285548371413        3.26089375422588        1.78940940266387
B           -2.17435598610023       -3.77275373372040       -0.65845239266247
B           -1.87439843475719       -2.23066661427612       -0.92295310006406
B           -1.69332131168255       -0.60133470372189       -0.79239941816040
B           -0.58692825316565       -3.21600815738571       -0.85044651580660
B           -0.21684577654463       -0.14003339214941       -0.26024912189642
B           -1.39591777198832        0.05195943146907        0.89511821982116
B           -1.77697482079301        1.67653313777166        0.79352654961230
B           -1.89739231924750        3.25166921891992        0.89625895595769
B           -0.21291031181269        1.05235768685073        1.11199440379736
B           -0.75301828505473        4.36648741912444        0.58726571279370
B            0.82127938635066       -4.11074688382495       -0.76691177365664
B            0.91246071930799       -2.50226811971394       -0.73148174821200
B            1.21173424995766       -0.94763412415859       -0.54602357795761
B            2.20234178139853       -3.40649293461837       -0.19083134302863
B            2.62111192520505       -0.20248503188614       -0.25405690691662
B            1.23893743457031        0.55839617739351        0.17143182834381
B            1.12238648702977        2.01536615668139        1.08256840328456
B            0.53041000439029        3.44993586883576        0.65084308777955
B            2.44792793285716        1.69344575485404        0.12612465329693
B            1.20512535990080        3.02468557683833       -0.81677895030917
B            3.21914149492136       -3.87713622566049        1.07591606918389
B            3.63448407270854       -2.67257296441939        0.04353387564876
B            4.02171753523823       -1.13692162647458       -0.25433089690523
B            4.43233102374476       -2.88877085671311        1.39561000161436
B            5.36172769716999       -0.25643447567096       -0.71763642977098
B            4.11818115942669        0.50158962107463        0.00379612090247
B            4.02145264953581        2.28373580986907       -0.05620282947182
B            2.81620126203303        3.08770978803610       -0.90294888422401
B            5.43243995912832        1.42757693674692       -0.17506702727313
B            4.29462659108451        3.49489561233638       -1.07328112527192
H           -5.15681255728989       -3.07406943170559        1.31898859411100
H           -5.71287182929338       -2.06242203342541       -0.38802096756265
H           -5.22714935519775       -0.09683292220837       -2.74418611236500
H           -5.78568157459379        1.03397070303313        1.66607975971386
H           -5.36223310625881        3.85856436070968        0.63323906626982
H           -3.26073929483244        3.29194703605018        2.97098634673337
H           -2.38804925317445       -4.92533711960172       -0.61859488446230
H           -0.89206851628847        5.49861087913243        0.28910654470508
H            0.82664702896088       -5.24841100700422       -1.04539232021991
H            0.53981726780711        2.69917667544362       -1.74316962634002
H            2.95760195870605       -4.85551518994581        1.66507468656232
H            5.28796620920823       -2.57609776527768        2.12501029268992
H            6.36850814621396       -0.67092192642298       -1.14779980443908
H            6.50637429719665        1.80762997624541        0.10441668670967
H            5.14634745706384        4.16013492108083       -1.51715814472596
55
 energy: -56.197039805668 gnorm: 0.000773150923 xtb: 6.7.1 (edcfbbe)
B           -4.77571759230513       -2.59486905426605        0.31499296725934
B           -4.56745121578795       -1.33581603090622       -0.64223566178413
B           -4.43794233449298       -0.22848683903471       -1.87346034990367
B           -3.40126580104336       -2.65273585977484       -0.51553975273587
B           -3.02128009098342        0.20242173633994       -1.37087589495911
B           -4.38497956760166        0.35400697804002       -0.17073788027481
B           -5.03748566722899        1.42296507893834        0.82663665297407
B           -4.62426646740082        3.00682006270290        0.98338389229315
B           -2.80653760396987        0.52304080700886        0.23589468312843
B           -3.23255295905001        3.26326990322414        1.79076353994286
B           -2.17570963833289       -3.77142324735367       -0.66178339703130
B           -1.87482713276692       -2.22872735505992       -0.92181588510225
B           -1.69269126817600       -0.59969356043402       -0.78896497031855
B           -0.58778393121945       -3.21475899629780       -0.85203879113696
B           -0.21646178368908       -0.13972971143745       -0.25565451357117
B           -1.39534663743069        0.05216378069652        0.90001284808226
B           -1.77606484965559        1.67665678171173        0.79832440519574
B           -1.89677280380891        3.25190972648795        0.89832526653225
B           -0.21219021072676        1.05266066813004        1.11672112517938
B           -0.75238948088962        4.36622262981172        0.58670728977594
B            0.82028847665716       -4.11026382794661       -0.77085736495473
B            0.91178774777498       -2.50176630680424       -0.73156767649108
B            1.21187069316477       -0.94771140536257       -0.54276579921085
B            2.20174078136182       -3.40755156148554       -0.19358106623919
B            2.62148057163424       -0.20284565192852       -0.25053651983561
B            1.23948989719739        0.55804546118062        0.17502869937283
B            1.12306136200536        2.01589524710473        1.08564576363118
B            0.53091271990296        3.44988235517576        0.65211487709308
B            2.44815280837117        1.69314210528886        0.12955191026159
B            1.20531798607705        3.02240016882356       -0.81523062673911
B            3.21837943789600       -3.88085719357468        1.07196676229361
B            3.63430576494869       -2.67432534712404        0.04209496312108
B            4.02149997889896       -1.13822941953643       -0.25384757359510
B            4.43193431218988       -2.89346077814964        1.39380201429765
B            5.36048623341899       -0.25807080691378       -0.71931148477668
B            4.11926105058041        0.50021571444530        0.00542097137535
B            4.02167302346608        2.28241249734026       -0.05624827169990
B            2.81629190308337        3.08583968701160       -0.90252631182255
B            5.43257057600005        1.42667498114006       -0.17633304170637
B            4.29499755090852        3.49058542207854       -1.07684432279109
H           -5.15969972966855       -3.07395150013550        1.31543360013264
H           -5.71360134523959       -2.05970059161100       -0.39017585758415
H           -5.22380467282371       -0.09025756404132       -2.74344815528975
H           -5.78638434443325        1.03637514741545        1.66772543390418
H           -5.36122656721924        3.86023810031393        0.63330733946300
H           -3.26088156738796        3.29688634164925        2.97225278496269
H           -2.38976615638686       -4.92398977689226       -0.62379499824645
H           -0.89200695346773        5.49759890360394        0.28603850481160
H            0.82516086907397       -5.24733766443423       -1.05186076453979
H            0.53946909691497        2.69589570190370       -1.74079270273567
H            2.95731978311524       -4.86073734886495        1.65884186432587
H            5.28625948940469       -2.58146412176987        2.12496474467751
H            6.36670044952800       -0.67152121089100       -1.15177403034807
H            6.50725037837538        1.80622479425270        0.10097005271575
H            5.14677143123323        4.15428595023198       -1.52231929136229
55
 energy: -56.197043642630 gnorm: 0.000615308610 xtb: 6.7.1 (edcfbbe)
B           -4.77786154234402       -2.59339142093783        0.31184781421565
B           -4.56726955735108       -1.33284749411196       -0.64300631515797
B           -4.43550133173065       -0.22317255581406       -1.87197059920064
B           -3.40262579265103       -2.65057016844073       -0.51775346575664
B           -3.01926960015469        0.20625615723413       -1.36675748074107
B           -4.38407208125906        0.35612272724234       -0.16756796217533
B           -5.03713311212522        1.42517051962829        0.82935573076829
B           -4.62326852487487        3.00894840535935        0.98473676017884
B           -2.80587987043948        0.52358140805159        0.24084962753004
B           -3.23201978824163        3.26669132836481        1.79252412007500
B           -2.17733357669514       -3.76985963118983       -0.66520910865034
B           -1.87538668072719       -2.22656027151036       -0.92096998748666
B           -1.69226510268305       -0.59790669498732       -0.78519660865115
B           -0.58902704500395       -3.21355433221001       -0.85373559240158
B           -0.21620959278930       -0.13931235158209       -0.25078144960495
B           -1.39483170268528        0.05223994543177        0.90551874026291
B           -1.77522493610104        1.67683541219931        0.80379480899890
B           -1.89605037019375        3.25220281380340        0.90065047759231
B           -0.21135667054456        1.05288006244135        1.12151149110819
B           -0.75132914944025        4.36566393230065        0.58660915791389
B            0.81897545271373       -4.10969636202441       -0.77536484208388
B            0.91093946859283       -2.50116277806210       -0.73147951016557
B            1.21175573377762       -0.94776463589779       -0.53936271827088
B            2.20090082625409       -3.40890243045937       -0.19660661117573
B            2.62184438474956       -0.20355800309566       -0.24718358218802
B            1.24001064375331        0.55753329310508        0.17874761596604
B            1.12394351918767        2.01603909220648        1.08878688051862
B            0.53197225890210        3.44960121714113        0.65347424535062
B            2.44871155866824        1.69262921962410        0.13261773114104
B            1.20589092041787        3.01946751995475       -0.81343457538359
B            3.21756342332168       -3.88528621946542        1.06765577206675
B            3.63388177318303       -2.67640350853212        0.04057112077884
B            4.02127401558253       -1.13998676306030       -0.25354292779214
B            4.43100781389332       -2.89876578182485        1.39214131037994
B            5.35914157757546       -0.25987352794527       -0.72138733403213
B            4.12004219252920        0.49844888229865        0.00639642262166
B            4.02231175956945        2.28118921005030       -0.05590850848828
B            2.81671152283374        3.08387663454694       -0.90139016226424
B            5.43271190371313        1.42545405363388       -0.17817918260372
B            4.29559985924796        3.48656577154332       -1.07941833072884
H           -5.16253634950032       -3.07378102687764        1.31139428115562
H           -5.71460137791381       -2.05657023825783       -0.39270590691405
H           -5.22015504946168       -0.08250099743301       -2.74260930640577
H           -5.78684684939444        1.03924345177415        1.66999995482971
H           -5.35956470461797        3.86239822931185        0.63335927833726
H           -3.26092926757805        3.30241747103837        2.97385121909685
H           -2.39230393649937       -4.92228408399157       -0.62907611009691
H           -0.89151191967733        5.49632743405214        0.28354925676000
H            0.82334481638275       -5.24600223700175       -1.05955181694254
H            0.53980941446816        2.69140416300183       -1.73823215662441
H            2.95664297010677       -4.86690130076450        1.65169189354305
H            5.28474536413542       -2.58778160640007        2.12443804746154
H            6.36479648637281       -0.67283769882694       -1.15555730327830
H            6.50823072928944        1.80437942051795        0.09688316251494
H            5.14695109345267        4.14812034486839       -1.52901746588446
55
 energy: -56.197047185020 gnorm: 0.000591823682 xtb: 6.7.1 (edcfbbe)
B           -4.78046010904699       -2.59105514429545        0.30787688075773
B           -4.56715248947959       -1.32847966127741       -0.64370664767447
B           -4.43272757447258       -0.21586919684933       -1.86974868044725
B           -3.40420719782679       -2.64722342696376       -0.52042994767229
B           -3.01687981262908        0.21144824121377       -1.36151869912269
B           -4.38299626251961        0.35917782648474       -0.16356468009530
B           -5.03672375277963        1.42841813156238        0.83282244724053
B           -4.62195278575244        3.01192697955393        0.98670037014460
B           -2.80505662573519        0.52436291758876        0.24713735684064
B           -3.23123908325760        3.27023251144406        1.79535934582454
B           -2.17945830742138       -3.76737438358290       -0.66943247521322
B           -1.87601819834196       -2.22352218890342       -0.92019958655621
B           -1.69167918923035       -0.59543498732514       -0.78065679777462
B           -0.59070368160460       -3.21198918985011       -0.85580165931384
B           -0.21583395840951       -0.13883776106730       -0.24459436639588
B           -1.39416656720040        0.05233824341892        0.91222025656585
B           -1.77389383614545        1.67710677817411        0.81042472873013
B           -1.89486470569159        3.25258075160443        0.90440450726079
B           -0.21014729230813        1.05285864539742        1.12753058280297
B           -0.74982944604787        4.36496789921270        0.58698362320008
B            0.81707002791542       -4.10888654724147       -0.78107787934542
B            0.90979414005493       -2.50051334279555       -0.73122308918313
B            1.21149646794551       -0.94796495170723       -0.53501215381097
B            2.19964197398993       -3.41081595613874       -0.20038474491836
B            2.62222937088297       -0.20470889861815       -0.24354416238691
B            1.24078740829728        0.55678342184679        0.18348495371253
B            1.12522760158083        2.01592890241373        1.09272858387509
B            0.53335418981876        3.44892364168152        0.65516946820609
B            2.44973421135269        1.69183106633069        0.13618227027225
B            1.20651931812300        3.01558407498867       -0.81111531138271
B            3.21660287593673       -3.89133599390990        1.06205329720283
B            3.63303421207140       -2.67934600221023        0.03852210440142
B            4.02078250954168       -1.14263135397836       -0.25334078742387
B            4.42972103644258       -2.90584303816067        1.38983895939515
B            5.35803470555980       -0.26287212771334       -0.72316250537612
B            4.12093633122792        0.49569080843367        0.00725701041042
B            4.02343799559581        2.27929792539936       -0.05595382160771
B            2.81726578026774        3.08064123446366       -0.90081590020713
B            5.43304734981275        1.42316918641233       -0.18075301932618
B            4.29634139437682        3.48096482678986       -1.08354201484508
H           -5.16614460115702       -3.07371842531610        1.30593848875909
H           -5.71593732865086       -2.05237065143601       -0.39610373046785
H           -5.21593958519040       -0.07202612492549       -2.74112550848938
H           -5.78752630595658        1.04299109962687        1.67271402644870
H           -5.35733535979087        3.86547871304102        0.63350898781649
H           -3.26135499361796        3.31114338196582        2.97653306384269
H           -2.39571164845592       -4.91964405777295       -0.63586246786915
H           -0.89009453794621        5.49490760928845        0.28119290641779
H            0.82100120955108       -5.24411574020314       -1.06954430445615
H            0.54000308056362        2.68615314007972       -1.73509818061095
H            2.95533864461071       -4.87492355595486        1.64260772778015
H            5.28360185698353       -2.59663640621134        2.12277251271104
H            6.36260408065545       -0.67530974334643       -1.16040190966244
H            6.50945851355430        1.80118077946907        0.09217985344230
H            5.14631494994973        4.14181411988989       -1.53642928240992
55
 energy: -56.197049888867 gnorm: 0.000595300610 xtb: 6.7.1 (edcfbbe)
B           -4.78291654529603       -2.58869079929022        0.30395546794186
B           -4.56707616174696       -1.32386245981389       -0.64414344000652
B           -4.43038180150220       -0.20849103586975       -1.86732578704534
B           -3.40567598916159       -2.64383150190771       -0.52294758747085
B           -3.01470056363499        0.21653590883816       -1.35656555521861
B           -4.38191064311741        0.36236266714683       -0.15977972152366
B           -5.03637159363299        1.43163297972716        0.83623596076452
B           -4.62059162741580        3.01481019976617        0.98923338221237
B           -2.80426075543429        0.52538152392606        0.25310074100115
B           -3.23038390995643        3.27549234603838        1.79810430822111
B           -2.18162369272616       -3.76477950063763       -0.67355911626949
B           -1.87664508549926       -2.22051260288847       -0.91973803027324
B           -1.69116949717542       -0.59300928120481       -0.77635021098386
B           -0.59236732420865       -3.21051397278910       -0.85773667194790
B           -0.21548885245194       -0.13845261439442       -0.23865590575787
B           -1.39354433393466        0.05282840060632        0.91831257394235
B           -1.77273289566103        1.67773377441253        0.81706200626955
B           -1.89362000564383        3.25342499972015        0.90790016668692
B           -0.20891301208672        1.05299544169692        1.13311376871750
B           -0.74805092490752        4.36453398710238        0.58784525644649
B            0.81508435103926       -4.10810781055629       -0.78646731762496
B            0.90852276542881       -2.50004233432755       -0.73090667574600
B            1.21108936105976       -0.94825810546564       -0.53100541981174
B            2.19831827986176       -3.41263976730596       -0.20399045739431
B            2.62246913218157       -0.20619399476239       -0.24023238865530
B            1.24161616023857        0.55594033965161        0.18809583411379
B            1.12676204232020        2.01571854680040        1.09631954528450
B            0.53486225818658        3.44817917891838        0.65686662448181
B            2.45080460240493        1.69083788812969        0.13915539357550
B            1.20676285842155        3.01220898131759       -0.80905485276753
B            3.21574113025085       -3.89726509263878        1.05655892167883
B            3.63209926276032       -2.68232169219625        0.03637622214609
B            4.02033993872321       -1.14536740300711       -0.25335469548664
B            4.42908311376200       -2.91319224199179        1.38695157271685
B            5.35703606682977       -0.26585531015311       -0.72551262858100
B            4.12177526713585        0.49264928120931        0.00781823153737
B            4.02450288659940        2.27704880540499       -0.05611324723128
B            2.81747064471960        3.07742717330561       -0.90050015693160
B            5.43344586588038        1.42043579789195       -0.18304487387534
B            4.29655962898868        3.47611422787574       -1.08686575893779
H           -5.16956994507774       -3.07366638413682        1.30052594014555
H           -5.71729673752261       -2.04793694380895       -0.39940561484862
H           -5.21241126481553       -0.06159837178359       -2.73923933701870
H           -5.78813415609389        1.04645840602509        1.67534317545278
H           -5.35491208745616        3.86819096012095        0.63336775750845
H           -3.26145291518335        3.31785559603959        2.97903188568585
H           -2.39908692502444       -4.91690357113728       -0.64262516815391
H           -0.88793110615365        5.49382218974637        0.27950742321141
H            0.81873011466725       -5.24230453748439       -1.07899326888738
H            0.53969179039063        2.68109025079986       -1.73207403677739
H            2.95388692640124       -4.88251820321180        1.63402369795227
H            5.28299612248873       -2.60552974043288        2.12043150862270
H            6.36081453081260       -0.67890317749386       -1.16386658857140
H            6.51056550672201        1.79768828277664        0.08825444687807
H            5.14553574424216        4.13580431571722       -1.54343729938074
55
 energy: -56.197052372397 gnorm: 0.000568252150 xtb: 6.7.1 (edcfbbe)
B           -4.78520531131918       -2.58634588368874        0.30022000972391
B           -4.56705538215835       -1.31921336028051       -0.64432621828728
B           -4.42855471898175       -0.20134926995978       -1.86488457016320
B           -3.40702292204912       -2.64063699955508       -0.52525250584062
B           -3.01280548566927        0.22117235505513       -1.35220264138066
B           -4.38084343279877        0.36559388197637       -0.15636598269765
B           -5.03579865076048        1.43479925615537        0.83954682920184
B           -4.61913249881788        3.01774080197437        0.99137120664428
B           -2.80344309555405        0.52650911834089        0.25835202747900
B           -3.22950746858614        3.27898454776430        1.80108973176173
B           -2.18377617213415       -3.76226595794145       -0.67745944551859
B           -1.87728587902151       -2.21771200319092       -0.91949130746065
B           -1.69071887636788       -0.59076184621057       -0.77258637644621
B           -0.59397855112647       -3.20920206519082       -0.85960371734135
B           -0.21512930316322       -0.13826087991550       -0.23329611644841
B           -1.39294480302729        0.05340547998654        0.92346869103645
B           -1.77128499336241        1.67837906308535        0.82278875689072
B           -1.89232100988680        3.25416555207975        0.91164991950608
B           -0.20757941805048        1.05291396710082        1.13822291465763
B           -0.74633274823945        4.36419962101800        0.58905230237870
B            0.81307716923022       -4.10750888475870       -0.79130339322174
B            0.90722403332560       -2.49985507741402       -0.73064601437969
B            1.21064221471144       -0.94873259883699       -0.52749717756892
B            2.19700229604492       -3.41438869626210       -0.20733002036042
B            2.62258920381595       -0.20791344489670       -0.23733954525621
B            1.24255678893268        0.55490637081024        0.19253116801664
B            1.12837087360804        2.01536682061419        1.09943556430765
B            0.53623051648465        3.44736702606631        0.65854248644166
B            2.45176920571469        1.68967070115332        0.14147369924919
B            1.20666128999543        3.00953023005224       -0.80733551232752
B            3.21507775015248       -3.90283376097063        1.05130921661462
B            3.63116787587736       -2.68523822357046        0.03410679906169
B            4.01989296562159       -1.14811097368493       -0.25368102943360
B            4.42888693262182       -2.92024334599227        1.38364033142981
B            5.35686887556182       -0.26903910699510       -0.72651046256882
B            4.12259511243955        0.48953658886799        0.00813072594673
B            4.02539381284834        2.27457797971062       -0.05659255917522
B            2.81733456385744        3.07432748597765       -0.90051521849135
B            5.43390145151826        1.41748468489215       -0.18518671959585
B            4.29625937018700        3.47222042420649       -1.08938146451795
H           -5.17289966638521       -3.07357375195474        1.29530424673609
H           -5.71859167117140       -2.04337715700293       -0.40251974899151
H           -5.20969016567238       -0.05173776291318       -2.73713047276492
H           -5.78906124071311        1.05002633746429        1.67747956307310
H           -5.35268708124115        3.87107232354832        0.63374503409517
H           -3.26167963137937        3.32579312755722        2.98191042928433
H           -2.40243700675996       -4.91424390745621       -0.64933297931950
H           -0.88570335640709        5.49298015881906        0.27867090306183
H            0.81652255505651       -5.24079593742049       -1.08730301260180
H            0.53896722400614        2.67677163047809       -1.72935447623053
H            2.95262144541939       -4.88945021774467        1.62615638393702
H            5.28338790795292       -2.61438380670157        2.11718781202245
H            6.35971039155135       -0.68259501844990       -1.16652512199445
H            6.51130135343508        1.79455457332508        0.08532368353099
H            5.14480336083014        4.13017383090040       -1.54975662568807
55
 energy: -56.197054973754 gnorm: 0.000499856656 xtb: 6.7.1 (edcfbbe)
B           -4.78750019739638       -2.58371891066254        0.29660701255212
B           -4.56720796415884       -1.31425366669960       -0.64430033464036
B           -4.42700387276651       -0.19415356374011       -1.86246528650557
B           -3.40837834246558       -2.63734885501177       -0.52730531687258
B           -3.01108028161717        0.22565502109007       -1.34813891298156
B           -4.37984309852012        0.36916172467839       -0.15321024197359
B           -5.03531397389591        1.43822069107812        0.84260160948514
B           -4.61746986717102        3.02084714697669        0.99401524252783
B           -2.80268977393126        0.52780978642023        0.26328159128607
B           -3.22842653349128        3.28312673533698        1.80432515443899
B           -2.18617381681776       -3.75970202021607       -0.68168677517955
B           -1.87802083556473       -2.21488127794991       -0.91929232971559
B           -1.69032286125362       -0.58847192981408       -0.76906238022790
B           -0.59568387818343       -3.20790378987185       -0.86147675217174
B           -0.21477319377064       -0.13822340203274       -0.22814324118363
B           -1.39243306377050        0.05402657453849        0.92813573396594
B           -1.76981570988182        1.67903426978462        0.82850105675815
B           -1.89082549325453        3.25494608013056        0.91563526729041
B           -0.20626428583033        1.05263851252765        1.14324831580683
B           -0.74441684867276        4.36390056192495        0.59031694252193
B            0.81089594767537       -4.10706679382705       -0.79579450943338
B            0.90578967774892       -2.49991198604580       -0.73039969821291
B            1.21011436711840       -0.94939703203647       -0.52414515764952
B            2.19564725587401       -3.41611583020506       -0.21068410292584
B            2.62257380023910       -0.20976211659696       -0.23473642116841
B            1.24362444810873        0.55361873585260        0.19731662272257
B            1.12999580135372        2.01485712790724        1.10257062639943
B            0.53763130899076        3.44644964876453        0.66041055486408
B            2.45261620361976        1.68831623836600        0.14368067083710
B            1.20626698389750        3.00715769446883       -0.80572838071401
B            3.21466805778746       -3.90837479074118        1.04576472923516
B            3.63028477713998       -2.68815125196749        0.03146038136695
B            4.01941005621916       -1.15081752010445       -0.25437286374555
B            4.42915099183690       -2.92737844553986        1.37962319107070
B            5.35696582728123       -0.27208652289694       -0.72748552635396
B            4.12340864115833        0.48632099733321        0.00837798562117
B            4.02622075278834        2.27175936919526       -0.05785910530394
B            2.81692875165521        3.07067278517044       -0.90137610043902
B            5.43456635855384        1.41402806854195       -0.18651196362693
B            4.29564097204164        3.46805968194494       -1.09290505115703
H           -5.17665440768868       -3.07333234394231        1.28996977739438
H           -5.71984084389741       -2.03851223275504       -0.40572915746552
H           -5.20749818543688       -0.04188634737794       -2.73482298412584
H           -5.78952186640274        1.05364079880047        1.67971215114064
H           -5.35012233176055        3.87404686560440        0.63415435828667
H           -3.26151954436342        3.33263673693309        2.98499111666383
H           -2.40599469953974       -4.91156675988068       -0.65695228727813
H           -0.88321073707607        5.49241138549432        0.27870636622965
H            0.81411344073780       -5.23957392748809       -1.09464741277815
H            0.53751150604996        2.67371066374090       -1.72671445343071
H            2.95161714434767       -4.89623880613661        1.61817278529983
H            5.28487947168674       -2.62379203991543        2.11276619709903
H            6.35921602872556       -0.68704672390244       -1.16742763748805
H            6.51194338490230        1.79148513859002        0.08352585926951
H            5.14367055103785        4.12558384618520       -1.55449691536853
55
 energy: -56.197057367984 gnorm: 0.000461181984 xtb: 6.7.1 (edcfbbe)
B           -4.78978627457958       -2.58105369994407        0.29331572784069
B           -4.56765017775123       -1.30942927460193       -0.64416953563500
B           -4.42584920429787       -0.18734572079746       -1.86030711559485
B           -3.40987977053860       -2.63436094297999       -0.52925545132804
B           -3.00967652764650        0.22969585392992       -1.34463103888737
B           -4.37897022186473        0.37279207712794       -0.15030163796255
B           -5.03455520477032        1.44171905966743        0.84559446537059
B           -4.61554818682959        3.02410714456552        0.99655965880264
B           -2.80200004660119        0.52924401549036        0.26755236114654
B           -3.22709474677088        3.28681182409800        1.80758648060638
B           -2.18886710220389       -3.75746335573894       -0.68625760410715
B           -1.87899886299430       -2.21234175483165       -0.91932456934449
B           -1.69015997243501       -0.58639072775126       -0.76600021232665
B           -0.59754260976111       -3.20675617496143       -0.86332542915488
B           -0.21453645299104       -0.13831721854953       -0.22378493463706
B           -1.39201129847568        0.05453406573038        0.93207011927008
B           -1.76827260640964        1.67960139199691        0.83368782822618
B           -1.88918130887969        3.25560218591945        0.91952855163959
B           -0.20498712781640        1.05218384011584        1.14773137797220
B           -0.74230127554102        4.36372934762284        0.59234013734321
B            0.80854263107991       -4.10692117327613       -0.79964921761392
B            0.90420416235499       -2.50020359620644       -0.73041163178562
B            1.20945129770085       -0.95015693196152       -0.52154806467870
B            2.19419481612301       -3.41773793660802       -0.21390375500895
B            2.62241462386664       -0.21167372157231       -0.23260863638360
B            1.24466161649836        0.55203387749133        0.20191615553564
B            1.13159286643650        2.01416115112267        1.10533505793043
B            0.53907975792112        3.44549972055189        0.66246268898159
B            2.45322102642518        1.68674401909035        0.14531325168442
B            1.20581623577291        3.00545821752555       -0.80429909317938
B            3.21434778908776       -3.91339909867416        1.04026831565995
B            3.62947201827818       -2.69089911956338        0.02845893727025
B            4.01891237755702       -1.15334041690823       -0.25550476133923
B            4.43014819766770       -2.93436900336328        1.37483031610941
B            5.35756774747182       -0.27493025446175       -0.72763659945408
B            4.12415224953889        0.48330587974053        0.00838232179781
B            4.02684152249163        2.26885403011172       -0.05931160838867
B            2.81641530254196        3.06744634148537       -0.90193580453987
B            5.43534038887063        1.41056270907962       -0.18729744496481
B            4.29476758496064        3.46483920088643       -1.09542125215651
H           -5.18039337120093       -3.07264466667487        1.28513964930375
H           -5.72104835550867       -2.03350178475736       -0.40869825005895
H           -5.20586601924053       -0.03278496989106       -2.73269003167168
H           -5.78985001580809        1.05740622569774        1.68180337794958
H           -5.34742216003013        3.87735741090633        0.63528644398183
H           -3.26083510783233        3.33872463763832        2.98811909181199
H           -2.40972760908614       -4.90919812526304       -0.66510079007690
H           -0.88083993268165        5.49189031748745        0.27938453022484
H            0.81126676706787       -5.23894720739768       -1.10025202565838
H            0.53588134624860        2.67106946834337       -1.72406617790310
H            2.95094575777289       -4.90231304265601        1.61068253347610
H            5.28717055727984       -2.63305238342449        2.10739737610577
H            6.35953019442231       -0.69143747548145       -1.16678623067430
H            6.51236675842256        1.78906464053965        0.08272318760975
H            5.14289195668355        4.12098512435627       -1.55899103911994
55
 energy: -56.197058228287 gnorm: 0.000373260374 xtb: 6.7.1 (edcfbbe)
B           -4.79010042851074       -2.58068041028841        0.29337619386512
B           -4.56802517269132       -1.30913532184253       -0.64415870339125
B           -4.42597821542698       -0.18707903661235       -1.86044258113139
B           -3.41028623334452       -2.63423897961389       -0.52936128038888
B           -3.00980357357221        0.22983222863680       -1.34471370281418
B           -4.37902719138368        0.37317671697338       -0.15015022745256
B           -5.03433840353993        1.44213514664929        0.84582601351743
B           -4.61506507888116        3.02448044999624        0.99676345021712
B           -2.80200981492043        0.52945061907669        0.26747035709858
B           -3.22661865311246        3.28674810646251        1.80793736668848
B           -2.18941689113448       -3.75742320795632       -0.68663884578517
B           -1.87939005091434       -2.21228063321064       -0.91938086425870
B           -1.69036561862500       -0.58630499634533       -0.76611258012535
B           -0.59797048105101       -3.20667067822283       -0.86366200898964
B           -0.21462197556081       -0.13833068861228       -0.22412544074973
B           -1.39204062174176        0.05438499963232        0.93193989037325
B           -1.76810005518329        1.67953081684379        0.83377435186501
B           -1.88883170206732        3.25550481516314        0.91975331768359
B           -0.20493947171720        1.05202026891947        1.14770407987525
B           -0.74192580132588        4.36359796470423        0.59238285308975
B            0.80805692989573       -4.10709929798501       -0.79951248686461
B            0.90386733581915       -2.50027293419505       -0.73073126736562
B            1.20929142724449       -0.95020022795120       -0.52197784659128
B            2.19381067646976       -3.41780103988283       -0.21407323811271
B            2.62235359724666       -0.21177142502762       -0.23285892422891
B            1.24468297007178        0.55172433005525        0.20202166283694
B            1.13168935168010        2.01390394492855        1.10544438881745
B            0.53939401587821        3.44539278187046        0.66283909974305
B            2.45324125528126        1.68639602390849        0.14531993875414
B            1.20604983050546        3.00544959548593       -0.80408470220943
B            3.21408270402824       -3.91338229421009        1.03989351479586
B            3.62929546517736       -2.69099044863923        0.02799271569088
B            4.01883878010995       -1.15342133476254       -0.25587348599494
B            4.43049556622811       -2.93479769231955        1.37391803912847
B            5.35764264888291       -0.27502107096832       -0.72762236638923
B            4.12422615303846        0.48323431959887        0.00829045983669
B            4.02688612385294        2.26856818560347       -0.05949890475936
B            2.81660492842226        3.06739214654957       -0.90171182072267
B            5.43555822233402        1.41029171380261       -0.18699392283862
B            4.29498927918066        3.46459441228950       -1.09546911487656
H           -5.18082984329069       -3.07211446062930        1.28521661214631
H           -5.72121360806642       -2.03294228370188       -0.40871201787924
H           -5.20603027973759       -0.03247525990624       -2.73277044121459
H           -5.78960132300569        1.05793900633900        1.68212616042148
H           -5.34702014299189        3.87797962417734        0.63626007485929
H           -3.26012888653851        3.33835364279805        2.98849604956748
H           -2.41039236379620       -4.90909235131651       -0.66573913749880
H           -0.88058080158014        5.49195909788661        0.28020702435378
H            0.81042527009013       -5.23929008454649       -1.09956067367561
H            0.53593633506889        2.67154890542226       -1.72385123416124
H            2.95084606131311       -4.90220762593786        1.61055341769830
H            5.28815840597251       -2.63422968968075        2.10601345630075
H            6.35990870695592       -0.69178481867545       -1.16593301299855
H            6.51250675587841        1.78910109253848        0.08292321559991
H            5.14315988708177        4.12080133674988       -1.55872287133890
