60
 energy: -61.502547843057 gnorm: 0.125347223863 xtb: 6.7.1 (edcfbbe)
B           -5.89244767000000        2.91562227000000        0.41860644000000
B           -5.82337377000000        1.26413016000000       -0.05545915000000
B           -4.45785211000000        3.82842685000000        0.20789077000000
B           -4.40058614000000        2.14247579000000        0.15430515000000
B           -4.33831563000000        0.45181289000000        0.04302731000000
B           -5.71039992000000       -2.14011458000000        0.06618539000000
B           -5.64438382000000       -3.79730427000000       -0.36051753000000
B           -4.28005651000000       -1.22548372000000       -0.01121990000000
B           -4.22244354000000       -2.92031254000000       -0.06312466000000
B           -4.16204186000000       -4.60823566000000       -0.06888874000000
B           -2.96243382000000        3.03970429000000        0.28868662000000
B           -2.90530654000000        1.33678725000000        0.24710013000000
B           -1.53561811000000        3.91337290000000        0.51393250000000
B           -1.47399361000000        2.23577665000000        0.33100425000000
B           -1.41220338000000        0.55043581000000        0.17185759000000
B           -2.78302860000000       -2.01642957000000       -0.06190715000000
B           -2.72123205000000       -3.71696565000000       -0.13136046000000
B           -1.35250397000000       -1.12880515000000        0.07503634000000
B           -1.29157495000000       -2.81526811000000       -0.07561834000000
B           -1.22758497000000       -4.48491902000000       -0.33949354000000
B           -0.04058725000000        3.12597946000000        0.51003568000000
B            0.02437442000000        1.44623110000000        0.20157609000000
B            1.39099217000000        4.00375104000000        0.67424179000000
B            1.45379073000000        2.33371601000000        0.42438281000000
B            1.51750368000000        0.65741172000000        0.15540071000000
B            0.14392819000000       -1.91694502000000        0.01640064000000
B            0.20404971000000       -3.61482396000000       -0.07801147000000
B            1.57798586000000       -1.01972245000000        0.02070066000000
B            1.63615342000000       -2.71766617000000        0.03334901000000
B            1.69268504000000       -4.40772822000000        0.05421543000000
B            2.88693180000000        3.23987798000000        0.43141700000000
B            2.94825830000000        1.53685102000000        0.38920996000000
B            4.32515534000000        4.12805107000000        0.42645598000000
B            4.38473010000000        2.43937571000000        0.42307385000000
B            4.44259837000000        0.74509740000000        0.35594067000000
B            3.06941370000000       -1.81934088000000        0.12246654000000
B            3.12946042000000       -3.51385913000000       -0.03193793000000
B            4.50274809000000       -0.92763443000000        0.23376471000000
B            4.56650893000000       -2.61389436000000        0.06149172000000
B            4.62751432000000       -4.28427182000000       -0.19358973000000
B            5.80801811000000        3.31320781000000        0.73376740000000
B            5.87606041000000        1.66107108000000        0.29216309000000
B            5.99760172000000       -1.71936769000000        0.04104046000000
B            6.05083971000000       -3.41860606000000        0.22523478000000
H           -6.87369947000000        3.40675299000000        0.83545334000000
H           -6.76141919000000        0.78014505000000       -0.56076813000000
H           -4.53681662000000        4.96750451000000       -0.06836406000000
H           -6.68669374000000       -1.69364835000000        0.52793668000000
H           -6.55286676000000       -4.37331214000000       -0.82435524000000
H           -4.17544263000000       -5.74618735000000        0.21588407000000
H           -1.58110309000000        5.07977769000000        0.64132688000000
H           -1.18288054000000       -5.62074922000000       -0.63126870000000
H            1.36112911000000        5.12976881000000        1.00140716000000
H            1.73825058000000       -5.57288142000000        0.17271065000000
H            4.35023272000000        5.26499592000000        0.13983211000000
H            4.72634957000000       -5.35746174000000       -0.65604322000000
H            6.71488746000000        3.88539563000000        1.20851919000000
H            6.86713475000000        1.22934532000000       -0.15263852000000
H            6.94293333000000       -1.15239604000000       -0.34515766000000
H            7.00535739000000       -3.99201285000000        0.58551333000000
60
 energy: -61.505467199496 gnorm: 0.039902403537 xtb: 6.7.1 (edcfbbe)
B           -5.89044772832636        2.91311035564175        0.43808886237420
B           -5.82047382565079        1.26967342864473       -0.08497149923989
B           -4.45781476938546        3.82795642251798        0.18249536600842
B           -4.40105201922055        2.14379698279876        0.14010753468368
B           -4.33850880650538        0.44974561626921        0.04518063113101
B           -5.70875607612997       -2.14419323207984        0.08924879750380
B           -5.64174070761698       -3.79391978039532       -0.38140295661622
B           -4.28049633905334       -1.22361536284343        0.00110171514279
B           -4.22377816571807       -2.92070453768834       -0.05432265568312
B           -4.16310128476432       -4.60659767801686       -0.04803654878428
B           -2.96198226492795        3.04416274643208        0.27636828760619
B           -2.90471589495725        1.33412409594403        0.25104102122900
B           -1.53552179952398        3.91225080635124        0.52073284741662
B           -1.47412894387693        2.23590181762473        0.33274754739150
B           -1.41254683743548        0.54824156934178        0.18489460161002
B           -2.78260165821322       -2.01336576893907       -0.06095711473349
B           -2.72086100149790       -3.71985047399144       -0.13387091359152
B           -1.35288326456875       -1.12762763582124        0.08537247755277
B           -1.29170615549147       -2.81393776874905       -0.08770294661349
B           -1.22705670737507       -4.48084169659401       -0.36479827345450
B           -0.04081092950579        3.12824527208168        0.52020323726906
B            0.02460986720604        1.44430469305831        0.19676013518608
B            1.39090864139878        4.00084240770290        0.69201485154659
B            1.45369508063828        2.33332417377606        0.42921049040218
B            1.51776376509687        0.65634420743095        0.15555899283197
B            0.14387648171531       -1.91360822559926        0.01057685027889
B            0.20401452816632       -3.61763786473167       -0.08074312648950
B            1.57801748888757       -1.01825952260728        0.02472613488771
B            1.63614507800875       -2.71739162046456        0.03433797690778
B            1.69186218508322       -4.40701433687453        0.07032275675843
B            2.88632568688842        3.24384150153792        0.42547196339148
B            2.94729444363990        1.53349356785502        0.39850968110772
B            4.32662216813798        4.12710445548686        0.40143544672624
B            4.38587767468316        2.44001042234437        0.41770405102610
B            4.44271460280135        0.74256703635670        0.36307076992225
B            3.06820277317709       -1.81690181555455        0.12847493125617
B            3.12897539259449       -3.51644349700279       -0.04223489699968
B            4.50256238725930       -0.92584483131852        0.24105142398671
B            4.56778294795877       -2.61310342635663        0.05179062234974
B            4.62826458185213       -4.27941711084688       -0.21841556684495
B            5.80513401151832        3.31054743739999        0.75341374773004
B            5.87439202394625        1.66563406454929        0.27421688444466
B            5.99596757142852       -1.72129750156437        0.02515592897114
B            6.04776027597578       -3.41892920275426        0.24161340710315
H           -6.87297914001784        3.40480280963413        0.85414339207501
H           -6.76339627969827        0.78220115771884       -0.58160440663953
H           -4.53916922385148        4.97008946734611       -0.08573464306067
H           -6.68969181914793       -1.70116495768289        0.54967073981688
H           -6.55311647218666       -4.37356039815713       -0.84085182011113
H           -4.17735022599341       -5.74831633594951        0.22995461130888
H           -1.58171389034315        5.08029642757323        0.64918818855562
H           -1.18268676892899       -5.62152787324107       -0.64519976337584
H            1.36117432390615        5.12938283571071        1.01911058845823
H            1.73846848354258       -5.57488912617671        0.19044833270399
H            4.35223399045147        5.26916449766838        0.12654111306165
H            4.73025333013862       -5.36318029826149       -0.66067466372045
H            6.71541042438889        3.88486881638128        1.22335854200348
H            6.86948839770220        1.23360985618341       -0.16449765815178
H            6.94689463598140       -1.15452641520911       -0.35170012456587
H            7.00308294573881       -3.99546604389062        0.60512484695808
60
 energy: -61.505773851342 gnorm: 0.025122633591 xtb: 6.7.1 (edcfbbe)
B           -5.89144690845701        2.91447240269208        0.43313333871010
B           -5.82053022205761        1.27025648904658       -0.08933610710276
B           -4.45781441006135        3.82884736567483        0.17221730596166
B           -4.40052906351587        2.14423858687667        0.13262146671279
B           -4.33883122975392        0.44969772572621        0.04465899343022
B           -5.70907658392530       -2.14469655719670        0.09436007631161
B           -5.64299252046535       -3.79437836783576       -0.38067918114283
B           -4.28107964426166       -1.22370253971676        0.00957907452307
B           -4.22360743976039       -2.92055153263068       -0.05039306968935
B           -4.16349902760654       -4.60689274992445       -0.04619486733531
B           -2.96090563516015        3.04536119772155        0.26429731345827
B           -2.90543556952767        1.33382401511249        0.25659359447249
B           -1.53585475676820        3.91255981581200        0.52203094105615
B           -1.47417295521746        2.23626483679423        0.33300695977582
B           -1.41278283577892        0.54807017873416        0.19021448857719
B           -2.78326400527291       -2.01321556719259       -0.05911467848429
B           -2.72023416605269       -3.71987141966006       -0.13479958644564
B           -1.35304545183850       -1.12774528618713        0.08818172400919
B           -1.29165907243595       -2.81357594150687       -0.09305187353534
B           -1.22721907405525       -4.47993697680554       -0.37431735721155
B           -0.04105438870029        3.12774862524702        0.52892595392211
B            0.02465893042772        1.44463989359737        0.19398064908216
B            1.39106190091522        4.00003168599149        0.70268403110555
B            1.45363541702245        2.33333888405338        0.43318541655239
B            1.51774606391207        0.65631804225959        0.15916697755786
B            0.14387559084131       -1.91316269302979        0.00741563968186
B            0.20403027729340       -3.61754559522585       -0.08421515949445
B            1.57800391216139       -1.01834500419512        0.02792340422560
B            1.63621432013080       -2.71731687064296        0.03124204637222
B            1.69203270512741       -4.40728838240225        0.07377357873008
B            2.88566453535154        3.24447873960341        0.42235212346598
B            2.94774219012477        1.53296719133092        0.40621329985277
B            4.32703572334570        4.12777108323005        0.39595348762007
B            4.38567201496935        2.44004076115944        0.41601963994030
B            4.44312931043184        0.74272633829248        0.35863512443644
B            3.06872236220885       -1.81696162408753        0.13159517049570
B            3.12841830656425       -3.51601661756493       -0.05117800660201
B            4.50296545934835       -0.92514948314436        0.23667336402409
B            4.56755678503888       -2.61241440350391        0.04690858598345
B            4.62874508597248       -4.27906690854932       -0.22443198003588
B            5.80631375672182        3.31150783623311        0.75159313238851
B            5.87472144781050        1.66630001714452        0.27329571486496
B            5.99643998675804       -1.72169270070516        0.02622515692047
B            6.04884170577096       -3.41951658544552        0.24027416518555
H           -6.86902776886686        3.40268565670163        0.86099866369258
H           -6.75994810341145        0.78577096692843       -0.59558588327612
H           -4.54320675863232        4.96849994844992       -0.10464791421369
H           -6.68838529447228       -1.70850492429866        0.56559111447816
H           -6.55167602822530       -4.37188616793357       -0.84567741306145
H           -4.18054841721380       -5.74646331979013        0.24040619971261
H           -1.58276369307537        5.07919641440046        0.66668185294728
H           -1.18298658293137       -5.61973700638929       -0.65956767739982
H            1.36173909759405        5.12669275300932        1.03838595450737
H            1.73829780245378       -5.57454831180478        0.20734650048716
H            4.35534721724843        5.26849692154887        0.11534369357040
H            4.73376178820507       -5.36459877494685       -0.66194617512956
H            6.71269976530382        3.88443505116234        1.22794530112297
H            6.86786292707129        1.23757329281524       -0.17240082719919
H            6.94703983542767       -1.15603251107522       -0.35251745947331
H            6.99828857594853       -3.99749328395806        0.61524474690731
60
 energy: -61.505931828355 gnorm: 0.012521672216 xtb: 6.7.1 (edcfbbe)
B           -5.89104471962805        2.91512770276113        0.42638007956621
B           -5.82024837890951        1.27005218056121       -0.09094699270989
B           -4.45714815463580        3.82921626027366        0.16282194334049
B           -4.40002283721658        2.14447035459484        0.12754582481868
B           -4.33884667943342        0.44958490567607        0.04839255168517
B           -5.70885053674073       -2.14455847336642        0.09701296497725
B           -5.64283934178077       -3.79422567475530       -0.37816926754103
B           -4.28105717242375       -1.22386660998500        0.01290528212443
B           -4.22335167064522       -2.92046383484065       -0.04805554504870
B           -4.16313992290483       -4.60673208902169       -0.04694820187047
B           -2.96023531096638        3.04576528540046        0.25546344626594
B           -2.90561503030657        1.33359963835874        0.26185021826178
B           -1.53614316173542        3.91190354564686        0.52796222348740
B           -1.47408228348073        2.23622052580232        0.33390429597400
B           -1.41277560482016        0.54818707933879        0.19160800764195
B           -2.78337079036661       -2.01328828094579       -0.05709338099528
B           -2.71992116893215       -3.71953299894132       -0.13518003063643
B           -1.35296452978696       -1.12777183958009        0.08752141306326
B           -1.29146439648130       -2.81312751317405       -0.09669776623014
B           -1.22722703735180       -4.47924335015600       -0.37815215053426
B           -0.04123073591989        3.12678211425312        0.53522706775393
B            0.02470529604488        1.44507375587402        0.19116870767488
B            1.39094421787692        3.99898286948006        0.71089454485514
B            1.45348794068600        2.33317590362952        0.43547009822870
B            1.51761493323529        0.65637415126756        0.16166792724803
B            0.14391062935167       -1.91298387275961        0.00523337092264
B            0.20408356609072       -3.61687446991949       -0.08711438644041
B            1.57789075452021       -1.01857130108658        0.03141669977259
B            1.63622641356804       -2.71696251494456        0.02774132140806
B            1.69214279711432       -4.40703366251015        0.07364391451135
B            2.88531510877822        3.24438672834458        0.42214449056767
B            2.94773449740603        1.53285172861003        0.40974281782017
B            4.32667704812547        4.12794489094980        0.39277596103015
B            4.38541705294364        2.44006657615695        0.41518693278715
B            4.44305443821157        0.74292459731707        0.35731947915756
B            3.06878955597424       -1.81707228640268        0.13332997650803
B            3.12823799942221       -3.51516912732090       -0.05812877071928
B            4.50292270616343       -0.92493762682598        0.23492325207654
B            4.56737226434074       -2.61193238474631        0.04387711696696
B            4.62855364481037       -4.27852459507278       -0.22780797243656
B            5.80617882406429        3.31169790512232        0.74821155259907
B            5.87449182118682        1.66641268967553        0.27217005034429
B            5.99631352003461       -1.72149637168621        0.02764278551760
B            6.04860702266671       -3.41912409984050        0.23796498101397
H           -6.86404004014171        3.40175536101659        0.86646174830199
H           -6.75449479426203        0.78932778786648       -0.61130360118234
H           -4.54595990182405        4.96578762018035       -0.12696665358579
H           -6.68560097295321       -1.71521490674742        0.58147313936314
H           -6.55015799421979       -4.36995908056118       -0.84851052821287
H           -4.18299770804380       -5.74375143337418        0.25091610681792
H           -1.58431304022603        5.07741971987958        0.68618995801811
H           -1.18326968901672       -5.61674977373302       -0.67432808154038
H            1.36250651007623        5.12253062794732        1.05951186570718
H            1.73798398080106       -5.57314168646993        0.22435005067483
H            4.35750343883305        5.26667420196589        0.10281013826506
H            4.73581510540322       -5.36487460205060       -0.66354542282755
H            6.70900160948705        3.88435885774523        1.23198334671562
H            6.86508865315185        1.24088025227974       -0.18272025147774
H            6.94590783518115       -1.15610116769471       -0.35464170294481
H            6.99262160960390       -3.99974557946276        0.62431380309898
60
 energy: -61.506002920765 gnorm: 0.005679523720 xtb: 6.7.1 (edcfbbe)
B           -5.89085276639535        2.91548692536408        0.42209269889259
B           -5.82027315308052        1.27001324287872       -0.09351135423433
B           -4.45672758127471        3.82970744514455        0.15201257709755
B           -4.40008857015347        2.14484794742512        0.12367496222995
B           -4.33913331821539        0.44936522034201        0.05442938097853
B           -5.70893252937460       -2.14466414772500        0.10017002326217
B           -5.64267087671488       -3.79413502012458       -0.37778235451843
B           -4.28111633096012       -1.22412947523448        0.01377852171372
B           -4.22359187827816       -2.92085348334267       -0.04530719599031
B           -4.16305543708223       -4.60687301955224       -0.04620015254081
B           -2.96045020078282        3.04607011194177        0.25134477780589
B           -2.90561849061184        1.33354024974019        0.26488075924686
B           -1.53653829744178        3.91108047350006        0.53664933928697
B           -1.47419783376326        2.23612460735136        0.33589395255595
B           -1.41280255177946        0.54836385738666        0.19055467238868
B           -2.78330752219475       -2.01351118055008       -0.05547902338272
B           -2.72024492388245       -3.71968820821886       -0.13460423346758
B           -1.35293600201450       -1.12768536526914        0.08495481027703
B           -1.29140622587358       -2.81284416142290       -0.10041972149571
B           -1.22719927723220       -4.47904172977860       -0.37983750786820
B           -0.04138827178468        3.12643798870819        0.53833588171945
B            0.02471082273579        1.44546050649217        0.18912014010362
B            1.39069928571959        3.99827963247790        0.71701258987182
B            1.45341352599815        2.33312181292678        0.43699634493392
B            1.51757718759573        0.65644520750264        0.16288398381507
B            0.14394198888771       -1.91299222249047        0.00414973265635
B            0.20414604855840       -3.61668885590626       -0.08904086019935
B            1.57786785736534       -1.01883417440501        0.03498972483508
B            1.63633836556043       -2.71681095274183        0.02588045063415
B            1.69224148900097       -4.40695981478731        0.07268772251502
B            2.88551945727122        3.24443547309559        0.42420098327126
B            2.94757043247141        1.53305783858421        0.40958052190972
B            4.32649771018755        4.12828547805699        0.38990428612134
B            4.38557906619876        2.44042065500558        0.41453304344720
B            4.44305254837783        0.74307091784001        0.35890853949628
B            3.06866811606455       -1.81719333429493        0.13412955577830
B            3.12868137736882       -3.51478312985313       -0.06240807473793
B            4.50293309525271       -0.92516091148375        0.23719708867422
B            4.56768098597226       -2.61193375569963        0.04280446178575
B            4.62863304817553       -4.27810840187548       -0.23097862197254
B            5.80602999167738        3.31176575695767        0.74709173946297
B            5.87448904971668        1.66679112752427        0.26855868801264
B            5.99640437858406       -1.72118680198254        0.02696896857169
B            6.04847313105351       -3.41887133602515        0.23779403089131
H           -6.85906813026038        3.40316839873986        0.87135974637982
H           -6.74805635124535        0.79226051444712       -0.62876215307396
H           -4.54709784488200        4.96269346436309       -0.15188617084310
H           -6.68222193239728       -1.72023260747776        0.59653306080079
H           -6.54933381776116       -4.36870299559755       -0.85084958079387
H           -4.18441396213361       -5.74144961613560        0.26101572083252
H           -1.58642250266113        5.07468366225441        0.70887758644943
H           -1.18354168450877       -5.61295199730208       -0.69016402803003
H            1.36353762965527        5.11749740695917        1.08023279065933
H            1.73801792396554       -5.57098948565569        0.24010709808338
H            4.35856262603892        5.26442744441692        0.08976506731578
H            4.73647957544802       -5.36445020405070       -0.66633575000774
H            6.70587611976299        3.88454093905189        1.23637043216396
H            6.86191869263467        1.24346826761208       -0.19543769299822
H            6.94406160704518       -1.15476749791432       -0.35887738431568
H            6.98777232039540       -4.00191407719339        0.63227615354237
60
 energy: -61.506023236358 gnorm: 0.003284663268 xtb: 6.7.1 (edcfbbe)
B           -5.89097437464768        2.91550017986306        0.42178996307121
B           -5.82019801339233        1.27001712337825       -0.09384632189922
B           -4.45660790242706        3.82971195117472        0.14903389410488
B           -4.40000515916458        2.14487061731768        0.12264566462745
B           -4.33908476818557        0.44936296033539        0.05450429536378
B           -5.70886955851641       -2.14472380269676        0.10076079608148
B           -5.64269531977220       -3.79420663439816       -0.37834413264064
B           -4.28104997491833       -1.22417830684171        0.01374925187079
B           -4.22353820486042       -2.92098707632334       -0.04331150010872
B           -4.16307904971801       -4.60690965929577       -0.04475160478479
B           -2.96062025916846        3.04588985714178        0.25294868473201
B           -2.90555380100721        1.33360173723044        0.26360419573097
B           -1.53666433649624        3.91064244190415        0.53989876394816
B           -1.47430401995839        2.23596739776329        0.33725769699739
B           -1.41278426776818        0.54843577796083        0.18856737535374
B           -2.78322542187367       -2.01347810870521       -0.05624896237300
B           -2.72030389300181       -3.71976013831226       -0.13325788065869
B           -1.35292289740674       -1.12749619162347        0.08299882251857
B           -1.29140306555260       -2.81261452858822       -0.10301967061015
B           -1.22714102817313       -4.47894911151497       -0.38039085669283
B           -0.04142314080596        3.12666893222137        0.53673919986668
B            0.02468702594003        1.44548969490455        0.18823863330700
B            1.39054944946832        3.99815361443727        0.71732295231507
B            1.45333836590201        2.33302893030354        0.43750840428696
B            1.51752578528741        0.65640865928225        0.16271123586017
B            0.14391542134192       -1.91297331141564        0.00457824252328
B            0.20411550930464       -3.61682028904643       -0.08854419311426
B            1.57780999540430       -1.01887852086294        0.03598420695329
B            1.63627947319661       -2.71685939662232        0.02769473153975
B            1.69214936584283       -4.40691139914241        0.07337728807973
B            2.88548553156566        3.24438890028697        0.42465819091130
B            2.94745840668694        1.53316189821111        0.40827975108238
B            4.32639249216083        4.12827891225066        0.39011053313440
B            4.38543475655286        2.44049837045476        0.41374915399476
B            4.44294888725985        0.74323001387958        0.35756438229674
B            3.06853868812491       -1.81716908249389        0.13438967653935
B            3.12869451496482       -3.51472641411948       -0.06200458545723
B            4.50278736694005       -0.92518796569056        0.23783128941577
B            4.56753694108918       -2.61199063521203        0.04402898692125
B            4.62861979234651       -4.27803928577393       -0.23079369319360
B            5.80601672876136        3.31178085792583        0.74756741069575
B            5.87434831567608        1.66698364362824        0.26662134331689
B            5.99630848126052       -1.72112953382368        0.02647833078652
B            6.04851657881520       -3.41888268921924        0.23870776475237
H           -6.85754749767616        3.40540533598145        0.87161929440662
H           -6.74546710407767        0.79322717602349       -0.63416110386860
H           -4.54736180034362        4.96092235109027       -0.16093913755919
H           -6.68082307838760       -1.72100629645075        0.59985127722455
H           -6.54960214311503       -4.36920974126075       -0.85011746308953
H           -4.18481305741717       -5.74102150222695        0.26361979844534
H           -1.58780993660275        5.07248516397231        0.72261643633785
H           -1.18378004869348       -5.61082060085008       -0.69786136049656
H            1.36414524875495        5.11519936551778        1.08634452078919
H            1.73850580545596       -5.56972205412475        0.24521576782940
H            4.35890521919659        5.26331794216465        0.08638499737565
H            4.73648306472432       -5.36413681382597       -0.66644828872901
H            6.70580030601862        3.88427819387522        1.23702832308560
H            6.86075083174051        1.24465695819150       -0.20042819230021
H            6.94315940215734       -1.15419587199387       -0.36073159610502
H            6.98713256118724       -4.00207538621686        0.63343976520709
60
 energy: -61.506037591550 gnorm: 0.002028864187 xtb: 6.7.1 (edcfbbe)
B           -5.89099525068532        2.91549669756616        0.42115904959730
B           -5.82022109219827        1.27011987510053       -0.09430125507402
B           -4.45659332147087        3.82976224172548        0.14783079082483
B           -4.39997600526016        2.14501469078869        0.12097491533270
B           -4.33906196409890        0.44948115391786        0.05252109080981
B           -5.70889933801375       -2.14470109279483        0.10046492367599
B           -5.64266852417817       -3.79427016217528       -0.37787515105161
B           -4.28107783331573       -1.22413080924053        0.01301374615411
B           -4.22357618221115       -2.92113873982629       -0.04098141599358
B           -4.16313106126403       -4.60692620600254       -0.04350125871286
B           -2.96073001007356        3.04579900804370        0.25509064784151
B           -2.90555486272523        1.33379677791387        0.26075710632818
B           -1.53687247300608        3.91007021706154        0.54568224979911
B           -1.47440528991843        2.23575227671403        0.33982520467623
B           -1.41277112963963        0.54856871765133        0.18636576567127
B           -2.78324586084160       -2.01338422100143       -0.05777191683972
B           -2.72032128242732       -3.71986829613919       -0.13156145073421
B           -1.35293147645657       -1.12732068295165        0.08115164155615
B           -1.29137445848840       -2.81233314036728       -0.10661090054508
B           -1.22711824056095       -4.47891340318280       -0.38105251410244
B           -0.04140028985442        3.12698440164289        0.53468179911381
B            0.02468370625831        1.44555682757519        0.18721348286378
B            1.39053496867947        3.99828090301715        0.71653679502835
B            1.45330236305910        2.33292662897514        0.43862391855406
B            1.51750525070868        0.65636379691165        0.16287969541702
B            0.14388500246976       -1.91301941147055        0.00551141201450
B            0.20405569993609       -3.61701094015311       -0.08719099920930
B            1.57778265834658       -1.01893756966140        0.03674112707790
B            1.63618130437076       -2.71709051976559        0.03138329917155
B            1.69205879462238       -4.40698115803520        0.07504706550985
B            2.88544835076861        3.24444222736481        0.42411337448531
B            2.94751157070842        1.53330753643311        0.40665563767360
B            4.32640339792657        4.12827121169965        0.39077144335084
B            4.38543544136253        2.44064347276610        0.41217124195795
B            4.44300884364539        0.74344894087962        0.35504738673243
B            3.06855334272232       -1.81715345014332        0.13461233042800
B            3.12863715175227       -3.51481962362998       -0.06079012034614
B            4.50280281219644       -0.92508726784649        0.23695487537682
B            4.56748231742603       -2.61212760542639        0.04560085322748
B            4.62860230548254       -4.27817751073636       -0.22938695302124
B            5.80594905624178        3.31173432650063        0.74770799133206
B            5.87432129456886        1.66716240940183        0.26477662823958
B            5.99628510789997       -1.72118406631630        0.02632579222674
B            6.04846463498419       -3.41882715416334        0.23927119979281
H           -6.85711342863737        3.40761534132000        0.86924993147070
H           -6.74420038860062        0.79418215336399       -0.63686492384165
H           -4.54781961455298        4.95919551404277       -0.16721752268016
H           -6.67998334956743       -1.72098793373953        0.60044282515774
H           -6.55013376978233       -4.37055367619803       -0.84696638853835
H           -4.18514836811645       -5.74093374036933        0.26456140022690
H           -1.58946251105744        5.06991506802311        0.73733283798869
H           -1.18392496352710       -5.60839664562817       -0.70624438221932
H            1.36455211573223        5.11336000654472        1.08988898041364
H            1.73885917062031       -5.56869409196555        0.24924349337736
H            4.35931432346364        5.26249209536437        0.08491032587363
H            4.73643705676315       -5.36423828427589       -0.66486117330922
H            6.70678409658979        3.88354441923558        1.23599300743094
H            6.86027353793336        1.24622369280424       -0.20419373874813
H            6.94274725427363       -1.15419506471772       -0.36162402637826
H            6.98753659901701       -4.00160555242571        0.63272955756391
60
 energy: -61.506045437443 gnorm: 0.001213219293 xtb: 6.7.1 (edcfbbe)
B           -5.89099420215382        2.91560525364428        0.42038610938177
B           -5.82017070430958        1.27023333860424       -0.09503655142477
B           -4.45653246208288        3.82984337536385        0.14789328860236
B           -4.39990294882970        2.14515917308251        0.11948123319171
B           -4.33901565118986        0.44959504422192        0.05080733978337
B           -5.70891634593731       -2.14455684633230        0.09974745082505
B           -5.64273006497486       -3.79435109120768       -0.37697692139947
B           -4.28105004729841       -1.22395477047724        0.01118292972425
B           -4.22359122859841       -2.92115740888978       -0.03977649450758
B           -4.16313394266400       -4.60688065846792       -0.04319144487300
B           -2.96068134315382        3.04586206188702        0.25564317407741
B           -2.90548975152665        1.33400705051919        0.25808223828914
B           -1.53695215500686        3.90969039205507        0.54932138289778
B           -1.47442448602826        2.23558188764832        0.34213592968942
B           -1.41272379344145        0.54872673392495        0.18486456184678
B           -2.78323575524597       -2.01326741881476       -0.05869217883270
B           -2.72029732955785       -3.71991165365911       -0.13070191318189
B           -1.35291932330126       -1.12727394644923        0.08077131513837
B           -1.29129035239638       -2.81204692101697       -0.10985985420742
B           -1.22710205435247       -4.47886590774515       -0.38133060716330
B           -0.04134599689400        3.12711312776122        0.53351168330548
B            0.02472848823179        1.44567670228325        0.18595661505213
B            1.39061397636889        3.99846028428912        0.71523922198498
B            1.45329562070273        2.33280174744355        0.44008545345799
B            1.51751218507864        0.65636385755968        0.16312176552318
B            0.14387673165148       -1.91307506748317        0.00639933686872
B            0.20401462837435       -3.61705433530992       -0.08601479724096
B            1.57778251761121       -1.01899220075838        0.03716623271649
B            1.63609201262975       -2.71732004245994        0.03486482247375
B            1.69199807992439       -4.40702090825473        0.07653119073517
B            2.88546076463582        3.24455347726069        0.42288826080853
B            2.94756972447545        1.53338760783547        0.40565237810493
B            4.32646181333813        4.12827861354880        0.39055467428121
B            4.38550477046765        2.44075329346802        0.41048275129664
B            4.44307590429930        0.74353147084986        0.35390257134571
B            3.06857533641358       -1.81711737882249        0.13461275023334
B            3.12857114205241       -3.51493882513050       -0.05983303805274
B            4.50285108242197       -0.92499711193974        0.23628524484965
B            4.56747733674703       -2.61220710897488        0.04657845638090
B            4.62856020926210       -4.27835678100392       -0.22801580626902
B            5.80602390988355        3.31180411486695        0.74711636140432
B            5.87435437808511        1.66722458101353        0.26347938328902
B            5.99628170514204       -1.72123169410979        0.02611080823696
B            6.04851085612563       -3.41883391951401        0.23955319717616
H           -6.85818928445132        3.40839243504305        0.86534842932274
H           -6.74470055528891        0.79486211936275       -0.63679385379811
H           -4.54819588761037        4.95837529127105       -0.16951981898171
H           -6.67989991098218       -1.72044019347677        0.59946229805590
H           -6.55077785392263       -4.37208018410487       -0.84310582130103
H           -4.18524039294374       -5.74101594010966        0.26443110420450
H           -1.59049734868203        5.06758860259256        0.75223260070685
H           -1.18377284789285       -5.60645301761822       -0.71272200887731
H            1.36460447294985        5.11267277036378        1.09055061327153
H            1.73864653563177       -5.56840580116462        0.25216527414883
H            4.35948887717988        5.26240081047959        0.08454445181900
H            4.73627817503849       -5.36490736306195       -0.66238559545216
H            6.70813015004073        3.88303652496887        1.23367138634000
H            6.86054779185542        1.24747055108703       -0.20597473175781
H            6.94308089065849       -1.15466924325212       -0.36154804998489
H            6.98849114344016       -4.00116394469038        0.63148396646369
60
 energy: -61.506049563235 gnorm: 0.001202796065 xtb: 6.7.1 (edcfbbe)
B           -5.89089676091558        2.91586384537751        0.41858401684384
B           -5.82003562270051        1.27036189775282       -0.09645496688800
B           -4.45638032918915        3.83002207586095        0.14781191868454
B           -4.39974885828809        2.14534106928168        0.11740950532118
B           -4.33890179922720        0.44977558317093        0.04880101417981
B           -5.70892156335389       -2.14435369420416        0.09893134551719
B           -5.64274971210332       -3.79439013342107       -0.37594422155247
B           -4.28099591031776       -1.22380553427207        0.01000917063786
B           -4.22356810441798       -2.92110243434639       -0.03903287649515
B           -4.16311319219969       -4.60683899188897       -0.04331464203532
B           -2.96048808083539        3.04599236630831        0.25513514585548
B           -2.90539721386890        1.33423752138964        0.25566282794767
B           -1.53709200849444        3.90903488592065        0.55609284324509
B           -1.47445992031340        2.23527015122600        0.34624822792031
B           -1.41265003576134        0.54884219204228        0.18427304245186
B           -2.78322929080360       -2.01322884351726       -0.05851791241279
B           -2.72022909435528       -3.71987948383728       -0.13064488257279
B           -1.35287917541351       -1.12730080294818        0.08112227113503
B           -1.29116881744573       -2.81167801434990       -0.11407607818314
B           -1.22707329349885       -4.47878594028102       -0.38193120159431
B           -0.04125112985860        3.12708773976612        0.53354670904042
B            0.02481854350478        1.44582304414159        0.18455139919961
B            1.39078373158759        3.99867017385861        0.71362969723555
B            1.45335121458237        2.33266527678590        0.44167620980925
B            1.51757801611795        0.65644407923619        0.16255186035841
B            0.14390634209257       -1.91311446110558        0.00699714031290
B            0.20401426416170       -3.61702686270894       -0.08550944478151
B            1.57782812214348       -1.01906025715346        0.03759617130566
B            1.63604684063993       -2.71755236209260        0.03840177107508
B            1.69198334984083       -4.40705775699365        0.07760395412445
B            2.88553232015829        3.24468755859468        0.42091422634707
B            2.94768159933659        1.53346443563307        0.40478911000622
B            4.32655414478093        4.12835753195527        0.38923896561725
B            4.38561114997949        2.44085864759112        0.40836798323313
B            4.44315275303914        0.74354394842571        0.35357461931233
B            3.06863789525328       -1.81711416596199        0.13467360542325
B            3.12852743002602       -3.51503205772677       -0.05914945335713
B            4.50290446256366       -0.92499907723424        0.23634661041390
B            4.56749001360747       -2.61224740586334        0.04723246953945
B            4.62853434989915       -4.27860154490465       -0.22646916922114
B            5.80616576095243        3.31199474563130        0.74512758108691
B            5.87444723985430        1.66718876137168        0.26250032071305
B            5.99632444124161       -1.72127650834974        0.02606795404903
B            6.04854558625219       -3.41883545131101        0.23959004362879
H           -6.86039229026361        3.40811799400515        0.85942008007755
H           -6.74637063402702        0.79506530461208       -0.63537380244397
H           -4.54795168537783        4.95863419579314       -0.16937268439050
H           -6.68027553914610       -1.71927453052070        0.59759940880681
H           -6.55153611206126       -4.37351431836903       -0.83897198406472
H           -4.18502999930312       -5.74126641593457        0.26380039421678
H           -1.59151662460444        5.06501786229907        0.76808513465593
H           -1.18337321198599       -5.60467507321564       -0.71890739312444
H            1.36476532874516        5.11291006297649        1.08933795446979
H            1.73813217640212       -5.56857701287612        0.25531693751555
H            4.35929073067967        5.26288753827923        0.08423711209103
H            4.73587029339781       -5.36615368271872       -0.65867769132814
H            6.70938659736223        3.88319979534519        1.22969889144343
H            6.86104220845012        1.24793060266245       -0.20670957122107
H            6.94377288202474       -1.15520090390292       -0.36067534867234
H            6.98968341145394       -4.00084255528488        0.62999842949032
60
 energy: -61.506050632820 gnorm: 0.000966351572 xtb: 6.7.1 (edcfbbe)
B           -5.89084763688137        2.91590577326718        0.41804871600746
B           -5.82002534823657        1.27030225001488       -0.09640883142400
B           -4.45634777516891        3.82998651862119        0.14795954873124
B           -4.39977300908804        2.14528100241090        0.11798303216494
B           -4.33890671547339        0.44973181371670        0.04938727911594
B           -5.70889822879769       -2.14438172934687        0.09899549073994
B           -5.64270465878573       -3.79437482277005       -0.37613840840348
B           -4.28098318473540       -1.22386410545564        0.01045950320427
B           -4.22356332676671       -2.92109243368874       -0.03975165524812
B           -4.16306406101278       -4.60683178729499       -0.04376743109381
B           -2.96047083667165        3.04600089127293        0.25441381870298
B           -2.90537287999197        1.33421293880878        0.25599094012632
B           -1.53700557794041        3.90919819017051        0.55374556864960
B           -1.47444885551596        2.23524544614801        0.34628731253260
B           -1.41264309264973        0.54878041795261        0.18481550075277
B           -2.78321621649483       -2.01332982934512       -0.05751804318789
B           -2.72021724036711       -3.71986623146249       -0.13109627711884
B           -1.35287672024532       -1.12739838733680        0.08216128895576
B           -1.29114662088978       -2.81168427387773       -0.11402909478472
B           -1.22704885129879       -4.47878453142847       -0.38203759952187
B           -0.04125083253479        3.12705443088178        0.53369014902873
B            0.02483412861287        1.44581917898100        0.18446243933007
B            1.39080289751969        3.99870633757329        0.71330499125671
B            1.45336427849213        2.33266244458159        0.44156181333688
B            1.51759833892039        0.65645046527387        0.16227411213377
B            0.14392493746774       -1.91312330347118        0.00689767514952
B            0.20404607473670       -3.61700637668831       -0.08596969127600
B            1.57784881506786       -1.01905101685423        0.03726177735391
B            1.63607311747671       -2.71752719539531        0.03802705567255
B            1.69202181232099       -4.40706225649727        0.07713184816644
B            2.88556656005282        3.24467639540213        0.42075956038046
B            2.94768324531922        1.53343757838808        0.40515610081231
B            4.32654597668419        4.12837837815587        0.38859104919561
B            4.38564187960413        2.44086042983769        0.40846686371348
B            4.44315866466255        0.74349647595864        0.35424553561481
B            3.06864802675564       -1.81714503741687        0.13477870905737
B            3.12857623143194       -3.51501054118746       -0.05941018501465
B            4.50292021654400       -0.92505857734122        0.23677239717989
B            4.56754669950577       -2.61224793861749        0.04694633232283
B            4.62855276237648       -4.27860483666323       -0.22643766774091
B            5.80620426383371        3.31208015212432        0.74427787802262
B            5.87447559794886        1.66715038609888        0.26269705550507
B            5.99635122499850       -1.72128761368226        0.02642322547325
B            6.04856007585241       -3.41884050603983        0.23949397847695
H           -6.86074377245386        3.40783425097530        0.85849060563740
H           -6.74671008985288        0.79449378848280       -0.63461326189653
H           -4.54732303999435        4.95947245855330       -0.16706210674484
H           -6.68064995021030       -1.71912172515492        0.59696135673599
H           -6.55150042539166       -4.37303736635369       -0.83974599629304
H           -4.18478371027297       -5.74132126524086        0.26333755230067
H           -1.59141351454885        5.06465809053967        0.77094174208405
H           -1.18335334653451       -5.60502086639943       -0.71792296953002
H            1.36490567162891        5.11373289424812        1.08723711025902
H            1.73812812213532       -5.56871855572808        0.25518357727639
H            4.35891769646417        5.26320723745082        0.08431201707838
H            4.73566105134581       -5.36639827613234       -0.65809681931105
H            6.70907273183137        3.88391245688735        1.22878482886527
H            6.86099675687293        1.24691671331220       -0.20589083632590
H            6.94374594700877       -1.15496737078515       -0.36012712921114
H            6.98960290533366       -4.00098241843439        0.63012741702240
