93
 energy: -111.983526065503 gnorm: 0.065333620102 xtb: 6.7.1pre (5071a88)
C            2.84915100000000        4.86387500000000       10.45692600000000
C            2.12274800000000        3.77103900000000       10.72650100000000
C            0.62303600000000        3.74987200000000       10.81784400000000
C            0.00345000000000        2.79937900000000        9.82061500000000
C           -0.18848800000000        3.19161900000000        8.49200700000000
C           -0.75734500000000        2.31115000000000        7.57427200000000
C           -1.12581400000000        1.02647000000000        7.98074700000000
O           -1.72012200000000        0.19157100000000        7.06890300000000
C           -0.93298000000000        0.57999500000000        9.29941600000000
C           -1.26791000000000       -0.79095000000000        9.76143200000000
C           -0.28882700000000       -1.54708100000000       10.44164300000000
C           -0.55630200000000       -2.82568000000000       10.96447600000000
C            0.52748900000000       -3.60127700000000       11.67478200000000
C            1.47943000000000       -4.25958800000000       10.71647500000000
C            2.79965300000000       -4.03436400000000       10.68605000000000
C           -1.83229500000000       -3.37146000000000       10.79758600000000
C           -2.81562400000000       -2.65408200000000       10.12080900000000
C           -2.52976000000000       -1.39107100000000        9.60098800000000
O           -3.55654100000000       -0.78720200000000        8.92450700000000
C           -0.36536300000000        1.49903100000000       10.20661300000000
H            3.93257500000000        4.81069500000000       10.40743400000000
H            2.38601900000000        5.82940700000000       10.27933100000000
H            2.63626300000000        2.82733000000000       10.89997400000000
H            0.33614300000000        3.45785500000000       11.83576200000000
H            0.20089900000000        4.75163200000000       10.66629100000000
H            0.10044100000000        4.18969900000000        8.16943200000000
H           -0.91645000000000        2.64547800000000        6.55356900000000
H           -1.52471700000000        0.52467500000000        6.17567400000000
H            0.71274000000000       -1.13542500000000       10.56368200000000
H            1.05572900000000       -2.92709300000000       12.36114900000000
H            0.07556000000000       -4.37557800000000       12.30726300000000
H            1.04889400000000       -4.96565200000000       10.00890300000000
H            3.43174000000000       -4.54415100000000        9.96527900000000
H            3.27739600000000       -3.33985600000000       11.36977600000000
H           -2.06812700000000       -4.35925200000000       11.18560300000000
H           -3.80529700000000       -3.08089700000000        9.98374100000000
H           -3.13308100000000       -0.22671400000000        8.24538000000000
H           -0.21431200000000        1.19659800000000       11.24266200000000
B           -4.78060200000000       -2.60451300000000        0.31726600000000
B           -4.56946500000000       -1.35668300000000       -0.64800400000000
B           -4.46386100000000       -0.24738100000000       -1.88294500000000
B           -3.39653100000000       -2.66197900000000       -0.50282700000000
B           -3.03800900000000        0.17760700000000       -1.40477300000000
B           -4.39087200000000        0.34264400000000       -0.19239700000000
B           -5.03101200000000        1.40307800000000        0.81922200000000
B           -4.62009400000000        2.98638800000000        0.99756200000000
B           -2.80885100000000        0.51280300000000        0.19951300000000
B           -3.21855100000000        3.22754000000000        1.79323600000000
B           -2.16113300000000       -3.77582100000000       -0.58434300000000
B           -1.87692800000000       -2.24808400000000       -0.93341400000000
B           -1.69716400000000       -0.61333400000000       -0.83575100000000
B           -0.58444300000000       -3.21898400000000       -0.83504900000000
B           -0.21975100000000       -0.14844800000000       -0.31180300000000
B           -1.39498500000000        0.03581800000000        0.85208700000000
B           -1.77568600000000        1.66211000000000        0.75922400000000
B           -1.89750200000000        3.23698900000000        0.88258400000000
B           -0.21529200000000        1.03720000000000        1.06969500000000
B           -0.75211800000000        4.34800200000000        0.55841700000000
B            0.82650100000000       -4.11287000000000       -0.74004900000000
B            0.92514400000000       -2.50540400000000       -0.74972300000000
B            1.21436400000000       -0.94897900000000       -0.58697200000000
B            2.20066500000000       -3.40258600000000       -0.16816700000000
B            2.62204600000000       -0.19565100000000       -0.29297700000000
B            1.23408100000000        0.55156200000000        0.14260000000000
B            1.12484400000000        2.00092300000000        1.04298600000000
B            0.53660000000000        3.43722900000000        0.61800700000000
B            2.45801500000000        1.67264600000000        0.08749500000000
B            1.21364600000000        3.01707300000000       -0.85296300000000
B            3.22024400000000       -3.85082000000000        1.10442800000000
B            3.62404600000000       -2.65348600000000        0.06373700000000
B            4.02502700000000       -1.12193000000000       -0.23655200000000
B            4.41737600000000       -2.83547400000000        1.42032900000000
B            5.36364000000000       -0.24189800000000       -0.68977800000000
B            4.10411900000000        0.53100900000000       -0.01347700000000
B            4.01809300000000        2.32177500000000       -0.03381000000000
B            2.82183800000000        3.09683300000000       -0.91293000000000
B            5.42200700000000        1.45825400000000       -0.18528800000000
B            4.29611800000000        3.55009000000000       -1.01397900000000
H           -5.16873400000000       -3.09485600000000        1.31067700000000
H           -5.71606300000000       -2.07639200000000       -0.39350900000000
H           -5.26403400000000       -0.12071700000000       -2.74169000000000
H           -5.77109700000000        1.00744300000000        1.66460400000000
H           -5.36451400000000        3.84312500000000        0.67204400000000
H           -3.23430000000000        3.22497400000000        2.97567400000000
H           -2.35929700000000       -4.92623700000000       -0.47322500000000
H           -0.89648200000000        5.47548000000000        0.24425300000000
H            0.82234600000000       -5.24979400000000       -1.02332900000000
H            0.55369500000000        2.69429400000000       -1.78368600000000
H            2.97032300000000       -4.81755600000000        1.71725000000000
H            5.26307400000000       -2.51245400000000        2.15654200000000
H            6.38477800000000       -0.64668600000000       -1.09559000000000
H            6.50319700000000        1.83816900000000        0.06501200000000
H            5.13889000000000        4.25241400000000       -1.41544200000000
93
 energy: -111.988952365861 gnorm: 0.021195678125 xtb: 6.7.1pre (5071a88)
C            2.83100953927075        4.84746969170543       10.45074039074088
C            2.11227916784274        3.76913330850782       10.71806199274691
C            0.61634344395119        3.73909383053037       10.81983551737899
C            0.00957322078086        2.77735257370281        9.82643877017063
C           -0.18466229976933        3.17265076394669        8.50872738623509
C           -0.75224825339976        2.30025182951405        7.59673274778967
C           -1.12255584350729        1.01897544273934        7.98780514357314
O           -1.70459637986267        0.17267537921058        7.07196813666608
C           -0.92282391698333        0.57470075073895        9.30172613790996
C           -1.25831998561866       -0.79685378244945        9.76008564758400
C           -0.29276343492703       -1.54226931263108       10.44583728034353
C           -0.55137842756583       -2.81125482016829       10.95780633698886
C            0.52959209227772       -3.58453365855587       11.67468370315721
C            1.47798298091502       -4.23856700361571       10.71585330288154
C            2.78302833837429       -4.02454927167889       10.68307868402961
C           -1.82103464406497       -3.35160028514393       10.79387938543504
C           -2.79534306629827       -2.64399029257189       10.11397172747793
C           -2.51818122802317       -1.38899947389061        9.58143613213691
O           -3.54197861965733       -0.77161945425157        8.91960013960690
C           -0.35494575788653        1.48558395804376       10.19933828934633
H            3.90828219911239        4.80608680043360       10.40983475446758
H            2.37583167264209        5.81073379839365       10.28229748753090
H            2.61434663915265        2.82446840193543       10.88846783312413
H            0.33826115906137        3.43529690698912       11.83497976972744
H            0.21571167770356        4.74427242815231       10.65302594419459
H            0.09862258628402        4.16773372827827        8.19196241996410
H           -0.90756557623893        2.62427904529832        6.57554727484863
H           -1.55483021933361        0.52430721516063        6.18260573320286
H            0.69961418827633       -1.12730645086149       10.56922235379068
H            1.07974072354252       -2.91722955235066       12.34547272059798
H            0.06567308031265       -4.36395606397322       12.29064089246322
H            1.03497683704846       -4.93842076146048       10.01719186804999
H            3.41747589079933       -4.53831554146245        9.97798333384641
H            3.26636025985278       -3.34432818964981       11.36658463204056
H           -2.05351491382473       -4.33283481165756       11.18722298200336
H           -3.78340332651377       -3.05970590632363        9.98001771357051
H           -3.14059190363995       -0.19936675249260        8.24676130494148
H           -0.21348918358417        1.18010515659701       11.22769788805407
B           -4.78199526400753       -2.60475058424040        0.31446335582481
B           -4.56982347271431       -1.35620247554150       -0.64960643769829
B           -4.46318508581545       -0.24536068109006       -1.88342476849990
B           -3.39690093947924       -2.66142311266917       -0.50447128026634
B           -3.03749135487222        0.17854656887188       -1.40406495144861
B           -4.39049518695296        0.34276853993614       -0.19214319285119
B           -5.03169838143068        1.40287960141883        0.81931114586497
B           -4.61910501197102        2.98536039444901        1.00002727156153
B           -2.80861825730294        0.51247293662875        0.20050412005897
B           -3.21789479928833        3.22665233778296        1.79652665929298
B           -2.16152927825681       -3.77542283552715       -0.58531522057558
B           -1.87697883857789       -2.24765707404377       -0.93377764500436
B           -1.69721135855454       -0.61330225024657       -0.83530323268716
B           -0.58476918126054       -3.21886423145919       -0.83560642026803
B           -0.21955237031428       -0.14890451728113       -0.31148482328883
B           -1.39464196955595        0.03517828099429        0.85303403417917
B           -1.77453089276870        1.66182852226207        0.75906537321596
B           -1.89838114302999        3.23646525762354        0.88355239300172
B           -0.21454547614703        1.03577872982663        1.07117081844835
B           -0.75244077946182        4.34613771757459        0.55685547409685
B            0.82602191651041       -4.11304340485524       -0.73863962446301
B            0.92505903176352       -2.50555017187855       -0.74918500164286
B            1.21461054014378       -0.94912593004089       -0.58745478022940
B            2.20066615499932       -3.40268707338973       -0.16762544771401
B            2.62232559700235       -0.19571244278549       -0.29359725615102
B            1.23428650253307        0.55145641835521        0.14162678964345
B            1.12493582738415        2.00024932822929        1.04339484095995
B            0.53737623368181        3.43728730317666        0.62000798665869
B            2.45800635993208        1.67258798539878        0.08750177608101
B            1.21292539061568        3.01748637376703       -0.85173263674499
B            3.21974670778574       -3.84962806860101        1.10566171197650
B            3.62425851639109       -2.65375986888712        0.06418974203501
B            4.02535925272330       -1.12207959848411       -0.23645736252792
B            4.41803308870449       -2.83526405411631        1.42052341923098
B            5.36352553091602       -0.24210645264365       -0.69118006347459
B            4.10431265379712        0.53108808381464       -0.01468224665273
B            4.01814456658858        2.32173222521100       -0.03508271519804
B            2.82114785830808        3.09712028841757       -0.91272417102918
B            5.42197463810821        1.45841305179155       -0.18762622193447
B            4.29543942433069        3.55005014135876       -1.01579168238009
H           -5.16945796940437       -3.09570389665620        1.30717393071096
H           -5.71668797596901       -2.07608874519076       -0.39671817058499
H           -5.26271335820804       -0.11762194450004       -2.74240214589656
H           -5.76940891192077        1.00632640764053        1.66570492400637
H           -5.36246243237356        3.84197803116502        0.67250502661004
H           -3.23407223195121        3.22347608283159        2.97926496255829
H           -2.35951537337443       -4.92575668604867       -0.47452794154439
H           -0.89658776515044        5.47469691272319        0.24735660216791
H            0.82184516029842       -5.24971927531835       -1.02176531422285
H            0.55300125827458        2.69444649532361       -1.78229219957321
H            2.96972284116794       -4.81547357427348        1.71963530858410
H            5.26209743877853       -2.51050211678342        2.15752472003625
H            6.38409457871422       -0.64692603487577       -1.09791625243316
H            6.50308081067858        1.83859299890932        0.06241877286689
H            5.13756546348093        4.25256246125638       -1.41802671130378
93
 energy: -111.990184609322 gnorm: 0.009471085700 xtb: 6.7.1pre (5071a88)
C            2.81690028237695        4.83243525990284       10.45565929813510
C            2.10376980399791        3.75617860422561       10.72057282308378
C            0.60848037462896        3.72423380589134       10.82774162713976
C            0.00962388987878        2.76071501616445        9.83416709742007
C           -0.18199217552589        3.15912519609139        8.51977625924870
C           -0.74041739809180        2.28875902057445        7.60591243414077
C           -1.11050121785702        1.00805457408802        7.98603081678695
O           -1.68810222453951        0.15538168937781        7.07064554172349
C           -0.91095997458131        0.56812945756966        9.29945506614261
C           -1.24920903795870       -0.80001404416891        9.75618125071994
C           -0.28923766398080       -1.53358743744448       10.44867738144736
C           -0.54512081916932       -2.79513100329463       10.96033162443894
C            0.53210745060355       -3.56705036497623       11.68143144533587
C            1.47261639857803       -4.22551629181055       10.71860905542431
C            2.77416125843776       -4.02146371097003       10.68440104323545
C           -1.81138028722800       -3.33574701681273       10.79074039170955
C           -2.78046808588636       -2.63544311166283       10.10453961930653
C           -2.51120280078740       -1.38221951832841        9.56725721377684
O           -3.53004832555227       -0.75858847293166        8.91280605018729
C           -0.34739448676096        1.47126910649017       10.19759165459277
H            3.89064276376111        4.79872510394733       10.39218437919254
H            2.36173653898761        5.79316373478156       10.28395583752347
H            2.59664967523644        2.80565140787600       10.87648959655434
H            0.33567583410573        3.41392224832153       11.84003950935743
H            0.21497816253812        4.72788429622764       10.65236896566516
H            0.09846409450272        4.15346849436157        8.20866205063501
H           -0.89807777596010        2.60614351564704        6.58421227357675
H           -1.59026799829227        0.52848939311643        6.18332432274242
H            0.69517895327411       -1.10818455237192       10.57976123400094
H            1.09446891201276       -2.90298280098916       12.34136710751419
H            0.06012961110585       -4.34491189981987       12.28969430745202
H            1.01220462875228       -4.90989020028632       10.01767449380772
H            3.40887566332690       -4.52161287339817        9.97416006259569
H            3.26176823157987       -3.34102845584229       11.36189366100252
H           -2.04270079077121       -4.31175091706147       11.19176762459525
H           -3.76845086225345       -3.04417814313446        9.96828017540692
H           -3.14643708320977       -0.16873286375144        8.24983476878255
H           -0.20510792876887        1.15473662953769       11.21988707941334
B           -4.78391694784563       -2.60504457106835        0.30927100679256
B           -4.56979809974184       -1.35521127546671       -0.65259977326769
B           -4.46189452647079       -0.24155730447187       -1.88409816561031
B           -3.39752448617085       -2.66091548674276       -0.50800577986201
B           -3.03626262455707        0.18033605639124       -1.40307287821292
B           -4.38939963899382        0.34287282189951       -0.19138306869438
B           -5.03006310492281        1.40140325821164        0.82219761363627
B           -4.61750653936549        2.98382590584969        1.00274733013449
B           -2.80770010282839        0.51154111670685        0.20207530967006
B           -3.21738208382675        3.22541039490120        1.80132115016055
B           -2.16212733923202       -3.77502450656104       -0.58719934536170
B           -1.87696335462284       -2.24720424333974       -0.93490580755401
B           -1.69679910286202       -0.61321579624361       -0.83500164471265
B           -0.58501770570529       -3.21869246550568       -0.83564336639373
B           -0.21896561419525       -0.14948031494291       -0.31118650830613
B           -1.39365411700909        0.03393959012632        0.85430469867465
B           -1.77310359961253        1.66091592287035        0.76068221414883
B           -1.89856856071749        3.23532836063197        0.88754697613568
B           -0.21332006184076        1.03391882661012        1.07304992224535
B           -0.75189150885834        4.34536854754533        0.56394608008693
B            0.82559762766695       -4.11317263201234       -0.73684402325205
B            0.92513864286589       -2.50566694649233       -0.74918198545645
B            1.21511891724476       -0.94932257270789       -0.58840801181487
B            2.20053249248461       -3.40249465140232       -0.16652021676445
B            2.62280310154786       -0.19585889726783       -0.29477474662606
B            1.23478901038741        0.55120341193535        0.14044118780152
B            1.12567781575713        1.99898372863368        1.04448515829589
B            0.53804279002339        3.43628976077329        0.62265215628499
B            2.45811609049282        1.67238530504679        0.08732909144072
B            1.21151634595815        3.01723473307817       -0.85030892095861
B            3.21879788259457       -3.84751469381676        1.10796683135666
B            3.62444378987803       -2.65377865191298        0.06503508763688
B            4.02578825713804       -1.12228179265626       -0.23728989223905
B            4.41534377287387       -2.83119562192477        1.42356691463562
B            5.36329999787168       -0.24237540439063       -0.69417710268951
B            4.10469415020759        0.53114294922994       -0.01697827017782
B            4.01816206520553        2.32166347339628       -0.03746609745844
B            2.81978794330209        3.09730374770286       -0.91284095909537
B            5.42192258668755        1.45869179105483       -0.19182218785125
B            4.29395363814189        3.54997258533395       -1.01889245742899
H           -5.17202789945634       -3.09766027761712        1.30055370246079
H           -5.71730293762528       -2.07532562357091       -0.40259416112376
H           -5.26071974891138       -0.11159940419845       -2.74330585470948
H           -5.76987592944152        1.00444688075731        1.66627056609684
H           -5.36029916296041        3.84057065593561        0.67450664978770
H           -3.23378721655020        3.22109651366426        2.98429098967603
H           -2.36022219159513       -4.92530225087822       -0.47683382935842
H           -0.89680557704067        5.47209578778276        0.24843231511337
H            0.82116912510529       -5.24999144786085       -1.01878483754728
H            0.55095369594179        2.69520394627431       -1.78067625755100
H            2.96850462570478       -4.81194744990289        1.72397307494541
H            5.26298704008392       -2.50949306007933        2.15761778824882
H            6.38327563156382       -0.64734431437867       -1.10203494133928
H            6.50324625072502        1.83910235807564        0.05688929450467
H            5.13522790499511        4.25244235185707       -1.42290816236816
93
 energy: -111.990556942518 gnorm: 0.008445367666 xtb: 6.7.1pre (5071a88)
C            2.80737519106885        4.81631454617262       10.44469711609383
C            2.09795509677715        3.73944600920839       10.71649099482606
C            0.60278602900516        3.71196371063297       10.83618902772432
C            0.00858269763212        2.75129900431807        9.83940327539910
C           -0.17955248259366        3.15271929086360        8.52485620820452
C           -0.73006291592849        2.28317271580614        7.60575156016007
C           -1.10097210927243        1.00160761334042        7.98000433363142
O           -1.67521544345410        0.14670662433916        7.06538036849067
C           -0.90382927998616        0.56300841177187        9.29387391452235
C           -1.24375458388519       -0.80197248548459        9.75041938806521
C           -0.28541232943297       -1.52569689374060       10.45254288937734
C           -0.54151693276415       -2.78382428443769       10.96870424915125
C            0.53476106669607       -3.55310706914112       11.69140590078361
C            1.46556124784949       -4.21000162459181       10.71667547261358
C            2.76718940279282       -4.00746387354260       10.67464169903568
C           -1.80630887915199       -3.32708472491425       10.79168602662780
C           -2.77290873998296       -2.63224714292252       10.09771567888566
C           -2.50697642033847       -1.37928562157050        9.55703635719770
O           -3.52278063285426       -0.75449268738121        8.90617931847647
C           -0.34238948487092        1.46017659302479       10.19684260048713
H            3.88145735927502        4.79179981502618       10.38401491800235
H            2.34945793069003        5.78064403918883       10.29673743871657
H            2.58628438495349        2.78609111740789       10.86907114468238
H            0.33392363235718        3.39808002059472       11.84757078543151
H            0.20969611038188        4.71440367037320       10.66087324925786
H            0.09882406602430        4.14863048504258        8.21905539486739
H           -0.88499046313658        2.59780703737971        6.58265629920323
H           -1.61674394319006        0.53652103577797        6.18111975345523
H            0.69529918612656       -1.09250348174354       10.58642019433983
H            1.10319383007563       -2.88820871235506       12.34371552028737
H            0.06409762337794       -4.32861066863337       12.30138160887962
H            0.99309750845498       -4.88931503982788       10.01891146060229
H            3.40317481545637       -4.51303338040551        9.96931832217482
H            3.26202023186905       -3.34409943318835       11.36518517141446
H           -2.03676285238608       -4.30130764017265       11.19631858411911
H           -3.76086722721574       -3.03958651389956        9.95726654272781
H           -3.14963350292110       -0.14615947291853        8.25449783304911
H           -0.20151066583730        1.13479145578613       11.21680174483735
B           -4.78623007516084       -2.60533547937273        0.30273976403673
B           -4.56962302857384       -1.35386523500913       -0.65632803207819
B           -4.46014355836841       -0.23708512872412       -1.88502549420229
B           -3.39828454330650       -2.66031956519023       -0.51229764277581
B           -3.03467631203064        0.18260715516319       -1.40183423161506
B           -4.38831462819299        0.34318969388353       -0.19080475928552
B           -5.02980146090107        1.40010694397463        0.82396986610852
B           -4.61614214995271        2.98179860911126        1.00823640963207
B           -2.80670944318899        0.50997722236376        0.20421584791100
B           -3.21640910347954        3.22293484052607        1.80793706186669
B           -2.16291587064780       -3.77453181236464       -0.58987336084903
B           -1.87704799448603       -2.24657544849628       -0.93654665310088
B           -1.69609614018211       -0.61290099370248       -0.83474547385217
B           -0.58541639760623       -3.21842487163908       -0.83624943458333
B           -0.21817953798281       -0.15005473388140       -0.31075056197099
B           -1.39236062934500        0.03206510489670        0.85581973026074
B           -1.77199583106477        1.65903820149871        0.76369137530202
B           -1.89833891380271        3.23295406224696        0.89319861453592
B           -0.21199097011923        1.03185726463949        1.07513256749064
B           -0.75260892661042        4.34220727923129        0.56304261504002
B            0.82483579419651       -4.11319699725375       -0.73441055271499
B            0.92493223273491       -2.50568687828756       -0.74939445296863
B            1.21579063678265       -0.94952095501134       -0.58937031416355
B            2.19960021630168       -3.40190369009642       -0.16442247747708
B            2.62346795110018       -0.19612269006733       -0.29583118328281
B            1.23546896513216        0.55089855860734        0.13948441458657
B            1.12661020683235        1.99755539559479        1.04589267967237
B            0.53876630058328        3.43536371797106        0.62567339706614
B            2.45833197846376        1.67220615102408        0.08714672245890
B            1.21021024951704        3.01716867540509       -0.84823035391117
B            3.21733233464179       -3.84436849226831        1.11131001792330
B            3.62409654124569       -2.65369674419648        0.06549255387739
B            4.02643643124540       -1.12261308760527       -0.23764199143093
B            4.42132659659497       -2.83439971579280        1.41972797946078
B            5.36309758570976       -0.24290102578331       -0.69743007780466
B            4.10526945689509        0.53116383577612       -0.01941864260016
B            4.01828739176881        2.32156266461948       -0.04031015561945
B            2.81839074012664        3.09737691059469       -0.91318920804619
B            5.42193759371463        1.45893367555254       -0.19694035402791
B            4.29234537274336        3.54971532643971       -1.02261910168223
H           -5.17594308145170       -3.10009802178283        1.29224834254158
H           -5.71807283888891       -2.07396540776294       -0.40975485374305
H           -5.25834562941445       -0.10409366177386       -2.74433498688292
H           -5.76853608321584        1.00142307448179        1.66809914205988
H           -5.35706068245153        3.83910669459004        0.67723957366261
H           -3.23287212912550        3.21953388362551        2.99095956840635
H           -2.36129892004080       -4.92480105425781       -0.48015329495482
H           -0.89733273124234        5.47136616570729        0.25610282727083
H            0.82030473421446       -5.25044532003996       -1.01448999849598
H            0.54842812186828        2.69555518030182       -1.77784691091885
H            2.96673158762687       -4.80743474870378        1.72931717089779
H            5.25671149105497       -2.50001081651434        2.16225624045314
H            6.38237161285221       -0.64770800793433       -1.10718361453214
H            6.50371478153100        1.83964956712975        0.04932023469252
H            5.13274918369379        4.25201428337201       -1.42873989344607
93
 energy: -111.990770759244 gnorm: 0.007369767717 xtb: 6.7.1pre (5071a88)
C            2.79932727280237        4.80073282030791       10.44738981375948
C            2.09280320459271        3.72124895542541       10.72069225291363
C            0.59739995814144        3.69848115242998       10.84708877759088
C            0.00739460402343        2.74404481722360        9.84350896111211
C           -0.17524536412531        3.14896834044383        8.52804569748338
C           -0.71745220198234        2.28080677945681        7.60157381669536
C           -1.09104700771231        0.99791218703367        7.97069231698379
O           -1.66146655234869        0.14316875033040        7.05602462170466
C           -0.89833181326802        0.55832305304177        9.28504661585311
C           -1.23928665484460       -0.80392697818872        9.74242869761883
C           -0.28149619589652       -1.51803699431632       10.45604496456480
C           -0.53854255635480       -2.77330112251064       10.97981923352499
C            0.53757195550637       -3.53816428050772       11.70548255206423
C            1.45820012050201       -4.19866533120643       10.72170545841033
C            2.76153987118410       -4.00151701215880       10.67306689235790
C           -1.80191046086831       -3.32057061849878       10.79470195488432
C           -2.76670573311061       -2.63221359194184       10.09118301969760
C           -2.50267266133741       -1.37934340747876        9.54673883087043
O           -3.51617630887782       -0.75692312915544        8.89669710701267
C           -0.33932602428510        1.45014515947337       10.19496651534827
H            3.87280915156815        4.77846782884717       10.36240436015358
H            2.33558169711390        5.76372688957388       10.30379900511689
H            2.57705351791987        2.76289159976275       10.85784232570236
H            0.33035954202454        3.37796392615782       11.85653825618899
H            0.20300764749997        4.70095637769121       10.67884926943836
H            0.10126574596936        4.14760478666723        8.22871986988441
H           -0.86606641357586        2.59518903393001        6.57697549347969
H           -1.63984248298426        0.54801169346306        6.17736994852517
H            0.69656185868130       -1.07791983525066       10.59084211277309
H            1.11098012900048       -2.87054535820479       12.35009968181541
H            0.07057106469119       -4.30927207464065       12.32231538926801
H            0.97245214738291       -4.86463734046602       10.01964029058164
H            3.39255869750997       -4.49391789282183        9.95293630048946
H            3.26111031793637       -3.34037407051604       11.36346001648249
H           -2.03152607468852       -4.29372259325575       11.20275364998090
H           -3.75394540104571       -3.04138994912573        9.94560223378607
H           -3.15135850648559       -0.12565722852729        8.26105821335956
H           -0.20209656437402        1.11656693340981       11.21357608471046
B           -4.78919530238077       -2.60599993985869        0.29304576238136
B           -4.56895045009272       -1.35198021668684       -0.66172135660582
B           -4.45766467906592       -0.23043082020986       -1.88603303027699
B           -3.39893246668304       -2.65958783452589       -0.51854173987427
B           -3.03229712944200        0.18595216375083       -1.39999789318048
B           -4.38648140370852        0.34348928545536       -0.18954407733436
B           -5.02847315798001        1.39783904681051        0.82752582423012
B           -4.61385286124622        2.97902919407365        1.01386104194349
B           -2.80497148305524        0.50796700133623        0.20733095074653
B           -3.21540143683169        3.22010200814059        1.81600329725339
B           -2.16353454804914       -3.77392727611489       -0.59392704077924
B           -1.87667471397967       -2.24575625928057       -0.93893075723815
B           -1.69496955442950       -0.61236291444705       -0.83438608889388
B           -0.58532734741007       -3.21814656255391       -0.83711657323015
B           -0.21702255712716       -0.15083211897426       -0.31011680831172
B           -1.39030383168783        0.02949837974809        0.85793844559768
B           -1.77025785702069        1.65651933671860        0.76855165223159
B           -1.89767128433179        3.23012072421496        0.90100334203737
B           -0.20991469238438        1.02905642138142        1.07796738091400
B           -0.75199562728794        4.34053679811820        0.57378379823730
B            0.82463412350013       -4.11328461538780       -0.73159038136477
B            0.92537761579499       -2.50590075355591       -0.75019303331581
B            1.21667506869013       -0.94980686469649       -0.59115974644523
B            2.19974755029455       -3.40134044427444       -0.16271673387125
B            2.62414471761121       -0.19612832909761       -0.29875757223982
B            1.23646547064600        0.55037748765311        0.13819097409991
B            1.12836228204566        1.99528633538882        1.04804406589890
B            0.53940514056240        3.43317674265541        0.62999741993466
B            2.45861896622951        1.67197045058300        0.08653026675851
B            1.20789676869200        3.01669356903879       -0.84576264878410
B            3.21561940211444       -3.84079964565273        1.11538637035604
B            3.62437293331987       -2.65293960991772        0.06750399992181
B            4.02670116773501       -1.12275348318728       -0.24101274388217
B            4.40419181207225       -2.81584179033176        1.43443274343962
B            5.36269067286066       -0.24343362952133       -0.70340857692843
B            4.10595693262346        0.53123551159744       -0.02416472742970
B            4.01833234068300        2.32147964427107       -0.04477606191855
B            2.81602179306771        3.09756960625178       -0.91394059487795
B            5.42187881103401        1.45936066665244       -0.20483561046672
B            4.28969026801861        3.54950036900753       -1.02815837989192
H           -5.18166427966870       -3.10384086914500        1.27996014389918
H           -5.71888685642287       -2.07176287631431       -0.41996741997508
H           -5.25502042283052       -0.09322884514556       -2.74549783225418
H           -5.76816192152375        0.99738401751017        1.67006866724367
H           -5.35407655770088        3.83697463972266        0.68294009936361
H           -3.23207450296831        3.21572135494272        2.99910235772837
H           -2.36254508869114       -4.92420203372256       -0.48535919541917
H           -0.89801150099989        5.46808105991499        0.26148307513163
H            0.81968662878495       -5.25125260768535       -1.00879423534057
H            0.54448338079645        2.69582415710075       -1.77444914559960
H            2.96419081281725       -4.80128632011297        1.73711076285417
H            5.26781375358024       -2.50820305824854        2.15609169408925
H            6.38146313859836       -0.64839114921089       -1.11428759291487
H            6.50423479592857        1.84049979691981        0.03824647219267
H            5.12897064101430        4.25151482300385       -1.43713461202791
93
 energy: -111.990878313650 gnorm: 0.006702211847 xtb: 6.7.1pre (5071a88)
C            2.79611611318813        4.78956144307827       10.45136245378230
C            2.09042365192674        3.70862081203803       10.72481645821292
C            0.59511895558907        3.68907066271996       10.85519957645582
C            0.00527272016374        2.74185790861036        9.84503323614966
C           -0.17153770299910        3.14931164219132        8.52886546260789
C           -0.70842976740737        2.28285401788452        7.59654818227478
C           -1.08504147282614        0.99879910184727        7.96261204185371
O           -1.65211669662470        0.14656134612529        7.04609475956170
C           -0.89748139128402        0.55627325615959        9.27718869757100
C           -1.23838853648114       -0.80521252646365        9.73612435417963
C           -0.28049725739859       -1.51443617891404       10.45714503742632
C           -0.53828916428050       -2.76774598719481       10.98825960569533
C            0.53929134531605       -3.52743704638572       11.71664572865456
C            1.45333006177164       -4.19131236578928       10.72815650481779
C            2.75776633704620       -3.99760481175693       10.67350338017467
C           -1.80015835634824       -3.31896478572085       10.79862916569285
C           -2.76430131936587       -2.63582366264589       10.08804465350105
C           -2.50037023960497       -1.38314475684050        9.54087909889607
O           -3.51308044743419       -0.76630337378795        8.88666537090142
C           -0.34154908391190        1.44615763115389       10.19262556338674
H            3.86866944453010        4.76518707798958       10.34569781553826
H            2.32805610820620        5.75059533135541       10.30765012089679
H            2.57289412129755        2.74735417409503       10.84986981254761
H            0.32848281081223        3.36170039886559       11.86293929675361
H            0.19951436736484        4.69322915166202       10.69765324965353
H            0.10576013382395        4.14972672190979        8.23396920378812
H           -0.84991791052885        2.59993689990348        6.57137362633524
H           -1.64825212826253        0.55828963789961        6.17361687667323
H            0.69686607861198       -1.07171583603206       10.59088598623298
H            1.11490042019114       -2.85568754895671       12.35558368393686
H            0.07769483841808       -4.29470045082887       12.34267960543728
H            0.96029643359826       -4.84785406069605       10.02221292292155
H            3.38192460463285       -4.47852517870431        9.93827795646653
H            3.26029056576718       -3.33466382884650       11.36022093932363
H           -2.02910012720833       -4.29175810951999       11.20917483179528
H           -3.74989970476849       -3.04945189261986        9.93887018989910
H           -3.15034866942349       -0.11840312115428        8.26584983261246
H           -0.20799012067426        1.10902245468971       11.21094408107599
B           -4.79232683587488       -2.60654246763422        0.28371385412417
B           -4.56854129379967       -1.34990562708270       -0.66671121186470
B           -4.45533767147376       -0.22376850802893       -1.88664506332259
B           -3.40002181049178       -2.65878110662613       -0.52459684945833
B           -3.02994426105271        0.18917784431299       -1.39802768673675
B           -4.38456253914939        0.34390486775294       -0.18795714102593
B           -5.02657848010214        1.39554335382112        0.83181393550071
B           -4.61191922505686        2.97651116463373        1.01979110209043
B           -2.80311803109152        0.50593876835406        0.21056553733762
B           -3.21433754199833        3.21726055520202        1.82358403350253
B           -2.16475211160468       -3.77329000787591       -0.59836650569942
B           -1.87694738973640       -2.24481658218914       -0.94158729899362
B           -1.69372110100760       -0.61171545424223       -0.83394925768886
B           -0.58606145697155       -3.21776468334818       -0.83856185997005
B           -0.21569242686029       -0.15162266011218       -0.30920740724723
B           -1.38811650020589        0.02688842266053        0.86010350576339
B           -1.76854498733641        1.65385172406219        0.77372871071246
B           -1.89681937215980        3.22720059058387        0.90839304934067
B           -0.20775208601640        1.02637846598787        1.08076099900772
B           -0.75144172526500        4.33877314772351        0.58353856604197
B            0.82333167728639       -4.11325166316166       -0.72814146666951
B            0.92463260537044       -2.50590130183904       -0.75085716462150
B            1.21779557392448       -0.95020622980603       -0.59248675445766
B            2.19768552883473       -3.40012128655279       -0.15935012628996
B            2.62535539864183       -0.19684399169700       -0.30011008071633
B            1.23777129422051        0.54953329643873        0.13760354482412
B            1.13026209378980        1.99302401266036        1.05015014294274
B            0.53988954425769        3.43090272851675        0.63415677264949
B            2.45904304917228        1.67153516435374        0.08593728834093
B            1.20576379172569        3.01604865095005       -0.84328984706967
B            3.21323677828086       -3.83577285351616        1.12032287306326
B            3.62349320466559       -2.65289665408564        0.06716423763337
B            4.02807843475690       -1.12344481898505       -0.24087748434470
B            4.42284704824224       -2.82948409943720        1.42042215726509
B            5.36266103954031       -0.24444176422737       -0.70777904767080
B            4.10702712850460        0.53114742971087       -0.02754138436494
B            4.01840619497367        2.32125660624520       -0.04898994858184
B            2.81378339467957        3.09748321921090       -0.91474102369727
B            5.42190715082778        1.45969761164257       -0.21244306429401
B            4.28715290517920        3.54908757016204       -1.03345110779767
H           -5.18759783377660       -3.10748271021787        1.26803233656159
H           -5.71994167465763       -2.06919380402699       -0.42956737310772
H           -5.25189361513837       -0.08249962230598       -2.74623306960433
H           -5.76884259162749        0.99370770440787        1.67155468412039
H           -5.35173771166369        3.83504798363012        0.68937077865223
H           -3.23115583702272        3.21202680482454        3.00669813178822
H           -2.36411422535998       -4.92362818973847       -0.49100676974780
H           -0.89865621569335        5.46528919393038        0.26796603212064
H            0.81853719949814       -5.25200039140742       -1.00229452224592
H            0.54066829598642        2.69596590022921       -1.77104621372179
H            2.96117436380969       -4.79465653712602        1.74427122793352
H            5.25035842009559       -2.48558269418612        2.16742964625242
H            6.38068006465681       -0.64887202686310       -1.12111652477389
H            6.50495218838281        1.84152205791113        0.02645824047053
H            5.12541016746773        4.25087074907989       -1.44496849594034
93
 energy: -111.991023825154 gnorm: 0.004150101791 xtb: 6.7.1pre (5071a88)
C            2.79760938399609        4.78449374736893       10.44431955146067
C            2.09090029163359        3.70520142934232       10.72131673032879
C            0.59631904492632        3.68658517081096       10.85708421852326
C            0.00296475642672        2.74343644176747        9.84468562058966
C           -0.17075058566183        3.15171943382789        8.52878132858951
C           -0.70738399038051        2.28655058297429        7.59521739963005
C           -1.08456730023962        1.00184106977978        7.96017295162819
O           -1.64910961192130        0.15173008089668        7.04072890811218
C           -0.90027232895973        0.55684752044098        9.27459951183364
C           -1.24055795928268       -0.80571609499481        9.73443870770070
C           -0.28282279467620       -1.51542099867749       10.45609879307403
C           -0.54040552174567       -2.76776416671764       10.99026599309099
C            0.53953041983931       -3.52378500459665       11.71938529620016
C            1.45229319352128       -4.18583892577249       10.72913857618844
C            2.75581619789293       -3.98939294234160       10.66895219229990
C           -1.80104923665425       -3.32107084697856       10.80150794948043
C           -2.76526805815711       -2.64003666583229       10.08892184522288
C           -2.50054527010060       -1.38802793122376        9.54041086463393
O           -3.51363435457651       -0.77603451674005        8.87992500546019
C           -0.34718405482776        1.44811384288140       10.19135463193658
H            3.86989378758362        4.75959159293935       10.34933477731062
H            2.33041682543527        5.74765149522524       10.31198669121718
H            2.57406027368804        2.74561157160974       10.85044467586288
H            0.33052663450376        3.35586857086172       11.86449596928227
H            0.20103197938266        4.69264355865776       10.70617415364987
H            0.10974499314402        4.15165443657453        8.23430420397272
H           -0.84506511275056        2.60676236526628        6.57058299231668
H           -1.64546203055993        0.56512723292339        6.17116448151880
H            0.69528131106571       -1.07437763923369       10.58848180551064
H            1.11470292458038       -2.84860108791780       12.35584935386896
H            0.08220008064481       -4.29012303166780       12.35099089933486
H            0.96076553169772       -4.84660723818943       10.02733751150015
H            3.37766183969342       -4.47944829348010        9.93863601017983
H            3.26118887037934       -3.33327473899273       11.36012757011276
H           -2.02956105066541       -4.29373997613234       11.21325863769971
H           -3.74922826888496       -3.05724551957456        9.93932924127634
H           -3.14769363992012       -0.12536758385856        8.26555352141117
H           -0.21554450077282        1.11261098041407       11.21005496812686
B           -4.79379452904078       -2.60698639851755        0.27826415002573
B           -4.56809802481879       -1.34868067746816       -0.66951274178728
B           -4.45399250480576       -0.21997855108450       -1.88688804077076
B           -3.40034836741327       -2.65831022501601       -0.52810577464692
B           -3.02860338830546        0.19104379129152       -1.39684055161253
B           -4.38353093207760        0.34423049338501       -0.18705158517321
B           -5.02595236689514        1.39438977167260        0.83395373267075
B           -4.61131817499118        2.97502305338522        1.02472209017771
B           -2.80213479930041        0.50453974136502        0.21255846450705
B           -3.21348384761380        3.21488370658942        1.82831735785371
B           -2.16513780829680       -3.77294968143119       -0.60131177687590
B           -1.87679356625088       -2.24428444066801       -0.94322206601436
B           -1.69301224361892       -0.61129933722459       -0.83374698012374
B           -0.58604192972169       -3.21755220463886       -0.83940826992445
B           -0.21497865153785       -0.15208411362008       -0.30864376928832
B           -1.38685491321623        0.02504998524298        0.86133767978630
B           -1.76770329454532        1.65186628631128        0.77700493684333
B           -1.89627327875835        3.22498497384707        0.91262905393134
B           -0.20654274735951        1.02465370300872        1.08240152484875
B           -0.75201234146519        4.33629139731809        0.58288833627627
B            0.82321234905697       -4.11320221376176       -0.72675785005495
B            0.92465974783295       -2.50595931212416       -0.75158314739879
B            1.21837725213626       -0.95034681259524       -0.59353626040979
B            2.19755980523623       -3.39956528580361       -0.15848381657823
B            2.62582547348237       -0.19687050967360       -0.30191493502093
B            1.23848066820699        0.54905720975066        0.13741471984417
B            1.13118725305892        1.99175971472770        1.05125049161326
B            0.54006350800617        3.42983716504229        0.63648402688436
B            2.45929461901375        1.67143738278291        0.08566652407818
B            1.20474428364721        3.01590062720414       -0.84164651276728
B            3.21203051862241       -3.83340067768791        1.12264829456112
B            3.62358121745727       -2.65247234372525        0.06784112074407
B            4.02836676276489       -1.12361327341964       -0.24285066101609
B            4.41540281344112       -2.82099308505685        1.42663091816017
B            5.36261512400361       -0.24497231458568       -0.71109641875751
B            4.10759933785005        0.53111840643942       -0.03036295701380
B            4.01851671875737        2.32113688536080       -0.05142332952278
B            2.81262476092182        3.09750758490914       -0.91520627140052
B            5.42195335507191        1.45986888775497       -0.21716517111190
B            4.28579558131438        3.54897455150798       -1.03631780150082
H           -5.19087134616464       -3.10969129915966        1.26098902350033
H           -5.72026656391322       -2.06758261735495       -0.43495642612282
H           -5.25020472650166       -0.07626076702403       -2.74638697884390
H           -5.76895177746223        0.99152408515451        1.67253841959126
H           -5.35032801213658        3.83402708075174        0.69357117428074
H           -3.23033008382577        3.21045717562550        3.01136254702982
H           -2.36486412897819       -4.92333359579126       -0.49502661946850
H           -0.89915860935691        5.46521171669298        0.27594033864510
H            0.81835970780560       -5.25243193122758       -0.99897828433073
H            0.53859911304868        2.69591442967444       -1.76869460252782
H            2.95923550988195       -4.79088013805600        1.74847192606453
H            5.25457365426836       -2.48797821966892        2.16487488114362
H            6.38056247734202       -0.64931142817911       -1.12470454267040
H            6.50535006866089        1.84208650112333        0.01942764057753
H            5.12355560818460        4.25049922500443       -1.44927977104151
93
 energy: -111.991108544438 gnorm: 0.002439857157 xtb: 6.7.1pre (5071a88)
C            2.79852684431582        4.77657586593086       10.44268715129571
C            2.09069585022097        3.69887814385149       10.72153144272075
C            0.59706368351077        3.68045480192174       10.86188725522068
C            0.00089317005890        2.74259564664388        9.84578399184066
C           -0.16860823181186        3.15313873187681        8.53066991613069
C           -0.70528313951957        2.29027625583833        7.59540386404535
C           -1.08266827795872        1.00445809986006        7.95662218409556
O           -1.64179682190572        0.15594031453906        7.03241125554371
C           -0.90316626070556        0.55665462820642        9.27066690418255
C           -1.24243557366501       -0.80716027403266        9.73031990643419
C           -0.28555990893374       -1.51468026675339       10.45503272532032
C           -0.54199731900609       -2.76497956036101       10.99324919128911
C            0.54063674003598       -3.51537154964281       11.72432910565458
C            1.45095307499154       -4.17885352106107       10.73382597294411
C            2.75372423713665       -3.98201371098037       10.66743967530671
C           -1.80067007587980       -3.32162172171949       10.80561102606560
C           -2.76417854295688       -2.64511238294286       10.08796534226058
C           -2.49942336011846       -1.39510248659254        9.53534505692265
O           -3.51268109673624       -0.78895596359180        8.86717263835031
C           -0.35397979093674        1.44804029036541       10.18958509816949
H            3.87013154538160        4.74895362957549       10.34653302010464
H            2.33264699257300        5.74013906140234       10.31336131253610
H            2.57376784880930        2.73926363844311       10.84891210210806
H            0.33331835733968        3.34314453184585       11.86787139826820
H            0.20260467017993        4.68844263915934       10.71898216587474
H            0.11551589631821        4.15246932129012        8.23760144458837
H           -0.83858785460471        2.61392834161676        6.57154308471956
H           -1.65190511215699        0.58079021773134        6.16599639556809
H            0.69246209362631       -1.07393929915647       10.58740643142105
H            1.11630761259841       -2.83572643776703       12.35596477827934
H            0.08663843193225       -4.27954757510699       12.36172036992563
H            0.95826651170219       -4.84186142944650       10.03539521148528
H            3.37099090654498       -4.47615907714693        9.93663587493019
H            3.26243986459598       -3.32615292529129       11.35556954699347
H           -2.02838205201555       -4.29301811974626       11.22090905037869
H           -3.74613061447195       -3.06594378064723        9.93808242920174
H           -3.14459302677853       -0.13135529130934        8.26310942550107
H           -0.22696296866025        1.11350822032244       11.20876700932031
B           -4.79649419305819       -2.60775933336054        0.26881028712980
B           -4.56747821956279       -1.34646655218150       -0.67423642899211
B           -4.45164081723192       -0.21320352064231       -1.88712681154205
B           -3.40110133734597       -2.65741049254710       -0.53428370234076
B           -3.02627770242472        0.19442545011220       -1.39449208904559
B           -4.38171975196440        0.34483838345038       -0.18526745940970
B           -5.02568592124772        1.39258075179365        0.83711453237297
B           -4.60955911971448        2.97231598858496        1.03157471175706
B           -2.80041514257225        0.50243571927168        0.21626600476332
B           -3.21214309017038        3.21120126107692        1.83615826971993
B           -2.16599652730328       -3.77229202704736       -0.60663599364646
B           -1.87673276170408       -2.24323155793464       -0.94605176072119
B           -1.69188125334737       -0.61052959951600       -0.83312620073607
B           -0.58629599585530       -3.21712390552744       -0.84128475162718
B           -0.21372523239411       -0.15298158830184       -0.30749912128046
B           -1.38466933654599        0.02204740174895        0.86365844115910
B           -1.76586593048484        1.64879881689839        0.78272454787465
B           -1.89521593525947        3.22170782089387        0.92017209335993
B           -0.20425535510275        1.02155083993171        1.08542171178640
B           -0.75156584484608        4.33409487427450        0.59148483284306
B            0.82265468917603       -4.11312745214078       -0.72452538383881
B            0.92435913821620       -2.50603231343823       -0.75300392167461
B            1.21941156757525       -0.95064564043449       -0.59550238444189
B            2.19687748464785       -3.39852352717165       -0.15709461879587
B            2.62677012224407       -0.19717530651567       -0.30493819495689
B            1.23982687955129        0.54799773700802        0.13712371380547
B            1.13306869700791        1.98927867804851        1.05328923657848
B            0.54042609696613        3.42745770680192        0.64092863373762
B            2.45971158620656        1.67109905622919        0.08502610691717
B            1.20260861000461        3.01542529523688       -0.83893275896466
B            3.20969176620505       -3.82895928910716        1.12650306756664
B            3.62355234220457       -2.65205119750164        0.06811621864098
B            4.02919332937177       -1.12411468333812       -0.24581361343209
B            4.40977044964420       -2.81286772578159        1.43123532949068
B            5.36270384293044       -0.24604729748075       -0.71673637132984
B            4.10869714053443        0.53097632118086       -0.03534635113629
B            4.01859105253962        2.32083668771294       -0.05583456222567
B            2.81032699590090        3.09757678590712       -0.91595401219563
B            5.42198561185556        1.46019215870073       -0.22565508003608
B            4.28317473046356        3.54881552940770       -1.04139903459159
H           -5.19641761363975       -3.11364374324950        1.24873440719320
H           -5.72093898375191       -2.06467754019912       -0.44425782708973
H           -5.24719455469107       -0.06517394278195       -2.74649604301212
H           -5.76801852859486        0.98766066100044        1.67524258165526
H           -5.34825840968329        3.83208347219639        0.70180175134134
H           -3.22921389121524        3.20623882047467        3.01918712787381
H           -2.36635120004419       -4.92275538976983       -0.50238819446401
H           -0.89983111625953        5.46288465080148        0.28469784167921
H            0.81773294860439       -5.25313387954990       -0.99345767476664
H            0.53481707506806        2.69586374301973       -1.76493633961193
H            2.95557982340488       -4.78414107439411        1.75532464417420
H            5.25577109884313       -2.48521201961891        2.16434649617512
H            6.38045614199322       -0.65002698537727       -1.13116342966522
H            6.50598394856958        1.84317535122441        0.00680107825262
H            5.11997329323653        4.25010261479647       -1.45670530727590
93
 energy: -111.991179587464 gnorm: 0.002640736585 xtb: 6.7.1pre (5071a88)
C            2.79974291392346        4.76592294485044       10.44238947832476
C            2.09069502536984        3.68978510736590       10.72346161256605
C            0.59807595545712        3.67144297760420       10.86918447183841
C           -0.00135469974493        2.74018473317333        9.84855826276373
C           -0.16474577694780        3.15419958462958        8.53418168378962
C           -0.70148975463179        2.29451460922208        7.59620833442452
C           -1.08262122900529        1.00854600384751        7.95238433779567
O           -1.63639311321867        0.16344791102581        7.02166127430427
C           -0.90955478618558        0.55711911621979        9.26598292908256
C           -1.24602746294369       -0.80853152785023        9.72391789403991
C           -0.28955364972279       -1.51137852438729       10.45338716942635
C           -0.54334943275019       -2.75957600614565       10.99646920751235
C            0.54238568255226       -3.50282610423203       11.73053928028588
C            1.44974280413934       -4.17091016954917       10.74142677001003
C            2.75200909586973       -3.97443507730197       10.66761378885226
C           -1.79951528649216       -3.32115027721852       10.81006011000887
C           -2.76226912722329       -2.65131281085472       10.08498374137947
C           -2.49877845473298       -1.40407448181826        9.52635004665208
O           -3.51211518566312       -0.80563366761800        8.84856253342006
C           -0.36317539844780        1.44663745703892       10.18803305344061
H            3.87064425446817        4.73451282991569       10.34108502735182
H            2.33600015167524        5.73015856412013       10.31419462173126
H            2.57374173558450        2.72967458014261       10.84760158535294
H            0.33773928014193        3.32601938425480       11.87324106060281
H            0.20419598662185        4.68099923334363       10.73506003986978
H            0.12367476287578        4.15286371104436        8.24338570097612
H           -0.83110135025601        2.62235724066178        6.57346320507896
H           -1.65319131430984        0.59520193601356        6.16058642575778
H            0.68756665845725       -1.06912889259752       10.58713168181866
H            1.11872536857370       -2.81776247455513       12.35575240582401
H            0.09124358530756       -4.26369538492002       12.37415811712778
H            0.95481360155174       -4.83725050899271       10.04761100555803
H            3.36336825704119       -4.47138693521952        9.93413162854442
H            3.26474137501433       -3.31381694214510       11.34737427519401
H           -2.02606275114335       -4.29020276063687       11.23129910833625
H           -3.74192639971481       -3.07635803933941        9.93476718326571
H           -3.14261764243160       -0.13878680191744        8.25667666675862
H           -0.24213887998336        1.11184653448274       11.20771999601273
B           -4.80021341417592       -2.60887965674947        0.25570515815553
B           -4.56675815597152       -1.34327794734548       -0.68056148431615
B           -4.44859499198583       -0.20333420578321       -1.88692769043595
B           -3.40226971893811       -2.65608490253205       -0.54305824060604
B           -3.02311381003366        0.19922571490430       -1.39092307183519
B           -4.37898308767258        0.34563457706947       -0.18206108454321
B           -5.02360096342221        1.38957090273836        0.84375112621140
B           -4.60718379753700        2.96861401371545        1.04238629881966
B           -2.79786490840879        0.49922595134806        0.22175582262219
B           -3.21006259997761        3.20610591535907        1.84784357912808
B           -2.16735204880750       -3.77134677650642       -0.61458699639655
B           -1.87680703763524       -2.24167466612606       -0.95020119059961
B           -1.69030518658281       -0.60945215237462       -0.83222745967443
B           -0.58682846082127       -3.21645236872385       -0.84430155911597
B           -0.21189181962759       -0.15429306044267       -0.30586371686709
B           -1.38144755643284        0.01754464503446        0.86702031942398
B           -1.76319360005110        1.64421976067479        0.79115396726368
B           -1.89362300025772        3.21678261026413        0.93128162671292
B           -0.20090530057050        1.01690873270856        1.08981826475565
B           -0.75122427659798        4.33008759909763        0.60060800278617
B            0.82170697637963       -4.11294075309523       -0.72201526525725
B            0.92365313154049       -2.50603083365740       -0.75540786201550
B            1.22094328485843       -0.95101476359283       -0.59851296354620
B            2.19563345890808       -3.39693132278727       -0.15565074597333
B            2.62820423637815       -0.19767082190445       -0.30932528429757
B            1.24186185176597        0.54635885678378        0.13685527469441
B            1.13574915825503        1.98564660828578        1.05622031345194
B            0.54110971770904        3.42415430511548        0.64741206178647
B            2.46036180629119        1.67058841439217        0.08422699486345
B            1.19974947508925        3.01484116711502       -0.83479185826705
B            3.20610345861920       -3.82239960489069        1.13152944522044
B            3.62337514293690       -2.65162517344592        0.06764155706072
B            4.03057487617665       -1.12495473694982       -0.24993015124694
B            4.40584148782962       -2.80517579304067        1.43385911452994
B            5.36300115057250       -0.24771063039912       -0.72472746886519
B            4.11039257239334        0.53068329332898       -0.04258828773105
B            4.01875641369969        2.32030816608476       -0.06193865498184
B            2.80719810499721        3.09772292509215       -0.91678171520830
B            5.42209690553773        1.46060507658852       -0.23775620852150
B            4.27955618899568        3.54869193475980       -1.04821883835176
H           -5.20395900832995       -3.11933662723240        1.23166153740874
H           -5.72188768954968       -2.06045517213913       -0.45695260528433
H           -5.24328044532050       -0.04913900967573       -2.74601626839908
H           -5.76874256347276        0.98256777034717        1.67830235030744
H           -5.34510550607068        3.82940571280889        0.71344787625931
H           -3.22733232833515        3.20021627002213        3.03085566697560
H           -2.36864897178746       -4.92193439344631       -0.51355484927628
H           -0.90068949316237        5.46009535240576        0.29891161967354
H            0.81668679163033       -5.25401155691621       -0.98633959938889
H            0.52956513497416        2.69599714251764       -1.75930928937438
H            2.95001295715739       -4.77450980783032        1.76422829548454
H            5.25347907263594       -2.47732424593247        2.16538185660199
H            6.38055321552792       -0.65106745626498       -1.14024275063698
H            6.50696960005747        1.84471991405984       -0.01144079389222
H            5.11495577154336        4.24974003550542       -1.46674089037261
93
 energy: -111.991243338151 gnorm: 0.003125415703 xtb: 6.7.1pre (5071a88)
C            2.80095072249725        4.75421450763033       10.44234429579595
C            2.09117143359202        3.67932020445105       10.72607146482430
C            0.59926097010479        3.66129117077221       10.87762600828257
C           -0.00348198726607        2.73645416783251        9.85300800731246
C           -0.16135150974436        3.15470540979077        8.53934084658227
C           -0.69879968406590        2.29877699417462        7.59820004932963
C           -1.08310499528633        1.01230437680005        7.94829117105415
O           -1.63280627559794        0.17082362529945        7.01158013561535
C           -0.91560738898775        0.55721286468917        9.26124066123189
C           -1.24989119325970       -0.80960466101271        9.71673000062243
C           -0.29349059621150       -1.50591641493928       10.45202436478764
C           -0.54377323925636       -2.75265212983352       10.99920989105019
C            0.54443440510328       -3.48890969032417       11.73686759951544
C            1.44897060887250       -4.16320339019611       10.74968620966553
C            2.75057729027152       -3.96577912978549       10.66742443925426
C           -1.79753073918760       -3.31949653333658       10.81303083127906
C           -2.75959608635411       -2.65691602210773       10.08009240672653
C           -2.49849589927696       -1.41233462687588        9.51518759667263
O           -3.51099050244289       -0.82176400809504        8.82799859297141
C           -0.37185376588571        1.44362217000946       10.18739185483873
H            3.87135415636745        4.71961847269424       10.33508543908313
H            2.33976195761025        5.71975119799477       10.31489579109512
H            2.57419627721635        2.71859763320265       10.84734795856317
H            0.34328715380678        3.30864875972433       11.87993563710024
H            0.20543700355372        4.67150584282087       10.75086776294476
H            0.13209890311553        4.15245766928181        8.25114416689607
H           -0.82521349955707        2.62990108780589        6.57614728982941
H           -1.65821026767808        0.61128671227190        6.15479713410649
H            0.68173262353743       -1.06004278413748       10.58807773676575
H            1.12167201058555       -2.79850346526489       12.35502008765303
H            0.09524223917853       -4.24575509913073       12.38616750535439
H            0.95183974302263       -4.83614963028145       10.06340698423413
H            3.35761005687003       -4.46851446418960        9.93444458471977
H            3.26741630853011       -3.29900147722369       11.33803980464520
H           -2.02282558047040       -4.28578595134318       11.24074356063955
H           -3.73723164950751       -3.08585124886497        9.92873522403889
H           -3.14174596281830       -0.14720550850537        8.24552273482262
H           -0.25682070751444        1.10678981205397       11.20724226135870
B           -4.80420322378557       -2.61012811500047        0.24112502502581
B           -4.56603989039200       -1.33954522863028       -0.68728802033027
B           -4.44522466689749       -0.19202888274960       -1.88623513353942
B           -3.40362469533491       -2.65447871088152       -0.55311160468553
B           -3.01960163043684        0.20480736757449       -1.38648582738761
B           -4.37589567577261        0.34659647215859       -0.17802851031518
B           -5.02214172004365        1.38640588234024        0.85085687693373
B           -4.60413699532749        2.96427609960781        1.05436568133612
B           -2.79498517046628        0.49579671916259        0.22831650568908
B           -3.20759136665359        3.20002490324433        1.86132192062876
B           -2.16898561207164       -3.77025122518755       -0.62442820019841
B           -1.87698854693116       -2.23976634683093       -0.95511052058282
B           -1.68861350133753       -0.60816868475730       -0.83096318001910
B           -0.58756762926347       -3.21563990537898       -0.84843683649663
B           -0.20979768272396       -0.15583305492136       -0.30389765574425
B           -1.37777705880091        0.01247168488000        0.87094254094107
B           -1.75984477477100        1.63916394463483        0.80092144698997
B           -1.89160047693138        3.21140576134723        0.94439078017978
B           -0.19691125622781        1.01144737866569        1.09492793513594
B           -0.74987028509283        4.32665882728815        0.61686897405813
B            0.82047924608929       -4.11271348400818       -0.71977066378663
B            0.92261173204323       -2.50600201034213       -0.75859262927777
B            1.22265482413140       -0.95143740162767       -0.60220859928278
B            2.19403118419208       -3.39506588535360       -0.15464524023391
B            2.62986512880496       -0.19837921810788       -0.31458093638269
B            1.24432402522680        0.54420797967897        0.13678768821707
B            1.13907097104615        1.98121993719988        1.05970472845899
B            0.54203833622737        3.41997425535972        0.65515429539249
B            2.46109471706203        1.66987879816582        0.08316184280292
B            1.19626354722858        3.01399021858031       -0.83006326795746
B            3.20166396935384       -3.81454553746865        1.13691981792009
B            3.62305669484501       -2.65130866700831        0.06630796196402
B            4.03233470245313       -1.12607719944023       -0.25476135530656
B            4.40363638007792       -2.79856257675176        1.43430903676895
B            5.36355533020960       -0.24980932688069       -0.73394173894611
B            4.11242129585692        0.53023245111241       -0.05140512953858
B            4.01883949633207        2.31958563671339       -0.06910694720119
B            2.80341989547530        3.09792252158992       -0.91770135849088
B            5.42217461992351        1.46108566493308       -0.25199790048893
B            4.27518485308250        3.54868516270968       -1.05592328464748
H           -5.21213380174705       -3.12599396811632        1.21246197679678
H           -5.72284226242164       -2.05546385681558       -0.47085333560324
H           -5.23898662923394       -0.03079023293004       -2.74488490409886
H           -5.76835668889546        0.97661448803459        1.68298303916913
H           -5.34148878790135        3.82641090779793        0.72770371374137
H           -3.22512732376167        3.19267163156990        3.04435624627377
H           -2.37147966320046       -4.92099155409839       -0.52756251542437
H           -0.90139500997887        5.45560192406141        0.31256964449987
H            0.81527971040196       -5.25497410142560       -0.97880491188128
H            0.52335882033197        2.69626603628854       -1.75297230210422
H            2.94306626603473       -4.76321176393093        1.77379283712727
H            5.24804797938713       -2.46560960886283        2.16740901209883
H            6.38099883689665       -0.65234943158913       -1.15050607877541
H            6.50800983562120        1.84660039712313       -0.03293017856567
H            5.10888429460048        4.24967848342111       -1.47792985212128
93
 energy: -111.991314165407 gnorm: 0.003827669017 xtb: 6.7.1pre (5071a88)
C            2.80322382218937        4.74195164143464       10.44304191736192
C            2.09287427091635        3.66822356884189       10.72981674497367
C            0.60141462202965        3.65071756952960       10.88677446603882
C           -0.00500482425041        2.73215196811425        9.85867949968019
C           -0.15802789789270        3.15527103607316        8.54581605833708
C           -0.69779496417303        2.30422180604701        7.60136826915678
C           -1.08630921765658        1.01750151792862        7.94515091545523
O           -1.63454632160544        0.18078702462236        7.00304115904986
C           -0.92292759475777        0.55795621330178        9.25695497669478
C           -1.25481041166441       -0.81004030803081        9.70902960611862
C           -0.29782606830940       -1.49898606662706       10.45007120495539
C           -0.54351552939522       -2.74514451403649       11.00028089077488
C            0.54627897704792       -3.47438464484789       11.74280013489291
C            1.44932300243883       -4.15825778637970       10.76060169457609
C            2.74996021275088       -3.95801693241054       10.66959215551159
C           -1.79484734624631       -3.31756416649604       10.81356421418125
C           -2.75650982152590       -2.66269296959488       10.07302174094047
C           -2.49897500315711       -1.42030999978680        9.50221008906706
O           -3.50996969906990       -0.83830411610820        8.80561510694672
C           -0.38040233022935        1.44010689850316       10.18766267011566
H            3.87331331758657        4.70430143444993       10.32996112199217
H            2.34514854089128        5.70895454420962       10.31436286014879
H            2.57599721127116        2.70698358494748       10.84909078002579
H            0.35006823969346        3.29194621319315       11.88759860801227
H            0.20753709328945        4.66120444547717       10.76646543860999
H            0.14078121767347        4.15211645321501        8.26067724546230
H           -0.82209826908524        2.63846114731921        6.57996759771353
H           -1.66178619347252        0.62664303281568        6.14954485544000
H            0.67458844773855       -1.04771208493453       10.58897461402668
H            1.12422164440084       -2.77828639281312       12.35336073591872
H            0.09786642170739       -4.22581704794357       12.39817781038940
H            0.95132812105889       -4.84167864738038       10.08465585837550
H            3.35420049067329       -4.46691402902570        9.93827213635420
H            3.26902936960280       -3.27841647179074       11.32591365575323
H           -2.01851414641850       -4.28130317272076       11.24711232005557
H           -3.73214255355510       -3.09577620229762        9.91987506380723
H           -3.14222976885471       -0.15992507700123        8.22754723286317
H           -0.27100182463441        1.09991824885271       11.20723512668362
B           -4.80843195659832       -2.61157444541927        0.22435952621039
B           -4.56535517374662       -1.33501291356107       -0.69458725369909
B           -4.44155727710262       -0.17854423498439       -1.88468778577740
B           -3.40516050400220       -2.65242997289334       -0.56514402310803
B           -3.01567315773641        0.21146099611237       -1.38086904969317
B           -4.37224624942048        0.34772661788424       -0.17257704208572
B           -5.01973431612776        1.38253147760579        0.86056547983335
B           -4.60049115509732        2.95910158004633        1.07044565178064
B           -2.79160641978232        0.49149539998633        0.23640101903298
B           -3.20417054135088        3.19248333913516        1.87853853841860
B           -2.17099542567518       -3.76895344641460       -0.63734837470340
B           -1.87723129348833       -2.23736623842659       -0.96130543209936
B           -1.68669503778340       -0.60661610714775       -0.82943230657967
B           -0.58850656015453       -3.21463307516888       -0.85414367207587
B           -0.20731556774785       -0.15763109532700       -0.30165459982338
B           -1.37336866963149        0.00612946337978        0.87556381534994
B           -1.75590602899906        1.63277842102727        0.81293655594299
B           -1.88902937490433        3.20445875642906        0.96065452923397
B           -0.19209406299424        1.00465479442725        1.10101809838020
B           -0.74898310664217        4.32065146377795        0.62920202444558
B            0.81898317249748       -4.11237383773509       -0.71803408397629
B            0.92114939769963       -2.50588390657678       -0.76297752735528
B            1.22460661522595       -0.95184519163590       -0.60697296255913
B            2.19202750375429       -3.39276077173118       -0.15435738071519
B            2.63177605537535       -0.19921531497778       -0.32129633888431
B            1.24736757573489        0.54145425365481        0.13701160518924
B            1.14301937501220        1.97584383506585        1.06385855723906
B            0.54350814702857        3.41524911019306        0.66458539616707
B            2.46199300220725        1.66902604792549        0.08189929866194
B            1.19237985337952        3.01319927903286       -0.82397219121973
B            3.19597924958872       -3.80478230857476        1.14286822574490
B            3.62256383849401       -2.65104388245890        0.06391752269113
B            4.03445751499743       -1.12755094542879       -0.26100602189904
B            4.40044117126700       -2.79025523699334        1.43438890148671
B            5.36445553887531       -0.25257755258573       -0.74499752421314
B            4.11491864827552        0.52955485037427       -0.06264426471762
B            4.01896864708606        2.31858479957986       -0.07768753152549
B            2.79906284504605        3.09818980710893       -0.91872820328702
B            5.42226780739933        1.46158558624660       -0.26931671277294
B            4.27003138883466        3.54882670435428       -1.06477476906861
H           -5.22108828099587       -3.13403727262821        1.19012860521947
H           -5.72374575755359       -2.04931554121231       -0.48643825291553
H           -5.23439619295879       -0.00894092269128       -2.74256360849661
H           -5.76836417128071        0.96960116800108        1.68885355635985
H           -5.33656734770847        3.82290767665474        0.74523191325347
H           -3.22182261729476        3.18359423743455        3.06155525250156
H           -2.37513642390285       -4.91989224638787       -0.54628460728812
H           -0.90195572690655        5.45172859607749        0.33341517875982
H            0.81351498873720       -5.25604713053203       -0.97063750964121
H            0.51599135486127        2.69661158279147       -1.74471150872756
H            2.93395040686355       -4.74928399621783        1.78455353172869
H            5.24084981965374       -2.45100159315529        2.16928980280122
H            6.38198181960073       -0.65408592824259       -1.16234983686028
H            6.50921415208760        1.84887764828206       -0.05931167046122
H            5.10160027099757        4.24991189786918       -1.49081811666659
