60
 energy: -61.499614184990 gnorm: 0.128175832506 xtb: 6.7.1 (edcfbbe)
B           -5.84915724000000        3.51194609000000        0.46946196000000
B           -5.85451153000000        1.82531793000000        0.16086575000000
B           -4.38938047000000        4.34520055000000        0.10518392000000
B           -4.39489500000000        2.66232896000000        0.25815265000000
B           -4.39751188000000        0.96824774000000        0.35175444000000
B           -5.86250879000000       -1.56595936000000        0.20009964000000
B           -5.86619048000000       -3.24233271000000        0.56331174000000
B           -4.40165288000000       -0.71056356000000        0.37532533000000
B           -4.40732247000000       -2.40650836000000        0.33695428000000
B           -4.41001636000000       -4.09337324000000        0.23129192000000
B           -2.92163909000000        3.51020163000000        0.22190639000000
B           -2.92744640000000        1.80951617000000        0.35664816000000
B           -1.45907896000000        4.34371661000000        0.39290193000000
B           -1.46286961000000        2.65631039000000        0.30564580000000
B           -1.46728924000000        0.96146817000000        0.22037519000000
B           -2.93589949000000       -1.55839652000000        0.40159108000000
B           -2.93815343000000       -3.26253956000000        0.32167565000000
B           -1.47141157000000       -0.72205901000000        0.24668553000000
B           -1.47536682000000       -2.41311898000000        0.39367269000000
B           -1.47996628000000       -4.09696038000000        0.53153130000000
B            0.00572695000000        3.50216432000000        0.38608540000000
B            0.00141066000000        1.80105807000000        0.20566279000000
B            1.47217142000000        4.33646280000000        0.39216011000000
B            1.46750277000000        2.64904042000000        0.30378004000000
B            1.46340566000000        0.95419860000000        0.21792715000000
B           -0.00688795000000       -1.56906344000000        0.24578813000000
B           -0.01095972000000       -3.26431274000000        0.47991737000000
B            1.45924008000000       -0.72930599000000        0.24465841000000
B            1.45504534000000       -2.42036791000000        0.39105580000000
B            1.45143596000000       -4.10425258000000        0.52910401000000
B            2.93289544000000        3.49579866000000        0.21883073000000
B            2.93045547000000        1.79504844000000        0.35171061000000
B            4.40201732000000        4.32335482000000        0.09771912000000
B            4.39943769000000        2.64049477000000        0.25047194000000
B            4.39377972000000        0.94650905000000        0.34638929000000
B            2.92231016000000       -1.57289663000000        0.39830282000000
B            2.91606404000000       -3.27705136000000        0.31956546000000
B            4.38963072000000       -0.73223843000000        0.37130660000000
B            4.38693196000000       -2.42817684000000        0.33334139000000
B            4.38114833000000       -4.11503495000000        0.22723336000000
B            5.86084808000000        3.48302569000000        0.45949683000000
B            5.85739603000000        1.79642454000000        0.15314170000000
B            5.84872958000000       -1.59502962000000        0.19506709000000
B            5.84451920000000       -3.27119964000000        0.55729577000000
H           -6.77426865000000        4.07126246000000        0.91041352000000
H           -6.81917031000000        1.33020429000000       -0.26738161000000
H           -4.44702226000000        5.43205575000000       -0.32106924000000
H           -6.81461025000000       -1.08449903000000       -0.26881757000000
H           -6.79437494000000       -3.78621650000000        1.01716894000000
H           -4.46931440000000       -5.19788926000000       -0.14715093000000
H           -1.46762019000000        5.50414604000000        0.53752559000000
H           -1.49517125000000       -5.24552130000000        0.75273924000000
H            1.48829328000000        5.49664140000000        0.53806181000000
H            1.46241624000000       -5.25344515000000        0.74722865000000
H            4.46582634000000        5.40981438000000       -0.32871696000000
H            4.43580808000000       -5.22077283000000       -0.14834287000000
H            6.78781910000000        4.04107678000000        0.89797242000000
H            6.81630030000000        1.29503733000000       -0.28067505000000
H            6.80065319000000       -1.11625845000000       -0.27683504000000
H            6.76761150000000       -3.82214693000000        1.01302014000000
60
 energy: -61.503031937921 gnorm: 0.042719294426 xtb: 6.7.1 (edcfbbe)
B           -5.84628332939898        3.51102061991212        0.49235102395913
B           -5.85258810184705        1.82817773615385        0.14558545851992
B           -4.39031658373827        4.34146788004875        0.08047343770472
B           -4.39570764200719        2.66208539453170        0.25088737584380
B           -4.39772159159313        0.96627714672598        0.35567454466506
B           -5.86047370581186       -1.56955157365954        0.18323598598509
B           -5.86347369953586       -3.24083664355271        0.58519366752848
B           -4.40186817326522       -0.70872968780607        0.37787976516054
B           -4.40807135204014       -2.40677995049263        0.32800994141790
B           -4.41087102739658       -4.09065610281512        0.20722541397829
B           -2.92114242438210        3.51313942155589        0.20672884240265
B           -2.92672917159824        1.80678560123402        0.36573065463160
B           -1.45915579796308        4.34239631595869        0.40257894799991
B           -1.46280203552324        2.65611351340984        0.30997971332950
B           -1.46751033037176        0.96021151057144        0.23158964701911
B           -2.93519268368152       -1.55557159516281        0.41108873792209
B           -2.93755266516326       -3.26618545952863        0.30570166826240
B           -1.47162497335420       -0.72074646237083        0.25481631390019
B           -1.47528421967261       -2.41294663006150        0.39861507630784
B           -1.48011660446190       -4.09536504461586        0.54331432491285
B            0.00569254379799        3.50478342627069        0.39931319551003
B            0.00133978847297        1.79830605552954        0.19361391504488
B            1.47229034444956        4.33513027916246        0.40225452786060
B            1.46749560518812        2.64884042700306        0.30825838914314
B            1.46367637185996        0.95293891233075        0.22903590827086
B           -0.00694623206686       -1.56689141697065        0.23592542890159
B           -0.01101745669948       -3.26662221741074        0.49588542349973
B            1.45950429619152       -0.72799746564556        0.25253517858368
B            1.45502076683123       -2.42019852981911        0.39589843681186
B            1.45162702066726       -4.10266375053639        0.54099452958636
B            2.93228659314756        3.49874800782463        0.20388665245524
B            2.92961696776670        1.79232236105961        0.36081501293071
B            4.40292630980346        4.31960541291166        0.07299358915434
B            4.40030457964218        2.64024307747853        0.24334535569422
B            4.39402918230578        0.94452993868567        0.35028508955725
B            2.92150554302628       -1.57007438459988        0.40761236326462
B            2.91531551861486       -3.28070166200410        0.30385600151607
B            4.38989552927499       -0.73040292734476        0.37361481729196
B            4.38772781945030       -2.42846053520014        0.32445412462404
B            4.38202149399968       -4.11233385884582        0.20330006006517
B            5.85796313865250        3.48207320998201        0.48220141908335
B            5.85538612558327        1.79932425936120        0.13777281053896
B            5.84659162519974       -1.59866743893537        0.17839089957382
B            5.84178212901668       -3.26965242728466        0.57911089292289
H           -6.77939736311102        4.07844925308913        0.92042290175432
H           -6.82336387142332        1.33268300440709       -0.27752356852985
H           -4.44934127130351        5.44020333787241       -0.32838898005494
H           -6.82089842557667       -1.08633731343127       -0.27597046802020
H           -6.79980711133027       -3.79182239708246        1.02749769363380
H           -4.47315758374472       -5.20570477976195       -0.15422421486476
H           -1.46835460580668        5.50797825957535        0.54587335440158
H           -1.49694858088468       -5.24953174683884        0.76016111679333
H            1.48913707903933        5.50048779323526        0.54663114823967
H            1.46426412826233       -5.25741454137474        0.75497045315031
H            4.46828061060133        5.41789136421953       -0.33612361490130
H            4.43974732681480       -5.22842865199372       -0.15562692334862
H            6.79283773019574        4.04830364066699        0.90793122305567
H            6.82058583203747        1.29737049463706       -0.29043444292677
H            6.80687078301364       -1.11812235273216       -0.28381560179089
H            6.77315853184617       -3.82790851752687        1.02279367007219
60
 energy: -61.503331939659 gnorm: 0.030987560950 xtb: 6.7.1 (edcfbbe)
B           -5.84750783888530        3.51184343208163        0.49077852042148
B           -5.85307035218288        1.82861512563622        0.14649439735747
B           -4.39071982020364        4.34138849929689        0.07281056758252
B           -4.39553074221112        2.66182948561781        0.24727051126455
B           -4.39807882934102        0.96589174863600        0.35301231674439
B           -5.86096127873183       -1.57012098936622        0.18381595438168
B           -5.86470495183640       -3.24181558279557        0.58352784156437
B           -4.40222231107577       -0.70858324351706        0.37476972381919
B           -4.40789437494438       -2.40681121376849        0.32345564376951
B           -4.41124307127219       -4.09099616578170        0.19986793024968
B           -2.92030543957319        3.51313883421128        0.19612165053869
B           -2.92733027750244        1.80672665360670        0.37283009136776
B           -1.45958774730342        4.34261501806187        0.40883275891207
B           -1.46285374764850        2.65633390749702        0.31265820564896
B           -1.46759405643349        0.96027878776570        0.23757839210247
B           -2.93579835677991       -1.55544585913317        0.41822291699811
B           -2.93669923607095       -3.26667680141572        0.29593843074195
B           -1.47169750286798       -0.72079672103555        0.26082338372711
B           -1.47535424021032       -2.41321391871057        0.40228722594814
B           -1.48055595524295       -4.09548876652394        0.55043396207278
B            0.00569570043660        3.50493753267068        0.40844168703350
B            0.00134024705889        1.79804587034347        0.18744643249232
B            1.47272904385339        4.33533537973113        0.40868636858386
B            1.46753389179422        2.64905432791157        0.31101201320175
B            1.46375411873571        0.95300496236126        0.23505635283799
B           -0.00694433864146       -1.56698609178924        0.23113000650967
B           -0.01101179526322       -3.26650150652090        0.50845918961710
B            1.45957028620090       -0.72804496760156        0.25855078539119
B            1.45507484795831       -2.42046007680418        0.39954498790087
B            1.45206947436637       -4.10277301328760        0.54829726877385
B            2.93144107516089        3.49878056372999        0.19344707674707
B            2.93024318715807        1.79227346997225        0.36794400264886
B            4.40329856510396        4.31951143743847        0.06535372537345
B            4.40009187538991        2.63996709078902        0.23987872634525
B            4.39435770006607        0.94413344432820        0.34744328312376
B            2.92213651454409       -1.56996404702526        0.41461701884806
B            2.91445806544500       -3.28121409183602        0.29427013412410
B            4.39022777100976       -0.73025576124370        0.37029007944057
B            4.38751982587569       -2.42847028197181        0.31988736453058
B            4.38236627314570       -4.11266296609948        0.19598114371046
B            5.85922096497895        3.48291201875566        0.48043065921703
B            5.85589088461181        1.79977823853066        0.13881433497212
B            5.84709444798303       -1.59924899306970        0.17908555933606
B            5.84303747547353       -3.27066157491159        0.57726287160764
H           -6.77838765632660        4.08388861201216        0.91817974319355
H           -6.82256419638413        1.33576198946332       -0.28411974690453
H           -4.45401287978467        5.44227177634431       -0.33309202821843
H           -6.82168749723171       -1.08887574892833       -0.27844853498576
H           -6.79918931777552       -3.79632757483988        1.02582349911994
H           -4.47831335731692       -5.20754661670623       -0.15982098329013
H           -1.46980007168082        5.50903754133006        0.55831478369235
H           -1.49921679201785       -5.25055448796795        0.77039618083245
H            1.49043718898338        5.50152363112925        0.55931686202364
H            1.46637916809808       -5.25841557749780        0.76557781698776
H            4.47287641764297        5.41991098106337       -0.34085968384564
H            4.44484837574273       -5.23016991334732       -0.16153955681091
H            6.79184819092962        4.05365511138079        0.90561933354004
H            6.81994977617073        1.30039208582687       -0.29636912811133
H            6.80774837669877       -1.12073990872026       -0.28604480712455
H            6.77276100212344       -3.83243350530682        1.02039306232155
60
 energy: -61.503435587369 gnorm: 0.010309620431 xtb: 6.7.1 (edcfbbe)
B           -5.84720616492100        3.51157336088622        0.48615759793445
B           -5.85283076833003        1.82827122821872        0.14740680147056
B           -4.39021162038163        4.34110775103220        0.07009556369964
B           -4.39526790710799        2.66166660366418        0.24623632125913
B           -4.39789015921964        0.96593383373052        0.35445935782151
B           -5.86073976386614       -1.56983930949341        0.18552508070351
B           -5.86437801561223       -3.24177616816415        0.57943481592369
B           -4.40203099496896       -0.70866883727064        0.37639122225543
B           -4.40763690608911       -2.40676456752458        0.32245093824239
B           -4.41071988442256       -4.09091382656076        0.19744549592167
B           -2.92003293347699        3.51262684311533        0.19294309374844
B           -2.92728526502811        1.80681892496975        0.37571236288093
B           -1.45961856531130        4.34234407612820        0.41227312254468
B           -1.46276760671311        2.65620617944870        0.31395975698013
B           -1.46750121901523        0.96035261727708        0.23944835220640
B           -2.93574901435712       -1.55553938398125        0.42136434912197
B           -2.93644210017721       -3.26634799528731        0.29432048611795
B           -1.47160472959092       -0.72092012025866        0.26294429092558
B           -1.47527176716859       -2.41314145533682        0.40385158911438
B           -1.48056621991893       -4.09519728582155        0.55407325231683
B            0.00569751841315        3.50440984123011        0.41151130802257
B            0.00134250754807        1.79803696055724        0.18543596928603
B            1.47275474051267        4.33506295201235        0.41209905030607
B            1.46743707492570        2.64892631218555        0.31233946691539
B            1.46365361461916        0.95308058044765        0.23703692463983
B           -0.00694193476353       -1.56714811227698        0.22979547600081
B           -0.01100356482544       -3.26589322108166        0.51316098989090
B            1.45947046563076       -0.72816423844102        0.26080423230690
B            1.45498346141323       -2.42038471435353        0.40113729523465
B            1.45208131685049       -4.10247605497319        0.55199111151785
B            2.93116287967222        3.49827568904035        0.19025001983401
B            2.93020745172055        1.79236935267631        0.37086374738491
B            4.40278081033125        4.31923644621336        0.06266633624010
B            4.39982142706194        2.63980638742520        0.23897934192089
B            4.39416266744499        0.94417639126971        0.34883386665624
B            2.92209722820002       -1.57005940000631        0.41773844643261
B            2.91420245000125       -3.28088940258782        0.29252263018120
B            4.39003121607834       -0.73034010947575        0.37180981481214
B            4.38725809422745       -2.42842026012031        0.31878894448318
B            4.38183696969867       -4.11258124289831        0.19353274527420
B            5.85889910989268        3.48264281980611        0.47583117010734
B            5.85564732510502        1.79943885551915        0.13978771495792
B            5.84687190943755       -1.59896018718537        0.18074410781601
B            5.84269975746219       -3.27062202572714        0.57308061891460
H           -6.77626875600679        4.08754695621544        0.91391353725148
H           -6.81988157890369        1.33688991183732       -0.29151918419784
H           -4.45614829605628        5.44192293995297       -0.33703326086143
H           -6.81996336831728       -1.08971685791271       -0.28200587347605
H           -6.79738386583603       -3.79963467748649        1.02221245405834
H           -4.48037012905694       -5.20693151957051       -0.16505390628608
H           -1.47092071097654        5.50844937637413        0.56979156298534
H           -1.50051233237121       -5.24984769926143        0.77963111247743
H            1.49147676802403        5.50091235345448        0.57086376099946
H            1.46761131921229       -5.25770783790643        0.77499065771933
H            4.47492976840783        5.41955362658243       -0.34479134549545
H            4.44688593106921       -5.22950348925451       -0.16703777118716
H            6.78973283896272        4.05725206676147        0.90145666668998
H            6.81736574328882        1.30143364805805       -0.30325901687818
H            6.80610135088618       -1.12159982985779       -0.28948556454294
H            6.77110512669212       -3.83575346601388        1.01627930041813
60
 energy: -61.503475815074 gnorm: 0.005439918441 xtb: 6.7.1 (edcfbbe)
B           -5.84720102917046        3.51145878472910        0.48336384421798
B           -5.85284727134400        1.82807966016783        0.14583751903207
B           -4.39005319165194        4.34101149475240        0.06718766868635
B           -4.39541667138158        2.66177637582529        0.24565568834450
B           -4.39794385270716        0.96608855662094        0.35793838595926
B           -5.86078262275872       -1.56976271915298        0.18535844936619
B           -5.86434003025574       -3.24180600425322        0.57752684962728
B           -4.40208344657331       -0.70877294967661        0.38018792350771
B           -4.40779357125473       -2.40694489311498        0.32227913903475
B           -4.41055846915470       -4.09099366129021        0.19507419088150
B           -2.92030053880308        3.51258449267702        0.19267404882672
B           -2.92721644398045        1.80692037312929        0.37640564453072
B           -1.45962130615534        4.34229521249130        0.41526403140648
B           -1.46279887693683        2.65621788449883        0.31548261937079
B           -1.46751816072766        0.96038179940060        0.24032678417887
B           -2.93567299364690       -1.55567055484176        0.42266601562020
B           -2.93673532909943       -3.26637772319663        0.29566750397571
B           -1.47162596763963       -0.72100704228639        0.26393685170278
B           -1.47529796456237       -2.41318459627961        0.40515800999899
B           -1.48055148892406       -4.09512023420306        0.55720089968938
B            0.00569277642778        3.50435224132051        0.41226178590524
B            0.00133673931490        1.79810509704265        0.18557613229730
B            1.47274942430978        4.33501800261536        0.41499406130393
B            1.46746439693288        2.64893970549668        0.31389633364945
B            1.46366425986646        0.95311239555615        0.23807407440645
B           -0.00694813137280       -1.56729395257505        0.23057047702485
B           -0.01100543602361       -3.26582940805955        0.51473607290523
B            1.45948546954404       -0.72824812710659        0.26196333125730
B            1.45500653901170       -2.42042811735647        0.40250266112884
B            1.45206367194216       -4.10240224204906        0.55509143069237
B            2.93141588581192        3.49822628207370        0.18991233446361
B            2.93012399205207        1.79246949389993        0.37162035551568
B            4.40261397311377        4.31914606321864        0.05980272346346
B            4.39997042056948        2.63992400833892        0.23855555581988
B            4.39421726906585        0.94433315716545        0.35232398453398
B            2.92200788691868       -1.57018797149403        0.41906133532810
B            2.91448168905447       -3.28091494226890        0.29368634885616
B            4.39008387933858       -0.73044548299877        0.37555712130434
B            4.38741389972167       -2.42860689940991        0.31847873963965
B            4.38166603538082       -4.11266515914114        0.19105028027154
B            5.85886694863363        3.48252399704056        0.47315249981959
B            5.85564550026721        1.79924688837158        0.13826214381660
B            5.84689788278057       -1.59887721318372        0.18045662613365
B            5.84264264716930       -3.27065213102628        0.57109739835479
H           -6.77477768087488        4.09032284474632        0.91038768682073
H           -6.81657199973296        1.33691841079034       -0.30078081059868
H           -4.45676811874076        5.44096045971256       -0.34176621190367
H           -6.81749687136907       -1.08957267613769       -0.28724317526173
H           -6.79613642003226       -3.80230124264610        1.01947607382146
H           -4.48074957059353       -5.20562240896979       -0.17122336675040
H           -1.47202840621290        5.50716677021889        0.58167920114368
H           -1.50131959357289       -5.24848224559655        0.78905405435271
H            1.49259264764551        5.49961074144501        0.58271217339996
H            1.46845943266713       -5.25634139213081        0.78451543835120
H            4.47549065219456        5.41860549453626       -0.34945790013036
H            4.44728562747266       -5.22815062222615       -0.17351589778642
H            6.78821880043219        4.05999045115585        0.89812712301178
H            6.81412317707998        1.30136175474834       -0.31206676391334
H            6.80367709658873       -1.12145009855196       -0.29470531163973
H            6.76996553394529       -3.83845459256231        1.01312012123256
60
 energy: -61.503495961955 gnorm: 0.002804442932 xtb: 6.7.1 (edcfbbe)
B           -5.84741032109767        3.51147562307423        0.48169761658076
B           -5.85276529142523        1.82801493358786        0.14388372802128
B           -4.38997898165091        4.34087504662489        0.06499537363799
B           -4.39533806075457        2.66174865390651        0.24478059752654
B           -4.39790453532665        0.96610177812384        0.35910809826047
B           -5.86074018039649       -1.56983332401744        0.18508073632335
B           -5.86450859954497       -3.24190002171480        0.57713269532986
B           -4.40204140039573       -0.70879095092700        0.38175592326943
B           -4.40772497033841       -2.40699648488279        0.32192406090440
B           -4.41049702335241       -4.09100723680683        0.19374361139167
B           -2.92032258664385        3.51254146518428        0.19248626014724
B           -2.92719048955354        1.80689418327482        0.37610927128853
B           -1.45961757825516        4.34218037387720        0.41808781240476
B           -1.46281319884903        2.65618889186300        0.31748611219449
B           -1.46751963978596        0.96033298965333        0.24084581992088
B           -2.93563813884120       -1.55568653939524        0.42330349345573
B           -2.93677974267920       -3.26640976590367        0.29681352285341
B           -1.47162877794491       -0.72101530785973        0.26471751833457
B           -1.47530887279565       -2.41317080279465        0.40664704169660
B           -1.48053825089145       -4.09497376059165        0.56017601466895
B            0.00568507837775        3.50442008260831        0.41198049765030
B            0.00132978272150        1.79805812535498        0.18560650510561
B            1.47273562466632        4.33490669281922        0.41771629861124
B            1.46747318891937        2.64891118562004        0.31594695575492
B            1.46365744615540        0.95306630426667        0.23874826688034
B           -0.00695500971540       -1.56731823690209        0.23142545794908
B           -0.01101149218395       -3.26591668484547        0.51530723964621
B            1.45948039425546       -0.72825400996974        0.26288088845120
B            1.45501284166185       -2.42041329650373        0.40406727700429
B            1.45204524209915       -4.10225966526779        0.55802224715338
B            2.93142516632938        3.49818015133713        0.18969487665601
B            2.93008307439930        1.79244330306418        0.37140017581723
B            4.40252553506933        4.31900908831249        0.05767200832977
B            4.39987916275857        2.63990038341236        0.23787273486778
B            4.39416835026362        0.94434575973201        0.35352447193477
B            2.92196060801841       -1.57020362973777        0.41971895166135
B            2.91451442211815       -3.28094393859796        0.29477444071215
B            4.39003391792411       -0.73046462510277        0.37710892217046
B            4.38733194160424       -2.42865885073878        0.31797317080151
B            4.38158563551488       -4.11267349453860        0.18951180006428
B            5.85906366319121        3.48254441715517        0.47158983422187
B            5.85555506084484        1.79918650090289        0.13643001353987
B            5.84684439001627       -1.59894320511517        0.18008916668212
B            5.84280453426338       -3.27076132255472        0.57054312454435
H           -6.77417260193094        4.09231593640063        0.90708911465128
H           -6.81340198033856        1.33714800338563       -0.30975716535946
H           -4.45735737667002        5.44001184564475       -0.34553840174118
H           -6.81536473151117       -1.08962322680480       -0.29174097346055
H           -6.79574760015616       -3.80422443889106        1.01729838667396
H           -4.48124765266189       -5.20416574034684       -0.17646523394740
H           -1.47332817191617        5.50554559690007        0.59409058166521
H           -1.50209418812136       -5.24692890340192        0.79838692337839
H            1.49393062219012        5.49797184578659        0.59503077474667
H            1.46931174014500       -5.25477327174668        0.79397813963816
H            4.47604509322588        5.41768395046982       -0.35309750005287
H            4.44780991542178       -5.22662563206834       -0.17920512291869
H            6.78756227206717        4.06195340255294        0.89506291605624
H            6.81103355579848        1.30150734395537       -0.32053807828321
H            6.80155067431640       -1.12150297089991       -0.29924041311573
H            6.76967121139132       -3.84044292992325        1.01045372764818
60
 energy: -61.503507423053 gnorm: 0.001839620009 xtb: 6.7.1 (edcfbbe)
B           -5.84747471394625        3.51140500068958        0.48028053993937
B           -5.85272353176882        1.82802166578059        0.14177532200695
B           -4.38997172951933        4.34084291658371        0.06433892994893
B           -4.39533017521991        2.66172735540104        0.24336638009321
B           -4.39795288166856        0.96604446193430        0.35731204813698
B           -5.86073418652639       -1.56996419710306        0.18454551268314
B           -5.86453348068200       -3.24186119236599        0.57716993314773
B           -4.40208509477942       -0.70880234007408        0.38040772964327
B           -4.40772539785723       -2.40705030030234        0.32106088880475
B           -4.41051252623637       -4.09104748828012        0.19399022383063
B           -2.92024729834774        3.51256876679642        0.19221564578861
B           -2.92727230182574        1.80684818225818        0.37502711233129
B           -1.45966399723484        4.34213402879579        0.42057294803866
B           -1.46282771728097        2.65619138376965        0.32002504362733
B           -1.46752551478857        0.96030858008659        0.24147707482489
B           -2.93570951437096       -1.55568092087661        0.42319711895969
B           -2.93671902494378       -3.26648748990440        0.29751882289817
B           -1.47163512622554       -0.72101469667566        0.26576737824916
B           -1.47532533923657       -2.41315328237989        0.40846329538276
B           -1.48057843779416       -4.09488919891848        0.56262655621204
B            0.00568177939129        3.50450840607711        0.41141370627814
B            0.00132869322343        1.79802699364503        0.18548496738617
B            1.47277879218453        4.33486119879819        0.42014565186605
B            1.46748682999026        2.64891267767991        0.31852325603614
B            1.46366044846203        0.95304332955236        0.23944062495110
B           -0.00695611437181       -1.56733583735851        0.23214612003928
B           -0.01101364640391       -3.26601055607122        0.51567654375784
B            1.45948419298288       -0.72825292611451        0.26396415792588
B            1.45502751632087       -2.42039314394674        0.40595861150405
B            1.45208549088712       -4.10217457041950        0.56048960270338
B            2.93134836253327        3.49820768616062        0.18944554859341
B            2.93015972234166        1.79239739423653        0.37037456971150
B            4.40251618001647        4.31897685020828        0.05707503497690
B            4.39986489454055        2.63988173249002        0.23664402566428
B            4.39420899912070        0.94428640031989        0.35179151788526
B            2.92202974885978       -1.57019985307075        0.41962100371892
B            2.91445207881326       -3.28102198695257        0.29549737855493
B            4.39007159459063       -0.73047819767692        0.37576536164005
B            4.38732485477976       -2.42871312008336        0.31696181132177
B            4.38159132819366       -4.11270885849014        0.18953433882347
B            5.85911670804069        3.48247341449221        0.47028238839155
B            5.85551072411961        1.79919859905603        0.13447146016222
B            5.84683263474856       -1.59907006079540        0.17950009611350
B            5.84282629669759       -3.27073498494757        0.57038337069160
H           -6.77456162882229        4.09285302194964        0.90379652014738
H           -6.81150986194702        1.33789514344601       -0.31631977134103
H           -4.45765968842856        5.43949195736350       -0.34707133593026
H           -6.81445679932982       -1.09024908081975       -0.29445352932531
H           -6.79623950788331       -3.80472336378670        1.01539472135997
H           -4.48174728656864       -5.20311115122906       -0.17908450051769
H           -1.47428280562011        5.50402593739244        0.60473163398743
H           -1.50258701128211       -5.24564045027034        0.80574926055130
H            1.49490736821836        5.49644210469390        0.60557362031649
H            1.46985638379743       -5.25345988983973        0.80151614102652
H            4.47634187297483        5.41719984266448       -0.35447027790296
H            4.44831833824956       -5.22548641646860       -0.18230359607385
H            6.78787613731100        4.06247535086946        0.89204011174402
H            6.80921200064852        1.30219969179346       -0.32670870835102
H            6.80060810219364       -1.12212866024341       -0.30205749747292
H            6.77021696667876       -3.84102426951946        1.00812586453706
60
 energy: -61.503515509980 gnorm: 0.001606865616 xtb: 6.7.1 (edcfbbe)
B           -5.84760300742309        3.51134603967736        0.47808226111481
B           -5.85258650347362        1.82796881604858        0.13783365553700
B           -4.38990092745366        4.34089185583391        0.06448550550897
B           -4.39529742238910        2.66166081306291        0.24088840166535
B           -4.39798982493938        0.96596174578170        0.35360005114964
B           -5.86064626478258       -1.57007761591131        0.18278413092443
B           -5.86460200597246       -3.24179726075729        0.57721938545599
B           -4.40211512682896       -0.70881987075719        0.37734963774903
B           -4.40770323300339       -2.40706892620355        0.31944019774789
B           -4.41047963383796       -4.09111770037066        0.19537855488130
B           -2.92013186398449        3.51262744124403        0.19210714990692
B           -2.92730876854313        1.80677450154757        0.37265520626103
B           -1.45970449999973        4.34202247597438        0.42378934812675
B           -1.46282376298519        2.65618484725772        0.32441762923997
B           -1.46749893554676        0.96032317641999        0.24217038480864
B           -2.93573211789060       -1.55565379057222        0.42213843905775
B           -2.93663298499783       -3.26656096892432        0.29872185457314
B           -1.47161162866645       -0.72102713470373        0.26704071116671
B           -1.47532296536324       -2.41306576892501        0.41141903736765
B           -1.48060533322811       -4.09471298551108        0.56548189904267
B            0.00568238459285        3.50452138568144        0.41031815843911
B            0.00133156236665        1.79801886430483        0.18509746274375
B            1.47282415385640        4.33474831023732        0.42339806979000
B            1.46749113719604        2.64890474968702        0.32293020662988
B            1.46363816297219        0.95305674222606        0.24004295765158
B           -0.00695381170337       -1.56735977820958        0.23292420883842
B           -0.01101158378160       -3.26600012339798        0.51595359531600
B            1.45946504201439       -0.72826728374494        0.26512924194017
B            1.45503029993251       -2.42030293805865        0.40900721074055
B            1.45212096089629       -4.10199010063043        0.56350298253306
B            2.93124158967291        3.49826609178148        0.18944037132036
B            2.93019447994745        1.79232290924926        0.36802332924515
B            4.40245710388481        4.31902599258291        0.05732803968662
B            4.39983475653762        2.63981817861873        0.23442580105105
B            4.39424496003294        0.94420374566200        0.34827203482348
B            2.92205416246025       -1.57017696707906        0.41854485853413
B            2.91437013565671       -3.28109554073949        0.29673156102621
B            4.39010154720041       -0.73050026494966        0.37281988966615
B            4.38730219688553       -2.42873361311606        0.31514439439924
B            4.38155649544466       -4.11277451041743        0.19065011728988
B            5.85924357047403        3.48240925122418        0.46832570101718
B            5.85537501759534        1.79915262836979        0.13065785381987
B            5.84674142683042       -1.59918253243942        0.17760122695128
B            5.84290325922710       -3.27068617294156        0.57022254613677
H           -6.77649466250485        4.09203165205110        0.89841604911439
H           -6.81066873674368        1.33951601348674       -0.32313391236436
H           -4.45731913027345        5.43949592240589       -0.34703650498757
H           -6.81480609605811       -1.09181776205404       -0.29671282541328
H           -6.79806257554742       -3.80387468543902        1.01250102580612
H           -4.48200472843732       -5.20240943658359       -0.17991083963559
H           -1.47501688847763        5.50196772031245        0.61851185149855
H           -1.50285301676532       -5.24409927953775        0.81432229095562
H            1.49563414802669        5.49437942532602        0.61929389237293
H            1.47015560220087       -5.25186750238802        0.81048002816647
H            4.47603989921609        5.41721510615772       -0.35428168679855
H            4.44858931212484       -5.22461052266662       -0.18388676928764
H            6.78967605098226        4.06160721824184        0.88722227038742
H            6.80842536223695        1.30379085200549       -0.33329249645113
H            6.80085457563011       -1.12371358358631       -0.30466818553283
H            6.77207138550717       -3.84026826184444        1.00486886129394
60
 energy: -61.503517252393 gnorm: 0.000999495243 xtb: 6.7.1 (edcfbbe)
B           -5.84756530277918        3.51135263436421        0.47727801859388
B           -5.85258212138560        1.82793534881983        0.13711782862186
B           -4.38988192641617        4.34096762589468        0.06450705427801
B           -4.39529592656953        2.66165506217565        0.24044857692053
B           -4.39798602460188        0.96598879952818        0.35324245726261
B           -5.86064877279538       -1.57003305497662        0.18211861502067
B           -5.86456854007272       -3.24177910293282        0.57658072336722
B           -4.40211276348860       -0.70882589921443        0.37703169917507
B           -4.40770363201872       -2.40704628496597        0.31909219012539
B           -4.41046781651420       -4.09116045074871        0.19555194974356
B           -2.92012466883728        3.51262756314306        0.19204403584885
B           -2.92732963804844        1.80680788381179        0.37225316339438
B           -1.45971264231389        4.34203371085347        0.42414392432124
B           -1.46284176423516        2.65620285990297        0.32552714318010
B           -1.46750202549492        0.96034999083144        0.24191711317226
B           -2.93575515189557       -1.55566565623212        0.42181662917302
B           -2.93663801169040       -3.26652681801471        0.29874497376459
B           -1.47161652314651       -0.72102755874195        0.26677112854191
B           -1.47533972998397       -2.41303011061598        0.41211079403850
B           -1.48061127358428       -4.09469307045324        0.56568826679367
B            0.00568521443187        3.50452007096608        0.41046668129620
B            0.00133311937518        1.79804375427208        0.18489212313768
B            1.47283860871613        4.33475637608438        0.42376449295027
B            1.46751366739864        2.64892139458858        0.32402080846405
B            1.46364373989083        0.95308206251432        0.23974056723993
B           -0.00695312282704       -1.56735469780577        0.23284236423032
B           -0.01101023328349       -3.26595315861880        0.51633651148811
B            1.45947063200688       -0.72826993063189        0.26481525605955
B            1.45504915634026       -2.42026838049068        0.40970186159042
B            1.45212853840643       -4.10196773020479        0.56372532427968
B            2.93123763480734        3.49826791784947        0.18935843002219
B            2.93021960109227        1.79235230371672        0.36761566217553
B            4.40243902768511        4.31910784956103        0.05748295368510
B            4.39983530257457        2.63981005501159        0.23393356477878
B            4.39423979432322        0.94422224447380        0.34769579854653
B            2.92207858364958       -1.57019037250350        0.41817914933551
B            2.91437397032389       -3.28106549976371        0.29671013061209
B            4.39009786921571       -0.73050914321048        0.37228453204999
B            4.38730121489737       -2.42871544843184        0.31474583268919
B            4.38154068489564       -4.11282301036782        0.19091506230116
B            5.85920764514519        3.48240996801379        0.46745592007724
B            5.85537736741103        1.79911559013003        0.13004170107174
B            5.84674751327629       -1.59914153171078        0.17698639675832
B            5.84286651743589       -3.27066928642828        0.56955730261428
H           -6.77739291015138        4.09126078988684        0.89697020985759
H           -6.81162321790397        1.33961837124965       -0.32217304270761
H           -4.45669097578330        5.44004531952390       -0.34619465381061
H           -6.81559033762348       -1.09199788292608       -0.29614594176135
H           -6.79872534362594       -3.80309379822746        1.01164021645622
H           -4.48148160125333       -5.20302564016905       -0.17840748801197
H           -1.47492418117738        5.50187785063965        0.61975541560302
H           -1.50278326953971       -5.24419064871601        0.81443546258346
H            1.49552777850547        5.49429418133513        0.62051296904234
H            1.47008352797746       -5.25194146051802        0.81067271009019
H            4.47541204072347        5.41781587227569       -0.35319787751143
H            4.44807219340960       -5.22523809067398       -0.18226023159407
H            6.79057951538184        4.06083605709432        0.88570079863385
H            6.80936311347445        1.30390798983556       -0.33229905929024
H            6.80163031765128       -1.12390943209431       -0.30408476402932
H            6.77272825861853       -3.83949275795808        1.00400887365876
