AutoDock Vina v1.2.7
#################################################################
# If you used AutoDock Vina in your work, please cite:          #
#                                                               #
# J. Eberhardt, D. Santos-Martins, A. F. Tillack, and S. Forli  #
# AutoDock Vina 1.2.0: New Docking Methods, Expanded Force      #
# Field, and Python Bindings, J. Chem. Inf. Model. (2021)       #
# DOI 10.1021/acs.jcim.1c00203                                  #
#                                                               #
# O. Trott, A. J. Olson,                                        #
# AutoDock Vina: improving the speed and accuracy of docking    #
# with a new scoring function, efficient optimization and       #
# multithreading, J. Comp. Chem. (2010)                         #
# DOI 10.1002/jcc.21334                                         #
#                                                               #
# Please see https://github.com/ccsb-scripps/AutoDock-Vina for  #
# more information.                                             #
#################################################################

Scoring function : vina
Rigid receptor: C:\Users\Andre\Proyectos doctorado\borophene-alzheimer-tau-ai\data\raw\8FUG_receptor.pdbqt
Ligand: C:\Users\Andre\Proyectos doctorado\borophene-alzheimer-tau-ai\data\raw\ligands_pdbqt\Memantine_c1.pdbqt
Grid center: X 105.14 Y 133.899 Z 120.45
Grid size  : X 22 Y 22 Z 22
Grid space : 0.375
Exhaustiveness: 16
CPU: 4
Verbosity: 1

Computing Vina grid ... done.
Performing docking (random seed: 42) ... 
0%   10   20   30   40   50   60   70   80   90   100%
|----|----|----|----|----|----|----|----|----|----|
***************************************************

mode |   affinity | dist from best mode
     | (kcal/mol) | rmsd l.b.| rmsd u.b.
-----+------------+----------+----------
   1       -5.347          0          0
   2       -5.341      3.837      4.722
   3       -5.326      3.907      4.809
   4       -5.103     0.4855      2.832
   5       -5.103      3.876      5.283
   6        -5.08      4.187      5.816
   7       -5.006      0.588      2.845
   8       -4.978      1.259      3.347
   9       -4.924      4.154      5.912
