60
 energy: -61.502125397551 gnorm: 0.123391515060 xtb: 6.7.1 (edcfbbe)
B           -7.10886029000000        0.34087336000000        0.40498153000000
B           -6.40806751000000       -1.21460735000000        0.49148478000000
B           -6.11708138000000        1.60453960000000       -0.19522547000000
B           -5.42921652000000        0.14635287000000        0.31555834000000
B           -4.73155365000000       -1.33400756000000        0.76599798000000
B           -5.01161719000000       -4.21572652000000        1.22575154000000
B           -4.32720773000000       -5.63297176000000        1.89814874000000
B           -4.04052128000000       -2.81899124000000        1.13263041000000
B           -3.34188744000000       -4.33741051000000        1.42741463000000
B           -2.64316019000000       -5.85821045000000        1.66579800000000
B           -4.43913145000000        1.49349075000000        0.00434565000000
B           -3.74244018000000        0.00794342000000        0.46689470000000
B           -3.45666511000000        2.86769864000000       -0.10163873000000
B           -2.75984442000000        1.34806208000000        0.14869964000000
B           -2.05979498000000       -0.17159298000000        0.42818578000000
B           -2.35640276000000       -2.96278744000000        1.24411154000000
B           -1.64974947000000       -4.50472497000000        1.45830494000000
B           -1.36714921000000       -1.65707897000000        0.81170956000000
B           -0.67218729000000       -3.13794001000000        1.25502232000000
B            0.02310091000000       -4.62893857000000        1.63560555000000
B           -1.77316157000000        2.68896963000000       -0.17623479000000
B           -1.07213080000000        1.17949902000000        0.17841667000000
B           -0.77845248000000        3.98344273000000       -0.62409846000000
B           -0.08774350000000        2.52337085000000       -0.12676474000000
B            0.60724893000000        1.04011977000000        0.30815199000000
B            0.31617881000000       -1.80775839000000        0.88798291000000
B            1.01213774000000       -3.27895599000000        1.40017091000000
B            1.30082638000000       -0.45278775000000        0.65865878000000
B            1.99709372000000       -1.94132393000000        1.06956164000000
B            2.68831480000000       -3.40896742000000        1.54242084000000
B            0.89272540000000        3.88380745000000       -0.36583590000000
B            1.59579673000000        2.37616861000000       -0.00403951000000
B            1.88042984000000        5.25126300000000       -0.50778340000000
B            2.57930148000000        3.74197167000000       -0.21765861000000
B            3.27682692000000        2.23478726000000        0.12599046000000
B            2.98071503000000       -0.58672566000000        0.80780784000000
B            3.68255599000000       -2.11209700000000        1.10080419000000
B            3.96935632000000        0.73831785000000        0.44107197000000
B            4.66983897000000       -0.76898392000000        0.77731468000000
B            5.36489855000000       -2.28253278000000        1.05412795000000
B            3.56896998000000        5.03434961000000       -0.70614926000000
B            4.25022854000000        3.62186266000000       -0.01143227000000
B            5.65680675000000        0.54267459000000        0.38634441000000
B            6.34073356000000       -0.86964646000000        1.07992262000000
H           -8.21658023000000        0.56165571000000        0.71905584000000
H           -7.05525623000000       -2.15399655000000        0.23799126000000
H           -6.61443066000000        2.49545458000000       -0.77604097000000
H           -6.08165168000000       -4.26403276000000        0.75647410000000
H           -4.96861074000000       -6.43128470000000        2.46998561000000
H           -2.21839890000000       -6.94870849000000        1.56762733000000
H           -3.94422627000000        3.93683096000000       -0.13321625000000
H            0.50373677000000       -5.66209858000000        1.93266602000000
H           -1.24496333000000        4.96294528000000       -1.07542220000000
H            3.17245886000000       -4.41043448000000        1.92646664000000
H            1.44275984000000        6.33821907000000       -0.45276616000000
H            5.87721808000000       -3.33187716000000        0.92547227000000
H            4.19922514000000        5.81350217000000       -1.31099550000000
H            5.30763961000000        3.67183926000000        0.48284255000000
H            6.33603113000000        1.26141626000000       -0.23987532000000
H            7.42464845000000       -0.89597803000000        1.52527760000000
60
 energy: -61.505064273096 gnorm: 0.038156174484 xtb: 6.7.1 (edcfbbe)
B           -7.10684994238228        0.34563991001125        0.42541495677966
B           -6.40722858335165       -1.21471349414640        0.47580744787200
B           -6.11572106579992        1.59617981432479       -0.21782641862260
B           -5.43006284309700        0.14430452226893        0.30894174020950
B           -4.73094870273613       -1.33527952953992        0.77004667284097
B           -5.00813866063722       -4.22197563823191        1.20831427704689
B           -4.32616678609132       -5.62565988319492        1.92089324787433
B           -4.04172961645096       -2.81631895047659        1.13699632865518
B           -3.34245345813967       -4.33956080371815        1.42060569512945
B           -2.64461994097780       -5.86164317922087        1.64157982173934
B           -4.43986448200611        1.49543159359705       -0.00141604001857
B           -3.74073791443631        0.00563465615362        0.46723202820396
B           -3.45637114352963        2.87098433089984       -0.08043721878216
B           -2.76007415099316        1.34909243887784        0.15484762093620
B           -2.05935248619791       -0.17340319118518        0.42746071128790
B           -2.35700991430330       -2.95969399766943        1.24636903061051
B           -1.64776644820091       -4.51005208080363        1.44754489559740
B           -1.36781722154076       -1.65657295480603        0.80914703197162
B           -0.67225009614396       -3.13864274674940        1.25250946363350
B            0.02258508776864       -4.62663325133568        1.64279628100855
B           -1.77464168231641        2.69223493564298       -0.17460283626596
B           -1.07126911374529        1.17762470703178        0.18180406831167
B           -0.77725810208140        3.97600166451204       -0.64686751482404
B           -0.08725909587281        2.52169330575995       -0.13280031714657
B            0.60771443842877        1.04026261028204        0.31566072358774
B            0.31505105224112       -1.80618199731096        0.88521422745179
B            1.01274447042197       -3.27755280143289        1.41757189231632
B            1.29982916153181       -0.44782572172839        0.67372664829779
B            1.99678939667853       -1.93919779611083        1.07861586877677
B            2.68725609269554       -3.40412461346713        1.55834476824894
B            0.89073226888341        3.88702966057188       -0.36400424912873
B            1.59636782116623        2.37237789525896       -0.00722193833050
B            1.88122871017708        5.25385735263140       -0.48689237105462
B            2.57995908418304        3.74396590595823       -0.21085191772751
B            3.27766279208941        2.23373062079581        0.13147904911247
B            2.97895925115250       -0.58466640147018        0.80782471613416
B            3.68391910090649       -2.11761479106667        1.09155159240454
B            3.96875526498898        0.73867772517466        0.43385179849242
B            4.67100044944672       -0.77274185976508        0.76036000601336
B            5.36497957150605       -2.28604384729821        1.02718809415869
B            3.56806858799457        5.02638663290811       -0.72825038878610
B            4.24619740346691        3.62864413438416        0.00985316012193
B            5.65668442443059        0.53200422218311        0.35762416531476
B            6.33733684668587       -0.86509847906071        1.09820334564789
H           -8.21627240026421        0.56868828075339        0.73864639094138
H           -7.05739045995955       -2.15465345879175        0.22790454779433
H           -6.61681945243160        2.49263931647121       -0.78924882109026
H           -6.08193011964725       -4.27003633491901        0.74528326756949
H           -4.96809828070762       -6.42559552994782        2.49337301315713
H           -2.22118671289631       -6.95453321972770        1.55242755023072
H           -3.94455189702912        3.94021063622702       -0.11829316241968
H            0.50210624758373       -5.65620248153781        1.95198662699760
H           -1.24514519307379        4.95714982240848       -1.09551112758008
H            3.17276476617585       -4.40721452588314        1.93648402085119
H            1.44490706262694        6.34374927727443       -0.43378881081524
H            5.88216191194232       -3.33547496724781        0.90970661126255
H            4.20013650060146        5.81522965101101       -1.32440711917942
H            5.30681244227914        3.67821053437182        0.50291968901922
H            6.34099366013728        1.25671647776703       -0.25861781879077
H            7.42294088885044       -0.89119377766861        1.54500014695095
60
 energy: -61.505403293141 gnorm: 0.024349416291 xtb: 6.7.1 (edcfbbe)
B           -7.10802942055174        0.34595340269614        0.42629439372774
B           -6.40791435368142       -1.21427662917127        0.47651787135092
B           -6.11600749433940        1.59508832298747       -0.22247997314744
B           -5.42969703263497        0.14350475066188        0.30606705945706
B           -4.73098139129216       -1.33724917517849        0.76377427833259
B           -5.00830295524429       -4.22285138887173        1.20747051488580
B           -4.32678593296424       -5.62655734242570        1.92127129005635
B           -4.04197576290082       -2.81772032376666        1.13085909484407
B           -3.34220414364697       -4.34057892203767        1.41562099574167
B           -2.64473149748348       -5.86352132855178        1.63462148758073
B           -4.43922658590775        1.49480604856826       -0.00622374570203
B           -3.74129706855012        0.00537716104101        0.46771732413537
B           -3.45683004102070        2.87244330775883       -0.07351276029465
B           -2.76024828393474        1.34947333042723        0.15591314884651
B           -2.05949546281712       -0.17309339016113        0.42899495801980
B           -2.35767159322547       -2.95943386533401        1.24862887450334
B           -1.64675959084463       -4.51226016225622        1.43751914502134
B           -1.36789343087545       -1.65657617433144        0.80985485996336
B           -0.67217878953468       -3.13895396749009        1.25242036757236
B            0.02197638760881       -4.62439146220725        1.65387046288337
B           -1.77479154656094        2.69269737285145       -0.17349772892838
B           -1.07132192990266        1.17811549341924        0.18440586087729
B           -0.77675283705044        3.97389299124450       -0.65538356634434
B           -0.08735171548134        2.52177156689600       -0.13301224091905
B            0.60761862268025        1.04116603494151        0.31952870580162
B            0.31505209982013       -1.80655086753300        0.88385200157168
B            1.01233718949859       -3.27474555464360        1.42973864317031
B            1.29977607532119       -0.44690052082644        0.67801645707819
B            1.99676293762871       -1.93864598657048        1.08205039502023
B            2.68728378296379       -3.40191390855417        1.56709885584076
B            0.88990181886884        3.88741232441085       -0.36202583378648
B            1.59695490803023        2.37209683248131       -0.00863171897084
B            1.88136141449713        5.25497652971286       -0.48288554118523
B            2.57975631220199        3.74396958873691       -0.20889517165997
B            3.27801343188838        2.23400087101321        0.13368031142156
B            2.97940160251996       -0.58407095114731        0.80948804870124
B            3.68351751723968       -2.12035462927109        1.08232852418397
B            3.96906158748625        0.73729360692036        0.42672184572973
B            4.67078322001264       -0.77496436220355        0.75083079754731
B            5.36539304921802       -2.28831784476141        1.01777817765784
B            3.56880774741562        5.02756087097329       -0.72793148700870
B            4.24631495124224        3.62921566659522        0.01121242559924
B            5.65704442316211        0.53027387587185        0.35125836172608
B            6.33884304538455       -0.86665049609425        1.09286162585173
H           -8.21286751100014        0.57378711459025        0.74882634291225
H           -7.05768790714453       -2.15267763223992        0.22340619727492
H           -6.61914615784315        2.48693186986172       -0.79875951782867
H           -6.07895055752422       -4.27399308578474        0.73835714311258
H           -4.96385997166026       -6.41941139926845        2.50715706856100
H           -2.22643370488998       -6.95747634514310        1.53792023272777
H           -3.94494611449890        3.94180369924875       -0.10302312537941
H            0.49996351579217       -5.65013715774211        1.97665694899752
H           -1.24403097639282        4.94941922776962       -1.11692150398958
H            3.17296944281334       -4.40219302941595        1.95148794571286
H            1.44997027495988        6.34626893975402       -0.41490405861682
H            5.88589900239912       -3.33493284793104        0.89263505540613
H            4.19922864697437        5.81618449067427       -1.32463954912139
H            5.30208837095734        3.68365451119540        0.51508134953636
H            6.34149283907469        1.24976521736848       -0.27081007200622
H            7.41845633373946       -0.88925393975784        1.55181731594671
60
 energy: -61.505606577539 gnorm: 0.013717075216 xtb: 6.7.1 (edcfbbe)
B           -7.10769207336908        0.34574587478957        0.42588442269493
B           -6.40783761620825       -1.21405519203564        0.47753300088945
B           -6.11562161225030        1.59442328232752       -0.22508734728939
B           -5.42937501022748        0.14298203160976        0.30413892114394
B           -4.73083831966513       -1.33826546150051        0.75962209083648
B           -5.00816311004378       -4.22291491360980        1.20679467082612
B           -4.32655140376420       -5.62686732302178        1.91904964652270
B           -4.04184350308700       -2.81856644253094        1.12735125815876
B           -3.34192237765362       -4.34125259121801        1.41184460887998
B           -2.64436596973757       -5.86475049208548        1.62750504154092
B           -4.43872715196316        1.49387166204427       -0.00987283844405
B           -3.74144472798542        0.00536524628710        0.46782093006571
B           -3.45688076709051        2.87277428324316       -0.07073036132405
B           -2.76019200965000        1.34941633256879        0.15576163320046
B           -2.05961143364112       -0.17223588289423        0.43221061168209
B           -2.35783485014948       -2.95912510168102        1.25042862152320
B           -1.64632104659375       -4.51301329799966        1.43271010783220
B           -1.36786548021268       -1.65633613821542        0.81150895914128
B           -0.67211668281058       -3.13885362578054        1.25267953259019
B            0.02123405164478       -4.62080646999507        1.66835917396124
B           -1.77465364633029        2.69245212635003       -0.17298334481211
B           -1.07142739691256        1.17869723519429        0.18666873772821
B           -0.77640901202481        3.97243871251248       -0.65990953621393
B           -0.08748892253210        2.52173366766720       -0.13270472806276
B            0.60750039939890        1.04126483570111        0.31973573788086
B            0.31517563673547       -1.80749538589868        0.88049783032938
B            1.01182152350052       -3.27228316397721        1.43784713274995
B            1.29979867268246       -0.44731061833399        0.67711655524378
B            1.99661932195104       -1.93858589752566        1.08251337928565
B            2.68705918895643       -3.39998783228139        1.57331672483349
B            0.88956445956387        3.88751734555664       -0.36007688190053
B            1.59702412349263        2.37203619615069       -0.00889237098217
B            1.88110768237171        5.25535440940156       -0.47945034862423
B            2.57955156054003        3.74399554603667       -0.20722894447013
B            3.27798159200711        2.23361758887167        0.13244583144426
B            2.97947616033339       -0.58393916421401        0.81040689870894
B            3.68318934459074       -2.12236943155621        1.07372862683748
B            3.96899904729400        0.73666432669882        0.42458600248870
B            4.67049363491762       -0.77672895679444        0.74334067481900
B            5.36500814171034       -2.29035266810994        1.00903588609968
B            3.56847249363100        5.02815627219692       -0.72463536824388
B            4.24635018579558        3.62863749235967        0.01069994493901
B            5.65671970599916        0.52934497632168        0.34681988976850
B            6.33888126985717       -0.86861747745689        1.08511260615264
H           -8.20844255491648        0.57956129215768        0.75910212271839
H           -7.05713402975273       -2.15107373287499        0.21740649301870
H           -6.62078376328513        2.47982274494196       -0.80989073090721
H           -6.07447735544312       -4.27797738487069        0.72788164514468
H           -4.95750311468806       -6.41277016654992        2.52150752961379
H           -2.23174527245898       -6.95996225187350        1.51817019675635
H           -3.94495764060743        3.94280407670385       -0.08613456915636
H            0.49680550032415       -5.64176459273999        2.01070345482142
H           -1.24208238846604        4.93974970921565       -1.14155707999566
H            3.17303139028778       -4.39505642716091        1.97131481567274
H            1.45529654937352        6.34820242428462       -0.39156958402761
H            5.88800365029844       -3.33435835337201        0.87033297202285
H            4.19776890319138        5.81758889288149       -1.32203478826065
H            5.29602974795820        3.68930438267498        0.52826367640951
H            6.33983597580341        1.24128084264866       -0.28610411821554
H            7.41316911930995       -0.88887704123998        1.55717951395274
60
 energy: -61.505710366402 gnorm: 0.006936697243 xtb: 6.7.1 (edcfbbe)
B           -7.10751680309954        0.34596731671126        0.42722975385459
B           -6.40784091690347       -1.21448385060786        0.47622549809455
B           -6.11551460248842        1.59371708050292       -0.22789791493274
B           -5.42968565466703        0.14275104842117        0.30296302747810
B           -4.73100466179963       -1.33816216555632        0.75956056444400
B           -5.00808468282453       -4.22361432218070        1.20383444622556
B           -4.32644279164717       -5.62695357250470        1.91823484719449
B           -4.04186052620070       -2.81878184682275        1.12744780332475
B           -3.34197060282014       -4.34198582456798        1.40984533294292
B           -2.64409055988014       -5.86624092439113        1.62017599945281
B           -4.43906038545217        1.49335497300891       -0.01166105098412
B           -3.74141457095571        0.00554967889302        0.46795435796952
B           -3.45691220409691        2.87280364824305       -0.07061105720863
B           -2.76027869101047        1.34945100307410        0.15583310983644
B           -2.05983648131383       -0.17117564364716        0.43644169441908
B           -2.35770896965065       -2.95922175530806        1.25031850408953
B           -1.64659399072198       -4.51269977308271        1.43549892460080
B           -1.36791810054594       -1.65609782852144        0.81304345324725
B           -0.67214110672960       -3.13867630088917        1.25371824388596
B            0.02055113907543       -4.61674647424137        1.68499412974445
B           -1.77463819244758        2.69238498181198       -0.17330769064938
B           -1.07155104056762        1.17913061873253        0.18789144692802
B           -0.77627743826888        3.97179347676141       -0.66237526871460
B           -0.08744860272920        2.52139516051664       -0.13441908896898
B            0.60761730328538        1.04042928299617        0.31578967408260
B            0.31537497582698       -1.80877252594588        0.87592581787816
B            1.01171346474027       -3.27152372732174        1.44025756160423
B            1.29997529322218       -0.44835758280962        0.67311416994102
B            1.99670249614060       -1.93882566586839        1.08168701086078
B            2.68702936070934       -3.39908616406555        1.57625922777830
B            0.88976151789842        3.88829655566076       -0.35789787942420
B            1.59684797300438        2.37221983623272       -0.00844829116843
B            1.88092237875377        5.25657929301024       -0.47346453171294
B            2.57959976400693        3.74507312047100       -0.20364173551887
B            3.27804175197817        2.23327183033794        0.13014753696003
B            2.97949541914904       -0.58438138791211        0.80943236891597
B            3.68362533730149       -2.12361411576997        1.06822924048543
B            3.96910136487383        0.73686674621421        0.42619614976130
B            4.67082236334753       -0.77815811905781        0.73753372988430
B            5.36496475567244       -2.29260983218794        0.99915915522562
B            3.56817571075478        5.02861364250463       -0.72246326486533
B            4.24656393179853        3.62863490295897        0.01171447372797
B            5.65675478710390        0.52830705230004        0.34153900023321
B            6.33892896587978       -0.87006018411813        1.07947120758309
H           -8.20497097341107        0.58435006327595        0.76827939236226
H           -7.05607553951808       -2.15076264000261        0.21024415861566
H           -6.62139439585139        2.47300406902628       -0.82135290152144
H           -6.06957229858100       -4.28153044303208        0.71424323654994
H           -4.95117185444657       -6.40752980080921        2.53408129171514
H           -2.23554532105417       -6.96153380515393        1.49578985990622
H           -3.94474584442165        3.94324524181269       -0.07062716343827
H            0.49259319451948       -5.63141229712178        2.05165290970237
H           -1.23915163348696        4.92990289732090       -1.16566314132211
H            3.17317778217291       -4.38684935734542        1.99256871956533
H            1.45922244545761        6.34963592122898       -0.36745938237017
H            5.88790297886740       -3.33486180804102        0.84582534212857
H            4.19646824178956        5.81997775358224       -1.31845159084243
H            5.29068049975476        3.69379034485981        0.54048566209017
H            6.33630409039032        1.23330379363123       -0.30348492387446
H            7.40915894011689       -0.89084126521724        1.56046401222671
60
 energy: -61.505646000910 gnorm: 0.022405018023 xtb: 6.7.1 (edcfbbe)
B           -7.10734121598047        0.34618710885093        0.42856617976875
B           -6.40784465720906       -1.21491115256914        0.47492340736144
B           -6.11540785721754        1.59301347984650       -0.23070067923708
B           -5.42999727317582        0.14252119482165        0.30179180046274
B           -4.73117175015396       -1.33805785628941        0.75950398380199
B           -5.00800792577181       -4.22430933604161        1.20089126293908
B           -4.32633415068922       -5.62703879641089        1.91742288245018
B           -4.04187882269630       -2.81899321075982        1.12756081219347
B           -3.34202002488688       -4.34271708078260        1.40785492634248
B           -2.64381645896265       -5.86772830282618        1.61286287870784
B           -4.43939402219783        1.49284047868595       -0.01344280550254
B           -3.74138465631116        0.00573225732508        0.46807955261350
B           -3.45694399406847        2.87283284371875       -0.07049447384298
B           -2.76036527741394        1.34948375913053        0.15589404538427
B           -2.06006102476148       -0.17011960915597        0.44065391447157
B           -2.35758389445803       -2.95931517806127        1.25022223081455
B           -1.64686636535602       -4.51239144852746        1.43826232957076
B           -1.36797082006409       -1.65585951660932        0.81457855723430
B           -0.67216548716791       -3.13850156314621        1.25474673915432
B            0.01987208415823       -4.61271137940254        1.70153379273275
B           -1.77462259466122        2.69231744976765       -0.17363056312798
B           -1.07167475781874        1.17956460394986        0.18911520390655
B           -0.77614649876833        3.97115246759498       -0.66482645960647
B           -0.08740961497707        2.52106483726024       -0.13610069334160
B            0.60773307488704        1.03960159179146        0.31187573975617
B            0.31557339454191       -1.81004190162637        0.87138668797791
B            1.01160409431201       -3.27076053460674        1.44268192650130
B            1.30015131050533       -0.44939858125679        0.66913766961739
B            1.99678563647063       -1.93906647631875        1.08085796267314
B            2.68699920084328       -3.39818522690424        1.57920260594018
B            0.88995923122901        3.88907150513452       -0.35573919498507
B            1.59667205729138        2.37240522572662       -0.00799667325035
B            1.88073847478985        5.25779635784444       -0.46752036365577
B            2.57965021805020        3.74614278473896       -0.20009311980903
B            3.27810266840712        2.23292553023952        0.12784652812719
B            2.97951437332230       -0.58482016395010        0.80847143203248
B            3.68406107256341       -2.12485472994950        1.06274925929761
B            3.96920381985500        0.73707142994584        0.42781443981755
B            4.67115149009873       -0.77957988393920        0.73175864804328
B            5.36492170092639       -2.29485682842768        0.98933121980537
B            3.56787979533937        5.02906584206658       -0.72030583520267
B            4.24677809366573        3.62863180822671        0.01272099988188
B            5.65679060578787        0.52727377265599        0.33628043770368
B            6.33897446986200       -0.87149522292200        1.07385971539429
H           -8.20150903627478        0.58912932324023        0.77742786072736
H           -7.05502053147122       -2.15045358080864        0.20310924058697
H           -6.62200191742736        2.46621513870359       -0.83277124654357
H           -6.06469339225808       -4.28506440710901        0.70067322571507
H           -4.94486250988383       -6.40230666407915        2.54661990933975
H           -2.23932699905285       -6.96310595639723        1.47351396355809
H           -3.94453434799029        3.94368708362960       -0.05519189263812
H            0.48841116473028       -5.62113357692814        2.09233861757816
H           -1.23624398531304        4.92010926498778       -1.18964578980187
H            3.17332299635821       -4.37869015648676        2.01371274938369
H            1.46313002314261        6.35106499261884       -0.34346995392184
H            5.88780555234471       -3.33536435470015        0.82143807736650
H            4.19517200263110        5.82234020045952       -1.31491011660490
H            5.28535154883396        3.69826113712038        0.55266544774035
H            6.33279364577727        1.22536079810065       -0.32078835034351
H            7.40515685371434       -0.89278126119045        1.56376451693962
60
 energy: -61.505742668608 gnorm: 0.004069450360 xtb: 6.7.1 (edcfbbe)
B           -7.10754815275312        0.34615942580102        0.42818501294736
B           -6.40769882779043       -1.21468593371760        0.47542697781525
B           -6.11546372763230        1.59357134384410       -0.22810559319466
B           -5.42955611893095        0.14274398949083        0.30290431142155
B           -4.73089260751765       -1.33799987749599        0.75997752466021
B           -5.00786535146659       -4.22398812433978        1.20213574805389
B           -4.32645508313572       -5.62696793058990        1.91830505542538
B           -4.04168363262353       -2.81899454791824        1.12649605404638
B           -3.34184219308764       -4.34195637185100        1.40977878090415
B           -2.64397280282410       -5.86620680110770        1.61997612452895
B           -4.43907326088360        1.49328224676011       -0.01148695347780
B           -3.74130407086571        0.00576113710237        0.46878086577094
B           -3.45680459587762        2.87266581850286       -0.07105937364491
B           -2.76026242679034        1.34963344091921        0.15695535151333
B           -2.05984243178032       -0.17087693307782        0.43787625264107
B           -2.35754040720322       -2.95960747967770        1.24843667063198
B           -1.64675877469876       -4.51184304629032        1.43953022554036
B           -1.36789428755770       -1.65610720108943        0.81274025488117
B           -0.67215505473333       -3.13836118630948        1.25481155124604
B            0.02028759384467       -4.61473554201206        1.69217547055014
B           -1.77465024546212        2.69240923616209       -0.17358133399461
B           -1.07151614083524        1.17893702328347        0.18730109019210
B           -0.77628241848456        3.97161696876918       -0.66279810655779
B           -0.08728502518222        2.52050968617630       -0.13787882642659
B            0.60774709638641        1.03952768478488        0.31219392692880
B            0.31544284500022       -1.80937916579980        0.87319131942993
B            1.01193958628293       -3.27241500225779        1.43690046797510
B            1.30001647183615       -0.44895659630180        0.67036574164947
B            1.99670620827853       -1.93873185168308        1.08174145802421
B            2.68706126387428       -3.39937557749321        1.57477385760337
B            0.88977598122850        3.88863979093086       -0.35619955784790
B            1.59676233860555        2.37203023322372       -0.00915136859827
B            1.88078212903268        5.25723901186763       -0.46973195953968
B            2.57935137072466        3.74581269846828       -0.19998343783942
B            3.27790516388579        2.23334358176071        0.13049987866426
B            2.97946462576401       -0.58480538550390        0.80773679664802
B            3.68366812711450       -2.12353459229641        1.06811530224963
B            3.96903396996263        0.73676056793524        0.42595871562127
B            4.67074345533842       -0.77852945032654        0.73588936999185
B            5.36490628926471       -2.29324418337287        0.99576284299951
B            3.56811061812807        5.02900514528422       -0.72149883268598
B            4.24645554720526        3.62872085486250        0.01265068353267
B            5.65664452661688        0.52800660000708        0.34007146710881
B            6.33908700311963       -0.87045767180104        1.07790495774735
H           -8.20480448945424        0.58418081253698        0.76923020697515
H           -7.05576724405040       -2.15090624630686        0.20845962587675
H           -6.62131338204657        2.47123099520399       -0.82384190177977
H           -6.06762764289306       -4.28273801927400        0.70892741503589
H           -4.95005295638916       -6.40700931533490        2.53493329805443
H           -2.23637269584812       -6.96088845105343        1.48843378841785
H           -3.94467314293589        3.94293794152615       -0.06633162995334
H            0.48999604414979       -5.62522993718160        2.07283410033689
H           -1.23704600227613        4.92616042423491       -1.17376080169910
H            3.17328193376011       -4.38311990150821        2.00036136144597
H            1.46006807301714        6.34965062307730       -0.35915060668394
H            5.88699766874697       -3.33507329782991        0.83715443193844
H            4.19627229960522        5.82240306708695       -1.31460774610053
H            5.28966258680757        3.69426308062730        0.54242164440945
H            6.33421764263322        1.23122896502313       -0.30895440906575
H            7.40927552379571       -0.89345644445101        1.55789162765483
60
 energy: -61.505758855584 gnorm: 0.001671845281 xtb: 6.7.1 (edcfbbe)
B           -7.10748339686716        0.34596517904657        0.42753766520198
B           -6.40772988035904       -1.21464750280066        0.47564863727824
B           -6.11553479463055        1.59377780210546       -0.22720492107677
B           -5.42955930158003        0.14267286051053        0.30273702099921
B           -4.73088844491582       -1.33821755342406        0.75941408258052
B           -5.00781127543555       -4.22418364204244        1.20161151856424
B           -4.32640227057796       -5.62701822834609        1.91799221353364
B           -4.04167330647963       -2.81944264485613        1.12466622302033
B           -3.34182875024531       -4.34209967851091        1.40935599263957
B           -2.64399297095253       -5.86591579437550        1.62190292451944
B           -4.43903282813736        1.49337991607216       -0.01113732162674
B           -3.74136407669082        0.00579373218644        0.46923067903578
B           -3.45683997874718        2.87271074075204       -0.07088335606845
B           -2.76029004410177        1.34992859580695        0.15829995429668
B           -2.05981416185555       -0.17103267582032        0.43729972046617
B           -2.35754479288190       -2.96004467534210        1.24676681679921
B           -1.64669442290816       -4.51171301118707        1.44019063543216
B           -1.36786510394364       -1.65624975583147        0.81210600270209
B           -0.67217185035097       -3.13801891339038        1.25627867336630
B            0.02026776016525       -4.61436790403061        1.69380852296028
B           -1.77468164718427        2.69258150374439       -0.17301581406138
B           -1.07149101145188        1.17883491799239        0.18699335434570
B           -0.77633997303890        3.97186361900401       -0.66208596256074
B           -0.08720669070089        2.52000622968108       -0.13995240902735
B            0.60776673119998        1.03954010109921        0.31224791378808
B            0.31546443802549       -1.80944646450830        0.87278396972903
B            1.01209934251026       -3.27297812348209        1.43505730902781
B            1.30003769612512       -0.44895715799470        0.67022253185463
B            1.99668915443982       -1.93835466328391        1.08319184970995
B            2.68719292572067       -3.39973746307563        1.57357076416825
B            0.88969382563309        3.88879390510993       -0.35542289775425
B            1.59684398769313        2.37191022938104       -0.00980328452576
B            1.88076177273346        5.25729692068021       -0.46947247455556
B            2.57929740221515        3.74617909465341       -0.19841045571749
B            3.27795739230665        2.23338010587045        0.13061025114091
B            2.97957895975522       -0.58502905932268        0.80648878368397
B            3.68367505100349       -2.12350029504581        1.06832595323415
B            3.96909832544340        0.73646570877498        0.42430467436500
B            4.67081446126148       -0.77864134774227        0.73523356093527
B            5.36498986636206       -2.29309941841446        0.99617668167137
B            3.56801283990027        5.02924563325983       -0.72048887276781
B            4.24645664425570        3.62876985988577        0.01267497249710
B            5.65670779563436        0.52801426224284        0.33993579069696
B            6.33910243780343       -0.87060118181217        1.07705311716996
H           -8.20596883934045        0.58213505777487        0.76579311806043
H           -7.05615853820889       -2.15096280556175        0.21017693640904
H           -6.62102267173523        2.47262631024252       -0.82127201020869
H           -6.06815354674463       -4.28295331197367        0.71005712365526
H           -4.95208353254982       -6.40849440288756        2.53033867200465
H           -2.23586387105735       -6.96017444898405        1.49085477118652
H           -3.94465927107902        3.94275494368745       -0.06826418001978
H            0.48938039060691       -5.62299757890190        2.07852670145585
H           -1.23667270281212        4.92637864695859       -1.17235992518868
H            3.17307302559763       -4.38305791348774        1.99963457607917
H            1.45953504577664        6.34931254881166       -0.36056087902463
H            5.88673863840172       -3.33506592842697        0.83909092716238
H            4.19662482557620        5.82383136255240       -1.31155097340188
H            5.29094791148616        3.69308721539498        0.53949338906610
H            6.33465860488522        1.23252486905874       -0.30686629722695
H            7.41101548504627       -0.89450799747750        1.55314222831965
60
 energy: -61.505782716684 gnorm: 0.002753805589 xtb: 6.7.1 (edcfbbe)
B           -7.10752942962333        0.34554899058799        0.42645374697980
B           -6.40766051779250       -1.21482134343505        0.47537368793178
B           -6.11559625561096        1.59400955947458       -0.22597687325708
B           -5.42947803862554        0.14228115027904        0.30162044492749
B           -4.73079024441920       -1.33853381205344        0.75880218599770
B           -5.00749924192806       -4.22500406018384        1.19851999779901
B           -4.32629152710363       -5.62748071236816        1.91668949942590
B           -4.04151235524944       -2.82052367756749        1.12041982397465
B           -3.34165364903219       -4.34276531399150        1.40681297667560
B           -2.64380051250396       -5.86573104101546        1.62346004092846
B           -4.43899692482710        1.49350005708653       -0.01044358808052
B           -3.74131717877922        0.00577212900326        0.46984564082828
B           -3.45685352802474        2.87268106540296       -0.07050972024181
B           -2.76036220489252        1.35084044686159        0.16268862841464
B           -2.05974566266319       -0.17124489212076        0.43653215945725
B           -2.35732801313973       -2.96149452265081        1.24082923842284
B           -1.64651227396637       -4.51124798874180        1.44279756772622
B           -1.36771127943705       -1.65681354233126        0.80984140463581
B           -0.67224420229689       -3.13664584700726        1.26198681487365
B            0.01989307059687       -4.61127935846237        1.70587045271415
B           -1.77472601266362        2.69299052793073       -0.17118523019084
B           -1.07147216731858        1.17881395414107        0.18720479005710
B           -0.77649324210571        3.97239089470083       -0.66025473086425
B           -0.08695603230840        2.51812882581474       -0.14746005459915
B            0.60778347267862        1.03951501012095        0.31215034151808
B            0.31564912088005       -1.81039043918680        0.86871996129545
B            1.01245405966163       -3.27416334652622        1.43061408343834
B            1.30014374798789       -0.44948144885468        0.66795378049712
B            1.99660291151933       -1.93703489983086        1.08822366883837
B            2.68747887933938       -3.40045067219397        1.57058538066432
B            0.88951727065918        3.88941288942060       -0.35262859973206
B            1.59687053765028        2.37167027970954       -0.01081706517743
B            1.88058877694045        5.25790783503848       -0.46632638319607
B            2.57905930699152        3.74744844627955       -0.19257496156860
B            3.27804110437227        2.23294335292575        0.12864399800613
B            2.97977737303386       -0.58601658721603        0.80193010075743
B            3.68377191252538       -2.12413808327865        1.06553973797869
B            3.96916572744475        0.73580506836295        0.42081772217857
B            4.67091751972649       -0.77955358751096        0.73078986230923
B            5.36507725400798       -2.29362699016825        0.99326170096070
B            3.56781273694732        5.03046685357349       -0.71667507414573
B            4.24649529255403        3.62874141604990        0.01296769531356
B            5.65671131917150        0.52747510294068        0.33674076609146
B            6.33951140486466       -0.87174450780510        1.07190217201578
H           -8.20862558234078        0.57811976729863        0.75835642594155
H           -7.05711598913645       -2.15121302678204        0.21283626360070
H           -6.62025553973296        2.47475393471855       -0.81771414222920
H           -6.06819332438590       -4.28560281510316        0.70846558478250
H           -4.95644596622179       -6.41190339081172        2.52005645434316
H           -2.23569663747052       -6.95918219133824        1.48892947821685
H           -3.94443574402687        3.94253021455207       -0.06814665089883
H            0.48503982967979       -5.61057586691832        2.11770885535803
H           -1.23488171086883        4.92283511243265       -1.17829094141040
H            3.17256750188441       -4.37954591582402        2.00602358920183
H            1.45933569930224        6.34912664557101       -0.35432007550951
H            5.88604664601504       -3.33553512428723        0.83552326414443
H            4.19762994225903        5.82979694142344       -1.29973147913206
H            5.29293304488094        3.69093691460100        0.53560768483274
H            6.33525964791186        1.23371683310260       -0.30705149784779
H            7.41570466700910       -0.89816488383975        1.53808456402614
60
 energy: -61.505788079240 gnorm: 0.001278605793 xtb: 6.7.1 (edcfbbe)
B           -7.10748250473335        0.34545567093793        0.42614434217712
B           -6.40766612705027       -1.21488631157854        0.47522601227223
B           -6.11557733741025        1.59399191479563       -0.22624522261339
B           -5.42948403718471        0.14220536703404        0.30130486543399
B           -4.73079838084840       -1.33851666242768        0.75877155591481
B           -5.00754177831934       -4.22499434145801        1.19842768385693
B           -4.32622756491632       -5.62781189478313        1.91540091763345
B           -4.04149975947421       -2.82049735802162        1.12066348454605
B           -3.34163195447671       -4.34297381584238        1.40598354151614
B           -2.64370805493964       -5.86606889606005        1.62186194570992
B           -4.43903114509963        1.49349844672624       -0.01039400217337
B           -3.74131373657047        0.00568027125033        0.46936105862061
B           -3.45686477745224        2.87270053384399       -0.07040362845706
B           -2.76038395818863        1.35090361093605        0.16297969331206
B           -2.05976423304333       -0.17118552244312        0.43671402336058
B           -2.35731392828361       -2.96159182978091        1.24053714084902
B           -1.64648487173244       -4.51141310667757        1.44215849840372
B           -1.36769859353931       -1.65688669230456        0.80966243986788
B           -0.67230075729848       -3.13631035977485        1.26343338198503
B            0.01975214339355       -4.61059126350277        1.70850390562198
B           -1.77471501930696        2.69301959207418       -0.17097496937724
B           -1.07150468675584        1.17903688390389        0.18804520745753
B           -0.77646121381224        3.97231124004461       -0.66057133245072
B           -0.08693547006974        2.51805292738000       -0.14780664737423
B            0.60775521383039        1.03971541927962        0.31293376604608
B            0.31567900556959       -1.81058210232332        0.86808286804774
B            1.01236701212056       -3.27379578347111        1.43186974582181
B            1.30015522375547       -0.44952489059339        0.66791579096026
B            1.99659912290163       -1.93683715326482        1.08907271167825
B            2.68748333306337       -3.40033532349240        1.57094248672672
B            0.88955559829249        3.88938511746446       -0.35281078122659
B            1.59682963042966        2.37192550629885       -0.00981954245655
B            1.88058600382448        5.25801870765805       -0.46579256246695
B            2.57908159942706        3.74746089801421       -0.19242841328501
B            3.27803547474775        2.23292771156579        0.12850506010577
B            2.97980591695588       -0.58616246121134        0.80152736173294
B            3.68379894585514       -2.12454490365221        1.06380469512091
B            3.96918964089573        0.73570049362505        0.42057445508266
B            4.67093808680975       -0.77984387802842        0.72956572160713
B            5.36506355529641       -2.29403150232685        0.99178513013867
B            3.56777229065091        5.03048567329897       -0.71640968667395
B            4.24656184898275        3.62865657534057        0.01287434119132
B            5.65669852701106        0.52723597625297        0.33557357447805
B            6.33953260216606       -0.87213029085432        1.07049192074740
H           -8.20833385371509        0.57890738291526        0.75862177384536
H           -7.05698924104645       -2.15130775511721        0.21236762315840
H           -6.62032544223106        2.47453035452866       -0.81839921252852
H           -6.06797676839112       -4.28594669030725        0.70760141700142
H           -4.95576199968819       -6.41235434848652        2.51968842315062
H           -2.23579984571316       -6.95976146701555        1.48697172304370
H           -3.94445384447968        3.94274297506043       -0.06666999465548
H            0.48396886770914       -5.60826682045453        2.12551480984334
H           -1.23501557142026        4.92178713685091       -1.18104036604112
H            3.17273775610915       -4.37877429475314        2.00814393770715
H            1.45965951352423        6.34948578166343       -0.35151517825319
H            5.88617910765821       -3.33599249368330        0.83345775475976
H            4.19760839818183        5.82996716194341       -1.29926139965492
H            5.29244734488793        3.69123894150462        0.53709086473655
H            6.33528696152997        1.23319458573664       -0.30879608965597
H            7.41557652161083       -0.89805231423795        1.53725654407340
60
 energy: -61.505790658420 gnorm: 0.001318302534 xtb: 6.7.1 (edcfbbe)
B           -7.10751217135376        0.34535723691688        0.42582163334740
B           -6.40763105515972       -1.21496789130745        0.47488860248592
B           -6.11551470063810        1.59402018523557       -0.22640427929954
B           -5.42950777486381        0.14217614427971        0.30112001384520
B           -4.73082038573079       -1.33846851077263        0.75883194098471
B           -5.00757604054790       -4.22498465793636        1.19809878433647
B           -4.32618568627433       -5.62850461347899        1.91295789255902
B           -4.04152058992197       -2.82031438044489        1.12161341894129
B           -3.34159963029472       -4.34329585552240        1.40463851699212
B           -2.64355643681592       -5.86664669607752        1.61887250465372
B           -4.43908223858201        1.49359339483973       -0.00995461920804
B           -3.74127699846798        0.00549342896866        0.46840136779352
B           -3.45685792097879        2.87275143752081       -0.07012922948429
B           -2.76039107077437        1.35095720191965        0.16323091381987
B           -2.05976596200435       -0.17120910502653        0.43649938113126
B           -2.35729501618343       -2.96173053815664        1.24003493417014
B           -1.64643326732993       -4.51174006925311        1.44073138513676
B           -1.36767091387756       -1.65706864065221        0.80903127568797
B           -0.67243339379910       -3.13553447156686        1.26663798034536
B            0.01953570067142       -4.60972158018968        1.71193794551061
B           -1.77469735375792        2.69306648368716       -0.17060048206514
B           -1.07156233796418        1.17944064312504        0.18963835846137
B           -0.77641672500870        3.97218428768114       -0.66091814610084
B           -0.08694340510015        2.51804773902647       -0.14773915311615
B            0.60767559793793        1.04019397283712        0.31496874632933
B            0.31571002074284       -1.81084336111090        0.86717716558427
B            1.01225734361784       -3.27335878147203        1.43333359181065
B            1.30015179396092       -0.44955136282429        0.66803393556104
B            1.99656369174641       -1.93658918499206        1.09016295341429
B            2.68747707494208       -3.40030998787088        1.57099158200260
B            0.88961442815015        3.88929477897095       -0.35327190531358
B            1.59673036327228        2.37239050534025       -0.00774453636013
B            1.88060375818239        5.25799564435148       -0.46572253680426
B            2.57916702773558        3.74732089718009       -0.19302185785686
B            3.27802158339687        2.23294090702206        0.12863069048868
B            2.97980746282439       -0.58638638805854        0.80095609845308
B            3.68382275832705       -2.12517710052320        1.06117357759942
B            3.96918827003571        0.73568390536444        0.42084990249099
B            4.67094017901830       -0.78012505028829        0.72845233258296
B            5.36497098517361       -2.29450639567803        0.99007871431219
B            3.56779395237579        5.03050393886313       -0.71626266042822
B            4.24663840607879        3.62853691666314        0.01279138806940
B            5.65664588361296        0.52686751463774        0.33389676853575
B            6.33962522491141       -0.87270729393338        1.06846957014206
H           -8.20794158211489        0.58015184983527        0.75916751888308
H           -7.05660846289558       -2.15158781811929        0.21161899421269
H           -6.62039255954174        2.47459695507578       -0.81874714477764
H           -6.06794763272804       -4.28554814151757        0.70658944696577
H           -4.95445375756470       -6.41409851241949        2.51786322597864
H           -2.23522196981786       -6.96075919002772        1.48550647839599
H           -3.94455429553129        3.94307657245552       -0.06532062927481
H            0.48205391659053       -5.60476306703160        2.13678482649004
H           -1.23543344967476        4.92103981325834       -1.18330169648222
H            3.17312908133331       -4.37825943108562        2.00958175674765
H            1.45988838066623        6.34985664565661       -0.34942859816104
H            5.88625898622876       -3.33686000920443        0.83213218326490
H            4.19756860756396        5.82954210866888       -1.29969862142022
H            5.29189499882916        3.69182278327119        0.53896485261847
H            6.33535588266277        1.23268442209054       -0.31104331920022
H            7.41537221470870       -0.89771989820079        1.53622143421680
60
 energy: -61.505791793086 gnorm: 0.000737030476 xtb: 6.7.1 (edcfbbe)
B           -7.10748403437382        0.34538780241742        0.42600390206965
B           -6.40765090898547       -1.21495724467813        0.47486115578080
B           -6.11556150698467        1.59409837632380       -0.22609144643286
B           -5.42949111375404        0.14225053109534        0.30143091206705
B           -4.73080046362153       -1.33849151025955        0.75878718266020
B           -5.00756571019372       -4.22506200058919        1.19783901087032
B           -4.32618220464781       -5.62856077297525        1.91265182285552
B           -4.04150222923103       -2.82036969996807        1.12130641455056
B           -3.34158465695429       -4.34327879641567        1.40466911442467
B           -2.64356588533114       -5.86659044297774        1.61920934400261
B           -4.43907528664177        1.49365581148299       -0.00970881106862
B           -3.74128430848632        0.00553073769341        0.46862300944673
B           -3.45685454587953        2.87276994319688       -0.07005577719620
B           -2.76038811645534        1.35094229363601        0.16317384263657
B           -2.05976249499945       -0.17121307450172        0.43652218174627
B           -2.35729331215098       -2.96180647686935        1.23971740270954
B           -1.64642406589691       -4.51174336447384        1.44065883040524
B           -1.36766892893040       -1.65708443754238        0.80893137382118
B           -0.67244998753376       -3.13542198594501        1.26710507417566
B            0.01956793266947       -4.60986122850384        1.71131474901578
B           -1.77470383064950        2.69309561556547       -0.17053186254633
B           -1.07155158113506        1.17940031034221        0.18952044362939
B           -0.77643178801379        3.97225707739772       -0.66067054676800
B           -0.08693988142516        2.51811324072899       -0.14749658402930
B            0.60768739645078        1.04017357939780        0.31491892119009
B            0.31570510517303       -1.81082613090347        0.86719326982477
B            1.01229698930953       -3.27356460003819        1.43264973060764
B            1.30014434911871       -0.44948715887375        0.66825544948855
B            1.99657303700891       -1.93664617063252        1.08993316628113
B            2.68749684837784       -3.40046840137065        1.57044963577597
B            0.88960319663131        3.88930425734860       -0.35316596943758
B            1.59675130325213        2.37238400557772       -0.00778581843606
B            1.88062672925935        5.25799064195217       -0.46588980840851
B            2.57915182711318        3.74724254096110       -0.19329137894563
B            3.27801990199117        2.23299855295389        0.12893818782592
B            2.97981514261528       -0.58636033803575        0.80098794512306
B            3.68380524893641       -2.12508120646396        1.06156498915640
B            3.96918961658447        0.73567758801640        0.42074828843453
B            4.67092555436658       -0.77999935882795        0.72898146474909
B            5.36502849898393       -2.29441672815195        0.99039204137731
B            3.56779618594594        5.03042440584474       -0.71651181722473
B            4.24661110883237        3.62860675921255        0.01299219630790
B            5.65665778266365        0.52692265636392        0.33416489614821
B            6.33961171164143       -0.87261214648247        1.06880751718631
H           -8.20799203399547        0.57983065813145        0.75926458883174
H           -7.05663613202560       -2.15153732068158        0.21158475708808
H           -6.62038462356228        2.47481356036307       -0.81815237117907
H           -6.06801062981575       -4.28514825927723        0.70654550416403
H           -4.95449273417309       -6.41447647881986        2.51696407782947
H           -2.23491234393045       -6.96061975430464        1.48671923584954
H           -3.94456407027974        3.94300035778758       -0.06614914537057
H            0.48204288929371       -5.60469046632118        2.13668931338821
H           -1.23544570398372        4.92165993755230       -1.18171072804461
H            3.17311294285096       -4.37871332866287        2.00825238279262
H            1.45970593412643        6.34973425914882       -0.35110744538544
H            5.88622494152477       -3.33684725573296        0.83332134368865
H            4.19752882984984        5.82914769743177       -1.30048753687335
H            5.29211106342147        3.69176358055857        0.53843012870693
H            6.33517948013167        1.23286081249133       -0.31071156692718
H            7.41534235591708       -0.89785112169333        1.53651898559041
