60
 energy: -61.502604357585 gnorm: 0.125179949034 xtb: 6.7.1 (edcfbbe)
B           -5.85845362000000        3.06252789000000        0.49535543000000
B           -5.82465595000000        1.39663890000000        0.09696855000000
B           -4.41390172000000        3.94556588000000        0.21884792000000
B           -4.38442381000000        2.25670931000000        0.26299773000000
B           -4.35095327000000        0.56077526000000        0.24675551000000
B           -5.76076644000000       -1.99185227000000       -0.03255295000000
B           -5.73010498000000       -3.68534077000000        0.19978905000000
B           -4.31898399000000       -1.11627389000000        0.18616028000000
B           -4.28840092000000       -2.80766411000000        0.05815876000000
B           -4.25341262000000       -4.48591594000000       -0.14504593000000
B           -2.92963242000000        3.13548186000000        0.31312071000000
B           -2.89959440000000        1.43105385000000        0.31874126000000
B           -1.48621130000000        3.98536999000000        0.56566060000000
B           -1.45341559000000        2.30754341000000        0.37102025000000
B           -1.42064957000000        0.62345468000000        0.14906160000000
B           -2.83544834000000       -1.93285978000000        0.15428190000000
B           -2.80095145000000       -3.63127566000000        0.02523431000000
B           -1.38861516000000       -1.05786268000000        0.06454513000000
B           -1.35720784000000       -2.75526113000000        0.13223900000000
B           -1.32523750000000       -4.44412043000000        0.19140236000000
B           -0.00346362000000        3.18175278000000        0.46250209000000
B            0.02923424000000        1.49268547000000        0.20290969000000
B            1.44435637000000        4.04969529000000        0.45544294000000
B            1.47695476000000        2.36588381000000        0.33188006000000
B            1.50905904000000        0.67551198000000        0.22334280000000
B            0.09328448000000       -1.87541973000000        0.10126949000000
B            0.12554843000000       -3.57680607000000        0.07806734000000
B            1.54100457000000       -1.00629873000000        0.16876604000000
B            1.57366549000000       -2.69783585000000        0.08113918000000
B            1.60576350000000       -4.37637183000000       -0.11730405000000
B            2.92418016000000        3.24620924000000        0.31669749000000
B            2.95805008000000        1.54219735000000        0.33247875000000
B            4.37514124000000        4.11102380000000        0.24697703000000
B            4.40847381000000        2.42350098000000        0.25973141000000
B            4.43883261000000        0.72931875000000        0.19775130000000
B            3.02242995000000       -1.82036870000000        0.11424456000000
B            3.05234974000000       -3.52328947000000        0.11050760000000
B            4.47080128000000       -0.94947474000000        0.19408583000000
B            4.50388552000000       -2.64598685000000        0.20397339000000
B            4.53261941000000       -4.33399327000000        0.25321702000000
B            5.85085892000000        3.28331464000000        0.54686076000000
B            5.88435949000000        1.61638956000000        0.13186385000000
B            5.94596486000000       -1.78394218000000        0.36526997000000
B            5.98180799000000       -3.45445604000000       -0.01171850000000
H           -6.82171029000000        3.59327530000000        0.89809087000000
H           -6.77143212000000        0.91120249000000       -0.38654741000000
H           -4.48262589000000        5.06602381000000       -0.12252905000000
H           -6.72341956000000       -1.48652112000000       -0.45948975000000
H           -6.66012456000000       -4.29699705000000        0.56502243000000
H           -4.27823306000000       -5.58946305000000       -0.54202323000000
H           -1.52058891000000        5.12309572000000        0.85070433000000
H           -1.31308317000000       -5.60369021000000        0.36592514000000
H            1.42473006000000        5.22186059000000        0.49632746000000
H            1.63161784000000       -5.51938349000000       -0.38044406000000
H            4.40804684000000        5.23137178000000       -0.09991055000000
H            4.59672902000000       -5.46120361000000        0.56747876000000
H            6.78317488000000        3.83897371000000        0.98736957000000
H            6.86577791000000        1.15728627000000       -0.31101191000000
H            6.87595630000000       -1.27528367000000        0.86013407000000
H            6.93441743000000       -3.99578449000000       -0.42528583000000
60
 energy: -61.505523409137 gnorm: 0.039965998235 xtb: 6.7.1 (edcfbbe)
B           -5.85597740438950        3.06061513636267        0.51503405297926
B           -5.82248279497493        1.40060142675822        0.07851176226794
B           -4.41431711305664        3.94372162244905        0.19245005117509
B           -4.38521110750866        2.25710058273135        0.25520168248269
B           -4.35109718059120        0.55826195930544        0.25719644701665
B           -5.75862318364587       -1.99423593084221       -0.04823641349773
B           -5.72766892492343       -3.68504628812738        0.21948262384284
B           -4.31904911961819       -1.11437333602388        0.19365870181118
B           -4.28934099799535       -2.80744750638814        0.05062924874535
B           -4.25372759959481       -4.48215192993467       -0.16813511934535
B           -2.92894347204439        3.13946212041617        0.30037398100479
B           -2.89874387831037        1.42813397485264        0.32390538355670
B           -1.48632336905434        3.98287357077913        0.58225030198351
B           -1.45325654815180        2.30729978124417        0.37255595758187
B           -1.42070950455804        0.62221795945553        0.14804689453798
B           -2.83467519988842       -1.93009651485206        0.15438914606686
B           -2.80014005042647       -3.63432304838372        0.01704621873946
B           -1.38872152345560       -1.05635885575875        0.06499253770731
B           -1.35723185801456       -2.75505344502702        0.13179980914286
B           -1.32504049277154       -4.44303699018436        0.20854747868353
B           -0.00362294224973        3.18424183746442        0.47056912364686
B            0.02924301386754        1.49035235866861        0.19796338484907
B            1.44427081526057        4.04872329643728        0.45944525046384
B            1.47720308673107        2.36588905511551        0.33188988556069
B            1.50925242106135        0.67332980325280        0.23942137088158
B            0.09321077431556       -1.87266180392847        0.10023679879643
B            0.12565727668385       -3.57989071437865        0.07408939207626
B            1.54108961995145       -1.00528223156541        0.18439276225411
B            1.57409713663417       -2.69720780013153        0.07114508053776
B            1.60576267834946       -4.37345906856041       -0.14172212030640
B            2.92399923108794        3.24989754846914        0.30499022104645
B            2.95746180603048        1.53935695118345        0.33675443666798
B            4.37621879951495        4.10922257898112        0.22037993497141
B            4.40956849763107        2.42396989150621        0.24487645635996
B            4.43919784290211        0.72681122111901        0.20339123941130
B            3.02174659703759       -1.81769392668817        0.11721766067761
B            3.05203138773546       -3.52664549482840        0.10873704903071
B            4.47085018729082       -0.94769249907800        0.20915578884351
B            4.50493382110162       -2.64642238203092        0.21250531682388
B            4.53287343976690       -4.33202387587913        0.27261559867544
B            5.84829205784466        3.28110009702614        0.56562513227382
B            5.88224124437874        1.62048180766320        0.10186371792883
B            5.94375817828944       -1.78775878189997        0.38605419876880
B            5.97964076640084       -3.45218850161304       -0.03354932737523
H           -6.82080839956494        3.59412319792815        0.91830321331883
H           -6.77480685128201        0.91289479614626       -0.39531476417156
H           -4.48624046804899        5.07005927658747       -0.13494424703625
H           -6.72622906020370       -1.48870533219627       -0.46749204574449
H           -6.65964467803425       -4.29930417083035        0.58316536492688
H           -4.28092007880540       -5.59218971782956       -0.55239289308948
H           -1.52196109546363        5.12207257244927        0.87024315939582
H           -1.31261675822050       -5.60497848927333        0.38381100713854
H            1.42492215119289        5.22325215320886        0.50740890619446
H            1.63178717351065       -5.52124763777798       -0.39350026657240
H            4.41102911967337        5.23644045467443       -0.11157890324605
H            4.59766208296350       -5.46309162136191        0.58328703062548
H            6.78329949701401        3.83926120379166        1.00458457996790
H            6.86869465114466        1.16158284704113       -0.33364243789964
H            6.87671415923811       -1.28029271293453        0.87946138429204
H            6.93479629024242       -3.99779293476024       -0.44263983744757
60
 energy: -61.505824539506 gnorm: 0.025176600272 xtb: 6.7.1 (edcfbbe)
B           -5.85694089604185        3.06147434927067        0.51308268656735
B           -5.82287111069618        1.40105283444369        0.07892695863776
B           -4.41449784982222        3.94420456660300        0.18483890032180
B           -4.38488300975136        2.25714689978462        0.25131239355091
B           -4.35127792641676        0.55824294252595        0.25245238241467
B           -5.75904917536934       -1.99472917012559       -0.04679747121349
B           -5.72861729696006       -3.68570347322737        0.21944735056325
B           -4.31931104353729       -1.11382629587049        0.18780179263852
B           -4.28903359283081       -2.80706630403278        0.04725927228714
B           -4.25404206915189       -4.48218977990900       -0.17278286860300
B           -2.92806330811458        3.14013669751450        0.29230949533443
B           -2.89929494236524        1.42795304576755        0.32711932552092
B           -1.48669300043194        3.98242699604684        0.59054308597848
B           -1.45324858756995        2.30755229395417        0.37293656358527
B           -1.42069643225843        0.62227828434717        0.14903951150802
B           -2.83522261392064       -1.93002669320108        0.15480422125236
B           -2.79934645602445       -3.63429494441392        0.01036264060051
B           -1.38871380224981       -1.05643450679712        0.06688554219078
B           -1.35720377302443       -2.75518368194586        0.12844689518810
B           -1.32531108052271       -4.44329846175207        0.21302713523368
B           -0.00354993740432        3.18402186379313        0.47761735528852
B            0.02938545170538        1.49048113444223        0.19461323461111
B            1.44464822803784        4.04880005737818        0.46366834533380
B            1.47728906023160        2.36615134280898        0.33160893928039
B            1.50939431704394        0.67309294637062        0.24726970692646
B            0.09331646415441       -1.87256185246889        0.10023593357849
B            0.12574285953812       -3.58003248595475        0.07087864894936
B            1.54118382609475       -1.00562149948377        0.19157875563966
B            1.57420890107291       -2.69721608837169        0.06765537125254
B            1.60617705558128       -4.37300143273512       -0.15066990671927
B            2.92333519563658        3.25049514117413        0.29327231803049
B            2.95811641591143        1.53910871300269        0.34301093021396
B            4.37659536323433        4.10959329694188        0.21162924820729
B            4.40932499265551        2.42395949398032        0.23694294395641
B            4.43960188928485        0.72657808234543        0.20336151874903
B            3.02237282490086       -1.81771348310580        0.12138579814890
B            3.05144769402966       -3.52692997662977        0.10835328950874
B            4.47117630042993       -0.94768069750637        0.21821433351840
B            4.50466085203526       -2.64634222364475        0.21685825675456
B            4.53326122743878       -4.33241408928766        0.27488143354668
B            5.84961379325564        3.28230919664967        0.55958457380477
B            5.88249547307005        1.62071414181640        0.09727566345179
B            5.94407655205579       -1.78826370552997        0.39012209658102
B            5.98087800456421       -3.45274207477158       -0.03362071483839
H           -6.81613815023268        3.59478100219574        0.92806584268352
H           -6.77393806934480        0.91464831790971       -0.39818614993157
H           -4.49033611342318        5.06956185735112       -0.14493478969473
H           -6.72603743276842       -1.49103808867032       -0.46912407756426
H           -6.65621130357857       -4.30031876968490        0.59121719215296
H           -4.28459815306216       -5.59129596447286       -0.55942625359581
H           -1.52399915342422        5.11887719537531        0.89116591212562
H           -1.31294281539283       -5.60401710489818        0.40013149116175
H            1.42548768557917        5.22363320382252        0.52247264376365
H            1.63221109574830       -5.52031349711890       -0.40655123947099
H            4.41527178102276        5.23629240986222       -0.12234275941195
H            4.60034879884236       -5.46084321077638        0.59582114188463
H            6.78033184752592        3.83796346237814        1.00852890428542
H            6.86522160058952        1.16578199898709       -0.35068953722104
H            6.87526830464994       -1.28635938633211        0.89245268036080
H            6.93299938977003       -3.99715728612465       -0.44883653886025
60
 energy: -61.505973904884 gnorm: 0.012255270035 xtb: 6.7.1 (edcfbbe)
B           -5.85655422295892        3.06160378571785        0.50962042031369
B           -5.82264144501989        1.40099206302200        0.07945398148045
B           -4.41393870645545        3.94427380045095        0.17989101972692
B           -4.38450877826973        2.25717605074722        0.24913917379659
B           -4.35108622816479        0.55844185198464        0.24961089560802
B           -5.75890754919632       -1.99457525754446       -0.04552421339645
B           -5.72830338147742       -3.68537850928143        0.21790069226724
B           -4.31917240520775       -1.11361174543453        0.18408777367957
B           -4.28877035863904       -2.80677003628113        0.04513632906688
B           -4.25374523869706       -4.48186287915243       -0.17543235716598
B           -2.92755903534637        3.14012738925470        0.28792888984352
B           -2.89928748407973        1.42799352262505        0.32847717664212
B           -1.48670357887217        3.98175631859148        0.59607434328883
B           -1.45308978437812        2.30755352020129        0.37266135944030
B           -1.42054798787110        0.62237265697405        0.14986314736617
B           -2.83526601182792       -1.93003810307303        0.15444951198237
B           -2.79899449319856       -3.63383695898683        0.00590838534315
B           -1.38859911571968       -1.05662125481973        0.06958956288210
B           -1.35709464775726       -2.75502535620677        0.12487648243396
B           -1.32541618895589       -4.44311116807379        0.21416245488984
B           -0.00343358098001        3.18331010048074        0.48215078935804
B            0.02951993722467        1.49071758564512        0.19117995874199
B            1.44487435166192        4.04833708089541        0.46850253055496
B            1.47725832870799        2.36611122830847        0.33080845919273
B            1.50939384264558        0.67306443319616        0.25073448498736
B            0.09339103973004       -1.87265812520415        0.10072249824325
B            0.12577662674137       -3.57957691343772        0.06879457531796
B            1.54113600528563       -1.00592516051326        0.19477724045795
B            1.57413946292217       -2.69706551191803        0.06577143960141
B            1.60629205469405       -4.37257437875123       -0.15376034547174
B            2.92304204080887        3.25047050987091        0.28395838443991
B            2.95822763138961        1.53894057593023        0.34837756684675
B            4.37633053936602        4.10947028867487        0.20423460155864
B            4.40905945443736        2.42387442741924        0.23150178944326
B            4.43957973124993        0.72644509522752        0.20693520124620
B            3.02244940359338       -1.81794150605099        0.12579012870295
B            3.05117151073333       -3.52676278849807        0.10843081309696
B            4.47108063169978       -0.94788685374181        0.22207921266789
B            4.50438259532681       -2.64633056849467        0.21987460725982
B            4.53294939260253       -4.33241309342878        0.27501148106114
B            5.84952957833998        3.28257806203212        0.55228918476675
B            5.88234737983922        1.62028497617124        0.09493742808849
B            5.94385861837130       -1.78815238511179        0.39196037991421
B            5.98061512049923       -3.45268816766248       -0.03142634599338
H           -6.81038713211738        3.59582479667929        0.93695989945121
H           -6.77184362562814        0.91570649317604       -0.40287688332900
H           -4.49279698709100        5.06797918282808       -0.15575081261424
H           -6.72507611226021       -1.49245687683517       -0.47213777493369
H           -6.65210508934741       -4.30146892449689        0.59778833628909
H           -4.28729672736599       -5.58937690235885       -0.56728319194718
H           -1.52604812378665        5.11445227925780        0.91320659649104
H           -1.31331151812926       -5.60210409636542        0.41606003419007
H            1.42625530446140        5.22322759111954        0.54201655293735
H            1.63263418447054       -5.51824467245663       -0.41918156340859
H            4.41822192915728        5.23479713701939       -0.13537134531712
H            4.60250356440455       -5.45757259391275        0.60881476178617
H            6.77630605556528        3.83762660440317        1.01089785756977
H            6.85948733792763        1.16927486628370       -0.37042875908094
H            6.87297505492865       -1.29201839558549        0.90487129208951
H            6.93107098001310       -3.99603755050990       -0.45258774374633
60
 energy: -61.506039048352 gnorm: 0.005438228935 xtb: 6.7.1 (edcfbbe)
B           -5.85629268171513        3.06166193095918        0.50856588394417
B           -5.82254519779749        1.40116291169700        0.07719795672188
B           -4.41361800175915        3.94448948312992        0.17561921560269
B           -4.38459333809600        2.25745969097451        0.24837933853126
B           -4.35109938296145        0.55864807483476        0.25018909626915
B           -5.75894059558050       -1.99433132377806       -0.04691509661202
B           -5.72817917905010       -3.68515463620418        0.21800291867037
B           -4.31920625790386       -1.11369230117969        0.18440593681804
B           -4.28901648582847       -2.80683692368285        0.04401193576353
B           -4.25371680440007       -4.48160063594006       -0.17865114674977
B           -2.92773782298960        3.14026644231515        0.28710765561088
B           -2.89908184628155        1.42820034133859        0.32787338439896
B           -1.48656088834527        3.98143605227916        0.59954283023726
B           -1.45300358322031        2.30758585132431        0.37279653270832
B           -1.42048810381412        0.62242188942149        0.15040100227689
B           -2.83514399980255       -1.93010529660780        0.15390573775248
B           -2.79933432253773       -3.63379325848018        0.00399864355470
B           -1.38860506533500       -1.05681026837906        0.07243155583641
B           -1.35713133739093       -2.75498641194194        0.12277864716533
B           -1.32549739159467       -4.44311211386054        0.21447086644167
B           -0.00331110552458        3.18316873541148        0.48343393290199
B            0.02962131099193        1.49093257026255        0.18883049637295
B            1.44509980050262        4.04794961755783        0.47432733747072
B            1.47738811714096        2.36610756078017        0.33082749834581
B            1.50947310461373        0.67307403235645        0.25120064201608
B            0.09341081199143       -1.87285749357424        0.10159174032610
B            0.12577652412603       -3.57956915248593        0.06808643839638
B            1.54117812112119       -1.00609493365775        0.19509242865260
B            1.57419971141730       -2.69705919609561        0.06386662526062
B            1.60631382421024       -4.37260002010531       -0.15417293881501
B            2.92345052044198        3.25056935569105        0.27891931978656
B            2.95818345061073        1.53890750175196        0.35093139026324
B            4.37635612498874        4.10946146649272        0.19573370429706
B            4.40930366484273        2.42403918467501        0.22743541936675
B            4.43973659637139        0.72631455227558        0.21271194979718
B            3.02234609959945       -1.81829420933796        0.12954051221249
B            3.05149746975875       -3.52697451702635        0.10956448950262
B            4.47115731499786       -0.94822103585137        0.22355557058090
B            4.50458302346838       -2.64671003989881        0.22330999871701
B            4.53284806780882       -4.33262082810714        0.27677084997391
B            5.84953806471460        3.28259842191274        0.54792588166130
B            5.88248190127395        1.62006764762423        0.09102493726569
B            5.94390654608205       -1.78818386802576        0.39428296578307
B            5.98041326776054       -3.45276738731852       -0.03077689633047
H           -6.80555213105668        3.59678952874934        0.94505681660755
H           -6.76943997274314        0.91606886044171       -0.40996274574208
H           -4.49325264274784        5.06610751312808       -0.16676285598999
H           -6.72387756519545       -1.49269104539270       -0.47708516832586
H           -6.64902794721826       -4.30259995237999        0.60308667630706
H           -4.28867128612026       -5.58711261693002       -0.57606311650178
H           -1.52778620678912        5.10959319160042        0.93304993156776
H           -1.31386368199610       -5.59980766008195        0.42974837316714
H            1.42746024515144        5.22192682296734        0.56492377155819
H            1.63317786318476       -5.51552736431794       -0.43159623379064
H            4.41958907989438        5.23282378962763       -0.15035898412581
H            4.60373322661774       -5.45464267017030        0.62103085929055
H            6.77228410906875        3.83929282241484        1.01267558161475
H            6.85276632756921        1.17154792475458       -0.39198150914890
H            6.87066428383870       -1.29594682032706        0.91565702411713
H            6.93001040163499       -3.99527224761069       -0.45503725935292
60
 energy: -61.506060441463 gnorm: 0.003217504986 xtb: 6.7.1 (edcfbbe)
B           -5.85628861845669        3.06171038538158        0.50880748669687
B           -5.82235645229007        1.40131731107700        0.07523973337549
B           -4.41350344284578        3.94449514310390        0.17503519111931
B           -4.38444088507719        2.25748843426084        0.24845657999752
B           -4.35096321111749        0.55873731894129        0.24948147597000
B           -5.75883040959201       -1.99423707629816       -0.04804591727983
B           -5.72826161984366       -3.68513214515214        0.21834759263308
B           -4.31909779150084       -1.11367506519753        0.18460972610526
B           -4.28892483447016       -2.80680339299206        0.04416934384278
B           -4.25370401624810       -4.48147493095714       -0.17940714770372
B           -2.92771857466923        3.14022393486532        0.28780410085695
B           -2.89894373275694        1.42827561040456        0.32665366766557
B           -1.48640202398622        3.98133607485374        0.59991505636496
B           -1.45293035198329        2.30746540676015        0.37379548234327
B           -1.42043118759194        0.62236083583709        0.15051039617448
B           -2.83504567620473       -1.93010096088192        0.15463964891154
B           -2.79938888640712       -3.63376030272266        0.00458041077242
B           -1.38859128336147       -1.05684224909824        0.07362836623722
B           -1.35713836661239       -2.75496838547246        0.12388385312906
B           -1.32547899534295       -4.44305261732810        0.21559576019186
B           -0.00324091921091        3.18334852102793        0.48172678982123
B            0.02966414541415        1.49091544072297        0.18791580389947
B            1.44517615598060        4.04758335581317        0.47836024113492
B            1.47746904534879        2.36598892829634        0.33201022329220
B            1.50950860489321        0.67306293014713        0.24928248827313
B            0.09340443098850       -1.87286469703859        0.10205094275857
B            0.12577515020337       -3.57972331445822        0.06923047824475
B            1.54120274412486       -1.00599892929828        0.19317662553848
B            1.57424443012691       -2.69696513212917        0.06170679795769
B            1.60624950912778       -4.37263720480302       -0.15377183017097
B            2.92357972928746        3.25043388256548        0.27940296554079
B            2.95815824618072        1.53891749812935        0.34942775695371
B            4.37635202941874        4.10933833571984        0.19239471409668
B            4.40924905015376        2.42400493230006        0.22570009412388
B            4.43968298096805        0.72627795165484        0.21290146575615
B            3.02226575100694       -1.81835957461944        0.12947870894710
B            3.05150594434635       -3.52704526622861        0.11147967670765
B            4.47109541816671       -0.94831800082024        0.22379274906127
B            4.50445109044774       -2.64682691656618        0.22591448376350
B            4.53279100348712       -4.33265700212585        0.27909209396281
B            5.84973771492148        3.28259246399261        0.54673481875053
B            5.88238739705109        1.62000581212236        0.08935766909720
B            5.94384469859941       -1.78822573294007        0.39491409001220
B            5.98043296583352       -3.45295426260664       -0.03081292096661
H           -6.80454537054422        3.59648149131365        0.94699162349414
H           -6.76848319025626        0.91646305276567       -0.41373508786460
H           -4.49291838092684        5.06508619219649       -0.17051423750827
H           -6.72324682219540       -1.49260918534132       -0.47953215313786
H           -6.64881974067752       -4.30262534856889        0.60344631813636
H           -4.28898769481527       -5.58597903638085       -0.57938006210652
H           -1.52833847450299        5.10712413716330        0.93992708390965
H           -1.31447032673209       -5.59861206260046        0.43482179188497
H            1.42870914701014        5.22041953123986        0.58006682461306
H            1.63365350473207       -5.51378932532460       -0.43801389970390
H            4.42018141275592        5.23147171970831       -0.15732029899730
H            4.60415331700342       -5.45359282589929        0.62591787505035
H            6.77068798962849        3.84145047179320        1.01171558141775
H            6.84922410905283        1.17247548765272       -0.40132836530872
H            6.86981309909704       -1.29663394495136        0.91819404558953
H            6.93021461486263       -3.99569016300925       -0.45391642342916
60
 energy: -61.506077637593 gnorm: 0.002186157066 xtb: 6.7.1 (edcfbbe)
B           -5.85622328643153        3.06172354478907        0.50850547133488
B           -5.82226378559326        1.40146635722360        0.07322311097201
B           -4.41350894083134        3.94450214602752        0.17547957786200
B           -4.38440458610711        2.25754178713840        0.24812290253895
B           -4.35095139921359        0.55885980079780        0.24714179724401
B           -5.75879695651376       -1.99423679924921       -0.04884105022681
B           -5.72826996675538       -3.68504394288237        0.21806231297395
B           -4.31911079212360       -1.11360746688943        0.18386641110379
B           -4.28892083727040       -2.80682006616028        0.04436226345866
B           -4.25371805984574       -4.48148322712587       -0.17917083941316
B           -2.92766172648097        3.14025285179676        0.28788694549223
B           -2.89895247320807        1.42836310767777        0.32508662239456
B           -1.48633162320199        3.98139707454000        0.59953116320481
B           -1.45290679883325        2.30731370794353        0.37590133694123
B           -1.42041743106332        0.62230156859748        0.15087351352143
B           -2.83508544572044       -1.93013649945518        0.15601796636003
B           -2.79939140936929       -3.63381918024340        0.00575945076519
B           -1.38860418741977       -1.05691233083366        0.07494311782364
B           -1.35716283362684       -2.75505944345597        0.12678692172896
B           -1.32549854162259       -4.44307595739889        0.21763382567479
B           -0.00319220538205        3.18360318061511        0.47936703116642
B            0.02968795985778        1.49094166849236        0.18657781050667
B            1.44527527572518        4.04718270088035        0.48433859651881
B            1.47751839380366        2.36583679462976        0.33474149411989
B            1.50956287982555        0.67310935086323        0.24655115603661
B            0.09339434039887       -1.87289769960356        0.10276899405933
B            0.12577555316136       -3.57994032016537        0.07161844388952
B            1.54125764988491       -1.00589065492064        0.19080848742481
B            1.57428866455363       -2.69684923663015        0.05843578340214
B            1.60621499960251       -4.37277561125430       -0.15305768146938
B            2.92364244234042        3.25039671713098        0.28048892956880
B            2.95825458156950        1.53902187545916        0.34585972846785
B            4.37636840818853        4.10930977204770        0.18997947596927
B            4.40926393772224        2.42406776253968        0.22313160001520
B            4.43971833286425        0.72629387277553        0.21072001343193
B            3.02231288201012       -1.81836943132478        0.12817546206747
B            3.05145339838927       -3.52717648868912        0.11427172645455
B            4.47113573269241       -0.94834043275023        0.22325273011794
B            4.50439425607622       -2.64696188978276        0.22910995273689
B            4.53275770092702       -4.33266970841591        0.28170651041356
B            5.84984014683182        3.28256754567807        0.54465623187654
B            5.88238250399105        1.62004021873487        0.08731910195908
B            5.94388257568761       -1.78821051674312        0.39475501447691
B            5.98034923710020       -3.45313724894945       -0.02963874807642
H           -6.80483276798144        3.59526341087680        0.94663899378975
H           -6.76819796260766        0.91739775153562       -0.41677653986613
H           -4.49255055063011        5.06434079543070       -0.17216410980939
H           -6.72281951844013       -1.49272231734894       -0.48125300021445
H           -6.64957897273490       -4.30218714937128        0.60155701555734
H           -4.28904332205649       -5.58509633745699       -0.58122759565342
H           -1.52844435140820        5.10498422678991        0.94444995370367
H           -1.31503160576231       -5.59770449797586        0.43868834934709
H            1.43021472900835        5.21825380687758        0.60049757697734
H            1.63403574029657       -5.51174152476337       -0.44510591257730
H            4.42101688571767        5.23003083317416       -0.16345856224963
H            4.60447930782806       -5.45284470374952        0.62981081477491
H            6.76998154008271        3.84374677775680        1.00793640855816
H            6.84654986471843        1.17376229454578       -0.40873273599666
H            6.86946912812790       -1.29647743587825        0.91824432272323
H            6.93076743925175       -3.99698764389827       -0.44970729595413
60
 energy: -61.506088477456 gnorm: 0.001614890169 xtb: 6.7.1 (edcfbbe)
B           -5.85627665985236        3.06180132882173        0.50772004063757
B           -5.82222966220674        1.40149936753463        0.07170387837133
B           -4.41355008929517        3.94449591374270        0.17551595822991
B           -4.38441346910746        2.25755227853922        0.24727595699660
B           -4.35098042709999        0.55890731563647        0.24565205852114
B           -5.75878006234880       -1.99427520833226       -0.04912038583798
B           -5.72834541680245       -3.68504198213088        0.21785448401571
B           -4.31913768498130       -1.11356156751854        0.18358377598181
B           -4.28892701550208       -2.80681485554020        0.04436035427653
B           -4.25370212434879       -4.48155843204059       -0.17850039369686
B           -2.92760822156694        3.14033003154813        0.28655354660010
B           -2.89897064961996        1.42841056242032        0.32380903857495
B           -1.48635460270912        3.98151239090494        0.59816890163091
B           -1.45292403858900        2.30718958295091        0.37781797888905
B           -1.42042380882202        0.62230825044934        0.15083859358113
B           -2.83511166267089       -1.93014598551993        0.15697780732950
B           -2.79935905611820       -3.63389911819020        0.00675631008712
B           -1.38861659004092       -1.05698714576822        0.07582224172436
B           -1.35717504691475       -2.75515773968895        0.12978189276580
B           -1.32551415246779       -4.44306563214179        0.21923593808352
B           -0.00319960911162        3.18368753689130        0.47787734761661
B            0.02968072561486        1.49103535530802        0.18464418862430
B            1.44531210453835        4.04677106045490        0.49032366499633
B            1.47748497337570        2.36567246652425        0.33822987723063
B            1.50956237047223        0.67321921889885        0.24427746164147
B            0.09337621382299       -1.87293296513077        0.10362045872236
B            0.12577123789719       -3.57999894604284        0.07375968667955
B            1.54126101118614       -1.00584770234450        0.18969097110078
B            1.57427865539713       -2.69670321099446        0.05535637515209
B            1.60619017812112       -4.37286166002872       -0.15215704802244
B            2.92356550594819        3.25047122634523        0.28067618712492
B            2.95828294344831        1.53914917541589        0.34221095337330
B            4.37627867074873        4.10937576516576        0.18892536832920
B            4.40921799958455        2.42414820969885        0.22080244790278
B            4.43972387087105        0.72633142185068        0.20832280864193
B            3.02232519339083       -1.81829904325262        0.12689727653554
B            3.05137674036162       -3.52725276447456        0.11615076972488
B            4.47115176403333       -0.94824351967760        0.22132064846620
B            4.50434837927720       -2.64696589930322        0.23094006240003
B            4.53272101643046       -4.33262467257924        0.28326220410825
B            5.84993320260587        3.28269608452153        0.54241558610243
B            5.88231672551538        1.62010797042060        0.08524127565936
B            5.94391447011643       -1.78807453224646        0.39406692904381
B            5.98037933104925       -3.45330379929348       -0.02799842899146
H           -6.80614554436773        3.59413219249866        0.94442354244749
H           -6.76873210979540        0.91836071809585       -0.41806485509163
H           -4.49234343146321        5.06442499038099       -0.17184400739741
H           -6.72287074196637       -1.49303166999606       -0.48164387180335
H           -6.65076842764117       -4.30192327358917        0.59900807582239
H           -4.28883779251704       -5.58497411245037       -0.58105097734040
H           -1.52828309944476        5.10413824654679        0.94541986191784
H           -1.31508125161636       -5.59752656266704        0.44060060102311
H            1.43126553309153        5.21622797997180        0.62059971909438
H            1.63397779856550       -5.51015289517165       -0.45035521408269
H            4.42147687267956        5.22928652290519       -0.16670111758028
H            4.60453818243833       -5.45258062121972        0.63196946401970
H            6.77102686576243        3.84469046685258        1.00262600995519
H            6.84618945163804        1.17491147553698       -0.41159441677293
H            6.86958678950143       -1.29561749270196        0.91672708817708
H            6.93152182150470       -3.99872455679712       -0.44427660131363
60
 energy: -61.506095773898 gnorm: 0.001403792895 xtb: 6.7.1 (edcfbbe)
B           -5.85633033941419        3.06193024127161        0.50566290030447
B           -5.82228952432086        1.40142175805598        0.07047531651157
B           -4.41362863822208        3.94452817322092        0.17457927496174
B           -4.38447273904500        2.25756371424282        0.24559427348442
B           -4.35104153876798        0.55891476487546        0.24504229726666
B           -5.75883818148513       -1.99436035036615       -0.04861591546718
B           -5.72834981875602       -3.68503444226613        0.21782746809232
B           -4.31918854813492       -1.11358145244904        0.18400675000008
B           -4.28894848282595       -2.80680667148673        0.04420065049322
B           -4.25370328483466       -4.48174910425130       -0.17716126207626
B           -2.92758922912075        3.14043792772127        0.28347455599048
B           -2.89905982382578        1.42848717817642        0.32239819907151
B           -1.48647831053376        3.98176586653571        0.59548680977132
B           -1.45301162407290        2.30709086981234        0.37955394760430
B           -1.42046583079834        0.62237396309091        0.14994244387766
B           -2.83517630414193       -1.93016937063242        0.15771690146529
B           -2.79933284606864       -3.63397261140875        0.00765749283635
B           -1.38866494172699       -1.05706337105308        0.07635487807295
B           -1.35721650431598       -2.75526468762353        0.13301407050184
B           -1.32553409811301       -4.44307348011732        0.22027545243592
B           -0.00327063982038        3.18370580463564        0.47712865781877
B            0.02964265212118        1.49118642396452        0.18191003101787
B            1.44532257695361        4.04626408407769        0.49791845613203
B            1.47743121971588        2.36542789449930        0.34402359709116
B            1.50952065359298        0.67335418776256        0.24257046800244
B            0.09333918017923       -1.87297688018447        0.10472105680876
B            0.12576377381452       -3.57998732332614        0.07515478010073
B            1.54122772576449       -1.00585675217919        0.18985273874260
B            1.57427659642146       -2.69650302403559        0.05145726162638
B            1.60619321698168       -4.37290575038329       -0.15176668431999
B            2.92337867011090        3.25060985469953        0.27970709937098
B            2.95829597909369        1.53936256627469        0.33805080402099
B            4.37609964676240        4.10957483136241        0.18783383742192
B            4.40913450907522        2.42427115709728        0.21801058467999
B            4.43968347916760        0.72645933886604        0.20504958508801
B            3.02234246133700       -1.81824491262379        0.12650304515969
B            3.05129750613283       -3.52725680896335        0.11715074383188
B            4.47115605240474       -0.94810679468447        0.21930942905523
B            4.50431460555325       -2.64687737705735        0.23203202326113
B            4.53270750142078       -4.33256684379402        0.28440970726137
B            5.84989571383235        3.28297294735467        0.53911726940670
B            5.88221096927553        1.62019054065288        0.08282783202532
B            5.94396900306415       -1.78784283707117        0.39306725678118
B            5.98035089726560       -3.45338015432622       -0.02607501323889
H           -6.80801419902028        3.59370530028892        0.93976286083004
H           -6.76964237503370        0.91880127517826       -0.41817480838000
H           -4.49211112928102        5.06538869971381       -0.17014876705315
H           -6.72324423583723       -1.49338449147384       -0.48070032060302
H           -6.65213828946443       -4.30201968271838        0.59597320702525
H           -4.28849756632434       -5.58564336244723       -0.57860862826238
H           -1.52844779158967        5.10451682642717        0.94307377148056
H           -1.31481107331680       -5.59791888782534        0.44150487014209
H            1.43233569153470        5.21360735736016        0.64683518358464
H            1.63356423622398       -5.50880378793678       -0.45517696187100
H            4.42102571843831        5.22942984193361       -0.16819308759580
H            4.60431199627494       -5.45277876279370        0.63309468231010
H            6.77380897490726        3.84456276786930        0.99454234780729
H            6.84787110189284        1.17545461418818       -0.41088882369784
H            6.86993335905608       -1.29381587277125        0.91401240861246
H            6.93246638984364       -4.00071738296006       -0.43785065667423
60
 energy: -61.506098395420 gnorm: 0.000915477031 xtb: 6.7.1 (edcfbbe)
B           -5.85640071272859        3.06198754968630        0.50485199856895
B           -5.82233190371023        1.40135615521139        0.07092652231293
B           -4.41361372641533        3.94452212736040        0.17376157542106
B           -4.38451371880748        2.25757941274429        0.24525495577075
B           -4.35107366695169        0.55888254134925        0.24591134403025
B           -5.75886828932325       -1.99438706321380       -0.04792691488652
B           -5.72837531786903       -3.68507648293648        0.21829354989470
B           -4.31920864192823       -1.11362833403250        0.18455582404986
B           -4.28898431968575       -2.80683181280811        0.04424343662120
B           -4.25370704026156       -4.48176448770730       -0.17674745963874
B           -2.92763689358489        3.14043787242219        0.28277079968082
B           -2.89906636456339        1.42849096560683        0.32242889467621
B           -1.48652204861742        3.98182139725926        0.59479446024235
B           -1.45303607096557        2.30715484059778        0.37850374889714
B           -1.42047982562712        0.62239888021489        0.14933953626568
B           -2.83517174539198       -1.93016189518388        0.15736147551487
B           -2.79936322381283       -3.63395318120912        0.00738735771170
B           -1.38867213048277       -1.05703673222118        0.07586650548304
B           -1.35721902294509       -2.75522672006768        0.13228843402589
B           -1.32552376616549       -4.44306992704162        0.21937638552573
B           -0.00331857746208        3.18367648319478        0.47747400903180
B            0.02962079179591        1.49119439791872        0.18188342532330
B            1.44527718816318        4.04628649980358        0.49746823532892
B            1.47738807842780        2.36537612232052        0.34490630834348
B            1.50947697550990        0.67332954351134        0.24347902894876
B            0.09332557594615       -1.87297431348067        0.10474122856624
B            0.12575596713522       -3.57992470004680        0.07406010241360
B            1.54118457754034       -1.00590155511560        0.19113141653974
B            1.57424530711193       -2.69649548712648        0.05192431193719
B            1.60618478267739       -4.37281669018749       -0.15239648143425
B            2.92334257232542        3.25063477087355        0.27900222466128
B            2.95822292704863        1.53936687930878        0.33868645838382
B            4.37603303239093        4.10957646398520        0.18797785224616
B            4.40911786383958        2.42427090646052        0.21869306161313
B            4.43965432863409        0.72646806653028        0.20595476545936
B            3.02228493103930       -1.81827605470177        0.12768430740549
B            3.05131502685246       -3.52720152438802        0.11611843622245
B            4.47111176134925       -0.94811041394463        0.22000990108488
B            4.50434257526503       -2.64683409529073        0.23078856833968
B            4.53267528777610       -4.33252628735276        0.28335732030963
B            5.84985520183735        3.28306435569816        0.53885901881865
B            5.88219874262264        1.62018610671583        0.08315414670976
B            5.94392301765959       -1.78783575457792        0.39316788299202
B            5.98037552987170       -3.45330996585636       -0.02648890963701
H           -6.80767097091596        3.59480870465658        0.93878853772739
H           -6.76939765533005        0.91782710863569       -0.41745440546564
H           -4.49209065850228        5.06582164950659       -0.16975027745568
H           -6.72329670586343       -1.49323438611192       -0.47981946683967
H           -6.65174308718900       -4.30234345665713        0.59700984745203
H           -4.28850899845632       -5.58613487391692       -0.57706544742780
H           -1.52877379205806        5.10554180166256        0.94014406719482
H           -1.31470830894071       -5.59813289588880        0.44052231020004
H            1.43232245148037        5.21336257107041        0.64718234431779
H            1.63354899131217       -5.50933204203332       -0.45370758110785
H            4.42017208759364        5.23017224570115       -0.16630066858610
H            4.60411014303330       -5.45303153053504        0.63153831928729
H            6.77422418916324        3.84408275230516        0.99420746325079
H            6.84897832517274        1.17451304922355       -0.40824374877602
H            6.87007303114687       -1.29385372212095        0.91393291925459
H            6.93231007283347       -4.00008829578062       -0.43935491280200
