AutoDock Vina v1.2.7
#################################################################
# If you used AutoDock Vina in your work, please cite:          #
#                                                               #
# J. Eberhardt, D. Santos-Martins, A. F. Tillack, and S. Forli  #
# AutoDock Vina 1.2.0: New Docking Methods, Expanded Force      #
# Field, and Python Bindings, J. Chem. Inf. Model. (2021)       #
# DOI 10.1021/acs.jcim.1c00203                                  #
#                                                               #
# O. Trott, A. J. Olson,                                        #
# AutoDock Vina: improving the speed and accuracy of docking    #
# with a new scoring function, efficient optimization and       #
# multithreading, J. Comp. Chem. (2010)                         #
# DOI 10.1002/jcc.21334                                         #
#                                                               #
# Please see https://github.com/ccsb-scripps/AutoDock-Vina for  #
# more information.                                             #
#################################################################

Scoring function : vina
Rigid receptor: c:\Users\Andre\Proyectos doctorado\borophene-alzheimer-tau-ai\data\raw\6VHL_receptor.pdbqt
Ligand: c:\Users\Andre\Proyectos doctorado\borophene-alzheimer-tau-ai\calculations\tau\Toluidine_Blue_O\Toluidine_Blue_O_ligand.pdbqt
Grid center: X 140.423 Y 140.604 Z 140.44
Grid size  : X 26 Y 26 Z 26
Grid space : 0.375
Exhaustiveness: 8
CPU: 0
Verbosity: 1

Computing Vina grid ... done.
WARNING: At low exhaustiveness, it may be impossible to utilize all CPUs.
Performing docking (random seed: 1699707282) ... 
0%   10   20   30   40   50   60   70   80   90   100%
|----|----|----|----|----|----|----|----|----|----|
***************************************************

mode |   affinity | dist from best mode
     | (kcal/mol) | rmsd l.b.| rmsd u.b.
-----+------------+----------+----------
   1        -4.81          0          0
   2        -4.73      12.72      14.94
   3        -4.73      1.872      2.953
   4        -4.63      2.198      7.509
   5       -4.592      1.557      7.441
   6       -4.543      2.281      3.776
   7       -4.533      11.52      14.65
   8       -4.473      12.16      13.12
   9       -4.394      3.502       4.67
# Command: c:\Users\Andre\Proyectos doctorado\borophene-alzheimer-tau-ai\src\docking\vina.exe --receptor c:\Users\Andre\Proyectos doctorado\borophene-alzheimer-tau-ai\data\raw\6VHL_receptor.pdbqt --ligand c:\Users\Andre\Proyectos doctorado\borophene-alzheimer-tau-ai\calculations\tau\Toluidine_Blue_O\Toluidine_Blue_O_ligand.pdbqt --center_x 140.423 --center_y 140.604 --center_z 140.440 --size_x 26.0 --size_y 26.0 --size_z 26.0 --num_modes 9 --exhaustiveness 8 --out c:\Users\Andre\Proyectos doctorado\borophene-alzheimer-tau-ai\calculations\tau\Toluidine_Blue_O\Toluidine_Blue_O_6VHL_out.pdbqt
