60
 energy: -61.502348763017 gnorm: 0.122817042307 xtb: 6.7.1 (edcfbbe)
B           -5.76002518000000        3.56314219000000       -0.26659106000000
B           -5.77580619000000        1.89151861000000        0.08836513000000
B           -4.29086532000000        4.39997340000000        0.02057979000000
B           -4.31041121000000        2.71131209000000       -0.05882352000000
B           -4.32632176000000        1.01334207000000       -0.10313365000000
B           -5.81199781000000       -1.49786919000000        0.15662216000000
B           -5.82760522000000       -3.19122722000000       -0.02514245000000
B           -4.34308880000000       -0.66432101000000       -0.04802198000000
B           -4.36240552000000       -2.35442009000000        0.12051578000000
B           -4.37712545000000       -4.03072906000000        0.34957162000000
B           -2.83039277000000        3.54854675000000       -0.06304965000000
B           -2.85023918000000        1.84231756000000       -0.14818711000000
B           -1.36233406000000        4.36066565000000       -0.29484430000000
B           -1.37909434000000        2.67892799000000       -0.13761894000000
B           -1.39608064000000        0.98965154000000       -0.00198840000000
B           -2.88444473000000       -1.52293639000000        0.01615148000000
B           -2.89961562000000       -3.21909361000000        0.19110585000000
B           -1.41312871000000       -0.69176994000000        0.07128628000000
B           -1.43069338000000       -2.38568340000000        0.09904071000000
B           -1.44730504000000       -4.07581361000000        0.05378557000000
B            0.09616961000000        3.51242298000000       -0.20430643000000
B            0.07917113000000        1.81741293000000       -0.01812227000000
B            1.56862314000000        4.33682876000000       -0.19136552000000
B            1.55200850000000        2.65039894000000       -0.10446765000000
B            1.53408870000000        0.95565500000000       -0.10529631000000
B            0.04469265000000       -1.55174638000000        0.04418670000000
B            0.02770458000000       -3.24971675000000        0.15904692000000
B            1.51649474000000       -0.72736763000000       -0.07018101000000
B            1.50055744000000       -2.41387079000000        0.13126352000000
B            1.48338718000000       -4.08869511000000        0.37143633000000
B            3.02393942000000        3.48816987000000       -0.06351939000000
B            3.00807667000000        1.78254715000000       -0.16298298000000
B            4.49908362000000        4.30965212000000        0.00617220000000
B            4.48320244000000        2.62186133000000       -0.03747229000000
B            4.46458371000000        0.92573694000000       -0.04399764000000
B            2.97364429000000       -1.58200175000000        0.02916818000000
B            2.95478552000000       -3.28160059000000        0.13127539000000
B            4.44703081000000       -0.75301682000000       -0.03516063000000
B            4.43159418000000       -2.44803879000000        0.01426419000000
B            4.41136591000000       -4.13626355000000        0.00253794000000
B            5.95231677000000        3.44275291000000       -0.27927273000000
B            5.93412293000000        1.77163460000000        0.10819886000000
B            5.89915459000000       -1.62824603000000       -0.13115991000000
B            5.88399094000000       -3.29742597000000        0.25685560000000
H           -6.70802293000000        4.13712449000000       -0.65156102000000
H           -6.73809773000000        1.41625035000000        0.55813352000000
H           -4.32964917000000        5.52693874000000        0.34843862000000
H           -6.78904209000000       -0.95063737000000        0.48392560000000
H           -6.76743348000000       -3.78403913000000       -0.39983948000000
H           -4.43708660000000       -5.13640204000000        0.73919256000000
H           -1.36298399000000        5.50393209000000       -0.56562465000000
H           -1.46495328000000       -5.24197947000000       -0.08759328000000
H            1.58356664000000        5.51059546000000       -0.24171060000000
H            1.47833718000000       -5.22650473000000        0.66716568000000
H            4.56350618000000        5.43912923000000        0.31931768000000
H            4.44065801000000       -5.26806708000000       -0.31056817000000
H            6.90907919000000        3.98754833000000       -0.68419364000000
H            6.88223252000000        1.27861946000000        0.59390435000000
H            6.86189234000000       -1.15482198000000       -0.60071977000000
H            6.82854217000000       -3.86721909000000        0.64978728000000
60
 energy: -61.505273524990 gnorm: 0.037798042670 xtb: 6.7.1 (edcfbbe)
B           -5.75779346228668        3.56119589638764       -0.29033248240077
B           -5.77378857211888        1.89512219119894        0.10583181679039
B           -4.29150586804255        4.39776565039434        0.04534231920918
B           -4.31129396855048        2.71159260929661       -0.05395987933921
B           -4.32665942953499        1.01138726910996       -0.10040115416977
B           -5.81044476162202       -1.50040051400148        0.16782245732958
B           -5.82486529734458       -3.19181347401138       -0.05160582082005
B           -4.34320137387353       -0.66210448308225       -0.04894942974768
B           -4.36359417817060       -2.35462104103440        0.11930361011398
B           -4.37768592245450       -4.02714062379108        0.36782767848627
B           -2.82982319257547        3.55190712583201       -0.06227586877988
B           -2.84967217567187        1.83945664315798       -0.15094995999130
B           -1.36257808737158        4.35820489003743       -0.31647948398240
B           -1.37917237109256        2.67825005711417       -0.14831065053537
B           -1.39628096232764        0.98876097533482        0.01009134958418
B           -2.88365827535806       -1.52050807305109        0.00968697874493
B           -2.89919406968302       -3.22256305748131        0.19011209010173
B           -1.41327101822505       -0.68981532924200        0.08231566840299
B           -1.43093094301469       -2.38590049997862        0.09029842164330
B           -1.44704251598232       -4.07521673938344        0.03391309161460
B            0.09600143161988        3.51467465914119       -0.22035046842666
B            0.07894800864917        1.81463373129407       -0.02167154174074
B            1.56841442533036        4.33571205138293       -0.20032111159040
B            1.55219315374065        2.64999136168002       -0.11411742877176
B            1.53421133241372        0.95398993608135       -0.10788984350333
B            0.04458401799140       -1.54910735215050        0.04470139454237
B            0.02775568974445       -3.25317243498569        0.15513659325228
B            1.51657619082631       -0.72570526865134       -0.06707208897084
B            1.50083179139083       -2.41348755911063        0.13676595147853
B            1.48323154611126       -4.08527655690709        0.39704389430732
B            3.02353883807258        3.49153081361506       -0.05597937901578
B            3.00744936081926        1.77977561707052       -0.16539337519754
B            4.49971927465386        4.30763808176564        0.03055302112741
B            4.48390600154298        2.62232539846295       -0.02216836778711
B            4.46468887850836        0.92409324293306       -0.02480612490082
B            2.97281850432010       -1.57921710691330        0.03018774096067
B            2.95414418313324       -3.28525857741114        0.12637792938418
B            4.44708927406485       -0.75067861650370       -0.03615520120294
B            4.43271714691687       -2.44863786652398        0.00095949768869
B            4.41155673790402       -4.13469505745677       -0.02199899483434
B            5.94996713420290        3.44037095001672       -0.30135913273218
B            5.93186039818808        1.77543288047922        0.13536851372771
B            5.89671988941757       -1.63217991263093       -0.15871086128186
B            5.88158958320740       -3.29536102788900        0.27398677178960
H           -6.70589571520708        4.13667062550844       -0.67685516801178
H           -6.73687602479790        1.41998312343097        0.57237891500138
H           -4.33130735290766        5.52769677637332        0.36664410203652
H           -6.78462473046021       -0.95085728948915        0.50749508093126
H           -6.76783602439100       -3.78796501331471       -0.41842715384118
H           -4.43955087509677       -5.13520176650088        0.75458828124697
H           -1.36326516823796        5.50426733125274       -0.57998980991243
H           -1.46605459920487       -5.24320623320795       -0.09971356183652
H            1.58296261175491        5.51108202635680       -0.24427092174873
H            1.47766025066914       -5.22553432532047        0.68500708742486
H            4.56488382472769        5.44058874108499        0.33767879112118
H            4.44305235609901       -5.27045558081674       -0.32426122048941
H            6.90686863599143        3.98670168965460       -0.70836571642684
H            6.88373016628003        1.28236295462072        0.61158841075816
H            6.86243445959556       -1.15841214527501       -0.62272075226009
H            6.82711533771666       -3.86558681395315        0.67163455544944
60
 energy: -61.505594360453 gnorm: 0.024366314786 xtb: 6.7.1 (edcfbbe)
B           -5.75873443217415        3.56170829147566       -0.29205641104753
B           -5.77410743214957        1.89579491019279        0.10738648355733
B           -4.29176904756026        4.39810255255784        0.04945459659128
B           -4.31105262077808        2.71157293160880       -0.05211738586553
B           -4.32698029904191        1.01143145051256       -0.09279789465334
B           -5.81081930751006       -1.50093008977986        0.16866224216546
B           -5.82585433712824       -3.19237733745169       -0.05644402336822
B           -4.34359573058090       -0.66149234717997       -0.04306967784143
B           -4.36335169097212       -2.35443411636474        0.11790287021389
B           -4.37815420893747       -4.02735026686484        0.36829165712588
B           -2.82907967120429        3.55228004545850       -0.06142115761806
B           -2.85026095918315        1.83936218163186       -0.15251571615129
B           -1.36294887636337        4.35760639235367       -0.32974100901588
B           -1.37919407903292        2.67814817149649       -0.15557309308923
B           -1.39633402661223        0.98899357164362        0.01279602823218
B           -2.88426420691396       -1.52054912153105        0.00582781493395
B           -2.89856174449727       -3.22279763800363        0.19025876322765
B           -1.41336201041944       -0.68978088432116        0.08352723656614
B           -1.43097969006214       -2.38618131950292        0.08713376371979
B           -1.44728815330945       -4.07558985513674        0.02628290085176
B            0.09603775168762        3.51409671553613       -0.23507815012577
B            0.07893733432607        1.81466523684857       -0.02145646656325
B            1.56867661056899        4.33579393087500       -0.20493491276116
B            1.55220132650220        2.65005710772559       -0.11863596023713
B            1.53430732554524        0.95406526232713       -0.10826230344201
B            0.04457208146051       -1.54898834673063        0.04524004558673
B            0.02773360581301       -3.25352561108868        0.15260543944320
B            1.51667978763661       -0.72564275917853       -0.06514090350835
B            1.50080526086484       -2.41370029457667        0.13689321674985
B            1.48345556305490       -4.08490656518670        0.40350968610602
B            3.02279522869304        3.49193725550603       -0.04861916108227
B            3.00805223345435        1.77968829712170       -0.16687645574878
B            4.49995878115250        4.30793775269525        0.03853427666205
B            4.48356050026479        2.62236684005791       -0.01366708811063
B            4.46496193621503        0.92408835010564       -0.01683839788081
B            2.97343436663153       -1.57903623423004        0.03194133652723
B            2.95341796763534       -3.28568637876922        0.12262663698899
B            4.44743916656078       -0.75042177592778       -0.03751310056656
B            4.43232429705404       -2.44839581176534       -0.00282290734845
B            4.41186384376243       -4.13502279744999       -0.02656383403386
B            5.95102589861987        3.44105521023084       -0.29906434197503
B            5.93195666603750        1.77589224291312        0.14175865435381
B            5.89687950778456       -1.63245525714839       -0.16255990093228
B            5.88275529865495       -3.29622622183100        0.27163315514680
H           -6.70063776865389        4.13533898389663       -0.69326120426936
H           -6.73419165100138        1.42440111942028        0.58160492442228
H           -4.33458040498856        5.52443161069002        0.38180059316732
H           -6.77991966468002       -0.95408022817657        0.52825409863936
H           -6.76453952604105       -3.78985136896371       -0.42903828092995
H           -4.44395309911498       -5.13144680392818        0.76520949680847
H           -1.36437085094100        5.50294516475670       -0.59680494073871
H           -1.46675881211393       -5.24314097115398       -0.11149504465767
H            1.58356141280035        5.51136891276534       -0.24951345019104
H            1.47727639914398       -5.22213245879408        0.70220296498978
H            4.56837866337705        5.43756382669701        0.35726232832999
H            4.44642627672401       -5.26851190964924       -0.33572588096478
H            6.90237965478047        3.98328637637519       -0.72146032601395
H            6.88217559113160        1.28738713486994        0.62397373745379
H            6.85865166632049       -1.16283881728317       -0.63803377154783
H            6.82431579770718       -3.86278928237729        0.68130726371906
60
 energy: -61.505775154746 gnorm: 0.013436330329 xtb: 6.7.1 (edcfbbe)
B           -5.75839954412324        3.56153550562069       -0.29270046399327
B           -5.77381078594687        1.89594368224109        0.10777913970536
B           -4.29134156744043        4.39809420736850        0.05074263101239
B           -4.31074024376511        2.71155434452946       -0.05201590734152
B           -4.32686383346411        1.01166475070497       -0.08901283971672
B           -5.81052763523305       -1.50075364529528        0.17141886696521
B           -5.82561494120809       -3.19186180503428       -0.05862878757922
B           -4.34354768530635       -0.66121431518957       -0.03925033356240
B           -4.36309355004987       -2.35418683002768        0.11751490090852
B           -4.37792344590413       -4.02719975989374        0.36711826211351
B           -2.82867551435228        3.55217917687870       -0.06297219010780
B           -2.85029151506600        1.83945301475501       -0.15365880459134
B           -1.36297535079344        4.35674504175203       -0.34078692755093
B           -1.37904927483398        2.67791204840235       -0.16119524173735
B           -1.39622997210256        0.98923533334587        0.01297386958162
B           -2.88434499260918       -1.52056581050008        0.00315398947744
B           -2.89823609910503       -3.22251722536528        0.19008906622144
B           -1.41330458913547       -0.68992345974591        0.08075750366619
B           -1.43087766428422       -2.38611807515107        0.08493577733024
B           -1.44732534285889       -4.07542203723773        0.02188436588905
B            0.09613427331640        3.51314506382821       -0.24569551379647
B            0.07897406579225        1.81496263730408       -0.01909240089071
B            1.56881248825716        4.33555023275863       -0.20852061464151
B            1.55212594824232        2.64998369664884       -0.12129505896251
B            1.53432994290011        0.95436033988578       -0.10625831025056
B            0.04460337683152       -1.54897038102297        0.04537518259261
B            0.02773816613553       -3.25320556012526        0.14993696961246
B            1.51671656116406       -0.72556090533224       -0.06240811301603
B            1.50067416449105       -2.41366745470728        0.13581277203223
B            1.48349326510996       -4.08461098468890        0.40389726131121
B            3.02241198356336        3.49191997474779       -0.04243248691994
B            3.00820205815323        1.77978324578354       -0.16825030489633
B            4.49957314633122        4.30790109283523        0.04594794812900
B            4.48321754671237        2.62240882860183       -0.00737858731366
B            4.46487667315825        0.92419899896820       -0.01642525076972
B            2.97359086365343       -1.57891113093409        0.03345238238189
B            2.95309141818390       -3.28559821923252        0.11898349931929
B            4.44742050688561       -0.75032861572119       -0.03677663472874
B            4.43207414107533       -2.44815889496315       -0.00459040652531
B            4.41166240171339       -4.13481115728553       -0.02893635476206
B            5.95080511401703        3.44123229005781       -0.29430059813918
B            5.93165852528493        1.77576525038023        0.14511907492855
B            5.89672581538493       -1.63208163958001       -0.16370644194553
B            5.88248002961889       -3.29615508449606        0.26891229057366
H           -6.69412161493806        4.13373407608235       -0.71107943972860
H           -6.73089522814181        1.42872500216374        0.59181906210860
H           -4.33766028628342        5.51987291246917        0.39870809666049
H           -6.77451052863234       -0.95842169226597        0.55398293166737
H           -6.76002628106250       -3.79114914527729       -0.43976762599734
H           -4.44854172874783       -5.12680913419707        0.77642887892071
H           -1.36571933286553        5.50029748454649       -0.61716994160615
H           -1.46698600498624       -5.24230475068622       -0.12449404226095
H            1.58410733531107        5.51136816604626       -0.25739177776422
H            1.47704233440515       -5.21750549258255        0.71970967604369
H            4.57161675619972        5.43280002657564        0.38231870150799
H            4.44896322877535       -5.26556918175114       -0.34837099658876
H            6.89684706703192        3.97985649680541       -0.73375243580060
H            6.87887523841557        1.29205066872256        0.63790491319409
H            6.85358408466559       -1.16735442766838       -0.65453134226200
H            6.82055953245949       -3.86021181485199        0.69094722189251
60
 energy: -61.505846845882 gnorm: 0.006390217816 xtb: 6.7.1 (edcfbbe)
B           -5.75812683193505        3.56141249704614       -0.29609858042545
B           -5.77372102814148        1.89619350252737        0.10888808602254
B           -4.29117468798589        4.39831306589406        0.05124183958445
B           -4.31087851837819        2.71186111878782       -0.05310443204816
B           -4.32685619507185        1.01198128563400       -0.08972181910081
B           -5.81040042748381       -1.50029708404625        0.17771991626906
B           -5.82549876706054       -3.19141081330230       -0.06052111257794
B           -4.34357239281310       -0.66123456318002       -0.03872005985576
B           -4.36331017087664       -2.35414201359433        0.11919115717630
B           -4.37786230070125       -4.02704939757654        0.36733055618362
B           -2.82897919031699        3.55237145990299       -0.06629849676009
B           -2.85006579460833        1.83970658026551       -0.15408418353033
B           -1.36280119827382        4.35636997303365       -0.34762420449493
B           -1.37897021008687        2.67793263905478       -0.16420283508870
B           -1.39619054165316        0.98940906272132        0.01138352411005
B           -2.88416678956024       -1.52052982723430        0.00202635695616
B           -2.89857853238313       -3.22248752643933        0.18971508635172
B           -1.41329785236353       -0.69003351387587        0.07653621808401
B           -1.43087214630909       -2.38609320148878        0.08319997168227
B           -1.44729088283846       -4.07533655917549        0.01961979883382
B            0.09627565032211        3.51305943929609       -0.24818043468467
B            0.07904448430550        1.81538531727880       -0.01614906606856
B            1.56896792900388        4.33557318044101       -0.21180362515993
B            1.55225329409096        2.65012385304965       -0.12269453806213
B            1.53447915866076        0.95472108394898       -0.10254678354422
B            0.04466975713754       -1.54896926595935        0.04537780971975
B            0.02778861349808       -3.25319320253539        0.14782495567833
B            1.51687899168816       -0.72533791153418       -0.05844479950923
B            1.50076145171409       -2.41357846683539        0.13611054698931
B            1.48352076007050       -4.08475609596089        0.40151009277587
B            3.02282375410274        3.49219750186406       -0.03958939435257
B            3.00821199658213        1.78005538653012       -0.16845931407054
B            4.49951192370790        4.30808725419510        0.05431718592559
B            4.48345736011070        2.62278196502286       -0.00298162882522
B            4.46504615378112        0.92442275800138       -0.01998472761198
B            2.97355102096900       -1.57884509477941        0.03452226664196
B            2.95353022408114       -3.28574194257743        0.11583304462234
B            4.44757698957466       -0.75033431624159       -0.03534106503260
B            4.43244375195501       -2.44831582595736       -0.00628922470633
B            4.41176951031185       -4.13473407835634       -0.03244552616632
B            5.95071198818835        3.44150240955958       -0.29178223886442
B            5.93179511124930        1.77578182942760        0.14736373590267
B            5.89692620072174       -1.63187891911345       -0.16565596111491
B            5.88230605266754       -3.29589699790267        0.26943215431301
H           -6.68913915435028        4.13212697126262       -0.72695879676429
H           -6.72836411259689        1.43156489490272        0.60045553938144
H           -4.33960271647438        5.51584169326650        0.41268269541376
H           -6.76962410875691       -0.96265467365032        0.57904316399272
H           -6.75674418492142       -3.79115920314619       -0.44887818106385
H           -4.45178343662870       -5.12303883687988        0.78548319061043
H           -1.36696285271674        5.49683321589606       -0.63712315015201
H           -1.46698172909670       -5.24099879787089       -0.13676697017130
H            1.58442134730446        5.51103214477243       -0.26810586063306
H            1.47737519468019       -5.21329114252840        0.73317193994672
H            4.57356838773880        5.42805348044740        0.40726963688564
H            4.44999958525246       -5.26327124924481       -0.35974674036238
H            6.89201270221182        3.97862461360127       -0.74293996441659
H            6.87492254785388        1.29427933861525        0.65057802520509
H            6.84929772871476       -1.17047706649394       -0.66881122188946
H            6.81727063213236       -3.85942696876603        0.69900550184999
60
 energy: -61.505864178662 gnorm: 0.003044937370 xtb: 6.7.1 (edcfbbe)
B           -5.75806486417893        3.56140833609866       -0.29829521627184
B           -5.77362697288713        1.89628217773556        0.10852469641175
B           -4.29116529235241        4.39833916279647        0.05028171463489
B           -4.31074287564851        2.71190282583762       -0.05335730932790
B           -4.32671578353229        1.01207489756635       -0.08995902966126
B           -5.81021954035885       -1.50004963119712        0.18064187483889
B           -5.82553820501099       -3.19131036567475       -0.06017095057305
B           -4.34344532774558       -0.66119183276336       -0.03854686403523
B           -4.36314667485625       -2.35394464642591        0.12135237303814
B           -4.37779758068084       -4.02691228899266        0.36777474869380
B           -2.82897634802253        3.55236494429043       -0.06632596572683
B           -2.84994082235132        1.83977508610051       -0.15412106111422
B           -1.36266080992179        4.35640556715028       -0.34696008392948
B           -1.37892180402114        2.67795639468265       -0.16407879095496
B           -1.39614974023114        0.98935618992409        0.00970842861039
B           -2.88405442546005       -1.52045309379852        0.00159059986632
B           -2.89856026881482       -3.22231426129863        0.19007167008925
B           -1.41325763610238       -0.68997997040968        0.07487607192966
B           -1.43084305778294       -2.38602446654474        0.08205079549198
B           -1.44723085147930       -4.07518981264595        0.01904799687674
B            0.09632029046371        3.51342777635587       -0.24429833619141
B            0.07907364011473        1.81544835411443       -0.01495243608996
B            1.56897964938455        4.33551924453993       -0.21300731129305
B            1.55230594351247        2.65014809430132       -0.12302569445542
B            1.53449780803501        0.95480621215355       -0.10077877131012
B            0.04469593814534       -1.54884878507344        0.04516385768358
B            0.02782175021478       -3.25321851191641        0.14727139477982
B            1.51690367565858       -0.72513761070420       -0.05659463215302
B            1.50082090314657       -2.41333434549669        0.13816551975087
B            1.48349158391930       -4.08473509810944        0.40067157851798
B            3.02290831418726        3.49218328717262       -0.04034748055116
B            3.00816485615654        1.78014468502130       -0.16775805595770
B            4.49948232904641        4.30806797462694        0.05712345460308
B            4.48337981474494        2.62283790663425       -0.00182052376870
B            4.46500487351621        0.92450229533919       -0.02060237219814
B            2.97349000790652       -1.57874375159970        0.03507151458880
B            2.95356551139062       -3.28564588205361        0.11451783415924
B            4.44749465691448       -0.75031414764944       -0.03610827266369
B            4.43231749675684       -2.44827462092704       -0.00772473014157
B            4.41176172706247       -4.13461310985272       -0.03411263796198
B            5.95076962083710        3.44165826355008       -0.29162485832566
B            5.93177510528174        1.77582574244494        0.14693356037293
B            5.89683688044291       -1.63182411885668       -0.16602819473788
B            5.88238199339624       -3.29584635810783        0.27028109040667
H           -6.68869926725089        4.13123542592142       -0.73018853094509
H           -6.72834927350527        1.43191862800789        0.60045262343578
H           -4.34008711769509        5.51491535740610        0.41389271697732
H           -6.76776085954154       -0.96409570752779        0.58643993641179
H           -6.75686028257742       -3.78998433832754       -0.44957110433936
H           -4.45216325318277       -5.12248061787458        0.78621019727978
H           -1.36732589349826        5.49507213736978       -0.64334872618410
H           -1.46732166639865       -5.24025567393588       -0.14126208050263
H            1.58494660552570        5.51060784101771       -0.27517040930782
H            1.47799352772255       -5.21217720891254        0.73549638773347
H            4.57403205571706        5.42616806360359        0.41496811798218
H            4.45033955415680       -5.26289341854005       -0.36216352814055
H            6.89079447824649        3.98002571598742       -0.74285044036702
H            6.87347646134937        1.29384450545001        0.65277491236522
H            6.84856780488149       -1.17103824269737       -0.67082367405668
H            6.81658513725437       -3.86030621528663        0.69940146570699
60
 energy: -61.505874774006 gnorm: 0.001921403866 xtb: 6.7.1 (edcfbbe)
B           -5.75797302842551        3.56138363702853       -0.29958178530343
B           -5.77367349914608        1.89635608390522        0.10774600604881
B           -4.29124952015645        4.39838756381395        0.04911383618653
B           -4.31074823520070        2.71199690266531       -0.05278207862675
B           -4.32673919532112        1.01216927919086       -0.08901847036026
B           -5.81016846722504       -1.49988494991199        0.18300776562514
B           -5.82554048360890       -3.19116304553749       -0.05871499900081
B           -4.34348366974270       -0.66110895463351       -0.03769977497226
B           -4.36312605681638       -2.35378987471505        0.12398701039042
B           -4.37778602481736       -4.02687110370915        0.36795437188722
B           -2.82895227745339        3.55243560445461       -0.06525063401703
B           -2.84998063265541        1.83983369678344       -0.15416773601212
B           -1.36263517714672        4.35660221228246       -0.34572671235837
B           -1.37893058259826        2.67798959318481       -0.16455758059633
B           -1.39616968997030        0.98930200854883        0.00779911858894
B           -2.88410404906167       -1.52042528829252        0.00086989694200
B           -2.89853753145745       -3.22222165196203        0.19043453227474
B           -1.41327671352233       -0.68997259492274        0.07337528822109
B           -1.43085360823989       -2.38604675826455        0.08003153892795
B           -1.44725810639050       -4.07515547308135        0.01811030329827
B            0.09632191473131        3.51381003886829       -0.24076399647829
B            0.07907385204548        1.81551023235663       -0.01398704281885
B            1.56902069021250        4.33549794829043       -0.21509438723473
B            1.55232208560271        2.65017311873715       -0.12386087742384
B            1.53451691574249        0.95489259204283       -0.09926518611153
B            0.04468935841894       -1.54878784837202        0.04463422914807
B            0.02782076880315       -3.25326902037333        0.14654728552254
B            1.51691977261863       -0.72501250009297       -0.05538190044570
B            1.50084536334424       -2.41311696394648        0.14105976573447
B            1.48347566725413       -4.08478083968346        0.40013206526344
B            3.02293723828610        3.49222992339717       -0.04074492481191
B            3.00821490282596        1.78026094020708       -0.16608961043570
B            4.49948179676916        4.30808998173131        0.05931850452401
B            4.48338088136689        2.62294032855576        0.00018355827352
B            4.46502727021841        0.92456988261342       -0.01964431252798
B            2.97352339793862       -1.57867724023524        0.03559097697728
B            2.95352995066066       -3.28563144690414        0.11311351828681
B            4.44750739761493       -0.75026870285090       -0.03641061353275
B            4.43226994043144       -2.44830057481070       -0.00954282547254
B            4.41174138300955       -4.13455433527023       -0.03528648036754
B            5.95074912702665        3.44175245184435       -0.29036557996074
B            5.93182141934986        1.77588487163448        0.14691245548200
B            5.89683386468850       -1.63178886964484       -0.16602701206727
B            5.88230634901960       -3.29582031312692        0.26984139864117
H           -6.68909456279494        4.13039850713078       -0.73082707106418
H           -6.72923898319305        1.43207489004466        0.59811982738087
H           -4.34036328858136        5.51476493311474        0.41235200498408
H           -6.76599923665717       -0.96506742555331        0.59246136747011
H           -6.75773348323154       -3.78865989591421       -0.44755682885517
H           -4.45174106190145       -5.12255609685629        0.78548111731606
H           -1.36755521744908        5.49340677503556       -0.64849508001302
H           -1.46777750005352       -5.23959741520164       -0.14549182242142
H            1.58566320097097        5.51003914376752       -0.28509841539203
H            1.47847909862340       -5.21146566816979        0.73659551815014
H            4.57448646885926        5.42453294058467        0.42078138425865
H            4.45079581045520       -5.26274753794908       -0.36330362519919
H            6.89030781962325        3.98192418288309       -0.73972649829700
H            6.87299154515002        1.29330736564497        0.65321932359336
H            6.84854642394170       -1.17123306956358       -0.67068641708198
H            6.81644170721464       -3.86145721079337        0.69715536986289
60
 energy: -61.505882241393 gnorm: 0.001493809861 xtb: 6.7.1 (edcfbbe)
B           -5.75801868814124        3.56144982446889       -0.30011873525836
B           -5.77375735971074        1.89638571047432        0.10713727760150
B           -4.29133446558040        4.39843035554650        0.04865186972455
B           -4.31079692202037        2.71208665706861       -0.05146624434009
B           -4.32681195509391        1.01223184074823       -0.08814875853287
B           -5.81015810918678       -1.49972657267045        0.18573147864429
B           -5.82571526882258       -3.19104970221671       -0.05690603270379
B           -4.34356799577928       -0.66101605718619       -0.03714842445429
B           -4.36317142497477       -2.35361030063750        0.12693914996996
B           -4.37779555450539       -4.02687476140424        0.36792071851969
B           -2.82892920702010        3.55256706139550       -0.06354782507764
B           -2.85003275678988        1.83986834611860       -0.15381511390377
B           -1.36267218810907        4.35675667068081       -0.34451694904594
B           -1.37897154894339        2.67795221016535       -0.16627820203164
B           -1.39621947724940        0.98931930333031        0.00677921021618
B           -2.88418101330614       -1.52037704846877       -0.00005533370043
B           -2.89855064824663       -3.22221795032119        0.19026133057389
B           -1.41333342203947       -0.69001735160257        0.07199193190723
B           -1.43090437851163       -2.38613308766685        0.07641909617202
B           -1.44734071086325       -4.07511863457425        0.01663082438619
B            0.09628170968536        3.51397233503367       -0.23881059309950
B            0.07903398426994        1.81561745510047       -0.01231573291781
B            1.56905466739120        4.33530915697535       -0.21969172127067
B            1.55226620496294        2.65013304020948       -0.12604016857023
B            1.53448767224498        0.95501497917874       -0.09760833534114
B            0.04463835389377       -1.54878200885794        0.04361209920750
B            0.02776005673994       -3.25324986255063        0.14534352670691
B            1.51687518116190       -0.72498742453665       -0.05539751539489
B            1.50077863118211       -2.41288841445615        0.14485996594793
B            1.48340686594656       -4.08486111269346        0.39913119364754
B            3.02285809343357        3.49233432628993       -0.03996356502994
B            3.00821353606695        1.78039624297323       -0.16301498000066
B            4.49937255740804        4.30814602981480        0.06193785937001
B            4.48331197121832        2.62304006635355        0.00365036797976
B            4.46499018322081        0.92461175431929       -0.01775643767200
B            2.97348604514411       -1.57861026355597        0.03584649307830
B            2.95342262725302       -3.28568704970768        0.11161514067906
B            4.44749786127482       -0.75013940932359       -0.03474987133722
B            4.43220742481468       -2.44830247253669       -0.01139270412070
B            4.41165246020196       -4.13453090218993       -0.03624172739052
B            5.95081511860917        3.44194089136418       -0.28739186164519
B            5.93176697096315        1.77590498461580        0.14837017867882
B            5.89681781359065       -1.63167243685549       -0.16581152313444
B            5.88230907016480       -3.29597811269500        0.26817112274872
H           -6.69012789159741        4.13002956789265       -0.72962842905285
H           -6.73111102225290        1.43213945077422        0.59405329009939
H           -4.34028799911023        5.51550650161985        0.40949866610797
H           -6.76404123155204       -0.96576981187655        0.60029557072838
H           -6.75935238072259       -3.78799942221272       -0.44275769003944
H           -4.45068548901574       -5.12309955308177        0.78429410469904
H           -1.36786506224386        5.49160158847069       -0.65389951145822
H           -1.46806915314020       -5.23892333512489       -0.15084226612072
H            1.58651899082650        5.50906768680003       -0.30238720284521
H            1.47847029529631       -5.21071241663161        0.73813343434255
H            4.57492901163334        5.42300505977259        0.42718237710238
H            4.45112002783892       -5.26262454901011       -0.36449058697627
H            6.89118721077154        3.98387784374632       -0.73280106401202
H            6.87365095862494        1.29306745246815        0.65298692224214
H            6.84878294682644       -1.17080932171658       -0.66965289193660
H            6.81719232186875       -3.86291008740792        0.69198185733298
60
 energy: -61.505885890076 gnorm: 0.001106132374 xtb: 6.7.1 (edcfbbe)
B           -5.75803772287856        3.56151781982762       -0.29861639459544
B           -5.77380125288356        1.89634418276497        0.10735820160963
B           -4.29131726376747        4.39847997500274        0.04919550728253
B           -4.31081493551138        2.71208445735212       -0.05108315165599
B           -4.32683149800412        1.01221876661939       -0.08851445068370
B           -5.81019649811522       -1.49974256919223        0.18566017975731
B           -5.82573038445565       -3.19099450796728       -0.05644348452911
B           -4.34359100297308       -0.66104448079560       -0.03750279918461
B           -4.36318985527469       -2.35360429125397        0.12691398643346
B           -4.37781676940578       -4.02695742914258        0.36755690997364
B           -2.82893183696862        3.55256920906642       -0.06330064262262
B           -2.85007617546743        1.83991077630844       -0.15305258754014
B           -1.36271880730931        4.35670317994083       -0.34498349408678
B           -1.37901024643139        2.67788282315576       -0.16744553072113
B           -1.39623627197114        0.98939575663877        0.00836352439106
B           -2.88422666077077       -1.52038295184865       -0.00003607041508
B           -2.89856886415854       -3.22226698741493        0.18959154400597
B           -1.41335856483114       -0.69002517412737        0.07254350860594
B           -1.43095002126782       -2.38620010446821        0.07488141046600
B           -1.44737091515824       -4.07514213401648        0.01613542522646
B            0.09626346203270        3.51381475906700       -0.24046342892816
B            0.07900824253526        1.81566074135167       -0.01144319958324
B            1.56907275851944        4.33513538894990       -0.22283707317544
B            1.55226600667611        2.65006237339832       -0.12798951722947
B            1.53446433353443        0.95501764417279       -0.09767742864425
B            0.04461852597646       -1.54881134073265        0.04333066319716
B            0.02773302835029       -3.25325755916901        0.14503909574618
B            1.51685327826805       -0.72504062205585       -0.05619897253467
B            1.50076923134711       -2.41286400236230        0.14574196557295
B            1.48339377688508       -4.08491998102922        0.39880622741800
B            3.02277424046129        3.49236342569014       -0.03906490678095
B            3.00822256199714        1.78044574768023       -0.16184454893039
B            4.49927775771863        4.30822335027518        0.06294399902862
B            4.48326435079988        2.62305349893786        0.00495605760786
B            4.46496729478512        0.92465064359898       -0.01648982877938
B            2.97347587358989       -1.57865545771216        0.03527485404190
B            2.95339172788331       -3.28569754431283        0.11164412596950
B            4.44747800759337       -0.75014366214091       -0.03440188708268
B            4.43218711435182       -2.44827141476465       -0.01162974074377
B            4.41164319976554       -4.13455938171656       -0.03644670904674
B            5.95078188514588        3.44203830742029       -0.28549012991935
B            5.93170344241060        1.77588711270983        0.14980044352932
B            5.89682501007514       -1.63158696628966       -0.16559871497012
B            5.88225224330152       -3.29603065675159        0.26734918310344
H           -6.69046616811963        4.13066233740346       -0.72736238631800
H           -6.73146460451925        1.43156344799216        0.59314619502207
H           -4.33977165189098        5.51623450483516        0.40879572576295
H           -6.76409580313905       -0.96563783196236        0.60095937039177
H           -6.75986056581428       -3.78880682107677       -0.44008715319284
H           -4.45068596339683       -5.12337121693031        0.78398854553336
H           -1.36807528283950        5.49177948695214       -0.65350172257276
H           -1.46784389599757       -5.23893926762238       -0.15190366266745
H            1.58669158006028        5.50849840589745       -0.31080085951788
H            1.47808232685318       -5.21060834094896        0.73887550272210
H            4.57453867829277        5.42348302924954        0.42774773902410
H            4.45065093251581       -5.26272654602092       -0.36470551467289
H            6.89264377729102        3.98358644642549       -0.72888399925180
H            6.87430112795208        1.29312851465071        0.65309923083154
H            6.84885530917073       -1.16994897010206       -0.66888219210362
H            6.81794189718116       -3.86307293940685        0.68976212042542
60
 energy: -61.505887415201 gnorm: 0.001372007890 xtb: 6.7.1 (edcfbbe)
B           -5.75812782785514        3.56159995591108       -0.29727408420122
B           -5.77377382868923        1.89631808139991        0.10796081404116
B           -4.29125933649167        4.39845909317653        0.04983218286880
B           -4.31084349388378        2.71207774006737       -0.05105038372117
B           -4.32684936564693        1.01220921209929       -0.08855595901912
B           -5.81020531770847       -1.49978502522428        0.18523778769632
B           -5.82579652641892       -3.19102848557823       -0.05661685970577
B           -4.34360445378516       -0.66107361051165       -0.03773950818158
B           -4.36323091682318       -2.35366087616987        0.12647556538460
B           -4.37777813900013       -4.02698212280947        0.36720493353181
B           -2.82895446549206        3.55255603756255       -0.06322493245803
B           -2.85007211078278        1.83994762413149       -0.15200045066297
B           -1.36274663475870        4.35665583578208       -0.34518059820241
B           -1.37901522099583        2.67782299690514       -0.16798643611537
B           -1.39623243072721        0.98945306549248        0.01005648324553
B           -2.88421552755471       -1.52037691579897        0.00034528435938
B           -2.89858950968481       -3.22231842085266        0.18910592311416
B           -1.41335929870077       -0.69001400880581        0.07344366244880
B           -1.43094300938759       -2.38624654129196        0.07371647137851
B           -1.44736962095684       -4.07515578463879        0.01565614983652
B            0.09624016057856        3.51371203278238       -0.24145495467124
B            0.07899418101089        1.81570623890185       -0.01023574061941
B            1.56908089575889        4.33495752879219       -0.22579735841777
B            1.55223890379785        2.64996456548374       -0.12987522729993
B            1.53444265836930        0.95501508790203       -0.09750728110027
B            0.04460435266387       -1.54882952231259        0.04332216719132
B            0.02772425566593       -3.25327518784466        0.14470325894840
B            1.51682715585093       -0.72506592677378       -0.05664826037091
B            1.50074217997500       -2.41284442259426        0.14609140926510
B            1.48337401583687       -4.08493514028280        0.39864894980759
B            3.02273148233430        3.49238355111455       -0.03857276198326
B            3.00819177563569        1.78046959863231       -0.16110773791018
B            4.49916176460332        4.30822433967653        0.06358751648326
B            4.48324478647019        2.62306176973829        0.00528136198804
B            4.46493809977015        0.92466063252267       -0.01625200494281
B            2.97343573590417       -1.57867634968748        0.03480352711040
B            2.95339046701268       -3.28571362374160        0.11159955715177
B            4.44746425307476       -0.75013838509089       -0.03417379398011
B            4.43221755748143       -2.44827797293261       -0.01154372652647
B            4.41160939197787       -4.13452448970751       -0.03656863135980
B            5.95082366801946        3.44215705149380       -0.28373511749891
B            5.93162180661861        1.77587446953586        0.15106612140477
B            5.89682690539743       -1.63155053744239       -0.16571511264227
B            5.88228090152763       -3.29609294433762        0.26681740352934
H           -6.69052073058686        4.13118447503199       -0.72570448037696
H           -6.73113469078493        1.43079511201714        0.59365680606707
H           -4.33927693008822        5.51653805195889        0.40899553981943
H           -6.76435375616837       -0.96555155822536        0.60025029036958
H           -6.76009070227203       -3.78941975871144       -0.43899010905604
H           -4.45097050800631       -5.12327011410042        0.78415289137331
H           -1.36822906642176        5.49223954367807       -0.65221015698248
H           -1.46779233361734       -5.23892404640470       -0.15309185358103
H            1.58720929062945        5.50784052090320       -0.31991044633861
H            1.47799423858553       -5.21031463073909        0.74005419523215
H            4.57387691490704        5.42397741349612        0.42785873037827
H            4.45026436001467       -5.26269347692025       -0.36510576456027
H            6.89361441260644        3.98339721101291       -0.72571429996997
H            6.87426875594884        1.29329913298957        0.65449656525641
H            6.84892525464521       -1.16965784465128       -0.66876269760415
H            6.81832867061694       -3.86307528600953        0.68866424077847
60
 energy: -61.505888267868 gnorm: 0.000833920750 xtb: 6.7.1 (edcfbbe)
B           -5.75810327066989        3.56159177733756       -0.29663523194256
B           -5.77377337056948        1.89632780933338        0.10866514559993
B           -4.29127742843341        4.39847852305590        0.05041697412222
B           -4.31082164212762        2.71205524247509       -0.05101838546693
B           -4.32682963230254        1.01220659122579       -0.08822195312566
B           -5.81021863693264       -1.49982754059938        0.18486120185122
B           -5.82573767355773       -3.19102507413137       -0.05685593272978
B           -4.34358544203160       -0.66108001751564       -0.03771805625336
B           -4.36320190022589       -2.35367841303956        0.12621144141689
B           -4.37780461287739       -4.02704408722750        0.36715310952788
B           -2.82894462467163        3.55254570402177       -0.06281809055017
B           -2.85007089414066        1.83996569079868       -0.15137491131720
B           -1.36274796162945        4.35667445745965       -0.34459524422892
B           -1.37901635095125        2.67782024097977       -0.16770489368623
B           -1.39622540840260        0.98945867081868        0.01064990040273
B           -2.88421430461459       -1.52038377626769        0.00054461475140
B           -2.89857593587655       -3.22233441883844        0.18903892524156
B           -1.41335712575536       -0.69002489393419        0.07361607714590
B           -1.43094719743899       -2.38628522869523        0.07305532965954
B           -1.44735889617380       -4.07516866771507        0.01527947197981
B            0.09623673115327        3.51370654650320       -0.24128143677712
B            0.07900351234227        1.81572380760283       -0.00949085762333
B            1.56910049058669        4.33483034734762       -0.22795137850509
B            1.55225161442352        2.64989791004424       -0.13123413288804
B            1.53444915347350        0.95500732647275       -0.09728942661725
B            0.04461202924916       -1.54883775365826        0.04342995739614
B            0.02773134867776       -3.25330333806903        0.14447303272082
B            1.51683839928953       -0.72506729323919       -0.05648123014518
B            1.50076274855765       -2.41285192021186        0.14622612408014
B            1.48338134665626       -4.08495556787115        0.39864062010887
B            3.02271677269205        3.49237269500943       -0.03852393908499
B            3.00820507636782        1.78047287644372       -0.16070354888796
B            4.49918400767857        4.30825489659427        0.06413915599121
B            4.48323438290123        2.62304957153081        0.00524164403283
B            4.46494779397576        0.92465319906369       -0.01613069765190
B            2.97345167770128       -1.57869411643641        0.03473807818717
B            2.95339240623724       -3.28572474031279        0.11143656216091
B            4.44746541603129       -0.75014943107812       -0.03436989498956
B            4.43219784329086       -2.44826731397153       -0.01141672040032
B            4.41165281813645       -4.13456635289320       -0.03682903897468
B            5.95082826440418        3.44217254071997       -0.28297169439354
B            5.93160946838259        1.77587881483653        0.15174630223133
B            5.89682068659365       -1.63154778357809       -0.16573170239448
B            5.88227118420260       -3.29610407806598        0.26677800695611
H           -6.69046256774889        4.13125018223911       -0.72506181555534
H           -6.73089855041867        1.43062593066146        0.59460796964956
H           -4.33922115621536        5.51655042903697        0.40941875554746
H           -6.76465902825801       -0.96553873048168        0.59898201266523
H           -6.76006162138189       -3.78949537638045       -0.43912009182357
H           -4.45114149938945       -5.12315502491035        0.78431356106550
H           -1.36819764613667        5.49251754453888       -0.65089523582172
H           -1.46785587101167       -5.23884004833044       -0.15417237384635
H            1.58751138065652        5.50730666591291       -0.32683572579920
H            1.47802922196874       -5.21006802519489        0.74082082157876
H            4.57362987836339        5.42427371555838        0.42763177094406
H            4.45030769493655       -5.26270396349471       -0.36538084379859
H            6.89373548202499        3.98362151881229       -0.72441926622160
H            6.87384547370594        1.29332703298140        0.65596580191359
H            6.84897062093411       -1.16970015221955       -0.66869967836590
H            6.81828882434839       -3.86311017105490        0.68863012093758
