60
 energy: -61.502531476338 gnorm: 0.129947125003 xtb: 6.7.1 (edcfbbe)
B           -5.85832441000000        3.41058104000000        0.52974219000000
B           -5.86734486000000        1.72890601000000        0.20529700000000
B           -4.40142529000000        4.24947599000000        0.18084856000000
B           -4.40657439000000        2.56378310000000        0.30897229000000
B           -4.40854505000000        0.86843620000000        0.36402623000000
B           -5.87641213000000       -1.66294331000000        0.20251399000000
B           -5.87607804000000       -3.34416266000000        0.54160963000000
B           -4.41313270000000       -0.81028788000000        0.36667744000000
B           -4.41999052000000       -2.50560676000000        0.30968628000000
B           -4.42454104000000       -4.19090153000000        0.18041642000000
B           -2.93288979000000        3.41206763000000        0.30312430000000
B           -2.93877330000000        1.70960760000000        0.33155342000000
B           -1.46675856000000        4.24014800000000        0.48456970000000
B           -1.47391489000000        2.55600383000000        0.33524605000000
B           -1.48039653000000        0.86295662000000        0.17354774000000
B           -2.94764246000000       -1.65893422000000        0.35221411000000
B           -2.95136966000000       -3.36181868000000        0.28252452000000
B           -1.48491814000000       -0.82071993000000        0.17814267000000
B           -1.48751369000000       -2.51384265000000        0.31914121000000
B           -1.49056460000000       -4.19805238000000        0.47265106000000
B           -0.00561898000000        3.40316215000000        0.28967389000000
B           -0.01093254000000        1.70216820000000        0.24188892000000
B            1.45807232000000        4.23452930000000        0.09861979000000
B            1.45587010000000        2.54875623000000        0.22497673000000
B            1.45127592000000        0.85461946000000        0.25210544000000
B           -0.02075834000000       -1.66789630000000        0.17785695000000
B           -0.02265656000000       -3.36657572000000        0.37978394000000
B            1.44639571000000       -0.82823858000000        0.22254598000000
B            1.44262596000000       -2.52194237000000        0.27330922000000
B            1.43911202000000       -4.20909035000000        0.35141045000000
B            2.92187952000000        3.39630077000000        0.25296018000000
B            2.91857312000000        1.69422063000000        0.20250579000000
B            4.39194261000000        4.22395789000000        0.41487678000000
B            4.38844774000000        2.53955054000000        0.28161783000000
B            4.38148907000000        0.84453320000000        0.22453115000000
B            2.91050055000000       -1.67492775000000        0.28106048000000
B            2.90307650000000       -3.37739260000000        0.19989916000000
B            4.37611310000000       -0.83350755000000        0.16415913000000
B            4.37295912000000       -2.52877430000000        0.14911178000000
B            4.36526066000000       -4.21424439000000        0.04588940000000
B            5.84842507000000        3.38048796000000        0.06465286000000
B            5.84678219000000        1.69558823000000        0.37709408000000
B            5.83253377000000       -1.69317074000000        0.00251714000000
B            5.83369825000000       -3.37605335000000        0.35889602000000
H           -6.77900900000000        3.97421206000000        0.97268463000000
H           -6.82940604000000        1.23358556000000       -0.22647320000000
H           -4.45587726000000        5.34820064000000       -0.21369959000000
H           -6.83358496000000       -1.17535362000000       -0.24888261000000
H           -6.80234996000000       -3.89366874000000        0.99008172000000
H           -4.48671930000000       -5.28451272000000       -0.22786472000000
H           -1.46846186000000        5.38275786000000        0.73183707000000
H           -1.50119911000000       -5.34323587000000        0.71031623000000
H            1.46029359000000        5.38806222000000       -0.09632133000000
H            1.44110974000000       -5.37784745000000        0.40199383000000
H            4.44949507000000        5.31519559000000        0.83030920000000
H            4.40769102000000       -5.30898509000000       -0.36323036000000
H            6.77352661000000        3.94679614000000       -0.36528970000000
H            6.80063386000000        1.18376231000000        0.81131724000000
H            6.78103053000000       -1.20838951000000       -0.47425791000000
H            6.76645234000000       -3.92457497000000        0.79704534000000
60
 energy: -61.505777867082 gnorm: 0.044243542657 xtb: 6.7.1 (edcfbbe)
B           -5.85522361633539        3.40945328092811        0.54907016664884
B           -5.86550462864520        1.73202861512361        0.19494760847777
B           -4.40208819931470        4.24655511126943        0.15893177149875
B           -4.40759209096069        2.56375383935605        0.30230384944561
B           -4.40848643990492        0.86618573697445        0.36648381841569
B           -5.87456913379122       -1.66626440530017        0.18603699233040
B           -5.87310231457225       -3.34299601229605        0.56081186937012
B           -4.41328802035187       -0.80827039928273        0.36384553058369
B           -4.42088177243369       -2.50573066982018        0.30038311823573
B           -4.42557511886739       -4.18788428409360        0.15614798496446
B           -2.93228026303170        3.41550852029355        0.29127025757692
B           -2.93782862334909        1.70674013933373        0.33666156089250
B           -1.46620177869829        4.23819142522563        0.49908252225436
B           -1.47382552144214        2.55570208392949        0.33585449944192
B           -1.48045906740819        0.86137658828567        0.17733847512865
B           -2.94670415470099       -1.65624795787110        0.36222517912945
B           -2.95091692500296       -3.36534202290970        0.26811077761699
B           -1.48495182193672       -0.81954739468927        0.18361069720648
B           -1.48718641085877       -2.51370760447866        0.32617432623597
B           -1.49049349467321       -4.19634197300432        0.48804068178852
B           -0.00556900314376        3.40627501468939        0.28847474738515
B           -0.01104085040168        1.69940362053978        0.23557094050773
B            1.45773933385149        4.23264907422087        0.07812878406237
B            1.45619137894045        2.54842416297602        0.21561513485303
B            1.45156822399889        0.85286235632377        0.26035034952312
B           -0.02088357900454       -1.66553007874362        0.17366722982352
B           -0.02254771225917       -3.36931740975878        0.39297743635465
B            1.44687717541559       -0.82686176268798        0.24140008511178
B            1.44283219462265       -2.52203203419826        0.27636915105607
B            1.43915599533164       -4.20821534941080        0.35794888155878
B            2.92162716359458        3.39954151184760        0.25610881972816
B            2.91794402633006        1.69129091440165        0.20191778675720
B            4.39276627152544        4.22068752059366        0.43654809935272
B            4.38978133774840        2.53928098901134        0.29357543590200
B            4.38176522772117        0.84192702949486        0.23563821180746
B            2.90997942740998       -1.67243736336812        0.28543984317635
B            2.90258364280428       -3.38076278794307        0.18269667507108
B            4.37628563699621       -0.83136381782964        0.15941574211730
B            4.37353119425927       -2.52875850783408        0.13066363909129
B            4.36575591688263       -4.21133948517263        0.02042363013879
B            5.84561696907211        3.37910517510692        0.04490779226154
B            5.84496349197195        1.69827879997804        0.39768241011280
B            5.82981696304185       -1.69634861898144       -0.02469209438797
B            5.83135080069730       -3.37467997506461        0.37828714595128
H           -6.78279563936026        3.98167888075468        0.98148747538662
H           -6.83376683520458        1.23469333861173       -0.23012335965211
H           -4.45725608195692        5.35845184220839       -0.21320987861841
H           -6.84125941599240       -1.17612628084080       -0.25226443182937
H           -6.80678565286546       -3.90046968590976        0.99965281636802
H           -4.49049410159983       -5.29365886330559       -0.23246579545235
H           -1.46867673528143        5.38635254420246        0.74434760316560
H           -1.50338658459980       -5.34673925521242        0.72392456482304
H            1.46009862698686        5.39180772267341       -0.11052909865064
H            1.44157789503558       -5.38173246827251        0.41067498195243
H            4.45056026098150        5.32371649396909        0.83445904266846
H            4.41129232516039       -5.31781273853277       -0.37037018995692
H            6.77715376436915        3.95225899583309       -0.37729128662065
H            6.80399373339992        1.18722740086386        0.83125266892309
H            6.78815078725886       -1.20924253231721       -0.48852798550744
H            6.77224392254105       -3.92888599989045        0.80654904844165
60
 energy: -61.506046484298 gnorm: 0.030259579045 xtb: 6.7.1 (edcfbbe)
B           -5.85637188392906        3.41028674274800        0.54875974714083
B           -5.86604777188440        1.73250528123241        0.19795037518415
B           -4.40254862103447        4.24687642388349        0.15457503528434
B           -4.40738140974662        2.56354214263310        0.29903508017062
B           -4.40889728885180        0.86584513094995        0.36186491084315
B           -5.87505153853659       -1.66678042552399        0.18574869764410
B           -5.87440548633100       -3.34389521739121        0.55833832609356
B           -4.41369928990618       -0.80804989165487        0.35880848931899
B           -4.42075672460352       -2.50566370307216        0.29633216507181
B           -4.42602868764170       -4.18817653931753        0.14961902485095
B           -2.93157848513461        3.41580265542553        0.28253322685853
B           -2.93836014057615        1.70663916019748        0.33919223163751
B           -1.46641545511284        4.23835663520125        0.50243099701457
B           -1.47387626472439        2.55596597664308        0.33324991005320
B           -1.48042501465457        0.86130005508308        0.18163097204177
B           -2.94720778130794       -1.65624945095295        0.36765595834947
B           -2.95022207320417       -3.36570970751653        0.26071779050602
B           -1.48493559231076       -0.81971774046928        0.18797364063367
B           -1.48720444903510       -2.51402526567071        0.33074955174618
B           -1.49079282873578       -4.19646629143464        0.49623694127592
B           -0.00547995117123        3.40654470059396        0.28663666283895
B           -0.01094719867336        1.69924275383485        0.23272284539645
B            1.45809504115830        4.23265328588590        0.07111020337045
B            1.45627601737873        2.54852158618221        0.21306666821675
B            1.45176324355226        0.85281477454038        0.26425735768966
B           -0.02084032603773       -1.66559322324896        0.17201312193418
B           -0.02235452259998       -3.36947409181998        0.40238303103943
B            1.44711186387702       -0.82703464979719        0.24816118559213
B            1.44291636067185       -2.52240397050326        0.27664500989664
B            1.43957478610343       -4.20863350185143        0.36083115944902
B            2.92108160238454        3.39972782432860        0.25908395517833
B            2.91865600979806        1.69105487551764        0.20391142717456
B            4.39331652561830        4.22094711621787        0.43843672881825
B            4.38964642244132        2.53885142079355        0.29958826092066
B            4.38227520936876        0.84144237847402        0.24104956999286
B            2.91066670841505       -1.67255658279552        0.28929738613361
B            2.90157310663588       -3.38104562003134        0.16836755569625
B            4.37664007166162       -0.83120399956692        0.15692263421655
B            4.37311844836792       -2.52861900417110        0.12025942944615
B            4.36595357127413       -4.21160438994900        0.01156274524356
B            5.84714309404071        3.37968289380422        0.04705801606096
B            5.84545049209259        1.69839228516879        0.40205668090313
B            5.83014590769717       -1.69658543475098       -0.02847301296909
B            5.83263406557342       -3.37585655919019        0.37178791453809
H           -6.78195460761635        3.98724760009086        0.97990842933959
H           -6.83465529948705        1.23614689920710       -0.22897141843522
H           -4.46041649772593        5.36287683536676       -0.20868244624450
H           -6.84337311207735       -1.17750590303348       -0.25176337790274
H           -6.80612324002033       -3.90523486557347        0.99736553120415
H           -4.49467157878730       -5.29617663954747       -0.23530278283449
H           -1.46905110317292        5.38614923005356        0.75630283271182
H           -1.50546008385759       -5.34665050083346        0.73992110547883
H            1.46044352398174        5.39176370592505       -0.12568741536075
H            1.44472011520253       -5.38302228426170        0.42753978006798
H            4.45299597944304        5.32590668736576        0.83372696875142
H            4.41601384039116       -5.31988165816173       -0.37700629180703
H            6.77746250795198        3.95403118300733       -0.37643147077811
H            6.80264107911215        1.19192717528571        0.84725228256372
H            6.78809998410670       -1.21144284948089       -0.49701268920154
H            6.77270083018846       -3.93102446406952        0.80071509395004
60
 energy: -61.506168879705 gnorm: 0.010381910021 xtb: 6.7.1 (edcfbbe)
B           -5.85606645152603        3.41002085194006        0.54620185267329
B           -5.86583757700556        1.73219498820092        0.20005469366049
B           -4.40218829290896        4.24669885570782        0.15374218608737
B           -4.40713050893242        2.56335616507985        0.29798979248993
B           -4.40871957274850        0.86580030132600        0.36147769773549
B           -5.87479809063270       -1.66661116075023        0.18671323863056
B           -5.87413785719601       -3.34385267312154        0.55419823573654
B           -4.41348356738148       -0.80816503973611        0.35877686661066
B           -4.42047381909785       -2.50561910652447        0.29512110994321
B           -4.42554067454092       -4.18813397430014        0.14763048198939
B           -2.93133280550258        3.41542782501767        0.27833199434851
B           -2.93831607041061        1.70665502025347        0.34004850826254
B           -1.46643445414090        4.23812911829740        0.50252795984854
B           -1.47381309680684        2.55587849826741        0.33084581343124
B           -1.48027488882700        0.86130985331301        0.18478576475202
B           -2.94712971924256       -1.65639174438483        0.36913024253934
B           -2.94989801574900       -3.36545484033188        0.25836000684399
B           -1.48479539835955       -0.81988140777160        0.18952906817660
B           -1.48707239899143       -2.51398995975771        0.33273809719581
B           -1.49069421668063       -4.19619317580060        0.50008187509081
B           -0.00544114551881        3.40608413580710        0.28545498251901
B           -0.01088324346096        1.69925535678201        0.23187246117877
B            1.45817194323869        4.23235351609124        0.06965477345837
B            1.45618999022359        2.54836154084017        0.21238864458325
B            1.45173791903486        0.85288231681973        0.26471114877502
B           -0.02079514412285       -1.66574306921666        0.17054058826412
B           -0.02220760592108       -3.36902351434862        0.40584382163782
B            1.44709585387542       -0.82720658852455        0.24889569485209
B            1.44286628403782       -2.52236839498232        0.27644798365071
B            1.43976414587480       -4.20842258911283        0.36412410066658
B            2.92088582265235        3.39938289274511        0.26082920279731
B            2.91872992152734        1.69103814061409        0.20628957589553
B            4.39299311324607        4.22089846814703        0.43703927640243
B            4.38943190292590        2.53862954701482        0.30272603606969
B            4.38217174260855        0.84145043686145        0.24148234371395
B            2.91072838436601       -1.67270902787570        0.29109714855035
B            2.90113739219955       -3.38069814566112        0.16073162928114
B            4.37658178871441       -0.83132793996264        0.15949346999816
B            4.37274816223705       -2.52845901738838        0.11502794763809
B            4.36545208732587       -4.21141365112819        0.00666497112478
B            5.84698079385490        3.37935751869062        0.05090497562006
B            5.84525805757680        1.69797593686878        0.40373809613783
B            5.82999654318140       -1.69614762437793       -0.02885155678309
B            5.83231255678246       -3.37591154038512        0.36454303649750
H           -6.78040838788405        3.99097902343927        0.97671220355119
H           -6.83400795648721        1.23642214861374       -0.22979063061109
H           -4.46199929875757        5.36466154769062       -0.20517890315751
H           -6.84295083279652       -1.17767024552968       -0.25272685070207
H           -6.80455576127687       -3.90844163267219        0.99372896497123
H           -4.49624788294907       -5.29632629548343       -0.23807604069705
H           -1.46912346296756        5.38457846705444        0.76611803721600
H           -1.50672148233485       -5.34504580527850        0.75379701228510
H            1.46078292165985        5.39034043798359       -0.13813460818101
H            1.44656661495026       -5.38294858960517        0.44432585333523
H            4.45414524129761        5.32624974599132        0.83261845140263
H            4.41810205603284       -5.31947045279207       -0.38413614981374
H            6.77719853001588        3.95466728671734       -0.37329680907351
H            6.79974930293084        1.19514669327997        0.86071222991891
H            6.78530870387500       -1.21244732871904       -0.50563817779195
H            6.77197400491285       -3.93335110993276        0.79304331877194
60
 energy: -61.506229969833 gnorm: 0.006532735325 xtb: 6.7.1 (edcfbbe)
B           -5.85591694456748        3.40976208081490        0.54463731254069
B           -5.86582171453711        1.73192393205680        0.20011300629461
B           -4.40206945405887        4.24659255732666        0.15227682091863
B           -4.40729659075646        2.56342619621539        0.29790687351632
B           -4.40864567681483        0.86581794345373        0.36462897546289
B           -5.87473070901759       -1.66660102058832        0.18602638399247
B           -5.87392234113218       -3.34391859278408        0.55149969366437
B           -4.41338795199186       -0.80840984200067        0.36151467326002
B           -4.42054331385515       -2.50587177640664        0.29449441002757
B           -4.42524229649350       -4.18826168526361        0.14526493795650
B           -2.93160326481046        3.41536148634757        0.27571863026645
B           -2.93816173804645        1.70667991606027        0.34050647851794
B           -1.46642138286358        4.23804247317417        0.50269966819131
B           -1.47383158169357        2.55586271205005        0.32893605956548
B           -1.48021350897996        0.86130325076594        0.18769886742546
B           -2.94694818220566       -1.65660100631583        0.36867817535476
B           -2.95004304602442       -3.36557537165671        0.25793366139438
B           -1.48472171489611       -0.82001824882469        0.19018482256883
B           -1.48695447441352       -2.51403944974493        0.33488103923747
B           -1.49047402018226       -4.19609612339368        0.50352660388115
B           -0.00540957797322        3.40599747284252        0.28442155542862
B           -0.01083034169778        1.69931388815499        0.23194069251049
B            1.45821797079573        4.23224281231922        0.06804225217923
B            1.45624282926655        2.54834586004201        0.21080288603708
B            1.45180535084839        0.85293238189462        0.26410299947017
B           -0.02073573838387       -1.66593256407346        0.16924697751601
B           -0.02204761662430       -3.36898157341541        0.40701480653574
B            1.44717408230675       -0.82732149820776        0.24840841778230
B            1.44300513355846       -2.52242302042309        0.27758494313911
B            1.44007025904901       -4.20829033416893        0.37005411229849
B            2.92120554212750        3.39941515974078        0.26262486713054
B            2.91873935265461        1.69110923619351        0.20938296502252
B            4.39291526145011        4.22099330475483        0.43708815950320
B            4.38968117443985        2.53874506601344        0.30697978385002
B            4.38227891895655        0.84159660937376        0.24201162680953
B            2.91074053766246       -1.67287543825340        0.29106917181041
B            2.90135595532406       -3.38067932421529        0.15574481521732
B            4.37679494713727       -0.83151425564804        0.16367076337055
B            4.37284806384137       -2.52852306849682        0.10954048514584
B            4.36520294371617       -4.21125549984885       -0.00052984536758
B            5.84690565453573        3.37915356573459        0.05344947315604
B            5.84532669087709        1.69772911065241        0.40740068958229
B            5.83007436253364       -1.69582296875869       -0.03142624973705
B            5.83218667837967       -3.37592931835420        0.35841240480878
H           -6.77920160167601        3.99413357185357        0.97339422106108
H           -6.83238584451449        1.23578261905080       -0.23326321080372
H           -4.46266307095801        5.36564041964368       -0.20294424295828
H           -6.84126752760213       -1.17698168718990       -0.25632191409580
H           -6.80318195503220       -3.91116613953705        0.99047462354773
H           -4.49629238092603       -5.29567393801396       -0.24256371987198
H           -1.46922989579084        5.38205667571817        0.77750541744611
H           -1.50780436891624       -5.34229357967749        0.77009445340879
H            1.46123795455244        5.38789307121453       -0.15379900693383
H            1.44768969239906       -5.38196714025993        0.46563938684481
H            4.45468292697482        5.32654401320638        0.83216165463738
H            4.41874020290476       -5.31807328038913       -0.39504896492983
H            6.77718604205147        3.95532019579303       -0.36991107855245
H            6.79566147571758        1.19781693219740        0.87708378509433
H            6.78058892532623       -1.21255521770927       -0.51887111018095
H            6.77102299804887       -3.93712056103982        0.78421759904974
60
 energy: -61.506260978059 gnorm: 0.004532126953 xtb: 6.7.1 (edcfbbe)
B           -5.85605708512518        3.40970829419076        0.54395115375816
B           -5.86572780898662        1.73182864185332        0.19946093985104
B           -4.40200712498294        4.24650656011323        0.15169707547846
B           -4.40716568820649        2.56336799724831        0.29863380131457
B           -4.40848759323254        0.86575161359381        0.36670088799230
B           -5.87458714802446       -1.66668633653301        0.18457610493700
B           -5.87398136285123       -3.34410653089511        0.55023483915079
B           -4.41324088828206       -0.80852012839633        0.36234581615844
B           -4.42038332606201       -2.50595879608826        0.29388724502747
B           -4.42508797437855       -4.18830946158412        0.14371173229405
B           -2.93159910014273        3.41527543230125        0.27495294265470
B           -2.93802784040003        1.70660350711999        0.34123610789934
B           -1.46632464491699        4.23785445722527        0.50428686933435
B           -1.47378875256224        2.55577947738777        0.32900237633324
B           -1.48013770832128        0.86123993710484        0.18957275559043
B           -2.94681744761981       -1.65668889058340        0.36730849009860
B           -2.94997347807454       -3.36564529072897        0.25802781154860
B           -1.48463735605404       -0.82004463338727        0.19013825329738
B           -1.48681880529294       -2.51401654804715        0.33739962261417
B           -1.49027112743534       -4.19598654711477        0.50587236009668
B           -0.00534877223227        3.40605033225992        0.28449076353751
B           -0.01077882355389        1.69924694784962        0.23269187285681
B            1.45819635127133        4.23205940750895        0.06555811248481
B            1.45628784612093        2.54829216504560        0.20768008905743
B            1.45184818465804        0.85287252879026        0.26321279711318
B           -0.02069637564905       -1.66597288247934        0.16743572788839
B           -0.02195171816094       -3.36912050202014        0.40618220812399
B            1.44721799121282       -0.82732349140865        0.24713736610032
B            1.44315011215195       -2.52242696389663        0.28000580688108
B            1.44031833978926       -4.20807606101032        0.37603783979899
B            2.92127966207475        3.39937402748338        0.26437822617093
B            2.91874542405258        1.69109037497120        0.21113949218036
B            4.39291425452225        4.22096616582786        0.43828788836461
B            4.38963869917110        2.53868610333789        0.31141091700464
B            4.38229872418267        0.84159838592927        0.24373193874210
B            2.91073940800268       -1.67291701657272        0.28938826604689
B            2.90143002035729       -3.38065071097478        0.15416151052597
B            4.37682387737457       -0.83157312404007        0.16466847148181
B            4.37271115942853       -2.52845333911838        0.10482878284003
B            4.36502295990870       -4.21104741861191       -0.00652651532669
B            5.84711872678861        3.37917406814037        0.05493195744336
B            5.84527526009115        1.69760512149011        0.41104862870236
B            5.82997785215276       -1.69567058392404       -0.03419849574537
B            5.83241329755470       -3.37607042442492        0.35399345051530
H           -6.77911370561734        3.99567283255102        0.97028865379101
H           -6.83053851116015        1.23521973076203       -0.23725206602446
H           -4.46288460164997        5.36613026469670       -0.20060301167519
H           -6.83956374396680       -1.17668412155525       -0.26057449582030
H           -6.80296854927876       -3.91239970367061        0.98764452394588
H           -4.49603833895091       -5.29479496629974       -0.24622648359798
H           -1.46965260770795        5.37955609262294        0.78776934944117
H           -1.50871146340062       -5.33931687920646        0.78411483234367
H            1.46176284297434        5.38509089676604       -0.16942961334587
H            1.44917462731707       -5.38025159193230        0.48804026056548
H            4.45528543623201        5.32685610596318        0.83200040618521
H            4.41919688231551       -5.31619522612049       -0.40535513911100
H            6.77772291398338        3.95618305259598       -0.36582364004887
H            6.79186225850272        1.19996837922897        0.89086263114768
H            6.77591141924561       -1.21284352387761       -0.53144661372861
H            6.77062704084345       -3.94109621745701        0.77532985771368
60
 energy: -61.506276077503 gnorm: 0.001836000579 xtb: 6.7.1 (edcfbbe)
B           -5.85609214095188        3.40964166703043        0.54360010863094
B           -5.86572258968491        1.73189075530483        0.19860895822522
B           -4.40200784964356        4.24654519003683        0.15270513650222
B           -4.40715186117555        2.56337279964706        0.29949488486524
B           -4.40853312562761        0.86569870862612        0.36598161964222
B           -5.87458490370196       -1.66676324677634        0.18314395931457
B           -5.87398584420537       -3.34413146945977        0.54975416347860
B           -4.41330574689986       -0.80853245383641        0.36042954192657
B           -4.42039493653725       -2.50600382387289        0.29309438541811
B           -4.42512661777967       -4.18835186104906        0.14391686237350
B           -2.93152677909376        3.41529715771702        0.27605589466692
B           -2.93807811415400        1.70656076507203        0.34179851601581
B           -1.46628064026675        4.23778216077097        0.50627330886309
B           -1.47375318275251        2.55574471930689        0.33115398433758
B           -1.48012833514463        0.86122556323210        0.19039553129256
B           -2.94689602077415       -1.65672404501008        0.36573868867843
B           -2.94990959418979       -3.36571942480169        0.25793908463645
B           -1.48463306573019       -0.82004911757417        0.19000536602092
B           -1.48678269851656       -2.51400878977146        0.33973907220964
B           -1.49026611123473       -4.19603759388615        0.50625007114637
B           -0.00529248753281        3.40612136322420        0.28588659448241
B           -0.01075497116798        1.69921409088145        0.23406178506006
B            1.45819217407997        4.23201963745500        0.06417569662136
B            1.45628819399329        2.54827657982628        0.20444519542926
B            1.45188013669134        0.85282852603066        0.26272276396690
B           -0.02070436740578       -1.66598610801128        0.16580404556647
B           -0.02196197352781       -3.36929688381597        0.40436966914856
B            1.44723170867046       -0.82732519709114        0.24565175229325
B            1.44322980401546       -2.52244299208377        0.28310937188241
B            1.44047814091366       -4.20798180438902        0.38057872783965
B            2.92126187848996        3.39936745151007        0.26551643712712
B            2.91882200042251        1.69107078623769        0.21113408531892
B            4.39296160192869        4.22091716111930        0.43916278785746
B            4.38966161574381        2.53864501980861        0.31379753200561
B            4.38236537861775        0.84154502954410        0.24416551640343
B            2.91079470545447       -1.67293040960494        0.28680703225101
B            2.90144308454927       -3.38074428117466        0.15522707305868
B            4.37684990396668       -0.83156001286104        0.16293265682928
B            4.37267346893436       -2.52846151311432        0.10239696815026
B            4.36498296036484       -4.21101866117435       -0.00840952168979
B            5.84716495230727        3.37915630749453        0.05616978271113
B            5.84529527647675        1.69755174375334        0.41244367037845
B            5.82994784060815       -1.69569062363943       -0.03607724448796
B            5.83247723286639       -3.37607802626488        0.35166842823914
H           -6.77983903609793        3.99520368214000        0.96834719801617
H           -6.82954184293005        1.23528094097087       -0.23986132486360
H           -4.46247455709382        5.36623308779453       -0.19839755756917
H           -6.83899603861352       -1.17733720684269       -0.26345453311913
H           -6.80377426597252       -3.91169994146406        0.98576868906200
H           -4.49575490558326       -5.29424737295100       -0.24717374726204
H           -1.46993202716354        5.37822324420465        0.79271944130913
H           -1.50895205714094       -5.33737433712739        0.79059084986085
H            1.46190136758041        5.38290480054966       -0.17916431304540
H            1.45020890820424       -5.37845887109308        0.50402242788556
H            4.45559765680778        5.32685597611835        0.83210985964238
H            4.41950088183187       -5.31460581075560       -0.41081775166835
H            6.77849588330918        3.95688988613391       -0.36142767046963
H            6.79009454476682        1.20096169931373        0.89602817110371
H            6.77375414364561       -1.21368450388545       -0.53784740868415
H            6.77116534305381       -3.94301912747302        0.76875146511377
60
 energy: -61.506284686043 gnorm: 0.002485897607 xtb: 6.7.1 (edcfbbe)
B           -5.85621926668310        3.40962347609117        0.54400009004608
B           -5.86568889099600        1.73199795669613        0.19712847896434
B           -4.40199331028948        4.24663317925221        0.15493445267197
B           -4.40714757723769        2.56335692324377        0.30049378945084
B           -4.40860695801491        0.86564012974829        0.36411487211397
B           -5.87458783364894       -1.66675262258610        0.18080658781123
B           -5.87411796891444       -3.34415435163835        0.54936580608827
B           -4.41340425637077       -0.80849803888129        0.35741207578368
B           -4.42044821017572       -2.50596805559564        0.29154137282343
B           -4.42522932800186       -4.18835362954585        0.14450451104567
B           -2.93145304771769        3.41536017890361        0.27856603904369
B           -2.93810623210370        1.70649574771434        0.34205239844007
B           -1.46623635769713        4.23766461898047        0.50832027095285
B           -1.47370478155292        2.55567763956414        0.33522616787238
B           -1.48014436830495        0.86124929827454        0.19075590665752
B           -2.94697812705901       -1.65670024420396        0.36354099904147
B           -2.94990083907929       -3.36576536498531        0.25677324555239
B           -1.48466026581822       -0.82005392399104        0.18958943077436
B           -1.48679365553439       -2.51395408291685        0.34240419437573
B           -1.49036783164439       -4.19609561729210        0.50476389430248
B           -0.00525683307222        3.40608445327658        0.28833565103226
B           -0.01076719018185        1.69918691204813        0.23614879214132
B            1.45814137452539        4.23199115241460        0.06424842318338
B            1.45618911658951        2.54822298495496        0.20019475091674
B            1.45184560599020        0.85279819726711        0.26271896188975
B           -0.02076631694082       -1.66598282582055        0.16383140245849
B           -0.02206399552492       -3.36939452354211        0.40182571500314
B            1.44716012049887       -0.82735199579085        0.24361468618430
B            1.44323619041092       -2.52241052138566        0.28782326726770
B            1.44052849253643       -4.20781202228422        0.38548067640057
B            2.92118666725735        3.39935193918050        0.26630857630992
B            2.91878212509720        1.69100787951913        0.21019019481784
B            4.39295629424343        4.22080208218898        0.43978556463264
B            4.38962739145470        2.53855415600877        0.31433485329863
B            4.38231630917355        0.84146837777693        0.24216837754842
B            2.91070881785065       -1.67290561284956        0.28323847008845
B            2.90137234233850       -3.38089783558487        0.15710166694341
B            4.37676110532167       -0.83150181180179        0.16008985792631
B            4.37257828022762       -2.52848881901793        0.10119598049207
B            4.36491302367251       -4.21111043619390       -0.00785193007677
B            5.84724726920433        3.37922050137186        0.05734305413999
B            5.84526332383294        1.69744606635247        0.41199911140770
B            5.82979076535495       -1.69575300392151       -0.03799976337373
B            5.83253872248685       -3.37613245103575        0.35043510530713
H           -6.78121882178432        3.99357363022883        0.96773708947624
H           -6.82953665054298        1.23609420960686       -0.24173652711914
H           -4.46152940883127        5.36650992985653       -0.19546233123365
H           -6.83963042343991       -1.17892193909888       -0.26603682925248
H           -6.80552552669806       -3.90982209198653        0.98395697039612
H           -4.49547588424412       -5.29422667229307       -0.24665151127669
H           -1.46977882333082        5.37778821951737        0.79448199349557
H           -1.50878166384869       -5.33603254137377        0.79270474207702
H            1.46143781839733        5.38078725486701       -0.18654425279373
H            1.45116980920748       -5.37628434822811        0.52144242311324
H            4.45551131115582        5.32653962358850        0.83298059491720
H            4.41962401902730       -5.31334206173598       -0.41350056763901
H            6.77986853014824        3.95783359714707       -0.35561890011447
H            6.78982168868315        1.20082078915114        0.89501682055733
H            6.77392009083000       -1.21519445839651       -0.53990608275385
H            6.77320613976785       -3.94315821081383        0.76229407839836
60
 energy: -61.506287296317 gnorm: 0.001045444292 xtb: 6.7.1 (edcfbbe)
B           -5.85617508836739        3.40958769750170        0.54432778589628
B           -5.86572474598396        1.73200221548457        0.19721104538115
B           -4.40201707007915        4.24667521341962        0.15538472721938
B           -4.40716914763360        2.56335125366613        0.30046073535932
B           -4.40863227097853        0.86565403178475        0.36401719820383
B           -5.87462427063722       -1.66671127668084        0.18047914708666
B           -5.87410945382890       -3.34414122154255        0.54882376802774
B           -4.41343115047895       -0.80850650829198        0.35730105517690
B           -4.42048075886402       -2.50595269035536        0.29098721158666
B           -4.42525141362312       -4.18836024014208        0.14410862675214
B           -2.93146608173184        3.41535178692742        0.27875200628430
B           -2.93814286281548        1.70651061159251        0.34200010021551
B           -1.46626188830109        4.23768994124264        0.50808213499867
B           -1.47372315826231        2.55567335665503        0.33578489138619
B           -1.48016856553737        0.86126587150226        0.19068887135223
B           -2.94702237043130       -1.65671289979132        0.36331811688387
B           -2.94992453651745       -3.36573586687126        0.25594376433829
B           -1.48468338567163       -0.82005884229705        0.18944635527869
B           -1.48682834521725       -2.51395149748924        0.34257850063423
B           -1.49042173138406       -4.19613341380893        0.50408658372859
B           -0.00527463091690        3.40606715328652        0.28830295668605
B           -0.01078416524875        1.69919541327850        0.23618958721487
B            1.45813367602130        4.23202344426654        0.06451057392491
B            1.45616363482112        2.54822110516768        0.19937582352024
B            1.45183053915012        0.85281022140462        0.26297890364301
B           -0.02078250379578       -1.66598880631901        0.16379231438962
B           -0.02208874332342       -3.36937276070249        0.40196994423246
B            1.44714189143892       -0.82736371386507        0.24375619603759
B            1.44324293891664       -2.52239911404691        0.28882089656786
B            1.44051465396691       -4.20780010593323        0.38599493232821
B            2.92115830622505        3.39934044695927        0.26630263257058
B            2.91878149742371        1.69102048445334        0.21028472612926
B            4.39294842921394        4.22080486148409        0.43989548167424
B            4.38961595556946        2.53854027756213        0.31389856773018
B            4.38230031511376        0.84147753081378        0.24203859508078
B            2.91069669819506       -1.67292433416246        0.28285067744900
B            2.90131402558538       -3.38088159286109        0.15659751731818
B            4.37672514656119       -0.83150584410615        0.15946172400422
B            4.37256327192709       -2.52849235149729        0.10118768700436
B            4.36489091502867       -4.21116229830600       -0.00754287285790
B            5.84717386297518        3.37921604030026        0.05738018444766
B            5.84527494702142        1.69743258812440        0.41129290449331
B            5.82977215600228       -1.69574566442242       -0.03805913189325
B            5.83244979877666       -3.37614082370340        0.35040770698844
H           -6.78124464041560        3.99330908488774        0.96862565681709
H           -6.83001841809292        1.23634864694263       -0.24108214307672
H           -4.46150309828913        5.36670052498633       -0.19501815248313
H           -6.84002220259717       -1.17900672227784       -0.26590319254905
H           -6.80564754089261       -3.90969644867031        0.98364371043550
H           -4.49552224479084       -5.29456428927807       -0.24640097926390
H           -1.46961511873885        5.37828306209860        0.79328891069887
H           -1.50887343317336       -5.33646120763970        0.79113152066132
H            1.46121143847636        5.38097244536607       -0.18596530907473
H            1.45122766210023       -5.37617931709446        0.52375548213076
H            4.45532389962036        5.32651950772420        0.83346302161456
H            4.41940789420503       -5.31381482551301       -0.41238331448859
H            6.77994840162299        3.95789957918529       -0.35541850413831
H            6.79062817417745        1.20006420441988        0.89228909247391
H            6.77506625047462       -1.21517101445755       -0.53781537730801
H            6.77371075600918       -3.94231192036129        0.76233216307601
60
 energy: -61.506288725895 gnorm: 0.001085856358 xtb: 6.7.1 (edcfbbe)
B           -5.85618049666420        3.40955982529766        0.54519380615891
B           -5.86577624569119        1.73198787332331        0.19793927010138
B           -4.40204535814471        4.24669927544848        0.15621247287221
B           -4.40724317167735        2.56335852162592        0.30045512693658
B           -4.40867294364697        0.86568069188764        0.36437884991448
B           -5.87467568352832       -1.66662376341010        0.17999822154313
B           -5.87418524902989       -3.34418452068812        0.54728408703005
B           -4.41347204852121       -0.80853355778389        0.35758409025274
B           -4.42055242324414       -2.50594255747402        0.28989956943145
B           -4.42524975225268       -4.18832851914072        0.14286076351414
B           -2.93154321733791        3.41533661125442        0.27879548877085
B           -2.93817649411754        1.70652605626017        0.34205729681195
B           -1.46632203107674        4.23774667013800        0.50714028844084
B           -1.47375726661886        2.55565333846879        0.33666880430791
B           -1.48021517040859        0.86129815400966        0.19050176855164
B           -2.94706756265352       -1.65673438385390        0.36277518261614
B           -2.95000353211430       -3.36568182609540        0.25413069230152
B           -1.48473096806506       -0.82005468008149        0.18887543255248
B           -1.48688476512342       -2.51393817816452        0.34246679875875
B           -1.49051335510067       -4.19620054069850        0.50238736878043
B           -0.00532831360766        3.40603631546710        0.28796975622915
B           -0.01083318654514        1.69921439681075        0.23625123112915
B            1.45808904468326        4.23206028836507        0.06498046609965
B            1.45608597055621        2.54820745217434        0.19775770179190
B            1.45178192512295        0.85283544886383        0.26378154596142
B           -0.02082378296975       -1.66599459410266        0.16353465081970
B           -0.02214782905653       -3.36932934262164        0.40198352999629
B            1.44708840047254       -0.82736818175628        0.24400940078418
B            1.44323301664020       -2.52235153893315        0.29099634946895
B            1.44048963068025       -4.20774795428212        0.38719201192269
B            2.92111654833224        3.39934080476783        0.26635676541704
B            2.91871667554707        1.69104445046526        0.21095017016445
B            4.39286439142135        4.22078113361748        0.44008765898346
B            4.38959682124056        2.53854755682609        0.31286796633037
B            4.38223081927792        0.84150745206401        0.24161208100638
B            2.91061564939334       -1.67294284578592        0.28215526078694
B            2.90121975642082       -3.38083959445880        0.15533800378607
B            4.37666535198967       -0.83151603222332        0.15919255516239
B            4.37254027588411       -2.52848433356153        0.10150729500947
B            4.36480302127449       -4.21118663157406       -0.00722622043119
B            5.84708906575525        3.37926268188313        0.05735492285157
B            5.84525157733350        1.69742119905370        0.41001352069503
B            5.82972938862752       -1.69569950387606       -0.03799076083324
B            5.83234098620255       -3.37618625779300        0.35008419847817
H           -6.78098634969734        3.99298382930285        0.97100117198160
H           -6.83079682291407        1.23652900463082       -0.23928354745755
H           -4.46156142738472        5.36694858354584       -0.19426577427044
H           -6.84034434582291       -1.17853363802049       -0.26567860288667
H           -6.80550146458184       -3.90996098772689        0.98275789949191
H           -4.49544940809553       -5.29515266741940       -0.24638960537897
H           -1.46940865326416        5.37921652965030        0.79073308117280
H           -1.50927466561221       -5.33744687346040        0.78737276833085
H            1.46102135517179        5.38143445933623       -0.18492309684309
H            1.45140723511438       -5.37585285248922        0.52967005204947
H            4.45491131232508        5.32639590455349        0.83457589873785
H            4.41863432991216       -5.31493554895937       -0.40987826151680
H            6.77983546975999        3.95790206022483       -0.35592609127099
H            6.79251047285714        1.19847149082729        0.88643350400734
H            6.77718087784119       -1.21456821606804       -0.53342361396575
H            6.77425671473175       -3.94090694764110        0.76287251656097
60
 energy: -61.506289253359 gnorm: 0.000637954483 xtb: 6.7.1 (edcfbbe)
B           -5.85616209032220        3.40954591377465        0.54530009813260
B           -5.86578037294833        1.73199990414467        0.19808109331022
B           -4.40207138728140        4.24669944658358        0.15597466313428
B           -4.40721094657452        2.56335162883375        0.30058020831688
B           -4.40865059298175        0.86566661678519        0.36467048917221
B           -5.87466666208427       -1.66665149894442        0.18000058557255
B           -5.87416641639277       -3.34418718669992        0.54733384477807
B           -4.41345089999362       -0.80853044969356        0.35768786921548
B           -4.42051740977609       -2.50594543372680        0.29007977750301
B           -4.42526456829640       -4.18833406234125        0.14266450378330
B           -2.93153076880929        3.41533321430056        0.27874032411280
B           -2.93816530676301        1.70651819539941        0.34224727818378
B           -1.46630866921300        4.23773693629350        0.50727712810499
B           -1.47375478080299        2.55565696488946        0.33651558757887
B           -1.48020761299607        0.86129173100624        0.19059981871779
B           -2.94705437456912       -1.65673231572238        0.36276292265391
B           -2.94998299266191       -3.36569211520948        0.25435909559882
B           -1.48472107806480       -0.82004752633832        0.18886646942058
B           -1.48687132050973       -2.51394402115506        0.34222266604800
B           -1.49048855190107       -4.19619811708477        0.50243933506054
B           -0.00532050770332        3.40605404589511        0.28797827465126
B           -0.01082359320925        1.69921131687568        0.23635656379499
B            1.45809152522315        4.23204731406262        0.06470481411519
B            1.45610167178759        2.54821060229651        0.19788280763064
B            1.45179199090687        0.85283053560439        0.26367673300850
B           -0.02081246648093       -1.66598840623774        0.16334607436704
B           -0.02213643828306       -3.36935256637266        0.40170952162335
B            1.44710123406257       -0.82735887472249        0.24389194908608
B            1.44324647886206       -2.52235224267662        0.29099197022784
B            1.44051285486705       -4.20773241066663        0.38745082221055
B            2.92111815943152        3.39934417511168        0.26643531009128
B            2.91873138415261        1.69104600328596        0.21102589036704
B            4.39289964162871        4.22081496544127        0.44011995810391
B            4.38958318229409        2.53855006753182        0.31310649016179
B            4.38224565344231        0.84150235189553        0.24197959766356
B            2.91063260078042       -1.67293138381465        0.28218537816983
B            2.90124310194068       -3.38084165007211        0.15563402038060
B            4.37667851999167       -0.83150697171793        0.15946210854685
B            4.37254431937054       -2.52847444206510        0.10157370287208
B            4.36484110012512       -4.21116866001284       -0.00764911613666
B            5.84709735859490        3.37926010228203        0.05729698776604
B            5.84526048436886        1.69744299897507        0.41035754929109
B            5.82974271703997       -1.69570243996167       -0.03797338692314
B            5.83237823956995       -3.37616430277095        0.34999575479078
H           -6.78080173741299        3.99318120251890        0.97097352794607
H           -6.83048962587963        1.23631605937908       -0.23943878292771
H           -4.46167166220760        5.36681745784801       -0.19445925488733
H           -6.83998933661106       -1.17829541838453       -0.26597913825040
H           -6.80531984646906       -3.91020143969282        0.98264883040921
H           -4.49540810632265       -5.29494429957298       -0.24689449170289
H           -1.46952902937880        5.37888011478410        0.79146193396631
H           -1.50921474299994       -5.33723115237401        0.78776360791881
H            1.46117453787989        5.38124008374179       -0.18578161310188
H            1.45143508764676       -5.37565915826635        0.53030486187662
H            4.45505003712679        5.32642339793718        0.83433798668989
H            4.41870916452993       -5.31477405808351       -0.41039491837104
H            6.77963798576306        3.95783396678963       -0.35640908112760
H            6.79217233843510        1.19882169007591        0.88753593342128
H            6.77638672375448       -1.21433955743792       -0.53462493702545
H            6.77371790232415       -3.94158585252367        0.76302574090708
