AutoDock Vina v1.2.7
#################################################################
# If you used AutoDock Vina in your work, please cite:          #
#                                                               #
# J. Eberhardt, D. Santos-Martins, A. F. Tillack, and S. Forli  #
# AutoDock Vina 1.2.0: New Docking Methods, Expanded Force      #
# Field, and Python Bindings, J. Chem. Inf. Model. (2021)       #
# DOI 10.1021/acs.jcim.1c00203                                  #
#                                                               #
# O. Trott, A. J. Olson,                                        #
# AutoDock Vina: improving the speed and accuracy of docking    #
# with a new scoring function, efficient optimization and       #
# multithreading, J. Comp. Chem. (2010)                         #
# DOI 10.1002/jcc.21334                                         #
#                                                               #
# Please see https://github.com/ccsb-scripps/AutoDock-Vina for  #
# more information.                                             #
#################################################################

Scoring function : vina
Rigid receptor: c:\Users\Andre\Proyectos doctorado\borophene-alzheimer-tau-ai\data\raw\5O3L_receptor.pdbqt
Ligand: c:\Users\Andre\Proyectos doctorado\borophene-alzheimer-tau-ai\calculations\tau\Galantamine\Galantamine_ligand.pdbqt
Grid center: X 180.159 Y 140.642 Z 145.947
Grid size  : X 26 Y 26 Z 26
Grid space : 0.375
Exhaustiveness: 8
CPU: 0
Verbosity: 1

Computing Vina grid ... done.
WARNING: At low exhaustiveness, it may be impossible to utilize all CPUs.
Performing docking (random seed: 1298704872) ... 
0%   10   20   30   40   50   60   70   80   90   100%
|----|----|----|----|----|----|----|----|----|----|
***************************************************

mode |   affinity | dist from best mode
     | (kcal/mol) | rmsd l.b.| rmsd u.b.
-----+------------+----------+----------
   1       -3.794          0          0
   2       -3.776      2.373      4.262
   3       -3.701      2.604      5.452
   4       -3.668      3.624      6.322
   5        -3.65       2.74       5.04
   6       -3.547      2.673      4.275
   7       -3.523      2.487      4.226
   8       -3.432      3.067      4.566
   9       -3.347      1.853      4.908
# Command: c:\Users\Andre\Proyectos doctorado\borophene-alzheimer-tau-ai\src\docking\vina.exe --receptor c:\Users\Andre\Proyectos doctorado\borophene-alzheimer-tau-ai\data\raw\5O3L_receptor.pdbqt --ligand c:\Users\Andre\Proyectos doctorado\borophene-alzheimer-tau-ai\calculations\tau\Galantamine\Galantamine_ligand.pdbqt --center_x 180.159 --center_y 140.642 --center_z 145.947 --size_x 26.0 --size_y 26.0 --size_z 26.0 --num_modes 9 --exhaustiveness 8 --out c:\Users\Andre\Proyectos doctorado\borophene-alzheimer-tau-ai\calculations\tau\Galantamine\Galantamine_5O3L_out.pdbqt
