60
 energy: -61.502494260136 gnorm: 0.122082853242 xtb: 6.7.1 (edcfbbe)
B           -5.85174226000000        3.38667733000000        0.62093479000000
B           -5.85442334000000        1.70489605000000        0.31210668000000
B           -4.39372891000000        4.22873475000000        0.29718434000000
B           -4.39590475000000        2.54294582000000        0.42121005000000
B           -4.39471790000000        0.84712727000000        0.49368027000000
B           -5.85674252000000       -1.68582279000000        0.31419880000000
B           -5.85571058000000       -3.37013033000000        0.59241053000000
B           -4.39556070000000       -0.83107584000000        0.49162912000000
B           -4.39907613000000       -2.52641515000000        0.40841334000000
B           -4.39858958000000       -4.21155164000000        0.27046170000000
B           -2.92413244000000        3.39425749000000        0.39026115000000
B           -2.92650389000000        1.69127797000000        0.50223106000000
B           -1.46228184000000        4.22675777000000        0.58395442000000
B           -1.46366137000000        2.54108582000000        0.47472021000000
B           -1.46537853000000        0.84884358000000        0.34531628000000
B           -2.92869654000000       -1.67718751000000        0.46027138000000
B           -2.92814857000000       -3.37947161000000        0.38191589000000
B           -1.46645946000000       -0.83470272000000        0.32772115000000
B           -1.46692267000000       -2.52859125000000        0.43701846000000
B           -1.46646939000000       -4.21456799000000        0.56142128000000
B            0.00379961000000        3.38977697000000        0.52201347000000
B            0.00151752000000        1.69101212000000        0.33336949000000
B            1.46846955000000        4.22689628000000        0.51585944000000
B            1.46703178000000        2.53992321000000        0.43862204000000
B            1.46563503000000        0.84641914000000        0.41025811000000
B           -0.00014473000000       -1.67882811000000        0.36742591000000
B           -0.00078130000000       -3.38046081000000        0.40393625000000
B            1.46464647000000       -0.83666040000000        0.42014865000000
B            1.46382529000000       -2.53017255000000        0.35590590000000
B            1.46136307000000       -4.21559121000000        0.23219260000000
B            2.93012241000000        3.39079488000000        0.34711424000000
B            2.93195159000000        1.68840650000000        0.45762631000000
B            4.39595295000000        4.22343690000000        0.21958997000000
B            4.39757820000000        2.53765156000000        0.30853404000000
B            4.39566114000000        0.84222942000000        0.35673176000000
B            2.92946813000000       -1.68041076000000        0.36729710000000
B            2.92674592000000       -3.38299264000000        0.39375975000000
B            4.39499098000000       -0.83563444000000        0.40389312000000
B            4.39590950000000       -2.53138102000000        0.44349617000000
B            4.39312817000000       -4.21735164000000        0.53391280000000
B            5.86030683000000        3.38032697000000        0.52266796000000
B            5.85612329000000        1.69719211000000        0.19635053000000
B            5.85661740000000       -1.69254847000000        0.54077811000000
B            5.85466458000000       -3.37554904000000        0.22343803000000
H           -6.80055017000000        3.95904938000000        1.00912258000000
H           -6.81981499000000        1.20637558000000       -0.12268806000000
H           -4.44221354000000        5.34862320000000       -0.05716288000000
H           -6.81870579000000       -1.17148227000000       -0.10759329000000
H           -6.79788843000000       -3.95525345000000        0.97784917000000
H           -4.44594132000000       -5.34033159000000       -0.05460533000000
H           -1.47233084000000        5.37986500000000        0.81461658000000
H           -1.47330111000000       -5.36841197000000        0.78845564000000
H            1.47743265000000        5.39920109000000        0.61045189000000
H            1.46243728000000       -5.37530756000000        0.03698990000000
H            4.44308841000000        5.33924974000000       -0.14976649000000
H            4.43890238000000       -5.33877789000000        0.88434935000000
H            6.81515507000000        3.94938711000000        0.90154645000000
H            6.81233520000000        1.19738349000000       -0.26280503000000
H            6.81042462000000       -1.19079445000000        1.00084358000000
H            6.79682299000000       -3.95429502000000       -0.17035600000000
60
 energy: -61.505394665408 gnorm: 0.036915324883 xtb: 6.7.1 (edcfbbe)
B           -5.84916270976261        3.38550901196062        0.64388606853052
B           -5.85250271462953        1.70799807685670        0.29279906560667
B           -4.39451841986693        4.22586652393634        0.27197900369557
B           -4.39677823148556        2.54305197392125        0.41463430893312
B           -4.39486772560456        0.84503944647645        0.49765192906977
B           -5.85491104597555       -1.68885745240086        0.29826116577569
B           -5.85314697480430       -3.36920170322766        0.61508519528443
B           -4.39559111387910       -0.82892468575971        0.49696687919710
B           -4.40014190504365       -2.52657386073688        0.40440921600585
B           -4.39912906841952       -4.20882356615194        0.24842518693812
B           -2.92350207094239        3.39759833983198        0.38363954937911
B           -2.92576588450299        1.68853889059952        0.50458940043107
B           -1.46225392267271        4.22501496913157        0.60338871093109
B           -1.46353689877133        2.54079304068753        0.48036207885285
B           -1.46550369526629        0.84755175270809        0.34080628420386
B           -2.92789244300637       -1.67449768671605        0.46181491502052
B           -2.92748653196215       -3.38288575071423        0.37835017898649
B           -1.46660520792742       -0.83324576917640        0.32379429899368
B           -1.46697295103395       -2.52840570347432        0.44215134103219
B           -1.46605358209228       -4.21283245979295        0.58351593492867
B            0.00386497622575        3.39243185678213        0.53517570155918
B            0.00142146362608        1.68847268029737        0.33324902462222
B            1.46860854449588        4.22577207864327        0.52798370330359
B            1.46730671925924        2.53978120326760        0.44432054447146
B            1.46587242543092        0.84483887049455        0.41667264678493
B           -0.00020158991922       -1.67620359599777        0.37097374143893
B           -0.00080709188109       -3.38373275897403        0.40198547310975
B            1.46479473824170       -0.83510847117080        0.42668337689128
B            1.46413458198715       -2.52998527590946        0.34958046639443
B            1.46101704778373       -4.21371369974858        0.20681782599137
B            2.92977884026168        3.39401515834081        0.33892394353088
B            2.93136240971807        1.68570376505029        0.45685514037143
B            4.39643036610753        4.22059936409100        0.19338799476137
B            4.39832853339045        2.53756156193981        0.29337143785700
B            4.39575325379462        0.83992276133318        0.34443826486683
B            2.92878245540958       -1.67767596513541        0.36923140211817
B            2.92636353996741       -3.38641514644421        0.39441003580382
B            4.39517637468281       -0.83332301337245        0.40945084728499
B            4.39708656156360       -2.53150223523878        0.45534761201590
B            4.39371371147959       -4.21473888920211        0.55786376577180
B            5.85814747545111        3.37878407142816        0.54396241145370
B            5.85363878787186        1.70003518684895        0.16572809027323
B            5.85452950654069       -1.69555177413234        0.56962747367533
B            5.85221778871640       -3.37408353643131        0.20376142499496
H           -6.79813487543553        3.95897525300169        1.03234892740898
H           -6.82074401719083        1.20969825722274       -0.13643464428430
H           -4.44593206490376        5.34816989503240       -0.07492681805620
H           -6.81902806248924       -1.17470157081236       -0.11955322707726
H           -6.79576029768071       -3.95555305851524        0.99941206528373
H           -4.44933175226117       -5.33908391606713       -0.07160709151894
H           -1.47350030373681        5.37927548783705        0.82995866275136
H           -1.47351654645741       -5.36796799572103        0.80453236103162
H            1.47774998663889        5.39882266244391        0.61870394693035
H            1.46230591977494       -5.37459710744911        0.01739357742992
H            4.44617468594425        5.33937743324179       -0.16705343517392
H            4.44143078892778       -5.33862138170255        0.90080720755927
H            6.81273889015070        3.94809926523594        0.92498329876202
H            6.81407769752928        1.20108700821098       -0.28529398149853
H            6.81170575441826       -1.19402488516077        1.02274493205038
H            6.79435029421498       -3.95350055151718       -0.19109813274140
60
 energy: -61.505708991699 gnorm: 0.022811693673 xtb: 6.7.1 (edcfbbe)
B           -5.85000724492063        3.38608328848088        0.64412425616170
B           -5.85277586992192        1.70851114215269        0.29169350319622
B           -4.39471084923680        4.22600596487842        0.26643731771951
B           -4.39647466684239        2.54292809933304        0.41156015348946
B           -4.39516227132028        0.84482247095152        0.49033288477553
B           -5.85526424984495       -1.68937125544774        0.29937407605045
B           -5.85400492560010       -3.36973974157183        0.61721412841957
B           -4.39593494210313       -0.82859616468643        0.48964818248481
B           -4.39983978922856       -2.52636411812320        0.40334218784060
B           -4.39945630257942       -4.20901140745864        0.24475298727849
B           -2.92268422964544        3.39787163168888        0.37867404082345
B           -2.92628569980608        1.68848541516620        0.50647042760187
B           -1.46247276409467        4.22481002297350        0.61431386552365
B           -1.46346837977280        2.54096126429049        0.48384920743852
B           -1.46548691243488        0.84763252837347        0.34131159951798
B           -2.92843328118718       -1.67444226536933        0.46368629472818
B           -2.92679303004427       -3.38315129462892        0.37520475213262
B           -1.46658945015910       -0.83330655814316        0.32618463066181
B           -1.46694937847048       -2.52866261469235        0.44285840185640
B           -1.46622030100836       -4.21287152416080        0.59030437663764
B            0.00405477252949        3.39226642985049        0.54690587286902
B            0.00149652843307        1.68846949985592        0.33181171267641
B            1.46908160912492        4.22579719943673        0.53453719549944
B            1.46741320317756        2.53995066444700        0.44666146974883
B            1.46603661078548        0.84487696493293        0.41933574043286
B           -0.00011402739522       -1.67618451158509        0.37342447760562
B           -0.00075189473148       -3.38399760802536        0.40132500931984
B            1.46494030309242       -0.83520166100556        0.43017873886770
B            1.46418936178107       -2.53020434071703        0.34909064036604
B            1.46124990950782       -4.21353574416747        0.19705633879064
B            2.92902353112694        3.39412820278028        0.33123626928391
B            2.93203720161791        1.68564741680460        0.45797050522309
B            4.39661540361049        4.22056937376577        0.18519842715770
B            4.39797078486293        2.53722866418471        0.28572988559481
B            4.39603874912113        0.83960063850229        0.33822398529688
B            2.92942639267837       -1.67763179984354        0.37061528000969
B            2.92572671463567       -3.38669591557012        0.39651312875146
B            4.39556368054146       -0.83306064224707        0.41439316679719
B            4.39682045304743       -2.53123326967616        0.45989632614544
B            4.39403803943558       -4.21494778377859        0.56219608269763
B            5.85927055611609        3.37940050305975        0.53972969455674
B            5.85369207119125        1.70013532096852        0.15873277926581
B            5.85475021539422       -1.69574003699793        0.57432484201458
B            5.85342936099752       -3.37479599757334        0.20685639879250
H           -6.79278853714504        3.95824685597605        1.04572034345600
H           -6.81871471193849        1.21352413994413       -0.14496336023311
H           -4.45058829205664        5.34445059662172       -0.09025100117045
H           -6.81741890310798       -1.17822726245132       -0.12508771568658
H           -6.79117518942160       -3.95532323851302        1.01193981899923
H           -4.45366943540906       -5.33557090275148       -0.08545055758726
H           -1.47509681866691        5.37751934930915        0.84777969633107
H           -1.47389932706200       -5.36614996514315        0.81937330856488
H            1.47831463165012        5.39837072276644        0.63001094166645
H            1.46239110940924       -5.37232334079737       -0.00359578924513
H            4.45052497393837        5.33557582175587       -0.18437202886788
H            4.44478408249110       -5.33503379935082        0.91495009580034
H            6.80835784386772        3.94466373647936        0.93608020001512
H            6.81142026528296        1.20590247160108       -0.30190759694931
H            6.80899512652535       -1.19829639336673        1.03678195007561
H            6.79116260918212       -3.95071286348831       -0.19905883727131
60
 energy: -61.505880253414 gnorm: 0.013115849256 xtb: 6.7.1 (edcfbbe)
B           -5.84963200885807        3.38591867769107        0.64309753070748
B           -5.85246398495166        1.70853247530557        0.29085649988771
B           -4.39424067636936        4.22580774776784        0.26217830018735
B           -4.39612791147872        2.54283094738156        0.40997470388926
B           -4.39505218099077        0.84486077676951        0.48595928037865
B           -5.85503569297367       -1.68933336161572        0.30040513509113
B           -5.85360643911019       -3.36947505449011        0.61833301815476
B           -4.39586257380628       -0.82852817464345        0.48488001665557
B           -4.39955556376329       -2.52619553605649        0.40292496541782
B           -4.39916458876573       -4.20876890168761        0.24216290662070
B           -2.92220754253204        3.39772467664162        0.37698454093689
B           -2.92627755217882        1.68854463492437        0.50802845151573
B           -1.46240986527872        4.22426357834557        0.62334160105669
B           -1.46326727965439        2.54091858135090        0.48618590123079
B           -1.46532856593180        0.84775396765054        0.34297249822193
B           -2.92846910777809       -1.67447656463848        0.46485840415505
B           -2.92642802524786       -3.38296299748272        0.37298213718262
B           -1.46642773934659       -0.83342510746105        0.33094316670330
B           -1.46680832365193       -2.52866570483914        0.44246689327635
B           -1.46620906159775       -4.21263043918664        0.59309991513724
B            0.00424939347671        3.39161779064202        0.55542177017194
B            0.00157861221587        1.68858894501626        0.32910017227254
B            1.46937654044684        4.22545827357874        0.53978956427892
B            1.46738938224781        2.53990530656596        0.44745778739101
B            1.46608473069181        0.84500947249790        0.41938520432610
B           -0.00000435780529       -1.67628859728817        0.37612310668264
B           -0.00066803994672       -3.38366409759443        0.40108433486131
B            1.46498355089281       -0.83533842589384        0.43117083014242
B            1.46414038393934       -2.53018959679526        0.34974030359227
B            1.46136374624997       -4.21310263528707        0.19226263605964
B            2.92863356901935        3.39384599735186        0.32453602679488
B            2.93222727332108        1.68571191996809        0.46021726162867
B            4.39620589389204        4.22016766995934        0.17729842815718
B            4.39764541716662        2.53696187331666        0.28061772527123
B            4.39609275985442        0.83960175881775        0.34154700904536
B            2.92960234652684       -1.67767196619916        0.37213187848677
B            2.92546781303915       -3.38655489212907        0.39883766179422
B            4.39556344161516       -0.83307673522365        0.41548203665113
B            4.39664219752427       -2.53104745117406        0.46238851804538
B            4.39382497904962       -4.21478170426123        0.56481601918881
B            5.85909112078770        3.37936170336613        0.53355303693028
B            5.85339272332274        1.69974652210476        0.15478316963056
B            5.85461504056200       -1.69543630260778        0.57631638594925
B            5.85326932924445       -3.37471038266177        0.21063548926785
H           -6.78607350862169        3.95780932292835        1.06003528071592
H           -6.81562961653019        1.21719356629178       -0.15612431480808
H           -4.45469046527083        5.33938628468853       -0.10912629837467
H           -6.81536045167103       -1.18155066881426       -0.13231875242467
H           -6.78538021552364       -3.95539778756567        1.02539520515625
H           -4.45776649365703       -5.33100321692811       -0.10214780890763
H           -1.47681960484897        5.37461359058480        0.86953554188510
H           -1.47404735373024       -5.36344581747044        0.83531425389534
H            1.47928648798026        5.39746336816435        0.64507070226287
H            1.46247667102278       -5.36887231519893       -0.02714211154501
H            4.45403173623673        5.33014711126424       -0.20691770737109
H            4.44742429742408       -5.33034095519229        0.93148883425346
H            6.80289960419691        3.94173519677125        0.94640376032553
H            6.80638922587598        1.21019547519549       -0.32107548176863
H            6.80505888686999       -1.20252480557002        1.05177187280635
H            6.78759205717794       -3.94816463694616       -0.20626448912848
60
 energy: -61.505942353431 gnorm: 0.006389624677 xtb: 6.7.1 (edcfbbe)
B           -5.84939161424991        3.38584682634321        0.64439287287495
B           -5.85237927734040        1.70858649084454        0.28831988972774
B           -4.39407423676764        4.22579882574598        0.25873678938323
B           -4.39625646640814        2.54304482470766        0.40983042820480
B           -4.39504171218497        0.84506635182279        0.48643475005509
B           -5.85502119011902       -1.68924397328767        0.29908967158318
B           -5.85335176869265       -3.36931933550816        0.62080470761481
B           -4.39585632283900       -0.82865493503855        0.48536945618451
B           -4.39976649673006       -2.52635024277023        0.40276586246328
B           -4.39913554544022       -4.20862500539460        0.23910447071592
B           -2.92247509751097        3.39787819442636        0.37888523753355
B           -2.92605387174035        1.68869250977284        0.50868223351218
B           -1.46223393513477        4.22407487104891        0.62837384490522
B           -1.46318052191765        2.54097531735774        0.48734952844017
B           -1.46526460259928        0.84782713831659        0.34507210483229
B           -2.92826817537728       -1.67456793681922        0.46555281180400
B           -2.92674259996073       -3.38304008480841        0.37216788462654
B           -1.46637512907422       -0.83349636551638        0.33555199910127
B           -1.46678754966120       -2.52869908191813        0.44215065056990
B           -1.46614673827687       -4.21266012635903        0.59325940345238
B            0.00438509857566        3.39157484237453        0.55702447133173
B            0.00164096268752        1.68875410008293        0.32721368666890
B            1.46958257852064        4.22539194550244        0.54324670414077
B            1.46750880255149        2.53997663541462        0.44790722305786
B            1.46619227361490        0.84510990688349        0.41745551696567
B            0.00007892320245       -1.67642135881570        0.37789591053223
B           -0.00058123354278       -3.38369976280273        0.40104016071343
B            1.46509593557905       -0.83538517228633        0.42874614125873
B            1.46425391087032       -2.53023291462366        0.34907015394091
B            1.46147247833365       -4.21304425719034        0.19117031535708
B            2.92902888874090        3.39392632693984        0.32162443877178
B            2.93222343781387        1.68586053517314        0.46149724140113
B            4.39610768185158        4.21997624464188        0.16981448916302
B            4.39788423963634        2.53709996124557        0.27764525961969
B            4.39629537270606        0.83979925406262        0.34489236851558
B            2.92957293721809       -1.67778173357334        0.37342176387172
B            2.92593103970669       -3.38669377983862        0.40131485655540
B            4.39572159987777       -0.83323296388130        0.41582492657358
B            4.39700442535238       -2.53121883363717        0.46505757641463
B            4.39392516809430       -4.21472625882416        0.56884639795921
B            5.85902169253074        3.37940393301023        0.53104506453605
B            5.85352805697704        1.69957607283435        0.15237506875487
B            5.85483013364403       -1.69529107078973        0.57857024653280
B            5.85315580447090       -3.37466282197910        0.21109305523468
H           -6.78130280820969        3.95769489550654        1.07141151466059
H           -6.81289725197920        1.21933103955096       -0.16694178937051
H           -4.45655782717037        5.33499409914084       -0.12546072010176
H           -6.81391641469450       -1.18337023474959       -0.13930710543124
H           -6.78134887371169       -3.95568391319861        1.03597249056318
H           -4.46017783304941       -5.32721737254148       -0.11663428856896
H           -1.47805407590984        5.37153886187622        0.88832520480077
H           -1.47416401885008       -5.36099248879021        0.84743652903900
H            1.48075932911681        5.39632922273829        0.66035781679741
H            1.46274966246683       -5.36546437047211       -0.04639481697547
H            4.45526884928351        5.32556152112678       -0.22715821309255
H            4.44848803360516       -5.32703982488215        0.94533574926689
H            6.79838769034784        3.94173312007669        0.95363503389150
H            6.80098491865426        1.21201385542751       -0.33711655465540
H            6.80207878938836       -1.20477532650275        1.06325653659433
H            6.78522889372360       -3.94779379719655       -0.21117431287432
60
 energy: -61.505956815595 gnorm: 0.002870486143 xtb: 6.7.1 (edcfbbe)
B           -5.84936955525653        3.38587486246188        0.64526052163474
B           -5.85225558643152        1.70859506715687        0.28759291950729
B           -4.39403689933104        4.22576111722392        0.25907164117764
B           -4.39613028926871        2.54303574528486        0.40985214456341
B           -4.39490943681742        0.84511365599202        0.48658832545956
B           -5.85491855787102       -1.68919008878404        0.29875124626037
B           -5.85334128120899       -3.36932172543816        0.62148630783516
B           -4.39572174572322       -0.82865896738205        0.48617436137508
B           -4.39963212662192       -2.52630116601883        0.40260735894935
B           -4.39910057333297       -4.20851732280407        0.23867845275371
B           -2.92249436070380        3.39782679033238        0.37959381811194
B           -2.92594072684279        1.68870811856985        0.50855918515233
B           -1.46212423729923        4.22404013216620        0.62794321660771
B           -1.46314278177303        2.54093119181372        0.48747059694178
B           -1.46522202868356        0.84777725274949        0.34605829503770
B           -2.92814207298509       -1.67453520709021        0.46665182033638
B           -2.92674534450742       -3.38294223085826        0.37214359181563
B           -1.46634298677339       -0.83345225808951        0.33690932854658
B           -1.46675722280726       -2.52861500296693        0.44296651571160
B           -1.46607701950950       -4.21258936451580        0.59321171688486
B            0.00439337285271        3.39176822249920        0.55353536910016
B            0.00165365849267        1.68871371189906        0.32684956032388
B            1.46957038887149        4.22531651024225        0.54376714371407
B            1.46755476081289        2.53993841403509        0.44843946296969
B            1.46618596775779        0.84507106781494        0.41615879705153
B            0.00009141249082       -1.67635730481884        0.37792499524383
B           -0.00054808857923       -3.38375064065471        0.40159417393755
B            1.46509557124039       -0.83530982415796        0.42641302336099
B            1.46428153269985       -2.53014743494947        0.34691067574167
B            1.46144722871089       -4.21300414584381        0.19151180264305
B            2.92911305058410        3.39386877330674        0.32260482215914
B            2.93215966280940        1.68585593573436        0.46103008309732
B            4.39607001494154        4.21984358330742        0.16831863119931
B            4.39779872369855        2.53708324506414        0.27732235940339
B            4.39619497885737        0.83983129230698        0.34366805429899
B            2.92949955452598       -1.67776464271547        0.37287298750611
B            2.92596573177489       -3.38660304123109        0.40280730298169
B            4.39564491586499       -0.83323717189057        0.41646376672150
B            4.39689486694748       -2.53116704890178        0.46658651374944
B            4.39390657850026       -4.21458540059524        0.57073364160008
B            5.85907294590575        3.37943910083293        0.53170814148351
B            5.85347679591346        1.69959609054851        0.15266676984481
B            5.85474590519992       -1.69526628639786        0.57872407724969
B            5.85318583626190       -3.37471687755266        0.21055261089821
H           -6.78107653628171        3.95727500433929        1.07272302506386
H           -6.81226533853643        1.21971482115204       -0.16930918474582
H           -4.45656694131822        5.33367822340254       -0.12853884038272
H           -6.81373449890595       -1.18351338986952       -0.14029719474181
H           -6.78122493425753       -3.95549209102308        1.03692522618418
H           -4.46057968806063       -5.32623454285041       -0.11940071962983
H           -1.47821891509190        5.37025586234106        0.89313827128152
H           -1.47451804546659       -5.36027881260006        0.85004096041154
H            1.48171216321247        5.39559436800771        0.66718850594672
H            1.46317066973807       -5.36404209298235       -0.05190312307604
H            4.45535496933488        5.32413377711353       -0.23220455105955
H            4.44881923822355       -5.32648206024889        0.94840340282832
H            6.79740390681814        3.94347372324709        0.95356200213064
H            6.79926162965584        1.21194648377287       -0.34000710571908
H            6.80176375263853       -1.20493537642064        1.06421693363874
H            6.78523245490987       -3.94899824506665       -0.21004302907312
60
 energy: -61.505965797466 gnorm: 0.002051482080 xtb: 6.7.1 (edcfbbe)
B           -5.84932458281067        3.38587512256089        0.64541791872675
B           -5.85226527973090        1.70861618710737        0.28723607505129
B           -4.39410455562362        4.22578167123610        0.25977697990523
B           -4.39614414935669        2.54305837976527        0.40913515016777
B           -4.39493968194052        0.84514127295474        0.48574377832591
B           -5.85493389971598       -1.68919023490737        0.29898295918329
B           -5.85330936658734       -3.36929393085093        0.62132401966851
B           -4.39574408614039       -0.82864039528523        0.48633778789050
B           -4.39962976335486       -2.52629477996388        0.40207365320092
B           -4.39911907440689       -4.20849749795724        0.23882004298516
B           -2.92249404487674        3.39782556664090        0.37940889676190
B           -2.92598477394655        1.68873554163687        0.50825371931830
B           -1.46211914000939        4.22412884433714        0.62719721240535
B           -1.46315501082393        2.54092244510330        0.48818636752307
B           -1.46523383770369        0.84775455028115        0.34713700079574
B           -2.92816956244899       -1.67452078811988        0.46804746296701
B           -2.92673208556687       -3.38290832873459        0.37218618436212
B           -1.46635638461778       -0.83344019475656        0.33809612635430
B           -1.46675546408638       -2.52858058057593        0.44469469967567
B           -1.46607712321503       -4.21257943823998        0.59373638269520
B            0.00436680682901        3.39198817297321        0.55013315490153
B            0.00164143574322        1.68870512968606        0.32652023249512
B            1.46958135565621        4.22532018896839        0.54475683585808
B            1.46758064662336        2.53992889882201        0.44958217103497
B            1.46618171743778        0.84506014834685        0.41528470088953
B            0.00008175780735       -1.67632224486964        0.37811917144157
B           -0.00053204196290       -3.38380207450642        0.40277279534516
B            1.46509626697378       -0.83527285871636        0.42500419498689
B            1.46427321729624       -2.53009340235008        0.34396843710422
B            1.46142345110046       -4.21303497442745        0.19165865801220
B            2.92913100158255        3.39388390981079        0.32329413636758
B            2.93217327695967        1.68587152632700        0.45982289444329
B            4.39607959101630        4.21980921345178        0.16752711499457
B            4.39778320066774        2.53710592264682        0.27649485852383
B            4.39619912068595        0.83983430246673        0.34329312795705
B            2.92951389015913       -1.67775773847229        0.37195498006905
B            2.92593368226692       -3.38656392300081        0.40425642067154
B            4.39564464119600       -0.83322671643042        0.41587298868165
B            4.39686726608547       -2.53115192133406        0.46787037374139
B            4.39389649737109       -4.21450978468114        0.57183117159272
B            5.85903769408315        3.37942124044496        0.53145181346730
B            5.85348233142295        1.69964816717860        0.15257071206694
B            5.85474841361372       -1.69525774672111        0.57832015833023
B            5.85312268072962       -3.37472282096656        0.21097496462536
H           -6.78183863346449        3.95657059988114        1.07172625968352
H           -6.81228412012565        1.22010433566570       -0.16990318784721
H           -4.45646313392652        5.33301347940668       -0.12922857452364
H           -6.81383390553091       -1.18344671690143       -0.13980675337361
H           -6.78185252985410       -3.95522051134118        1.03554908434804
H           -4.46061065353691       -5.32577503561959       -0.12008036611573
H           -1.47815413431933        5.36922944281864        0.89630333894731
H           -1.47487159760450       -5.35993329881519        0.85134024450193
H            1.48249620340444        5.39475869382593        0.67494513826344
H            1.46349427666284       -5.36272400345552       -0.05665706747337
H            4.45564883209480        5.32314598162435       -0.23509767426449
H            4.44926236327676       -5.32619364431912        0.94990637443574
H            6.79733191518349        3.94509250666282        0.95092541607896
H            6.79875211654217        1.21195656635935       -0.34067563735405
H            6.80198108977222       -1.20487270320056        1.06330661375113
H            6.78581029704397       -3.95040733947099       -0.20645098462382
60
 energy: -61.505972664060 gnorm: 0.001075130994 xtb: 6.7.1 (edcfbbe)
B           -5.84935876450102        3.38592696606293        0.64517194641584
B           -5.85228729572579        1.70860531157800        0.28667124989240
B           -4.39416074235901        4.22577753607375        0.25974869624021
B           -4.39618494430770        2.54306264381923        0.40776573711163
B           -4.39499024579786        0.84515453320764        0.48503528844168
B           -5.85495832049042       -1.68920200429396        0.29939190053283
B           -5.85335816388433       -3.36930447586743        0.62120393085035
B           -4.39577790696012       -0.82860780664291        0.48680388968808
B           -4.39966295981451       -2.52627965506913        0.40128355900935
B           -4.39912049439917       -4.20850126827404        0.23899241466851
B           -2.92249100405280        3.39785605772600        0.37866925416574
B           -2.92602367736290        1.68874784996320        0.50765435119393
B           -1.46214545800728        4.22419153024225        0.62647123747014
B           -1.46316993913858        2.54090907548760        0.48966285466505
B           -1.46525646740940        0.84776830570176        0.34784873016022
B           -2.92819172652340       -1.67449041197730        0.46932355059458
B           -2.92672179943205       -3.38291861339507        0.37246470858118
B           -1.46637522650785       -0.83345776865853        0.33924744880649
B           -1.46675220046717       -2.52855538254019        0.44710656688331
B           -1.46608835540486       -4.21254177737622        0.59451105675904
B            0.00433128399740        3.39208685566507        0.54802934529592
B            0.00161282079199        1.68873042962560        0.32560441823857
B            1.46961203952207        4.22525656087981        0.54711391790109
B            1.46757684911360        2.53991071832286        0.45184064545837
B            1.46615647443403        0.84509334813357        0.41435460642136
B            0.00006458261952       -1.67630939804322        0.37889642568785
B           -0.00052344715570       -3.38377626355762        0.40423456180584
B            1.46507672031041       -0.83526745871984        0.42471581410116
B            1.46421891147584       -2.53003179962284        0.34013904910952
B            1.46139054941801       -4.21302979997664        0.19168320088994
B            2.92907274718922        3.39393968443163        0.32286688966582
B            2.93215657144139        1.68589049409555        0.45776615299034
B            4.39601010521908        4.21982384914977        0.16667658979064
B            4.39773372236774        2.53711414698266        0.27455073110190
B            4.39617776971631        0.83982137587372        0.34202075080197
B            2.92950360978126       -1.67773161338330        0.37153766709001
B            2.92588247581953       -3.38656595787507        0.40565386819175
B            4.39563998954658       -0.83319659548966        0.41467756827155
B            4.39685542924060       -2.53111133195299        0.46941367205478
B            4.39386248806004       -4.21446158876747        0.57271076706767
B            5.85905888782068        3.37947777330729        0.52982380006265
B            5.85345647224452        1.69964885444058        0.15195172539643
B            5.85476993023568       -1.69518540429142        0.57778350064901
B            5.85314522094870       -3.37478777617138        0.21234439516574
H           -6.78310041623685        3.95598149002894        1.06953131694833
H           -6.81275447157164        1.22071074519970       -0.17007590413046
H           -4.45639723452907        5.33274666919383       -0.12971073682309
H           -6.81408017328606       -1.18334531384872       -0.13876164211093
H           -6.78279728504632       -3.95529514335014        1.03323556186506
H           -4.46043860009907       -5.32559406210611       -0.12028299358310
H           -1.47813583514680        5.36822634007343        0.89944594263756
H           -1.47502066219275       -5.35971320988313        0.85263011793711
H            1.48318691991718        5.39361071644372        0.68625222340997
H            1.46348927614522       -5.36117636969795       -0.06295768161402
H            4.45601613486281        5.32240841593083       -0.23750396737275
H            4.44961525513753       -5.32591958653018        0.95136031131680
H            6.79812400841732        3.94613194598518        0.94629582764521
H            6.79906266923043        1.21211811863864       -0.34050848945304
H            6.80224675628096       -1.20445604301707        1.06196277965655
H            6.78680156650467       -3.95186208188519       -0.20110039166969
60
 energy: -61.505975943236 gnorm: 0.001127890694 xtb: 6.7.1 (edcfbbe)
B           -5.84939047428240        3.38597696654979        0.64383459256919
B           -5.85233590129267        1.70854916380860        0.28630240632806
B           -4.39417137711042        4.22579650276030        0.25899616175608
B           -4.39621900634631        2.54304845176734        0.40627685386351
B           -4.39502516977023        0.84516216075049        0.48487838255100
B           -5.85500959385423       -1.68922212153126        0.30012287319620
B           -5.85336878448040       -3.36929291750153        0.62109115884353
B           -4.39580269929987       -0.82859980868001        0.48730638337731
B           -4.39968662187300       -2.52626322839481        0.40072268154945
B           -4.39911657847534       -4.20857660486928        0.23955410423524
B           -2.92247937213196        3.39787083746705        0.37746426482039
B           -2.92607835380502        1.68877013682811        0.50678406974849
B           -1.46219811585695        4.22421125060365        0.62627312564286
B           -1.46319182258921        2.54088930742415        0.49143325202094
B           -1.46528115129316        0.84779882597858        0.34718510084578
B           -2.92822806874394       -1.67448214321541        0.46991729584391
B           -2.92671195799346       -3.38294516649321        0.37317053083168
B           -1.46639619212783       -0.83349502671557        0.33973529640403
B           -1.46676119277190       -2.52855196549037        0.44933788605104
B           -1.46610135974621       -4.21253607280939        0.59508854665948
B            0.00431532583617        3.39204496902885        0.54844513013468
B            0.00158386295198        1.68875979550449        0.32424471143833
B            1.46967774422387        4.22513312401370        0.55050511307197
B            1.46759965175926        2.53988876416983        0.45506489488830
B            1.46613513577233        0.84513386109388        0.41376854829806
B            0.00005752320480       -1.67632270728529        0.38031037133000
B           -0.00051538938834       -3.38374383487783        0.40504415123991
B            1.46506857157211       -0.83528959400506        0.42584383284216
B            1.46418859623413       -2.52998875057859        0.33642186034671
B            1.46138945647179       -4.21301224155523        0.19119030200698
B            2.92895691573520        3.39397381306780        0.32156229114273
B            2.93214858123433        1.68592588523368        0.45554405620518
B            4.39589703659942        4.21988138735057        0.16524753037336
B            4.39765402098506        2.53708384187080        0.27219202048189
B            4.39614957489770        0.83981789195820        0.34060478178396
B            2.92951751143872       -1.67773063895580        0.37251949993908
B            2.92583393706692       -3.38657508707772        0.40619458115298
B            4.39563349560803       -0.83317913796671        0.41397287489664
B            4.39684041766995       -2.53104237353337        0.47081965092856
B            4.39384169553689       -4.21445186110905        0.57333028279168
B            5.85902845508991        3.37955170084881        0.52746730291164
B            5.85339352775663        1.69959698987772        0.15030677986712
B            5.85478313801691       -1.69507162048873        0.57781452163236
B            5.85314615933563       -3.37481997152687        0.21388709687174
H           -6.78406864822217        3.95616562137979        1.06630821102568
H           -6.81326975631364        1.22096879299870       -0.16982125080816
H           -4.45634613789497        5.33303079375694       -0.13000815513982
H           -6.81428352419279       -1.18326128158416       -0.13753506777524
H           -6.78353094727327       -3.95585887500610        1.03086166867485
H           -4.46029094229566       -5.32578046055963       -0.11970425450648
H           -1.47845274292715        5.36775693556338        0.90127775056926
H           -1.47485465738414       -5.35969101741571        0.85366481601967
H            1.48381987189987        5.39235822333564        0.69872639563371
H            1.46315879994594       -5.35990595326367       -0.06929338667764
H            4.45584496866855        5.32245168831601       -0.23903295425414
H            4.44944303106580       -5.32579088657870        0.95250015496010
H            6.79960252053851        3.94605996110215        0.94116549071313
H            6.79997220924323        1.21211832634708       -0.34045806717032
H            6.80229327545114       -1.20370481094718        1.06136693013481
H            6.78777594792569       -3.95253743073978       -0.19656472511365
60
 energy: -61.505976833559 gnorm: 0.000696430226 xtb: 6.7.1 (edcfbbe)
B           -5.84943655832518        3.38599361132821        0.64329047462106
B           -5.85232557710030        1.70852740085373        0.28632571344678
B           -4.39412914245866        4.22577299290800        0.25851164765354
B           -4.39622274396588        2.54304633304685        0.40644766032294
B           -4.39501912849928        0.84515905049330        0.48529210563887
B           -5.85499567126130       -1.68922355628647        0.30025841056439
B           -5.85339567668615       -3.36930455076156        0.62137674593307
B           -4.39579817671724       -0.82861680525783        0.48739481179858
B           -4.39969889593879       -2.52628275381071        0.40111532139559
B           -4.39910164322181       -4.20858554906196        0.23998151365939
B           -2.92249048561217        3.39785332515095        0.37733393153396
B           -2.92606430467364        1.68876981095819        0.50647064079059
B           -1.46220498738319        4.22418733101802        0.62628157734103
B           -1.46318874759117        2.54088141241176        0.49116320606273
B           -1.46527996330872        0.84779616153503        0.34625058015542
B           -2.92821603393230       -1.67448861684225        0.46939842126690
B           -2.92672765713831       -3.38295442823161        0.37346953064550
B           -1.46639434563897       -0.83349899604341        0.33907095364832
B           -1.46675612703855       -2.52855337737626        0.44894092843621
B           -1.46609211025967       -4.21254957583720        0.59479018766671
B            0.00431381952867        3.39198980214937        0.54935029292114
B            0.00158010333767        1.68875495002331        0.32398041315387
B            1.46967427043120        4.22510620278352        0.55069359530212
B            1.46758700364494        2.53986889243689        0.45545417367788
B            1.46612435013482        0.84512713178291        0.41400676663870
B            0.00005649467096       -1.67633702800616        0.38056419748410
B           -0.00052138254928       -3.38374224158463        0.40454879633707
B            1.46505893698780       -0.83529887350540        0.42667233050578
B            1.46417664064367       -2.52998697597411        0.33676394843066
B            1.46138736031378       -4.21298874927408        0.19091128651993
B            2.92895154924765        3.39396306142614        0.32130542104841
B            2.93212325373892        1.68592617206571        0.45574899301353
B            4.39584969553022        4.21986648504886        0.16548162856459
B            4.39767003233861        2.53708504397575        0.27266390896619
B            4.39614703664863        0.83982353494014        0.34104796708498
B            2.92949506757273       -1.67773767557849        0.37332086598188
B            2.92584578957175       -3.38658217085212        0.40564777769454
B            4.39562500680835       -0.83318423252457        0.41446256782362
B            4.39686203987782       -2.53106008629516        0.47037700005040
B            4.39382742853564       -4.21446731619484        0.57280553580153
B            5.85904667015951        3.37958270828448        0.52694198676177
B            5.85336452992797        1.69955606033785        0.15019468044690
B            5.85477602362160       -1.69506789194917        0.57810922961961
B            5.85317194982563       -3.37481921229831        0.21389002628009
H           -6.78375229715945        3.95679877792245        1.06579391674792
H           -6.81307704906599        1.22035984045952       -0.16966080836870
H           -4.45621979891216        5.33340223304592       -0.12970682943714
H           -6.81420599488805       -1.18324287069298       -0.13755868427339
H           -6.78338397661536       -3.95603156533285        1.03130611371439
H           -4.46026088193537       -5.32602674436711       -0.11880190071489
H           -1.47863284861809        5.36823306643677        0.89958922324246
H           -1.47472176622191       -5.35979297935725        0.85326916799170
H            1.48390716775150        5.39226174585260        0.69899704998501
H            1.46312552324749       -5.36014867344622       -0.06868338584194
H            4.45534042932557        5.32300139733465       -0.23775716622813
H            4.44907195325196       -5.32593316241272        0.95175671482289
H            6.79981444075019        3.94555150082101        0.94090589236641
H            6.80005165601373        1.21194054446131       -0.34047604202961
H            6.80222382364635       -1.20376683400062        1.06184452540985
H            6.78764834563148       -3.95186070813710       -0.19769483007773
