60
 energy: -61.503036754463 gnorm: 0.125568761967 xtb: 6.7.1 (edcfbbe)
B           -5.88156846000000        2.44152876000000        0.75095019000000
B           -5.70228006000000        0.74921545000000        0.61105485000000
B           -4.52026900000000        3.40696364000000        0.38523337000000
B           -4.34262776000000        1.74561822000000        0.64306633000000
B           -4.15954416000000        0.07193059000000        0.85133989000000
B           -5.34108947000000       -2.60808449000000        0.92322990000000
B           -5.15995482000000       -4.24758387000000        1.37070676000000
B           -3.98062376000000       -1.59030004000000        0.99601262000000
B           -3.80209566000000       -3.27570341000000        1.07962002000000
B           -3.62036795000000       -4.95530015000000        1.11824903000000
B           -2.97003656000000        2.74660868000000        0.55687200000000
B           -2.79058615000000        1.06391803000000        0.75081460000000
B           -1.60553704000000        3.74395185000000        0.68244155000000
B           -1.42725304000000        2.06319516000000        0.68378675000000
B           -1.24682482000000        0.37230061000000        0.66822934000000
B           -2.43127087000000       -2.27441270000000        1.02508011000000
B           -2.24773802000000       -3.96454687000000        1.12976796000000
B           -1.06721358000000       -1.29665392000000        0.80110007000000
B           -0.88663304000000       -2.95898408000000        1.11062998000000
B           -0.70584350000000       -4.61646093000000        1.38780045000000
B           -0.05970271000000        3.05927707000000        0.56235949000000
B            0.12144740000000        1.37027488000000        0.66418034000000
B            1.30541631000000        4.02693583000000        0.30077213000000
B            1.48687896000000        2.36841421000000        0.57740709000000
B            1.66738408000000        0.69414509000000        0.76629867000000
B            0.48073773000000       -1.96710351000000        0.95686356000000
B            0.66251440000000       -3.64840614000000        1.14815174000000
B            1.84686576000000       -0.97345348000000        0.90241196000000
B            2.02775343000000       -2.65412393000000        1.01598040000000
B            2.20652967000000       -4.33494688000000        1.04612505000000
B            2.85074715000000        3.37127828000000        0.53712809000000
B            3.03390458000000        1.67701199000000        0.58648729000000
B            4.22133183000000        4.36115992000000        0.55529292000000
B            4.40213643000000        2.67900029000000        0.54589151000000
B            4.58018497000000        0.99110077000000        0.60265433000000
B            3.39328950000000       -1.66093002000000        0.87404480000000
B            3.57307925000000       -3.33592783000000        1.14367783000000
B            4.75931399000000       -0.67085074000000        0.75477352000000
B            4.94285325000000       -2.33974555000000        1.01322087000000
B            5.12083030000000       -3.99392522000000        1.31894328000000
B            5.76209102000000        3.65415045000000        0.27628064000000
B            5.94435258000000        2.01030748000000        0.68982219000000
B            6.30558215000000       -1.34505562000000        1.01390156000000
B            6.48385930000000       -3.03685737000000        0.90257001000000
H           -6.90602777000000        2.94776346000000        1.02825995000000
H           -6.60044659000000        0.10606416000000        0.23070816000000
H           -4.68045838000000        4.49771329000000       -0.02279312000000
H           -6.34855652000000       -2.24918183000000        0.45321612000000
H           -6.03716413000000       -4.88873558000000        1.80692819000000
H           -3.54643271000000       -6.10791222000000        0.90441250000000
H           -1.73519810000000        4.89641681000000        0.85989317000000
H           -0.59301192000000       -5.73353582000000        1.73058767000000
H            1.18660615000000        5.14191193000000       -0.04566555000000
H            2.33360239000000       -5.49311793000000        0.90205721000000
H            4.15689260000000        5.50970906000000        0.77859525000000
H            5.29382779000000       -5.06991262000000        1.75479736000000
H            6.62823621000000        4.30215398000000       -0.17453455000000
H            6.96541273000000        1.63054641000000        1.10973125000000
H            7.20658717000000       -0.69004514000000        1.36818655000000
H            7.48629865000000       -3.55784588000000        0.58786515000000
60
 energy: -61.505751959237 gnorm: 0.038988322747 xtb: 6.7.1 (edcfbbe)
B           -5.87915163638313        2.44257138190725        0.77132255487510
B           -5.70054829073158        0.75083173321263        0.59393683278950
B           -4.52029919925850        3.40245378959246        0.36209071267913
B           -4.34381667045177        1.74507027494250        0.63632135292943
B           -4.15922548310055        0.07036069821030        0.85811630514457
B           -5.33879093596112       -2.61258477174561        0.90506906863078
B           -5.15755338286785       -4.24435178133529        1.39030719653845
B           -3.98078329720233       -1.58749273407181        1.00310854727129
B           -3.80317122689808       -3.27633084475759        1.07579757073933
B           -3.62109923718805       -4.95470724825162        1.09741714000262
B           -2.96948329133060        2.74982726419471        0.55301616495121
B           -2.78945149467539        1.06109593725879        0.74895793352650
B           -1.60488940689883        3.74358905340589        0.70194108583396
B           -1.42737230568665        2.06319952794952        0.68561455872830
B           -1.24668089075989        0.37097157331146        0.67045386122196
B           -2.43070251773014       -2.27106155761965        1.03054835794761
B           -2.24658766026289       -3.96795613279513        1.12903566566268
B           -1.06746707618839       -1.29437411104947        0.81052473681233
B           -0.88671353874648       -2.95865175150622        1.11366585465221
B           -0.70563701663457       -4.61273489949851        1.40789681959853
B           -0.06009146156571        3.06205175399834        0.55709560037080
B            0.12177862639442        1.36727226361652        0.66086430329767
B            1.30536961752188        4.02325872931391        0.27894843993368
B            1.48721407137374        2.36707798160696        0.56316710159731
B            1.66781154499252        0.69328858808692        0.77372596250099
B            0.48047559844121       -1.96489967636196        0.95137568180749
B            0.66280570748245       -3.65222464619975        1.14207550684542
B            1.84698838770937       -0.97042549138422        0.91902476024841
B            2.02810305158451       -2.65513930392157        1.00336648266866
B            2.20618135837002       -4.33535943386187        1.02257291401904
B            2.84964504257340        3.37439203918219        0.53418027985814
B            3.03339542183570        1.67354186320016        0.57947866550750
B            4.22239827526698        4.36003852154197        0.57300615397712
B            4.40345114356572        2.67938851195902        0.54695012223314
B            4.58069286768532        0.98920384615926        0.60693727810519
B            3.39223792496391       -1.65855088693784        0.87097100887011
B            3.57270846687784       -3.33990698936220        1.13955145349998
B            4.75934636380363       -0.66836623992005        0.75795916742079
B            4.94417180535444       -2.33972941769151        1.01449637091988
B            5.12119397694071       -3.98933335287930        1.33789816174718
B            5.75956812773975        3.65085464928036        0.25260218269269
B            5.94239082015059        2.01430105508696        0.70240928536894
B            6.30415596869597       -1.34704939474223        1.02774916168902
B            6.48129039799430       -3.03847622004731        0.87881914652899
H           -6.89929307065828        2.95036388469536        1.06010778455946
H           -6.60282024688986        0.10821162023780        0.21830489298351
H           -4.68382337226476        4.49560134078468       -0.03943596346855
H           -6.35117986238688       -2.25386710556437        0.44195365537017
H           -6.03589152874642       -4.88838818525751        1.82797321118918
H           -3.55027742429361       -6.10932005761556        0.88807537256671
H           -1.73399699427478        4.89865197354833        0.87637991576852
H           -0.59159225879593       -5.73143972419519        1.75047309140868
H            1.18651106910779        5.14404303732835       -0.05456512863045
H            2.33446751265249       -5.49649443918088        0.89181924610923
H            4.15721311764336        5.51164506450566        0.79522676583499
H            5.29493046330562       -5.06794585735433        1.77113598105534
H            6.62788616972885        4.30347422274677       -0.19333578230839
H            6.96337613555823        1.63668488980181        1.12896278324648
H            7.20607445569004       -0.69407502148146        1.38606810251573
H            7.48474846782822       -3.56115721407681        0.56395890955574
60
 energy: -61.506053418643 gnorm: 0.024862224651 xtb: 6.7.1 (edcfbbe)
B           -5.87991321550290        2.44333264372133        0.77507521348975
B           -5.70109419874267        0.75136030900369        0.59438888437765
B           -4.52073961454082        3.40207978237582        0.35676882611146
B           -4.34348189074662        1.74463639592180        0.63377572879208
B           -4.15956554113716        0.06936412684639        0.85019499528729
B           -5.33913162515170       -2.61312208469233        0.90577627869136
B           -5.15848537458375       -4.24491484490675        1.39222073628021
B           -3.98119035256404       -1.58783545165607        0.99643737924485
B           -3.80291433691631       -3.27607248620011        1.07609215045522
B           -3.62148670867816       -4.95527381439684        1.09407783971334
B           -2.96887603571081        2.74986041902335        0.54815853875403
B           -2.79006952969141        1.06095259221076        0.74888000135407
B           -1.60508987072054        3.74399507614154        0.70676966710000
B           -1.42736723239646        2.06336647656169        0.68461643264343
B           -1.24676057854450        0.37129888325596        0.67444389927023
B           -2.43129090927026       -2.27058375249029        1.03579044763974
B           -2.24587887310756       -3.96844002615461        1.12731752791784
B           -1.06753829567665       -1.29395455263546        0.81651459011847
B           -0.88667203970068       -2.95890929750065        1.11384160021157
B           -0.70579936683078       -4.61200287133286        1.41573204490675
B           -0.06013273434866        3.06197731859385        0.55306005308848
B            0.12181353329010        1.36697194126181        0.65855296216214
B            1.30559121495232        4.02267376002564        0.27102133040011
B            1.48718750460003        2.36656914754855        0.55567816571602
B            1.66790753876711        0.69322228478312        0.77240341314319
B            0.48050854945002       -1.96499008188150        0.94964209599960
B            0.66283306820842       -3.65298277252763        1.13732951911924
B            1.84708773682771       -0.97051193470457        0.91874272523402
B            2.02808741442279       -2.65598555749066        0.99604992473581
B            2.20639899444246       -4.33623820108605        1.01360755292481
B            2.84900109558793        3.37451521506650        0.53229908499415
B            3.03401348215406        1.67305051464395        0.57461730435032
B            4.22281969549076        4.36037484867859        0.57368566206342
B            4.40322249325537        2.67904960479494        0.54640349917852
B            4.58122551439448        0.98955438227174        0.61423899045984
B            3.39287528337398       -1.65858864245307        0.86924107311565
B            3.57215014947550       -3.34062921100182        1.13711256184185
B            4.75978590755784       -0.66726866235914        0.76630774736320
B            4.94388027348388       -2.33954428913614        1.01473650080704
B            5.12162360836822       -3.98947183977505        1.33898576234582
B            5.76054739800572        3.65103623085103        0.24828814703621
B            5.94270288756223        2.01509723293682        0.70401213407620
B            6.30462037325923       -1.34752836788242        1.02937055039716
B            6.48231316447687       -3.03928226631583        0.87465246887726
H           -6.89198157591050        2.95180087324582        1.08478103811905
H           -6.60230055316243        0.11140898368660        0.21232149694180
H           -4.68770267857699        4.49104536901592       -0.05316080555500
H           -6.35019179230088       -2.25764967577606        0.43763392452768
H           -6.03259942522615       -4.88701746024391        1.83964438267215
H           -3.55464945285118       -6.10791017219353        0.87430787220471
H           -1.73310453757913        4.89819039198911        0.89022768830167
H           -0.59051899339481       -5.72723827627394        1.77000623182011
H            1.18655468967530        5.14383895834283       -0.06220696317390
H            2.33484042695123       -5.49767100404832        0.88365039611163
H            4.16009541614973        5.51008488479049        0.80849099777712
H            5.29704688963414       -5.06339251829981        1.78285719599975
H            6.62522868899261        4.30282244920139       -0.20385805247961
H            6.95989830500132        1.64322916799154        1.14491767084339
H            7.20429888236190       -0.69854209582263        1.39953496208344
H            7.48055833339123       -3.56228547354449        0.54741030201664
60
 energy: -61.506219388648 gnorm: 0.013342651314 xtb: 6.7.1 (edcfbbe)
B           -5.87941418922202        2.44342299281172        0.77883014724368
B           -5.70100829640146        0.75143522781391        0.59556179796834
B           -4.52058586178350        3.40148899633172        0.35342159237927
B           -4.34319639082398        1.74438788721385        0.63285038253347
B           -4.15954354548659        0.06879081038782        0.84377367402515
B           -5.33901727185958       -2.61299849469454        0.90711038327224
B           -5.15815291515341       -4.24459132651314        1.39327155215004
B           -3.98115807219053       -1.58831288075896        0.99113709851154
B           -3.80268847041158       -3.27582006303363        1.07724995453881
B           -3.62132301583304       -4.95527074245335        1.09195906698230
B           -2.96857751387529        2.74929497386184        0.54380467995259
B           -2.79017942709603        1.06097286761698        0.74879800423358
B           -1.60509280421680        3.74376478759012        0.70654146784625
B           -1.42723099161024        2.06317570371741        0.68248712183386
B           -1.24675226060984        0.37172097952445        0.67862210055989
B           -2.43137583187253       -2.27032812591878        1.03955429532871
B           -2.24559126674249       -3.96836921868504        1.12619594189673
B           -1.06749021048522       -1.29364855746053        0.82195587634683
B           -0.88655839477056       -2.95901465530699        1.11265887466744
B           -0.70581404571987       -4.61133678681680        1.41940512709332
B           -0.06011560569938        3.06123320893173        0.54916309505984
B            0.12180102238912        1.36680240708539        0.65608261247872
B            1.30563624875399        4.02214007782816        0.26747382211244
B            1.48704239868405        2.36587679700244        0.54952402292966
B            1.66781762906386        0.69286440282065        0.76709240034519
B            0.48052266888828       -1.96521610525639        0.94837597389921
B            0.66278353855184       -3.65295249447972        1.13384764648362
B            1.84702854187270       -0.97113139391902        0.91371827001899
B            2.02790574138194       -2.65642631066202        0.99046204952131
B            2.20635510190177       -4.33638574532481        1.01002772668559
B            2.84871871496393        3.37407962241709        0.53029532603916
B            3.03410186048635        1.67269851974181        0.57090627185406
B            4.22256815157115        4.36010630202859        0.57245261724712
B            4.40297345230130        2.67879021752051        0.54625930993773
B            4.58122417605348        0.98990934791595        0.61855160555112
B            3.39297784134771       -1.65877286964048        0.86788915838420
B            3.57183380671686       -3.34068478687715        1.13503676296195
B            4.75977983944970       -0.66681686217187        0.77156904249581
B            4.94357574536004       -2.33943494528521        1.01459565709601
B            5.12135751835898       -3.98957365442510        1.33747131271456
B            5.76034252173539        3.65042131809527        0.24637367303917
B            5.94243410312802        2.01523560061822        0.70613109938014
B            6.30436095618001       -1.34746751300282        1.03075648152162
B            6.48197087521490       -3.03924924748237        0.87181991277565
H           -6.88357016196186        2.95354290482668        1.11171069218306
H           -6.60114141894394        0.11447636689299        0.20525369133350
H           -4.69119652451531        4.48528169012705       -0.06889191495076
H           -6.34862548798604       -2.26104997708713        0.43255342193641
H           -6.02820810237946       -4.88529340925106        1.85193417743093
H           -3.55838656545267       -6.10572865523254        0.85852523245367
H           -1.73213247541983        4.89650567912815        0.90333383530404
H           -0.58953803908008       -5.72164099394399        1.79062180963915
H            1.18645745029454        5.14258850080319       -0.06967057602018
H            2.33481838143852       -5.49779734670481        0.87622406489868
H            4.16362749291786        5.50751979047781        0.82250916013880
H            5.29931276055739       -5.05780346534493        1.79485374525257
H            6.62177526068978        4.30116906782564       -0.21432439690407
H            6.95558970958637        1.65012120410743        1.16349011989175
H            7.20187567829914       -0.70272996019049        1.41445235033626
H            7.47528714946419       -3.56304908514086        0.52982994717930
60
 energy: -61.506283428798 gnorm: 0.005761419356 xtb: 6.7.1 (edcfbbe)
B           -5.87907802674569        2.44373785077701        0.78487837139841
B           -5.70109629269957        0.75131636162783        0.59474931368487
B           -4.52073871605995        3.40093518403329        0.34981603610677
B           -4.34354831548789        1.74457841276546        0.63342175576552
B           -4.15965435674600        0.06880478518641        0.84264146300314
B           -5.33911159970744       -2.61313072046788        0.90603055196505
B           -5.15787071531717       -4.24416021108266        1.39627090736357
B           -3.98121868652682       -1.58857396643835        0.99055025186854
B           -3.80298233623471       -3.27599898301706        1.07842508702286
B           -3.62140787663741       -4.95549508844502        1.08876597419300
B           -2.96900675954829        2.74899710741878        0.54079463206500
B           -2.79006162354341        1.06111224641520        0.74913896038529
B           -1.60508680761021        3.74361576498897        0.70360967810502
B           -1.42727939575873        2.06305271163538        0.68070829230664
B           -1.24684627163213        0.37203377570213        0.68200895603957
B           -2.43123831967872       -2.27030937202740        1.04128442565329
B           -2.24597655933832       -3.96855843294024        1.12595345129682
B           -1.06755692587978       -1.29337878993261        0.82640065347452
B           -0.88659743204417       -2.95919001860647        1.11160173371436
B           -0.70576983763599       -4.61116112268346        1.42069413225665
B           -0.06015423270576        3.06092799624366        0.54596812887978
B            0.12174621487984        1.36669695252996        0.65374751576210
B            1.30559197222613        4.02200639869312        0.26599658151169
B            1.48703202756633        2.36540319638811        0.54441191253587
B            1.66779710720149        0.69235936460522        0.76052444282034
B            0.48050076260303       -1.96548492856726        0.94743880598952
B            0.66276428118191       -3.65307954332340        1.13272938357477
B            1.84704540757662       -0.97176860817789        0.90789828231237
B            2.02791428486375       -2.65680782330523        0.98669016016663
B            2.20628548174013       -4.33651174056932        1.00984335303134
B            2.84905453593809        3.37400724969422        0.52861488649848
B            3.03394887214341        1.67251001528501        0.56849508423661
B            4.22252321303847        4.36008705129752        0.57247947685835
B            4.40322790485112        2.67910179299538        0.54763384759495
B            4.58126396584625        0.99014433961916        0.61906176322184
B            3.39282895389312       -1.65904675866349        0.86650156587415
B            3.57219852956674       -3.34081258182340        1.13392769426639
B            4.75986503691404       -0.66696853111149        0.77220215978548
B            4.94386335968317       -2.33961683549690        1.01456530875344
B            5.12138457117574       -3.98967305720060        1.33664902410092
B            5.76019945293481        3.64986369290023        0.24388802596370
B            5.94237766430094        2.01556128560498        0.71062590027031
B            6.30430521443272       -1.34720343269100        1.03356939682371
B            6.48170376251821       -3.03944529464995        0.86714868587592
H           -6.87628405355886        2.95506712528950        1.13636931398620
H           -6.60003329490270        0.11668419791675        0.19755205302114
H           -4.69374316180360        4.47956267200921       -0.08475766117157
H           -6.34732966685893       -2.26348600274243        0.42658110796462
H           -6.02443498217230       -4.88359800601618        1.86359601225732
H           -3.56073172442528       -6.10355446024247        0.84287938120670
H           -1.73167516879408        4.89430144590329        0.91300954258661
H           -0.58943861624115       -5.71605354630396        1.80833359342058
H            1.18657036165899        5.14064188157980       -0.07730348427343
H            2.33469349317694       -5.49715708440098        0.86916051825419
H            4.16701430885544        5.50495200475732        0.83485459752203
H            5.30153554070132       -5.05276163572356        1.80507171103824
H            6.61919743548165        4.29884611206617       -0.22407553587873
H            6.95131828911699        1.65599585704679        1.18213250203030
H            7.19946177881285       -0.70565220841453        1.42850278918439
H            7.47092915141480       -3.56334346791062        0.51320789447387
60
 energy: -61.506291446085 gnorm: 0.002614861267 xtb: 6.7.1 (edcfbbe)
B           -5.87905724815891        2.44385981822125        0.78624291574343
B           -5.70101745197728        0.75131146117111        0.59464811872733
B           -4.52075311131461        3.40081343790011        0.34961936933429
B           -4.34342358547017        1.74462245586046        0.63418594825311
B           -4.15953358752441        0.06891672038407        0.84385845352668
B           -5.33901724055664       -2.61315059876018        0.90559047708325
B           -5.15789397205942       -4.24418513169323        1.39684348236546
B           -3.98110037116565       -1.58851301612422        0.99130661008627
B           -3.80285504417506       -3.27598828956752        1.07810842748492
B           -3.62139800762243       -4.95547360607674        1.08822855521669
B           -2.96900838980148        2.74888429816919        0.54050922758056
B           -2.78996450593597        1.06117018427668        0.75006804001972
B           -1.60502097195973        3.74354154722712        0.70268043795528
B           -1.42727122893322        2.06303826405810        0.68144226670936
B           -1.24681663967791        0.37199553837956        0.68219004185023
B           -2.43114453531000       -2.27032310164173        1.04085801469180
B           -2.24597339728931       -3.96854054622357        1.12547068549616
B           -1.06754149537238       -1.29330512438585        0.82648807886070
B           -0.88659904638399       -2.95907775002509        1.11216559079291
B           -0.70571832297005       -4.61108770958038        1.42084902206972
B           -0.06015292370821        3.06101383370015        0.54601774011536
B            0.12175152989320        1.36658810909055        0.65331867195628
B            1.30555388986325        4.02195565152105        0.26607259423347
B            1.48704906861163        2.36527072287538        0.54340660833663
B            1.66779537986507        0.69215821748450        0.75903103759413
B            0.48049577493458       -1.96545854989598        0.94713472909753
B            0.66278929345566       -3.65304520371431        1.13407961414884
B            1.84703312916427       -0.97184255372805        0.90639993506613
B            2.02793768787430       -2.65682295357072        0.98620682056952
B            2.20624789110032       -4.33642145122535        1.01094229701091
B            2.84907920442675        3.37397917021769        0.52916557581457
B            3.03387708697550        1.67242123405368        0.56777615625746
B            4.22252892068389        4.36006695331357        0.57297440243939
B            4.40312132296725        2.67920361064035        0.54930414220657
B            4.58117107620594        0.99008787658253        0.61827533260430
B            3.39275044374687       -1.65914506104782        0.86530320839217
B            3.57221150944047       -3.34063021383732        1.13497723127476
B            4.75976930175311       -0.66711319518724        0.77092567386635
B            4.94375695521141       -2.33955706102564        1.01498174717473
B            5.12142235118633       -3.98958322023562        1.33673915034629
B            5.76026377669879        3.64988856607994        0.24363233274412
B            5.94229215507090        2.01563761484919        0.71192116363935
B            6.30424720675811       -1.34718708218030        1.03369801982738
B            6.48173393514282       -3.03958556309538        0.86581372585238
H           -6.87541733797321        2.95460978198223        1.13895004495935
H           -6.59989269340368        0.11709435306302        0.19676524495539
H           -4.69426643222261        4.47823879980948       -0.08740185365167
H           -6.34731487010824       -2.26363740187049        0.42627030780715
H           -6.02430417593535       -4.88308949236197        1.86431937343529
H           -3.56101757745371       -6.10300506193751        0.84077465001250
H           -1.73215415812465        4.89372364863357        0.91271324852397
H           -0.59038265813800       -5.71494889258233        1.81044145916091
H            1.18708889281124        5.13980118086787       -0.07975252350538
H            2.33491838174482       -5.49665218722938        0.86751361130011
H            4.16775120260727        5.50436626400443        0.83588438307448
H            5.30234572639613       -5.05212338522668        1.80539343792104
H            6.61946824764708        4.29807666523970       -0.22450882319339
H            6.95011855634735        1.65687934315773        1.18553238795055
H            7.19891756784586       -0.70595322978213        1.42979793726296
H            7.47071469429608       -3.56284610900155        0.51132578957020
60
 energy: -61.506294874106 gnorm: 0.001309629136 xtb: 6.7.1 (edcfbbe)
B           -5.87898699101615        2.44387540205524        0.78644243360998
B           -5.70101244924114        0.75135774246446        0.59511724950993
B           -4.52076447487001        3.40081214511148        0.34986374680636
B           -4.34340650883894        1.74466359501579        0.63455559057994
B           -4.15952198909010        0.06897529269706        0.84457941070202
B           -5.33900734522449       -2.61313635760165        0.90580330186188
B           -5.15781836964315       -4.24420645768643        1.39664066224651
B           -3.98109117376826       -1.58848603857401        0.99170816283314
B           -3.80283374202821       -3.27604747977768        1.07762480621889
B           -3.62138270962637       -4.95547051122138        1.08827951558748
B           -2.96898340759332        2.74886392329535        0.54041133547683
B           -2.78996231982594        1.06124198722870        0.75098419073520
B           -1.60499457133819        3.74356204899994        0.70232782757757
B           -1.42724364978126        2.06311751712472        0.68265729715092
B           -1.24680084903288        0.37198289582608        0.68219485770397
B           -2.43114281409036       -2.27035191638261        1.04065317495107
B           -2.24593671159735       -3.96856308810201        1.12512680972927
B           -1.06753070346934       -1.29331138449415        0.82624430589233
B           -0.88657393701690       -2.95895781396474        1.11329518128706
B           -0.70568938461198       -4.61104325560832        1.42135278853404
B           -0.06012830685505        3.06109221137384        0.54631649700018
B            0.12177237669796        1.36654671109213        0.65302508208231
B            1.30556951567821        4.02196946325294        0.26596358458460
B            1.48706872205593        2.36517801832193        0.54232277130581
B            1.66782987160755        0.69205159178689        0.75801366880166
B            0.48051773141458       -1.96547614267049        0.94678283449597
B            0.66282980923094       -3.65298802159901        1.13526356602248
B            1.84706331745291       -0.97193642610256        0.90509082336687
B            2.02796696493848       -2.65689652510397        0.98544208358074
B            2.20628132298028       -4.33641091332883        1.01164796706611
B            2.84909918709212        3.37400834515238        0.52963272062473
B            3.03391994260743        1.67236695658431        0.56698906968365
B            4.22255582015819        4.36008009057292        0.57312317322879
B            4.40314549453726        2.67937037353985        0.55096054766674
B            4.58121322119946        0.99006695619011        0.61784896165533
B            3.39279711139962       -1.65924537326432        0.86409298913127
B            3.57223227332123       -3.34052175408948        1.13591253554921
B            4.75980785065108       -0.66718024365475        0.77012794191742
B            4.94378897300520       -2.33950717524622        1.01558549295020
B            5.12148232232398       -3.98957506442715        1.33656227357453
B            5.76025489842533        3.64992403390342        0.24413137492671
B            5.94231051745279        2.01568302611952        0.71243800428503
B            6.30429415071882       -1.34723995889595        1.03307421349095
B            6.48170375924572       -3.03958650277183        0.86558313864129
H           -6.87526393856055        2.95404288827331        1.13905177840067
H           -6.59990170085241        0.11727426516463        0.19732574061115
H           -4.69445240640684        4.47761993707625       -0.08819581922001
H           -6.34744550104085       -2.26353443387831        0.42701589168615
H           -6.02454676215913       -4.88286111841979        1.86344515491404
H           -3.56110950192518       -6.10272574298199        0.84038582260449
H           -1.73248548207069        4.89357690068708        0.91145738612677
H           -0.59113192076130       -5.71446522255968        1.81125520493404
H            1.18748440779173        5.13913453239960       -0.08186554197769
H            2.33508133566878       -5.49630292586208        0.86627841729156
H            4.16788226577790        5.50406848448130        0.83591567024484
H            5.30269954338756       -5.05217239168304        1.80441967520375
H            6.61991589882401        4.29785302046324       -0.22329336840388
H            6.94925995625730        1.65731668132136        1.18745295073136
H            7.19866772363036       -0.70603327990790        1.42940308435535
H            7.47084451680361       -3.56252093771548        0.51162433787040
60
 energy: -61.506296890614 gnorm: 0.000889090681 xtb: 6.7.1 (edcfbbe)
B           -5.87894914453859        2.44393039884447        0.78677948353709
B           -5.70099802332775        0.75141153932488        0.59587396215896
B           -4.52073950700807        3.40079233024294        0.34985601075207
B           -4.34340179792722        1.74465589583812        0.63456417581189
B           -4.15950275662286        0.06904196142292        0.84546023829131
B           -5.33899476795315       -2.61307190610201        0.90648019367459
B           -5.15777327888754       -4.24426594064815        1.39649205913664
B           -3.98107033359104       -1.58842145158578        0.99247327044416
B           -3.80282071972132       -3.27610806435671        1.07704566344424
B           -3.62132427887706       -4.95547327083656        1.08841421148866
B           -2.96893725247206        2.74887226762632        0.54033297155655
B           -2.78993064230731        1.06129617606988        0.75176468353630
B           -1.60495724173690        3.74355680676125        0.70184231011749
B           -1.42717380304399        2.06325844428645        0.68444972698009
B           -1.24678031971738        0.37198866744769        0.68201302247669
B           -2.43111440510332       -2.27034782234600        1.04070824223189
B           -2.24587364219883       -3.96858117577249        1.12510581944429
B           -1.06750298423892       -1.29338872970128        0.82576281310583
B           -0.88650313721290       -2.95875707878121        1.11532258325017
B           -0.70563720005286       -4.61093530564666        1.42212324831632
B           -0.06007837109719        3.06107277231956        0.54650577105814
B            0.12179852845718        1.36652238781525        0.65260030572352
B            1.30560149350454        4.02194693251442        0.26560801235921
B            1.48706895198738        2.36497201775885        0.54002840132719
B            1.66786475158384        0.69196567239598        0.75672173192586
B            0.48055158264669       -1.96554998903721        0.94608070396800
B            0.66287903917775       -3.65285826228316        1.13622783000137
B            1.84710472177683       -0.97210518501480        0.90342017584644
B            2.02797895310226       -2.65706355941826        0.98356802058777
B            2.20632809970530       -4.33639519370127        1.01216064207602
B            2.84911305764004        3.37402759459704        0.52967847139972
B            3.03396576019640        1.67226665161825        0.56589939819449
B            4.22256538519217        4.36009264892950        0.57310154705382
B            4.40320235365412        2.67958716705002        0.55326398425909
B            4.58126799796695        0.99001774616104        0.61710155339734
B            3.39284324611861       -1.65933564676753        0.86277648528509
B            3.57225686218220       -3.34047321015741        1.13645409514722
B            4.75986151060667       -0.66726331636454        0.76900407111611
B            4.94385190367810       -2.33941735917230        1.01645195596110
B            5.12153333057297       -3.98960568618857        1.33615014081007
B            5.76032607632530        3.65002183716473        0.24484995410863
B            5.94234287862383        2.01572430844053        0.71303262088692
B            6.30435892977367       -1.34729972319325        1.03217082994595
B            6.48175702771943       -3.03960786064175        0.86534744700416
H           -6.87528024864811        2.95379466766376        1.13934911249031
H           -6.60004073239415        0.11730999353585        0.19864519592973
H           -4.69440855696975        4.47714559362171       -0.08904664126848
H           -6.34768403120355       -2.26329466830126        0.42842808688752
H           -6.02502596540932       -4.88312443135476        1.86182587178861
H           -3.56113342884932       -6.10255325860872        0.83997441277927
H           -1.73244401757331        4.89372760498714        0.90968253455664
H           -0.59147525042364       -5.71390241569847        1.81302365933232
H            1.18765408659843        5.13815077815875       -0.08524147025320
H            2.33503679227873       -5.49594606150272        0.86425370277819
H            4.16767012481833        5.50383270891325        0.83661627471898
H            5.30270076622840       -5.05257326198611        1.80308731956207
H            6.62058931788464        4.29837894258539       -0.22063573725395
H            6.94807304155878        1.65811729984553        1.19096031684976
H            7.19848885963393       -0.70608143801148        1.42886646568786
H            7.47111158791397       -3.56275596076108        0.51261240621592
