60
 energy: -61.503317521302 gnorm: 0.126672664711 xtb: 6.7.1 (edcfbbe)
B           -5.97105132000000        2.91303711000000       -0.06386676000000
B           -5.92279769000000        1.22664214000000        0.19189433000000
B           -4.53759631000000        3.79147268000000        0.27488731000000
B           -4.49015335000000        2.10967644000000        0.10002403000000
B           -4.43842743000000        0.41606772000000       -0.01559573000000
B           -5.82324120000000       -2.16195845000000        0.17688532000000
B           -5.77427471000000       -3.84205971000000       -0.12149234000000
B           -4.38967075000000       -1.26179027000000       -0.01318479000000
B           -4.34189719000000       -2.95780817000000        0.06722961000000
B           -4.29036842000000       -4.64325468000000        0.18099511000000
B           -3.04413436000000        3.00339596000000        0.15311375000000
B           -2.99641271000000        1.30386701000000        0.01936935000000
B           -1.60773343000000        3.88316134000000       -0.01691708000000
B           -1.55957576000000        2.19616051000000        0.07545106000000
B           -1.50983982000000        0.50259045000000        0.09514047000000
B           -2.89809834000000       -2.06398247000000       -0.01621433000000
B           -2.84597497000000       -3.76636671000000        0.08070028000000
B           -1.46071614000000       -1.17934904000000        0.06390268000000
B           -1.41162732000000       -2.87157177000000       -0.00905476000000
B           -1.36169192000000       -4.55559967000000       -0.13270780000000
B           -0.11826428000000        3.08845176000000        0.14049036000000
B           -0.06837193000000        1.38873630000000        0.06951790000000
B            1.32001753000000        3.96134078000000        0.32142588000000
B            1.37019188000000        2.28001481000000        0.15442718000000
B            1.41945783000000        0.59033561000000       -0.02562848000000
B            0.03017521000000       -1.97860787000000        0.00210635000000
B            0.07966012000000       -3.67968552000000        0.02835022000000
B            1.46854811000000       -1.09200814000000       -0.05954968000000
B            1.51833756000000       -2.78666516000000        0.05030133000000
B            1.56674843000000       -4.47233633000000        0.18658905000000
B            2.80759871000000        3.17563821000000        0.10665701000000
B            2.85923512000000        1.47331888000000        0.11995957000000
B            4.24965215000000        4.05336606000000       -0.00224194000000
B            4.30101284000000        2.36666533000000        0.09216672000000
B            4.34836636000000        0.67103068000000        0.12132405000000
B            2.95770613000000       -1.89370681000000        0.05811431000000
B            3.00560218000000       -3.59477998000000        0.00057463000000
B            4.39743564000000       -1.00617154000000        0.09579004000000
B            4.44908956000000       -2.70018707000000        0.02345103000000
B            4.49636630000000       -4.38307664000000       -0.13379047000000
B            5.73484075000000        3.24883742000000        0.30670903000000
B            5.78520145000000        1.57249247000000       -0.02100553000000
B            5.88425312000000       -1.81755324000000       -0.07377613000000
B            5.93215189000000       -3.50311827000000        0.20572465000000
H           -6.92610240000000        3.47350832000000       -0.44600982000000
H           -6.87029374000000        0.67931357000000        0.60103720000000
H           -4.62030193000000        4.91046308000000        0.61180180000000
H           -6.80427413000000       -1.68457732000000        0.59565178000000
H           -6.69807879000000       -4.44782240000000       -0.51226440000000
H           -4.30311300000000       -5.77839917000000        0.47567342000000
H           -1.64342551000000        5.03197238000000       -0.25287095000000
H           -1.33736507000000       -5.69539707000000       -0.41059047000000
H            1.29540906000000        5.10169924000000        0.59461566000000
H            1.60657292000000       -5.62196373000000        0.41155210000000
H            4.27001642000000        5.17634418000000       -0.34002725000000
H            4.58316154000000       -5.48871205000000       -0.51594805000000
H            6.65864418000000        3.85488597000000        0.69750198000000
H            6.76504410000000        1.09952297000000       -0.44847597000000
H            6.82908010000000       -1.27876103000000       -0.50102947000000
H            6.88948998000000       -4.06375392000000        0.58174210000000
60
 energy: -61.506027375341 gnorm: 0.039911755304 xtb: 6.7.1 (edcfbbe)
B           -5.96867619914017        2.91227665213224       -0.08822001413037
B           -5.92124479028732        1.22940259718171        0.20586063715358
B           -4.53830974522018        3.78829780868959        0.29294175178064
B           -4.49143745074143        2.10961860305666        0.10306792761915
B           -4.43866427947797        0.41358159102734       -0.00718890351856
B           -5.82133144307150       -2.16529848838214        0.18870520931789
B           -5.77186313607279       -3.84085454057293       -0.14907700285990
B           -4.38991703777405       -1.25973266263895       -0.02052253628616
B           -4.34309316624396       -2.95816526799333        0.06201193545155
B           -4.29098826039814       -4.64093543908367        0.19841136694464
B           -3.04368617347371        3.00677727759295        0.15148381593382
B           -2.99578122361060        1.30104316076581        0.01560756695541
B           -1.60763396594963        3.88166277215462       -0.03976339485098
B           -1.55995375732449        2.19609683677985        0.06237357945580
B           -1.51003170530702        0.50084600299893        0.10415475912160
B           -2.89750987289734       -2.06124510633556       -0.02014326307796
B           -2.84524118261813       -3.76990064797734        0.07242353994927
B           -1.46096010283245       -1.17814696254366        0.07953139623940
B           -1.41195702220899       -2.87138173615955       -0.01815183756818
B           -1.36148950800679       -4.55357991477664       -0.15698699179153
B           -0.11852108041054        3.09175067993028        0.13413436419529
B           -0.06849003561602        1.38600926356025        0.06604960884188
B            1.31958924329727        3.95902653323708        0.34006693547607
B            1.37025579888442        2.27984598047049        0.15567050070351
B            1.41956311595362        0.58880747547143       -0.02499034804484
B            0.03002242056364       -1.97596068150202        0.00526864358395
B            0.07968118246601       -3.68296568795530        0.02656423805507
B            1.46859700576728       -1.09061804977888       -0.05540806723117
B            1.51847678529461       -2.78665299894801        0.05582023188574
B            1.56647393083819       -4.47069394488081        0.20479055733336
B            2.80645722620696        3.17919761476135        0.10066129965187
B            2.85823695876964        1.47047008620399        0.12331550109889
B            4.25009396534296        4.05105330034240       -0.02441072991930
B            4.30211371122661        2.36691907657621        0.08764919463071
B            4.34829348818577        0.66872955077816        0.13043725670590
B            2.95664090834898       -1.89104369376788        0.06529724906292
B            3.00483259422549       -3.59819947196683       -0.00634449382658
B            4.39729724199425       -1.00399881208680        0.10154430201157
B            4.45030212748030       -2.70012793560190        0.01581268726242
B            4.49687360611512       -4.37985956388458       -0.15705872924926
B            5.73202432538563        3.24754977542040        0.32591321644983
B            5.78310189954425        1.57583289110280       -0.03509551657856
B            5.88234289268549       -1.82048476145592       -0.08988502841678
B            5.92945549197950       -3.50239114793071        0.22423631226366
H           -6.92643262214710        3.47722103663700       -0.46503069197711
H           -6.86972281523621        0.68246438998366        0.61670790564647
H           -4.62174808223301        4.91086874354167        0.62841932268425
H           -6.79973840723567       -1.68604446201646        0.61476006163245
H           -6.69965953964278       -4.45006597801536       -0.53197746504373
H           -4.30496380339734       -5.77715788928173        0.49780246916784
H           -1.64428735796797        5.03532957461740       -0.26153962754914
H           -1.33638136987694       -5.69879814871287       -0.42044079599354
H            1.29491704118262        5.10180787073865        0.61318303125354
H            1.60706272136321       -5.62306254534684        0.43032374732606
H            4.27147048910398        5.18000548542072       -0.34957146964236
H            4.58589295363886       -5.49303049470731       -0.52274283747613
H            6.65812226468802        3.85485353890452        0.71589592681359
H            6.76512095113607        1.10349690825207       -0.46074286524952
H            6.83174398904587       -1.28203312203935       -0.51043738174691
H            6.88885205570566       -4.06542774198694        0.59943839236901
60
 energy: -61.506266825954 gnorm: 0.025083135126 xtb: 6.7.1 (edcfbbe)
B           -5.96967777163380        2.91279870149618       -0.09258854137936
B           -5.92163477654246        1.22992645513238        0.20684817181814
B           -4.53877148767762        3.78851160863361        0.29385101267089
B           -4.49120801505640        2.10942825719990        0.10255925646291
B           -4.43908703384345        0.41321085351684       -0.00034049282506
B           -5.82180407103452       -2.16592950648798        0.18588645976530
B           -5.77285762395349       -3.84133439038547       -0.15458544427998
B           -4.39025126061525       -1.25946572687877       -0.01405097412548
B           -4.34287455122240       -2.95795696896081        0.05812410107141
B           -4.29143864413916       -4.64124393189966        0.19737931435761
B           -3.04309110902174        3.00713357122725        0.15030571238634
B           -2.99637178190475        1.30095698267396        0.01326273474493
B           -1.60786868920827        3.88186485979800       -0.04766947254590
B           -1.55998293794674        2.19635242073316        0.05618888139353
B           -1.51014394511521        0.50089720096851        0.10392336243984
B           -2.89813461482254       -2.06115631372664       -0.02463879957937
B           -2.84464660998610       -3.77023303090630        0.06909415006995
B           -1.46107088684808       -1.17823851736778        0.08004697292091
B           -1.41194478289886       -2.87149126989626       -0.02365475375402
B           -1.36170498071340       -4.55353577929444       -0.16626699524665
B           -0.11852635761341        3.09207736666787        0.12996940579579
B           -0.06850603107928        1.38596182327322        0.06401470030325
B            1.31978961338192        3.95898452689479        0.34517734238093
B            1.37022627425122        2.28011302751169        0.15460005117551
B            1.41964674702900        0.58873754831848       -0.02057558004497
B            0.02997580625310       -1.97595619487367        0.00727152928488
B            0.07965818964601       -3.68323183913702        0.02434422344158
B            1.46869691448415       -1.09078995330497       -0.04935943632167
B            1.51848159011205       -2.78693666053943        0.05776190350969
B            1.56667448910574       -4.47088196138891        0.21018716607150
B            2.80579517649075        3.17957149660798        0.09616003377136
B            2.85887418203768        1.47039218768093        0.12581853423123
B            4.25051583488597        4.05134812847109       -0.02761964348055
B            4.30182832733443        2.36665273905095        0.08640729691793
B            4.34864404857031        0.66853660948456        0.12528418977361
B            2.95724565598485       -1.89108036862583        0.07011560404619
B            3.00417309523092       -3.59852039053388       -0.01074210191346
B            4.39764789017350       -1.00369759031793        0.09708289310937
B            4.45000096591583       -2.69987973315066        0.01334302098501
B            4.49726944000881       -4.38009975224490       -0.16024654749860
B            5.73303235233009        3.24824343700985        0.32667941029897
B            5.78354083292195        1.57627104427819       -0.03387898981973
B            5.88279769813838       -1.82095322790456       -0.08917507902476
B            5.93053858839493       -3.50309467446537        0.22410724100763
H           -6.92399914183616        3.47822988833901       -0.47531674382304
H           -6.86793142797988        0.68730034908646        0.62812182941420
H           -4.62507677633636        4.90750393949148        0.64198803554410
H           -6.79518587272143       -1.68978749354763        0.62625125434688
H           -6.69717340109221       -4.45069565243774       -0.54322784679084
H           -4.30867311583909       -5.77327580597054        0.51321352208619
H           -1.64495636377652        5.03595063452992       -0.26901756054379
H           -1.33544448239738       -5.69954194509033       -0.42773462972920
H            1.29432848006108        5.09959180643018        0.62929026789191
H            1.60716922959439       -5.62175299493317        0.44678081797704
H            4.27419645821729        5.17984847596570       -0.35454880386223
H            4.58867272669506       -5.49319924207031       -0.52560550620902
H            6.65503957044985        3.85458507586861        0.72508374285100
H            6.76299471201011        1.10697041213830       -0.46779480149225
H            6.83100290030432       -1.28489945428117       -0.51472255205920
H            6.88577400484230       -4.06610587785690        0.60744360003164
60
 energy: -61.506379032404 gnorm: 0.011044360513 xtb: 6.7.1 (edcfbbe)
B           -5.96928568519379        2.91258064662140       -0.09429682139410
B           -5.92135880433217        1.22988335553306        0.20672694278968
B           -4.53846293978808        3.78841923303961        0.29297912841600
B           -4.49092126584003        2.10932242990624        0.10183277279437
B           -4.43895483488644        0.41324635046883        0.00213499667899
B           -5.82157787350690       -2.16586674410673        0.18406401509169
B           -5.77250537618416       -3.84090482859392       -0.15808524385138
B           -4.39013077053574       -1.25944943867114       -0.01137320187553
B           -4.34263318414161       -2.95774822995331        0.05530397435379
B           -4.29124390003086       -4.64104418091195        0.19557829237042
B           -3.04278644643009        3.00695608496346        0.14912892464779
B           -2.99635179282678        1.30103135148859        0.01162573267449
B           -1.60778424050282        3.88172776335701       -0.05016491002007
B           -1.55980092285392        2.19632549366875        0.05236033020367
B           -1.51005058303040        0.50107809372689        0.10016407108389
B           -2.89812630546988       -2.06112519061704       -0.02760250401364
B           -2.84441373361619       -3.76998259865031        0.06634601807895
B           -1.46098680089984       -1.17829249568823        0.07608152740433
B           -1.41178083833649       -2.87134375655782       -0.02723168450921
B           -1.36166165514628       -4.55325319519791       -0.16973205166148
B           -0.11843818130084        3.09175370575175        0.12710977452762
B           -0.06844745566517        1.38606046275471        0.06251280045892
B            1.31984877386782        3.95873590907932        0.34613293014114
B            1.37016790081703        2.28010211447948        0.15313822743286
B            1.41966887428335        0.58873378962884       -0.01606120670055
B            0.03000365532546       -1.97606595810294        0.00820455202019
B            0.07966989168753       -3.68284328421928        0.02225721729217
B            1.46872414984192       -1.09099325102149       -0.04411537094243
B            1.51840298477841       -2.78690565901271        0.05835528652086
B            1.56664638732487       -4.47073172047721        0.21113259543513
B            2.80562747149484        3.17936394838104        0.09358442553203
B            2.85899259184626        1.47041336085264        0.12708165411966
B            4.25038831638292        4.05118102367537       -0.02834519804954
B            4.30166935755920        2.36647758557920        0.08623016569948
B            4.34862149896389        0.66856667340433        0.12224166014091
B            2.95733770819609       -1.89120493762206        0.07282024615321
B            3.00394099226259       -3.59829381172450       -0.01320801572357
B            4.39760537756889       -1.00373063053589        0.09506185143564
B            4.44979624478909       -2.69976804444783        0.01237118085733
B            4.49704797826129       -4.38004054783815       -0.16050524644523
B            5.73277228082260        3.24795493176422        0.32653654629124
B            5.78344658563447        1.57611228193820       -0.03358113191387
B            5.88269458141076       -1.82087538761825       -0.08830664828064
B            5.93024042502844       -3.50292442495259        0.22340366741081
H           -6.92110264218117        3.47836345127991       -0.48385319923665
H           -6.86584995126170        0.69151313221562        0.63844688351744
H           -4.62807220096484        4.90351729116742        0.65458267370602
H           -6.79154761605737       -1.69379992924036        0.63699959654883
H           -6.69393581551683       -4.45079264450325       -0.55379128961407
H           -4.31225757311375       -5.76905524625386        0.52727713096141
H           -1.64513124239551        5.03551563352425       -0.27508671368738
H           -1.33453464196702       -5.69910394999470       -0.43349773860501
H            1.29377583569490        5.09661365192800        0.64336098369108
H            1.60699032311445       -5.61948233065463        0.46124613755678
H            4.27617794672133        5.17891406127200       -0.35889196774064
H            4.59017630834002       -5.49258347442995       -0.52792760124826
H            6.65146247565147        3.85454974118229        0.73315521800019
H            6.76064614208372        1.10961448259705       -0.47603798189192
H            6.82949993404796       -1.28664836186572       -0.51977591982103
H            6.88228553017514       -4.06678860176577        0.61450796518720
60
 energy: -61.506429270919 gnorm: 0.005053796899 xtb: 6.7.1 (edcfbbe)
B           -5.96895071962233        2.91250395564143       -0.09727652264717
B           -5.92126393806227        1.22985681271444        0.20784133532278
B           -4.53834480495722        3.78837716110766        0.29357042608957
B           -4.49105120954965        2.10948133316062        0.10201544090466
B           -4.43891218010545        0.41344542740650        0.00184992201374
B           -5.82147724718182       -2.16584931828787        0.18465999277889
B           -5.77219699710278       -3.84051185665814       -0.16381022771644
B           -4.39012710694891       -1.25955416580331       -0.01251092765458
B           -4.34279865399374       -2.95782962029110        0.05343676418487
B           -4.29125357982290       -4.64090380744374        0.19550539991857
B           -3.04298069233719        3.00704390242270        0.14813478172379
B           -2.99615923563034        1.30117342124637        0.00992832107065
B           -1.60763093802267        3.88178029603879       -0.05138182449764
B           -1.55970207160104        2.19639930630510        0.04884877739782
B           -1.50999339877697        0.50124681127952        0.09500148117304
B           -2.89792752612827       -2.06112040398198       -0.02993460872282
B           -2.84467512540045       -3.77000260594773        0.06367156701669
B           -1.46094450816758       -1.17828924730830        0.07106593705876
B           -1.41171698949467       -2.87130984034598       -0.03012344895305
B           -1.36154403413363       -4.55319682496967       -0.17154697532840
B           -0.11832221656275        3.09177799256271        0.12487254247920
B           -0.06834693452810        1.38619862575321        0.06120993178759
B            1.31989717931878        3.95869262698223        0.34635411481958
B            1.37027911410775        2.28015911967311        0.15226798730088
B            1.41982081297030        0.58872354105035       -0.01163904649968
B            0.03008602380062       -1.97618913644786        0.00849303765341
B            0.07973321363709       -3.68279692807506        0.02038641810422
B            1.46887115830939       -1.09114501052798       -0.03917792334129
B            1.51848215908072       -2.78693743839446        0.05937087519919
B            1.56660759755902       -4.47074397841445        0.21118556997387
B            2.80602197105365        3.17943005555123        0.09214157009573
B            2.85896199347086        1.47047460533345        0.12789555127665
B            4.25053412292715        4.05112280334298       -0.02977620462945
B            4.30200905577118        2.36663969824200        0.08660703473804
B            4.34877105691979        0.66866629121506        0.12251040560816
B            2.95729566464273       -1.89134039815621        0.07458479428588
B            3.00428992782777       -3.59832976357630       -0.01460254690476
B            4.39772976198792       -1.00390306293925        0.09613429756223
B            4.45010647466752       -2.69996521329916        0.01192027371252
B            4.49711654084399       -4.38005050955498       -0.16121939757663
B            5.73265428387457        3.24765010723989        0.32834194942252
B            5.78354129462180        1.57609005281279       -0.03630277808356
B            5.88280339259945       -1.82084358040533       -0.08957550843558
B            5.93005626878756       -3.50279404440025        0.22503158113943
H           -6.91842680898119        3.47798049611676       -0.49330848682484
H           -6.86352160483333        0.69521349446021        0.64953153504655
H           -4.63091395342876        4.89913722812356        0.66805228217484
H           -6.78853435042478       -1.69830748631142        0.64866797538583
H           -6.69080091268143       -4.45034374096874       -0.56662177787899
H           -4.31600116960682       -5.76443201296966        0.54211984088675
H           -1.64512882830111        5.03446268805975       -0.28224305622189
H           -1.33401197832211       -5.69789149036230       -0.44038536138683
H            1.29364027484595        5.09303203327550        0.65759030925541
H            1.60691224003447       -5.61644562868716        0.47611775023002
H            4.27782563956975        5.17766453133063       -0.36436418422783
H            4.59095936833825       -5.49178712994415       -0.53093713511772
H            6.64809364121539        3.85456614912608        0.74220740775299
H            6.75807484057121        1.11196055792190       -0.48742981896983
H            6.82760385684662       -1.28768428186938       -0.52710076491594
H            6.87907403450907       -4.06746741915460        0.62274979398957
60
 energy: -61.506438090487 gnorm: 0.002586795102 xtb: 6.7.1 (edcfbbe)
B           -5.96895064505784        2.91258112877801       -0.09871437369729
B           -5.92117616664160        1.22986064372912        0.20828058164519
B           -4.53834549212842        3.78826306243725        0.29457265255852
B           -4.49093589888633        2.10944367014662        0.10307285691658
B           -4.43881811538442        0.41347359098659        0.00092121004150
B           -5.82139826867205       -2.16586871618670        0.18491744438704
B           -5.77218136775172       -3.84051307859243       -0.16594040656376
B           -4.39001555386082       -1.25956125124925       -0.01324799382860
B           -4.34268023596940       -2.95781156682562        0.05432422537038
B           -4.29125618550660       -4.64083013168749        0.19580642266496
B           -3.04296828245718        3.00699906318619        0.14861400405875
B           -2.99606176187549        1.30117893876892        0.00852680345484
B           -1.60755230940307        3.88175634951337       -0.05152701361204
B           -1.55968118168386        2.19639386740482        0.04757598669772
B           -1.50995881895254        0.50122533593389        0.09283107050249
B           -2.89783866544574       -2.06108402737084       -0.03127861212780
B           -2.84465449547819       -3.76996563070792        0.06431007228604
B           -1.46091302474988       -1.17820725654060        0.06893235667353
B           -1.41170007142728       -2.87127099293355       -0.03111038329440
B           -1.36146689851411       -4.55316872256139       -0.17164336014991
B           -0.11830065767850        3.09188083321640        0.12501518017466
B           -0.06831281666370        1.38615002637743        0.06080365918308
B            1.31986548122973        3.95860629719606        0.34700890692443
B            1.37031520635599        2.28009304343646        0.15324757760348
B            1.41984769611070        0.58867400413078       -0.01075797411690
B            0.03011824253394       -1.97611565344279        0.00758574030564
B            0.07977015793786       -3.68289542195784        0.02010156408663
B            1.46889427953181       -1.09110563452716       -0.03844146092290
B            1.51851462220871       -2.78690119279417        0.06074915202993
B            1.56657095827486       -4.47067847051615        0.21173785673995
B            2.80605645030864        3.17941546991864        0.09197535931613
B            2.85892065860241        1.47044286035983        0.12823949109641
B            4.25058632608346        4.05108368553564       -0.02997189661819
B            4.30193918132366        2.36663133695752        0.08683804801255
B            4.34872466623309        0.66866976465911        0.12265473004754
B            2.95725312610659       -1.89130792491102        0.07466220579040
B            3.00433062626609       -3.59829817638242       -0.01471034627373
B            4.39768422313501       -1.00390473673878        0.09648583577148
B            4.45004220542484       -2.69995328671533        0.01194383271058
B            4.49718498967008       -4.38000750484768       -0.16104731483105
B            5.73277468027629        3.24765514944823        0.32921825061211
B            5.78347673690707        1.57615134225420       -0.03807274279736
B            5.88276429092881       -1.82086397905302       -0.09044946120018
B            5.93015936328697       -3.50281815865194        0.22643264153402
H           -6.91798126049817        3.47753238898738       -0.49596995641294
H           -6.86257053834278        0.69613329124889        0.65267136620662
H           -4.63187015897500        4.89742393568601        0.67241002391976
H           -6.78790045334816       -1.69998648256021        0.65126046839527
H           -6.69012063043177       -4.44950847668690       -0.57102522629408
H           -4.31743129495154       -5.76269924761553        0.54598872562665
H           -1.64534423040740        5.03374271618882       -0.28560782611877
H           -1.33451741488454       -5.69713595112326       -0.44343389842242
H            1.29420300782842        5.09155984457062        0.66218957887468
H            1.60726381203657       -5.61494586462552        0.48132883043726
H            4.27852420739754        5.17714677950326       -0.36575456929650
H            4.59132313261219       -5.49149629055945       -0.53128126674879
H            6.64757576238642        3.85409644762131        0.74460641812176
H            6.75698309263318        1.11293498993692       -0.49235850172008
H            6.82682025687592       -1.28809694182057       -0.53017580368464
H            6.87860870552133       -4.06721390793275        0.62528570795375
60
 energy: -61.506441922291 gnorm: 0.000975584226 xtb: 6.7.1 (edcfbbe)
B           -5.96891281572029        2.91258157470500       -0.09873358112475
B           -5.92120109857842        1.22985361867051        0.20797799009729
B           -4.53837747014239        3.78821262379179        0.29502755948481
B           -4.49094242318034        2.10942503925164        0.10440507434787
B           -4.43883795625329        0.41347288306570        0.00032720443565
B           -5.82141723276724       -2.16588829622585        0.18447991564962
B           -5.77211387902433       -3.84052468777263       -0.16647785032948
B           -4.39002946146726       -1.25957609965339       -0.01374507041352
B           -4.34267105174701       -2.95785340572207        0.05566886746385
B           -4.29127423666626       -4.64083811373896        0.19579112024886
B           -3.04296486921607        3.00697265636416        0.14929776969580
B           -2.99608582475385        1.30118872310039        0.00726062623258
B           -1.60755703580139        3.88179078760818       -0.05129384726921
B           -1.55968619604407        2.19640776611336        0.04675199309471
B           -1.50996710029424        0.50121920880221        0.09144168489950
B           -2.89785707161568       -2.06108335966670       -0.03248464988739
B           -2.84463563570012       -3.76997721571960        0.06507031208161
B           -1.46091850218196       -1.17817594244595        0.06744582323587
B           -1.41169644033115       -2.87127315243299       -0.03185842053760
B           -1.36144464684589       -4.55322695020994       -0.17143303258010
B           -0.11830841529121        3.09193122253720        0.12569857791447
B           -0.06830613249625        1.38613728222459        0.06054663573640
B            1.31985485912968        3.95858987969495        0.34767004714862
B            1.37031749175017        2.28004607903304        0.15481709222622
B            1.41986299037715        0.58866873243893       -0.01074591658316
B            0.03013507025845       -1.97608473611845        0.00649909089599
B            0.07979041728224       -3.68296565002463        0.02026690400629
B            1.46891317885770       -1.09108909525115       -0.03871016819937
B            1.51852562197508       -2.78690864922723        0.06253635029707
B            1.56657859995500       -4.47067087520778        0.21261426076954
B            2.80604207785848        3.17943142961454        0.09209389041117
B            2.85895948360965        1.47044168699593        0.12839840874383
B            4.25060771212596        4.05110871792081       -0.02946850238624
B            4.30194449220564        2.36665966138354        0.08686234163312
B            4.34875765101186        0.66868604885661        0.12222158764287
B            2.95729967677232       -1.89129307536970        0.07439073615710
B            3.00433525441057       -3.59830747172774       -0.01449666989704
B            4.39772123947305       -1.00388546992424        0.09610832073267
B            4.45006300318078       -2.69996408515678        0.01196749933384
B            4.49724214742283       -4.38003581675767       -0.16025324443292
B            5.73276796548426        3.24763679160866        0.32910481920632
B            5.78347362027436        1.57620465118394       -0.03886602424739
B            5.88278739508373       -1.82088551009947       -0.09067204628552
B            5.93014726113580       -3.50276958625425        0.22689092370352
H           -6.91803190554901        3.47734662208385       -0.49572048945492
H           -6.86212932658966        0.69627587399095        0.65308480980786
H           -4.63210048710831        4.89662475007569        0.67387392092346
H           -6.78782793500230       -1.70054736708356        0.65105160174543
H           -6.69002410393712       -4.44889840921044       -0.57224313242045
H           -4.31788854785042       -5.76194461349257        0.54687474970410
H           -1.64551762172822        5.03322814320429       -0.28759195136122
H           -1.33504650923178       -5.69665102009655       -0.44522370331252
H            1.29465053785760        5.09086456666058        0.66397380358370
H            1.60750060605807       -5.61406539170136        0.48410094258020
H            4.27871652002958        5.17698844709262       -0.36544713688269
H            4.59151377690398       -5.49145561191869       -0.53045949204216
H            6.64778382347889        3.85353420032525        0.74455268099459
H            6.75638826802026        1.11351985172006       -0.49473658162490
H            6.82648730001868       -1.28850944146090       -0.53152526117683
H            6.87879714111377       -4.06671524044775        0.62564728558299
