AutoDock Vina v1.2.7
#################################################################
# If you used AutoDock Vina in your work, please cite:          #
#                                                               #
# J. Eberhardt, D. Santos-Martins, A. F. Tillack, and S. Forli  #
# AutoDock Vina 1.2.0: New Docking Methods, Expanded Force      #
# Field, and Python Bindings, J. Chem. Inf. Model. (2021)       #
# DOI 10.1021/acs.jcim.1c00203                                  #
#                                                               #
# O. Trott, A. J. Olson,                                        #
# AutoDock Vina: improving the speed and accuracy of docking    #
# with a new scoring function, efficient optimization and       #
# multithreading, J. Comp. Chem. (2010)                         #
# DOI 10.1002/jcc.21334                                         #
#                                                               #
# Please see https://github.com/ccsb-scripps/AutoDock-Vina for  #
# more information.                                             #
#################################################################

Scoring function : vina
Rigid receptor: c:\Users\Andre\Proyectos doctorado\borophene-alzheimer-tau-ai\data\raw\6VHL_receptor.pdbqt
Ligand: c:\Users\Andre\Proyectos doctorado\borophene-alzheimer-tau-ai\calculations\tau\Chrysamine_G\Chrysamine_G_ligand.pdbqt
Grid center: X 140.423 Y 140.604 Z 140.44
Grid size  : X 26 Y 26 Z 26
Grid space : 0.375
Exhaustiveness: 8
CPU: 0
Verbosity: 1

Computing Vina grid ... done.
WARNING: At low exhaustiveness, it may be impossible to utilize all CPUs.
Performing docking (random seed: 1163025673) ... 
0%   10   20   30   40   50   60   70   80   90   100%
|----|----|----|----|----|----|----|----|----|----|
***************************************************

mode |   affinity | dist from best mode
     | (kcal/mol) | rmsd l.b.| rmsd u.b.
-----+------------+----------+----------
   1       -6.352          0          0
   2       -6.322       1.92       3.19
   3       -6.282     0.1492      14.51
   4       -6.182      2.047      14.35
   5       -6.157      1.861      14.48
   6       -6.108      1.207      14.42
   7       -6.001      1.221      14.41
   8       -5.934      2.505      4.194
   9       -5.817      3.492      15.15
# Command: c:\Users\Andre\Proyectos doctorado\borophene-alzheimer-tau-ai\src\docking\vina.exe --receptor c:\Users\Andre\Proyectos doctorado\borophene-alzheimer-tau-ai\data\raw\6VHL_receptor.pdbqt --ligand c:\Users\Andre\Proyectos doctorado\borophene-alzheimer-tau-ai\calculations\tau\Chrysamine_G\Chrysamine_G_ligand.pdbqt --center_x 140.423 --center_y 140.604 --center_z 140.440 --size_x 26.0 --size_y 26.0 --size_z 26.0 --num_modes 9 --exhaustiveness 8 --out c:\Users\Andre\Proyectos doctorado\borophene-alzheimer-tau-ai\calculations\tau\Chrysamine_G\Chrysamine_G_6VHL_out.pdbqt
