60
 energy: -61.502348753951 gnorm: 0.122589756096 xtb: 6.7.1 (edcfbbe)
B           -5.87470825000000        3.60136552000000       -0.34413631000000
B           -5.91501837000000        1.89101820000000       -0.30951511000000
B           -4.37572720000000        4.32772512000000       -0.75162578000000
B           -4.43835844000000        2.70428426000000       -0.28483024000000
B           -4.49477696000000        1.05748883000000        0.11982711000000
B           -6.02640732000000       -1.42540444000000        0.38917857000000
B           -6.09409910000000       -3.01393679000000        1.01190455000000
B           -4.54947836000000       -0.58435240000000        0.46315548000000
B           -4.60289373000000       -2.25990756000000        0.72849383000000
B           -4.64980338000000       -3.93480917000000        0.95106973000000
B           -2.94035551000000        3.50011800000000       -0.40571368000000
B           -3.00277172000000        1.85576866000000        0.04452515000000
B           -1.46454469000000        4.32451837000000       -0.30029883000000
B           -1.51416230000000        2.65190563000000       -0.06794176000000
B           -1.56339661000000        0.96906405000000        0.14962388000000
B           -3.11119177000000       -1.44735453000000        0.69807127000000
B           -3.16074078000000       -3.12993256000000        0.96496054000000
B           -1.61823742000000       -0.67821732000000        0.49306545000000
B           -1.67858630000000       -2.31393217000000        0.93971926000000
B           -1.73933529000000       -3.93569296000000        1.41382479000000
B           -0.02444671000000        3.46083736000000       -0.11470415000000
B           -0.07107326000000        1.75726987000000        0.03590368000000
B            1.46443000000000        4.24897202000000       -0.20341779000000
B            1.41342024000000        2.58013470000000        0.05242637000000
B            1.36006804000000        0.91334109000000        0.35187362000000
B           -0.18487104000000       -1.52184087000000        0.80902908000000
B           -0.24153679000000       -3.18074322000000        1.18417273000000
B            1.30326677000000       -0.72507343000000        0.73485532000000
B            1.24928742000000       -2.38617697000000        1.06329202000000
B            1.20019041000000       -4.06471720000000        1.26812241000000
B            2.90541460000000        3.36475624000000       -0.11930220000000
B            2.84788760000000        1.71822274000000        0.31787484000000
B            4.40181346000000        4.12325301000000       -0.32717879000000
B            4.34490784000000        2.49178326000000        0.10253526000000
B            4.28613119000000        0.84241783000000        0.49351195000000
B            2.74040421000000       -1.58938061000000        0.95309678000000
B            2.68073468000000       -3.24559430000000        1.34449577000000
B            4.22890939000000       -0.78751076000000        0.89006279000000
B            4.17368223000000       -2.43924145000000        1.27174875000000
B            4.11130611000000       -4.06517661000000        1.72473879000000
B            5.82073125000000        3.33032022000000        0.22291031000000
B            5.77944790000000        1.61687906000000        0.25335409000000
B            5.65310534000000       -1.62685748000000        1.28649426000000
B            5.61320444000000       -3.33857673000000        1.32590361000000
H           -6.82387475000000        4.25897691000000       -0.13471453000000
H           -6.87210172000000        1.33667426000000       -0.69157839000000
H           -4.37083135000000        5.34665540000000       -1.33694794000000
H           -6.95127923000000       -0.98738808000000       -0.17685778000000
H           -7.06761597000000       -3.48146617000000        1.47373079000000
H           -4.71711468000000       -5.10687047000000        0.87987314000000
H           -1.44959171000000        5.49988874000000       -0.29751053000000
H           -1.79909666000000       -5.01718678000000        1.87269856000000
H            1.50581274000000        5.41580640000000       -0.34159606000000
H            1.17263534000000       -5.23948652000000        1.30866201000000
H            4.50296274000000        5.14244279000000       -0.90493109000000
H            4.10779420000000       -5.09810491000000        2.28687349000000
H            6.77370940000000        3.94530362000000        0.52662322000000
H            6.74555950000000        1.01415884000000       -0.02564371000000
H            6.59822471000000       -1.05931115000000        1.68612683000000
H            6.55558162000000       -4.00685246000000        1.11877356000000
60
 energy: -61.505321897094 gnorm: 0.037073181486 xtb: 6.7.1 (edcfbbe)
B           -5.87323922312358        3.60441023346051       -0.32312519043179
B           -5.91184642787253        1.88964497175645       -0.32996220151765
B           -4.37524838898365        4.31928345445865       -0.77701260335288
B           -4.43875881168166        2.70246482750965       -0.29345763466615
B           -4.49519394975728        1.05653883588991        0.12603007613934
B           -6.02385104141688       -1.43154587623936        0.37604927877758
B           -6.09257420567555       -3.00812372612798        1.03555591470590
B           -4.54980096827271       -0.58034937768832        0.47222018571258
B           -4.60383915462569       -2.25998788543674        0.72948073258686
B           -4.64907363692876       -3.93638825902956        0.93135462500707
B           -2.93910971913184        3.50147584270349       -0.41499339518095
B           -3.00218364332706        1.85351427956763        0.04753597022408
B           -1.46554885120367        4.32661854985900       -0.28155833992268
B           -1.51426963717250        2.65267691699686       -0.06261890015059
B           -1.56335845057270        0.96733664003076        0.14807763683690
B           -3.11028664102028       -1.44419227272435        0.70049040374327
B           -3.16022359448607       -3.13291096437036        0.96806336977677
B           -1.61806733051760       -0.67766572493031        0.48875984009243
B           -1.67873414394619       -2.31285866574615        0.94425526306743
B           -1.73975947803724       -3.92960739973951        1.43454685836473
B           -0.02494793686323        3.46611202018162       -0.10249515083746
B           -0.07118898016881        1.75496033273348        0.03715274182783
B            1.46389834514812        4.25050576211343       -0.19051105249762
B            1.41331662671881        2.58163660136643        0.06023189801465
B            1.35950731521395        0.91532461315887        0.36889703503967
B           -0.18438697318501       -1.52077218719100        0.80157529002533
B           -0.24128931182501       -3.18491517907004        1.18057922542842
B            1.30325510811150       -0.72217897490118        0.74076393623970
B            1.25040865286654       -2.38887721255282        1.05023499400147
B            1.20155475325575       -4.06869520288194        1.24005974223334
B            2.90560684332216        3.36628220537737       -0.12783266765626
B            2.84717099849215        1.71602491125286        0.32040776976940
B            4.40355056199434        4.11503025171428       -0.35264369602986
B            4.34656117775577        2.48846547745358        0.08719819533725
B            4.28680105465249        0.83789019116838        0.48327604903001
B            2.73991712759063       -1.58658052842564        0.95297142902674
B            2.68048220309850       -3.24964359385707        1.34195930244497
B            4.22891439402777       -0.78368373620499        0.89649442265043
B            4.17435624716710       -2.43657639103680        1.28493571935513
B            4.11090441362253       -4.05745616448908        1.74814167131682
B            5.81752562697757        3.33316064138836        0.24285990533055
B            5.77875370542580        1.61325972416141        0.22216886735379
B            5.64954378261544       -1.62361587166257        1.31554231221117
B            5.61200307859535       -3.34079379924945        1.30776679434735
H           -6.82252805879553        4.26352482220476       -0.11261045583854
H           -6.87279899786981        1.33691625085036       -0.70543430898450
H           -4.37360698514513        5.34398140040371       -1.35334957571401
H           -6.94977654616995       -0.99386132726728       -0.18933320671056
H           -7.06806063370102       -3.47850242444729        1.49109235818870
H           -4.71974086934456       -5.10805566170396        0.85976967217526
H           -1.45213264189998        5.50273889862494       -0.28392915180420
H           -1.79988911307736       -5.01374633866529        1.88675461280482
H            1.50623384015830        5.41747112600422       -0.33328396953115
H            1.17410426882028       -5.24337710681309        1.29195088799358
H            4.50653054436776        5.13848558058977       -0.92334140406741
H            4.10786870791574       -5.09298831963446        2.30552592873309
H            6.77006472322627        3.94876789471774        0.54967131201281
H            6.74799432801599        1.01236047405361       -0.04994792201922
H            6.59767029416849       -1.05789141667768        1.70844152114080
H            6.55341162247376       -4.01076721298789        1.09733604784545
60
 energy: -61.505660521809 gnorm: 0.023122015631 xtb: 6.7.1 (edcfbbe)
B           -5.87401584275692        3.60482827055995       -0.32438058739147
B           -5.91201376593678        1.88985229248851       -0.33099744828879
B           -4.37504796084735        4.31793689262542       -0.78370705551420
B           -4.43821442050756        2.70146238266925       -0.29730891593946
B           -4.49513288254372        1.05511525846149        0.12041003979765
B           -6.02431291418736       -1.43150793826149        0.37897076034962
B           -6.09358225795280       -3.00793639374125        1.03904565406887
B           -4.54975339136638       -0.58116183728035        0.46678984545685
B           -4.60361867203162       -2.25928156966637        0.73210303916796
B           -4.64928855545578       -3.93699700118416        0.92944217213366
B           -2.93793438852425        3.50045534858324       -0.42086540810560
B           -3.00278937957899        1.85393560107247        0.04986720095577
B           -1.46629617715160        4.32852994355565       -0.27165029562109
B           -1.51436637540495        2.65358250893776       -0.05903783182018
B           -1.56334959041028        0.96754224823496        0.14875215145353
B           -3.11096852268301       -1.44328071121449        0.70451144952836
B           -3.15948246418468       -3.13323435242513        0.96813590152950
B           -1.61804652525962       -0.67769029299387        0.48894898525575
B           -1.67864927481226       -2.31311303005977        0.94433094159406
B           -1.74015973752311       -3.92819011131091        1.44140988226912
B           -0.02533889846336        3.46839212331935       -0.09101195292803
B           -0.07108971801307        1.75504250691257        0.03771136760857
B            1.46405482701576        4.25196648511706       -0.18356768481412
B            1.41327880017323        2.58261026735437        0.06414965165863
B            1.35937138494403        0.91688491396494        0.37624376636397
B           -0.18409437854951       -1.52156334758032        0.79772944810355
B           -0.24103824641912       -3.18595105948036        1.17715343127041
B            1.30320427230181       -0.72132305109755        0.74535642949769
B            1.25073607670814       -2.39016786739739        1.04513534439327
B            1.20239316872272       -4.07080849643488        1.22941590460413
B            2.90527095342429        3.36487260668027       -0.13510464684368
B            2.84766361654147        1.71687517213485        0.32500807635308
B            4.40420264783453        4.11311507890747       -0.36125243992906
B            4.34656296982884        2.48662592554421        0.08022614794624
B            4.28741370653888        0.83635973916284        0.47776233843399
B            2.74058154811210       -1.58643644653763        0.95347171014924
B            2.67997302869237       -3.25017842680563        1.34084279101271
B            4.22908650850481       -0.78231525434689        0.90170351695351
B            4.17382545515478       -2.43514691485680        1.29032201866964
B            4.11099816844171       -4.05677272827878        1.75238257149046
B            5.81893492653371        3.33289092332959        0.23878428945948
B            5.77917725590438        1.61180755503698        0.21477202667330
B            5.64948220192181       -1.62270237030350        1.32092724872151
B            5.61308916948870       -3.34080085021993        1.31115682877557
H           -6.81778458998397        4.26548291133966       -0.10041692531113
H           -6.87009539931230        1.33833784891265       -0.71384025793522
H           -4.37739400061230        5.33807472175325       -1.36719708605388
H           -6.94717746953901       -0.99925707592548       -0.19457176630607
H           -7.06530966574275       -3.47686876700929        1.50022985894221
H           -4.72342579643201       -5.10678319383489        0.84222722210169
H           -1.45504681263711        5.50463043271119       -0.26758073606359
H           -1.79988109275798       -5.00910754577919        1.90036480425617
H            1.50635818418682        5.41958778059099       -0.32088569102180
H            1.17574911894114       -5.24560234893220        1.27344151946308
H            4.51168190415450        5.13020615878153       -0.94156178007429
H            4.10928641699483       -5.08496112872534        2.32193782233889
H            6.76510766193690        3.94783514954874        0.56131990125386
H            6.74578837920343        1.01325294558214       -0.06989885608102
H            6.59370356400457       -1.05881527831241        1.72363954416475
H            6.55031925137129       -4.00988167387717        1.08744273182240
60
 energy: -61.505841108568 gnorm: 0.013372080362 xtb: 6.7.1 (edcfbbe)
B           -5.87351421463458        3.60427736767478       -0.32642750651042
B           -5.91169882478459        1.88976128694337       -0.33105810727326
B           -4.37427553623545        4.31665313771860       -0.78851342476245
B           -4.43774041930346        2.70092855917328       -0.29921209687106
B           -4.49484230066920        1.05461580073676        0.11790394792275
B           -6.02418966458333       -1.43102974567140        0.38118837764735
B           -6.09323064369925       -3.00724432849263        1.04109059787888
B           -4.54945578282528       -0.58179561096843        0.46352228012670
B           -4.60345564739670       -2.25864177883854        0.73447657419065
B           -4.64893704277881       -3.93710261405738        0.92773194472697
B           -2.93732850884123        3.49977252808986       -0.42305511672503
B           -3.00286442933609        1.85444639165919        0.05206279445501
B           -1.46665132591639        4.32966999982155       -0.26378160489635
B           -1.51429124710946        2.65406448724764       -0.05640016016557
B           -1.56325293245380        0.96792606206832        0.15003603147172
B           -3.11109911740829       -1.44280284631186        0.70701855321152
B           -3.15912214643680       -3.13302757895280        0.96838897765257
B           -1.61801708941386       -0.67728536678188        0.49145489693358
B           -1.67844785035630       -2.31325612782551        0.94371898420564
B           -1.74022519663153       -3.92730548186371        1.44444575491956
B           -0.02558572714069        3.46950157448450       -0.08258865438733
B           -0.07094429831274        1.75500337719272        0.03712759789843
B            1.46408881006624        4.25272183974249       -0.17815565890046
B            1.41318693915511        2.58294088814430        0.06616866758916
B            1.35928295201922        0.91768548760700        0.37963126660763
B           -0.18390295572817       -1.52210921345366        0.79564810400947
B           -0.24083330843305       -3.18613726731326        1.17470605542314
B            1.30311757914145       -0.72100181412178        0.74785931143926
B            1.25083553240330       -2.39079963559437        1.04185930348266
B            1.20271988162355       -4.07137072095159        1.22504160958259
B            2.90522995590478        3.36324527368344       -0.14123939543872
B            2.84762284138291        1.71797870380141        0.33024075081929
B            4.40420119266380        4.11102511920186       -0.36891237695072
B            4.34646722262225        2.48546093374257        0.07612561641253
B            4.28735414391580        0.83660444550361        0.47908109458107
B            2.74070183569159       -1.58627616231627        0.95453340254485
B            2.67978596937628       -3.25011463407235        1.34042901631506
B            4.22901668525581       -0.78203464224913        0.90331021323332
B            4.17341662481267       -2.43414210465593        1.29428541229090
B            4.11064666493594       -4.05623988786208        1.75434541257758
B            5.81906145500445        3.33158487601113        0.23322765223836
B            5.77906585212001        1.61047985469834        0.21038805276281
B            5.64922578834367       -1.62196194295800        1.32311662564821
B            5.61273149020087       -3.33994502558035        1.31472579711817
H           -6.81165252993325        4.26810502498024       -0.08755447215322
H           -6.86598529085784        1.33881260010702       -0.72434340586892
H           -4.38026192416686        5.33011411967276       -1.38382428684901
H           -6.94434485256169       -1.00488167586130       -0.20142680235610
H           -7.06149138125058       -3.47537861739415        1.51013898505474
H           -4.72670410903922       -5.10521881009040        0.82093906301766
H           -1.45817338806774        5.50604972427057       -0.24753971850565
H           -1.79935911583002       -5.00340923532319        1.91504734493738
H            1.50662737409028        5.42195635269272       -0.30430083944183
H            1.17743598508937       -5.24695127167322        1.25343301946932
H            4.51642937801431        5.11903014649062       -0.96457377354805
H            4.11025635909752       -5.07509332640644        2.34077996376611
H            6.75901992300832        3.94726906496593        0.57249520880165
H            6.74140751850831        1.01353343476405       -0.09315086369843
H            6.58865733802857       -1.05960680161167        1.73921858756353
H            6.54688150965989       -4.00879926363738        1.07785438477481
60
 energy: -61.505908616215 gnorm: 0.006488058260 xtb: 6.7.1 (edcfbbe)
B           -5.87335204365618        3.60440062093947       -0.32562360769124
B           -5.91157668261785        1.88943342886343       -0.33270597571188
B           -4.37393350174882        4.31592717191521       -0.79187215137684
B           -4.43786082961251        2.70111509040027       -0.29937913412963
B           -4.49492102700495        1.05516988337936        0.11959485842426
B           -6.02415448259397       -1.43116213629244        0.38013594269632
B           -6.09312903247006       -3.00660419878366        1.04357205259362
B           -4.54953171583467       -0.58171967685422        0.46457529962990
B           -4.60373100396133       -2.25865311077567        0.73514569021339
B           -4.64878967915302       -3.93761110000845        0.92460181579042
B           -2.93769525306288        3.50025027474187       -0.42139148237646
B           -3.00270925713540        1.85483012873767        0.05320579449028
B           -1.46670502947362        4.33038729194582       -0.25969393705797
B           -1.51428891057185        2.65440924201002       -0.05495787111285
B           -1.56329451111999        0.96836082052672        0.15175759634214
B           -3.11094973708165       -1.44279739225396        0.70761679062738
B           -3.15948187537780       -3.13305462599606        0.96870822963055
B           -1.61816698424071       -0.67661944212617        0.49495325538869
B           -1.67846585174068       -2.31323946519554        0.94406118757200
B           -1.74019219662535       -3.92725062374659        1.44495358166302
B           -0.02554614106073        3.46977747384879       -0.08103226586732
B           -0.07084442718185        1.75501192972431        0.03647456036920
B            1.46411498908169        4.25332654093611       -0.17490491394563
B            1.41326889192536        2.58314968097983        0.06696654582891
B            1.35938929978061        0.91772335025024        0.37951970399862
B           -0.18386744505273       -1.52218451271487        0.79593863987785
B           -0.24074635265397       -3.18628916188425        1.17416767285723
B            1.30327921098616       -0.72142039842121        0.74646562323922
B            1.25107628411713       -2.39144392316883        1.03894705572205
B            1.20277539348445       -4.07141698862007        1.22503622922887
B            2.90576138367837        3.36272645236304       -0.14381241578104
B            2.84746791211101        1.71873995659211        0.33325766148487
B            4.40450088912665        4.10922597142487       -0.37627838414087
B            4.34682614394274        2.48514841769869        0.07411056643781
B            4.28732685123554        0.83781042202070        0.48385346225879
B            2.74061070239335       -1.58624280400393        0.95533955721774
B            2.68018769650788       -3.25001992800191        1.34153791032232
B            4.22916712968667       -0.78232801419263        0.90299097034872
B            4.17354585905270       -2.43354713546552        1.29810902372268
B            4.11058425562122       -4.05561438389025        1.75740434961176
B            5.81912028079087        3.33113811878842        0.23116047901204
B            5.77930082671204        1.60966743426675        0.20746004111795
B            5.64936294840448       -1.62149942811525        1.32481206998631
B            5.61260780857489       -3.33998691989865        1.31445544624553
H           -6.80737392848301        4.27059535540587       -0.07755428409846
H           -6.86238578117472        1.33795937407780       -0.73402839603539
H           -4.38101376666778        5.32317865156353       -1.39778438270883
H           -6.94262849332332       -1.00870393148734       -0.20787447480764
H           -7.05900517657189       -3.47426961595796        1.51816639979739
H           -4.72834232436849       -5.10416680629456        0.80287262999615
H           -1.46035511676110        5.50664907107525       -0.23045223463223
H           -1.79918812368829       -4.99872291987954        1.92623231798490
H            1.50734628662616        5.42393948806469       -0.28818422077897
H            1.17875491682160       -5.24748729432010        1.23759632155224
H            4.51904015097684        5.10923254493718       -0.98522943769861
H            4.11066231934859       -5.06740166118861        2.35616848823044
H            6.75410992197989        3.94871351118813        0.58011971742454
H            6.73661022832455        1.01234892993325       -0.11224247989776
H            6.58513202931260       -1.05960787042463        1.75032621671606
H            6.54489207146722       -4.00902622863662        1.07136926419744
60
 energy: -61.505926005188 gnorm: 0.002849364106 xtb: 6.7.1 (edcfbbe)
B           -5.87340693435930        3.60466471193696       -0.32431654548594
B           -5.91142940181471        1.88935517040799       -0.33312670671805
B           -4.37394977609945        4.31604606032834       -0.79109867067460
B           -4.43775236498495        2.70116698066930       -0.29903209739250
B           -4.49478917359281        1.05521171609570        0.11968472213940
B           -6.02399189321871       -1.43128919504662        0.37927366261596
B           -6.09312870772000       -3.00665687245835        1.04354891934819
B           -4.54940838927591       -0.58171593705294        0.46472186888302
B           -4.60352077833529       -2.25888561658893        0.73384983271835
B           -4.64866034439074       -3.93774418879744        0.92345022182614
B           -2.93778728255098        3.50044320347793       -0.42023078604874
B           -3.00259638522081        1.85482786688011        0.05323398033642
B           -1.46657146004036        4.33027066194409       -0.26004878943753
B           -1.51427056223623        2.65442761261396       -0.05457936994087
B           -1.56330751885141        0.96853834702664        0.15288341989342
B           -3.11085207854069       -1.44268608554289        0.70805061320846
B           -3.15943128911198       -3.13312074735155        0.96797864746295
B           -1.61821862213322       -0.67621570119023        0.49668425746955
B           -1.67851714957320       -2.31281499419245        0.94569327797796
B           -1.74014059677122       -3.92719331748940        1.44491459951354
B           -0.02535965845089        3.46926702327221       -0.08432885727295
B           -0.07080745383281        1.75484750214556        0.03591927959159
B            1.46407145614751        4.25334366447015       -0.17445502962389
B            1.41329820720154        2.58314201364803        0.06710767306538
B            1.35946791483852        0.91732257302973        0.37782431190050
B           -0.18391806350767       -1.52181723304779        0.79737603347993
B           -0.24077723351510       -3.18604738974488        1.17557003334315
B            1.30340738523510       -0.72183714253680        0.74413937687336
B            1.25122901524201       -2.39180909351150        1.03687739118917
B            1.20270381289549       -4.07119031561231        1.22609401098622
B            2.90580194180942        3.36280415965303       -0.14316801423378
B            2.84743121364211        1.71860623730050        0.33258458594355
B            4.40453980465595        4.10868607514647       -0.37812131025246
B            4.34676236574658        2.48499405482542        0.07344304539688
B            4.28724987015369        0.83794798575489        0.48423858468567
B            2.74057369594235       -1.58636418902972        0.95468925036693
B            2.68013164000631       -3.24949146625095        1.34356905778158
B            4.22907527125859       -0.78229092567491        0.90322698844668
B            4.17333252351352       -2.43300182504975        1.30034841909722
B            4.11050666539513       -4.05507927985462        1.75918675655328
B            5.81914677099097        3.33128967348664        0.23155603190165
B            5.77922226321116        1.60978715437785        0.20794856337170
B            5.64934303157336       -1.62159098173241        1.32427084196992
B            5.61266628308735       -3.34029915496196        1.31324915362968
H           -6.80721583363803        4.27066951551467       -0.07610672200465
H           -6.86163548897755        1.33777606273957       -0.73595036100240
H           -4.38087832166358        5.32142765223431       -1.40001385485343
H           -6.94269427040598       -1.00908836045331       -0.20859031627497
H           -7.05900784896366       -3.47395221069980        1.51867339873647
H           -4.72852130403145       -5.10371696722866        0.79894777184048
H           -1.46062723458987        5.50633306357355       -0.22599822831401
H           -1.79995697221689       -4.99740709384635        1.92889280432825
H            1.50796043724152        5.42449507275942       -0.28127014785648
H            1.17927955249449       -5.24729983487242        1.23292968507809
H            4.51956767193511        5.10634719864149       -0.99056152238125
H            4.11131084755653       -5.06563653296010        2.35980356117553
H            6.75293616477927        3.95037516865458        0.57998862481600
H            6.73474092641127        1.01182627485779       -0.11556127381886
H            6.58502288743459       -1.05991500268217        1.75065860767018
H            6.54494677221602       -4.00982787200573        1.07221570697494
60
 energy: -61.505937166043 gnorm: 0.002188139100 xtb: 6.7.1 (edcfbbe)
B           -5.87337660657574        3.60477160560947       -0.32349263258612
B           -5.91141365802453        1.88934426477351       -0.33332253614277
B           -4.37409406062439        4.31634815514757       -0.78978188568126
B           -4.43773914759274        2.70109369375239       -0.29944052565672
B           -4.49474550660470        1.05496968304393        0.11849989983993
B           -6.02395916687091       -1.43136675967768        0.37889073325581
B           -6.09302530999527       -3.00687740264204        1.04257022318707
B           -4.54940393810912       -0.58180026157346        0.46435768723262
B           -4.60339759585696       -2.25930739231739        0.73187393663609
B           -4.64858548019062       -3.93787739389655        0.92271361586556
B           -2.93779783770947        3.50050327809038       -0.41994590117802
B           -3.00261871406867        1.85479079852076        0.05303266510945
B           -1.46651192133948        4.33021849308513       -0.26065952186288
B           -1.51432465480020        2.65461933446079       -0.05354838004784
B           -1.56337977154839        0.96881047463565        0.15432875548185
B           -3.11092309829554       -1.44247422362432        0.70902555288175
B           -3.15934486960025       -3.13328217167578        0.96707942504906
B           -1.61831251580124       -0.67582055007447        0.49854942993257
B           -1.67863703608968       -2.31219856911387        0.94842846705454
B           -1.74017150440057       -3.92711159679658        1.44530852988091
B           -0.02519068807609        3.46879223834481       -0.08759931669504
B           -0.07078344539604        1.75470310407274        0.03530464909046
B            1.46403497164547        4.25358314818853       -0.17327644808078
B            1.41327673840202        2.58333634925660        0.06806157230685
B            1.35955866734100        0.91696537376059        0.37618310083298
B           -0.18399090156920       -1.52142849163026        0.79908997885356
B           -0.24084151759530       -3.18567994392428        1.17760142494130
B            1.30352446672084       -0.72216460771741        0.74235071230806
B            1.25140737688087       -2.39242450024157        1.03381557932079
B            1.20267784133963       -4.07109457277659        1.22682786848101
B            2.90580439910888        3.36290265152564       -0.14279504020346
B            2.84755424310155        1.71822654871576        0.33068783677066
B            4.40459676174723        4.10837621650885       -0.37936006554169
B            4.34683010747833        2.48463336767418        0.07162466846749
B            4.28731105568831        0.83772099752510        0.48311711391521
B            2.74066029263449       -1.58656943936135        0.95368911137299
B            2.67999418818939       -3.24892311012107        1.34604704192369
B            4.22911062616439       -0.78234016485779        0.90293991658863
B            4.17318948572164       -2.43238864099999        1.30304094098310
B            4.11045184448994       -4.05463897594449        1.76072196975141
B            5.81912029099419        3.33117937847050        0.23103950325981
B            5.77925669276320        1.60988013743727        0.20811606245947
B            5.64944737138284       -1.62178318614981        1.32327708264451
B            5.61257048162476       -3.34029309475374        1.31326071362595
H           -6.80802410177514        4.26983356459227       -0.07649838657815
H           -6.86175980263648        1.33822074628662       -0.73629393489978
H           -4.38085844958350        5.32070222072713       -1.40007818069031
H           -6.94309477267882       -1.00878874449421       -0.20795914679610
H           -7.05949150614601       -3.47402383868912        1.51692144115751
H           -4.72837665549103       -5.10340443919568        0.79696721477458
H           -1.46055996088515        5.50595002791443       -0.22286031570921
H           -1.80101485517084       -4.99648991427772        1.93075498220786
H            1.50837611515328        5.42518985051240       -0.27291980995023
H            1.17972918396824       -5.24707791012485        1.22801847135240
H            4.52013099993397        5.10433366290565       -0.99387774593014
H            4.11224115041953       -5.06446913725113        2.36224592793864
H            6.75259717598895        3.95169465786344        0.57728494174220
H            6.73387596196962        1.01171691979414       -0.11650331177741
H            6.58566952849634       -1.06045356440917        1.74905138568944
H            6.54534703175322       -4.01060341488388        1.07625192184017
60
 energy: -61.505943535259 gnorm: 0.001104845761 xtb: 6.7.1 (edcfbbe)
B           -5.87341617873593        3.60483079821763       -0.32331469646389
B           -5.91141220754467        1.88927250310206       -0.33363095392868
B           -4.37415785794687        4.31643367584388       -0.78940367100702
B           -4.43772202874127        2.70089868346334       -0.30030612501414
B           -4.49475374877533        1.05483725941009        0.11791130130494
B           -6.02397923202075       -1.43135594991221        0.37898100316033
B           -6.09305063944261       -3.00705821625540        1.04194097242380
B           -4.54944730253302       -0.58171584835941        0.46469798401032
B           -4.60333829712378       -2.25960693502742        0.73039999000078
B           -4.64853768500377       -3.93798481744418        0.92224027703100
B           -2.93775314072210        3.50042557255864       -0.42041073294284
B           -3.00262273702607        1.85470156375090        0.05264414938752
B           -1.46649928797197        4.33015018070834       -0.26114411407702
B           -1.51439687076076        2.65487211667049       -0.05226043088296
B           -1.56342433752353        0.96895214573355        0.15494843479963
B           -3.11098912636196       -1.44225307077576        0.70997825847638
B           -3.15931088254474       -3.13334545369831        0.96685104618035
B           -1.61838182259290       -0.67559709610789        0.49974372191440
B           -1.67876111152097       -2.31162510223560        0.95103603728609
B           -1.74021036225419       -3.92699556615431        1.44578380360933
B           -0.02513506864870        3.46856270947039       -0.08887754593343
B           -0.07076245605187        1.75453859378268        0.03446612887270
B            1.46396782810580        4.25392751005926       -0.17128613541169
B            1.41318112269528        2.58369407566597        0.06983515373457
B            1.35959720944021        0.91676177076100        0.37510204465990
B           -0.18405584091419       -1.52118361584863        0.80025894213015
B           -0.24089753960035       -3.18536595324441        1.17896836724605
B            1.30352261261365       -0.72219414117666        0.74222683875214
B            1.25154065593007       -2.39309689243527        1.03051379803233
B            1.20265949986056       -4.07105202426199        1.22706251170278
B            2.90577440953499        3.36284656971158       -0.14325436207732
B            2.84764550778557        1.71780637992951        0.32869202812462
B            4.40457871377098        4.10820177706285       -0.38023172825558
B            4.34688480939072        2.48416569803109        0.06947997022255
B            4.28735223543605        0.83744480785154        0.48193451793363
B            2.74068484142939       -1.58664707639191        0.95321229629766
B            2.67987584064987       -3.24863185786834        1.34745630257369
B            4.22919004511585       -0.78263044348703        0.90148116617181
B            4.17308081221274       -2.43193123640636        1.30495818070741
B            4.11038289396061       -4.05438656887756        1.76167925486291
B            5.81922665848055        3.33093090962717        0.22967291513668
B            5.77926810548209        1.60970721670512        0.20733460220815
B            5.64951542305003       -1.62184951330571        1.32262637322818
B            5.61254654619109       -3.34013207644846        1.31437874694452
H           -6.80910931051215        4.26893856131311       -0.07774711204402
H           -6.86241176378631        1.33897035053115       -0.73607648790710
H           -4.38093597965692        5.32069657363044       -1.39973512658348
H           -6.94341616326020       -1.00831110486406       -0.20710941335682
H           -7.06008699173805       -3.47473760073111        1.51450971205921
H           -4.72809005786709       -5.10342274103674        0.79581279834635
H           -1.46055631498754        5.50571128469673       -0.22091407037061
H           -1.80151015781932       -4.99584709043507        1.93228091611391
H            1.50838975572624        5.42603683313990       -0.26399873979386
H            1.17997241957738       -5.24696934200223        1.22276065877251
H            4.52055246581581        5.10324993881105       -0.99585973167385
H            4.11272030401550       -5.06349690862769        2.36442275058010
H            6.75336799090639        3.95179395739905        0.57348106354030
H            6.73416112845159        1.01187592906775       -0.11659897476176
H            6.58612732003892       -1.06053916573542        1.74766988418450
H            6.54596134632200       -4.01101760755119        1.08146421976186
60
 energy: -61.505947123854 gnorm: 0.001024826329 xtb: 6.7.1 (edcfbbe)
B           -5.87339399078616        3.60467589256154       -0.32425727566934
B           -5.91146411224257        1.88918835415329       -0.33374272313277
B           -4.37416233007157        4.31639177252571       -0.78971816455403
B           -4.43770633758003        2.70064159342375       -0.30140304829049
B           -4.49480337311414        1.05486827748465        0.11807014347992
B           -6.02408696983445       -1.43118893604861        0.37982503761194
B           -6.09305683893376       -3.00715298696105        1.04153985810488
B           -4.54952025626092       -0.58152992014712        0.46558298717147
B           -4.60332685239034       -2.25976024580967        0.72959449680567
B           -4.64855986048587       -3.93798809628157        0.92252756863287
B           -2.93769405367129        3.50020734770536       -0.42147409132877
B           -3.00264317229807        1.85455972614140        0.05190792750310
B           -1.46653042200612        4.33008878291312       -0.26155581961406
B           -1.51450545351247        2.65517637751431       -0.05073359076354
B           -1.56342932440890        0.96884793041949        0.15433673358607
B           -3.11108366625631       -1.44205140352952        0.71091930604161
B           -3.15935280649741       -3.13322640336266        0.96755484783968
B           -1.61843366648571       -0.67557744293020        0.50004032750567
B           -1.67891417806025       -2.31108505676221        0.95355502957658
B           -1.74024623956206       -3.92692373684435        1.44616940003229
B           -0.02517905141295        3.46860556439073       -0.08842299680250
B           -0.07074482965079        1.75433612096456        0.03342936710112
B            1.46386815788768        4.25443908769227       -0.16824689782058
B            1.41303014677073        2.58434731084772        0.07306990138954
B            1.35958899966982        0.91670196997296        0.37468225834295
B           -0.18411303402487       -1.52107062594900        0.80086425545200
B           -0.24092048209272       -3.18529204184485        1.17919315339117
B            1.30344816741340       -0.72202755291106        0.74321167075699
B            1.25172650417225       -2.39400879432454        1.02608886631720
B            1.20268435177622       -4.07118567295146        1.22640087304966
B            2.90571868926643        3.36265235018182       -0.14431042130582
B            2.84774460415926        1.71737297039798        0.32657663543347
B            4.40451871199451        4.10803313338309       -0.38134128890067
B            4.34692934791252        2.48359442373925        0.06699918555668
B            4.28740777997024        0.83704856477262        0.48017894602560
B            2.74066314608068       -1.58653156466965        0.95377944938362
B            2.67980469818319       -3.24860382222242        1.34769868094450
B            4.22922814971171       -0.78283349938919        0.90052093310181
B            4.17296798008454       -2.43151001971742        1.30664287046082
B            4.11028998403676       -4.05420921209105        1.76251217588505
B            5.81933708271704        3.33046339877219        0.22722294363696
B            5.77928159109438        1.60928895825435        0.20568743269445
B            5.64953375389785       -1.62175228246972        1.32254214914633
B            5.61244478118681       -3.33975687526654        1.31645578804565
H           -6.81007420862963        4.26826915722600       -0.08035153848550
H           -6.86318774417138        1.33949486595361       -0.73531189351569
H           -4.38087579732164        5.32128603149255       -1.39915229238786
H           -6.94354369031101       -1.00774895646714       -0.20605183326792
H           -7.06073016508706       -3.47619232737028        1.51132113260117
H           -4.72787597127043       -5.10361167192217        0.79569539171124
H           -1.46086560245295        5.50564519223041       -0.22020451609364
H           -1.80130692362234       -4.99534694536168        1.93375128689293
H            1.50829837129931        5.42716581178884       -0.25282741842490
H            1.18010956002194       -5.24705166566912        1.21622737582944
H            4.52042666867232        5.10310812212453       -0.99709546138248
H            4.11235631933460       -5.06273834071609        2.36644605470403
H            6.75532627534669        3.95052371201870        0.56803140219359
H            6.73524615018364        1.01185454462675       -0.11626199200255
H            6.58613843358637       -1.05978893625963        1.74676264182170
H            6.54680899807533       -4.01087737942364        1.08758574798167
60
 energy: -61.505948099519 gnorm: 0.000607609355 xtb: 6.7.1 (edcfbbe)
B           -5.87340569068135        3.60457581356121       -0.32486094774191
B           -5.91147985091714        1.88919151210024       -0.33362308311456
B           -4.37411320750411        4.31626506022378       -0.79020329141737
B           -4.43772936609331        2.70067666741680       -0.30126615942299
B           -4.49482850478299        1.05495685555915        0.11847229786029
B           -6.02410492574879       -1.43113657775319        0.38009929679960
B           -6.09310844635239       -3.00703356723623        1.04208333373209
B           -4.54953874821373       -0.58149392457572        0.46580625453601
B           -4.60339303796089       -2.25962686966590        0.73033535628071
B           -4.64860889566806       -3.93785987641925        0.92317742678918
B           -2.93770367097713        3.50014556727098       -0.42167009698698
B           -3.00262299758266        1.85451505613760        0.05167829486886
B           -1.46653887886085        4.33006061188565       -0.26164005603728
B           -1.51448783138974        2.65508603174695       -0.05113744987014
B           -1.56339104236934        0.96866598072023        0.15349422973373
B           -3.11105603548860       -1.44213760703657        0.71054219387467
B           -3.15940354293844       -3.13312426677341        0.96807050029350
B           -1.61839104443475       -0.67576560815926        0.49914454003945
B           -1.67888060177126       -2.31121357270482        0.95295149620866
B           -1.74022830704504       -3.92696940662360        1.44598983771039
B           -0.02521809586960        3.46867834655644       -0.08792869052940
B           -0.07074774647194        1.75432081069002        0.03336861921732
B            1.46385329685716        4.25441343687005       -0.16831428581876
B            1.41299323521381        2.58441055855225        0.07347576938563
B            1.35955397732254        0.91678333382494        0.37511494520853
B           -0.18410570126073       -1.52115631795348        0.80049202330099
B           -0.24089767155932       -3.18543869754517        1.17849520439930
B            1.30339317922209       -0.72187855824887        0.74394936820132
B            1.25170205602650       -2.39396882345970        1.02620543394150
B            1.20269144354694       -4.07126463428472        1.22585897729951
B            2.90571815826625        3.36260707967772       -0.14445783785775
B            2.84769179542265        1.71746051182677        0.32699857402385
B            4.40447253619993        4.10807646477213       -0.38107169906853
B            4.34690529788164        2.48375692379791        0.06774883198796
B            4.28736561922298        0.83716178199418        0.48069526017418
B            2.74059178253984       -1.58638654046210        0.95450774410039
B            2.67984368398412       -3.24876069386003        1.34696273089292
B            4.22918708657479       -0.78275285925663        0.90093145687744
B            4.17301103015276       -2.43169987840608        1.30587934196555
B            4.11028132813175       -4.05432697477396        1.76203157559661
B            5.81935835282285        3.33041018693834        0.22688312421665
B            5.77925841479924        1.60923075504619        0.20556736756101
B            5.64946260995421       -1.62162595571671        1.32316922061705
B            5.61246146676819       -3.33972193641662        1.31660463039930
H           -6.80967481921198        4.26873871553999       -0.08091830996416
H           -6.86293805381707        1.33886433397161       -0.73503530856740
H           -4.38068355891811        5.32163605590084       -1.39899271218451
H           -6.94336311032883       -1.00789664135912       -0.20623265634929
H           -7.06071816819794       -3.47624012622196        1.51176837888188
H           -4.72797720841655       -5.10359926107650        0.79686445717920
H           -1.46098541576251        5.50573923477413       -0.22166068592878
H           -1.80094715076104       -4.99548488327537        1.93347869900114
H            1.50837985995641        5.42714217683189       -0.25268429928958
H            1.18015172045652       -5.24716113169830        1.21618813417596
H            4.51984059611163        5.10392038128719       -0.99599092487482
H            4.11181403403166       -5.06313758217475        2.36555819020401
H            6.75576111927615        3.94994623659653        0.56754922908565
H            6.73540783100607        1.01166137861178       -0.11607024526089
H            6.58588695451500       -1.05955398407199        1.74758987455566
H            6.54682886109257       -4.01042617347353        1.08671548910747
