60
 energy: -61.502024070719 gnorm: 0.125288605734 xtb: 6.7.1 (edcfbbe)
B           -6.27166972000000        2.37366039000000        2.30746403000000
B           -6.07097826000000        0.82397748000000        1.61365918000000
B           -4.93504804000000        3.43789329000000        2.23566964000000
B           -4.72604736000000        1.78613405000000        1.94421611000000
B           -4.51319999000000        0.14104023000000        1.59010815000000
B           -5.65153898000000       -2.44567434000000        0.81628934000000
B           -5.43422273000000       -4.14426299000000        0.74174749000000
B           -4.30573435000000       -1.47562090000000        1.18979840000000
B           -4.09889487000000       -3.09958473000000        0.74652759000000
B           -3.89223459000000       -4.69410048000000        0.22550802000000
B           -3.37110168000000        2.78827239000000        2.17350819000000
B           -3.16151358000000        1.13912017000000        1.80320899000000
B           -2.01894051000000        3.72945027000000        2.56287591000000
B           -1.81507032000000        2.13619988000000        2.03890062000000
B           -1.61018338000000        0.54288359000000        1.48223230000000
B           -2.74438932000000       -2.11125563000000        1.02384284000000
B           -2.53424699000000       -3.73261208000000        0.54053891000000
B           -1.40205061000000       -1.07886081000000        1.07995982000000
B           -1.18842043000000       -2.74503574000000        0.82381380000000
B           -0.97683822000000       -4.39691023000000        0.53929794000000
B           -0.46687533000000        3.15293759000000        2.20117261000000
B           -0.25756798000000        1.52159590000000        1.76584489000000
B            0.87640821000000        4.18390260000000        2.23593167000000
B            1.08997449000000        2.52663859000000        1.97099436000000
B            1.30004271000000        0.88715162000000        1.59858840000000
B            0.15731704000000       -1.71100909000000        0.90655678000000
B            0.37273226000000       -3.38888365000000        0.67098365000000
B            1.50755470000000       -0.72962195000000        1.17988997000000
B            1.71834567000000       -2.36946146000000        0.81187947000000
B            1.92772171000000       -4.00374699000000        0.44312515000000
B            2.43680470000000        3.52676171000000        2.20089226000000
B            2.64730501000000        1.90079166000000        1.73960553000000
B            3.79370138000000        4.47406192000000        2.56397315000000
B            3.99987752000000        2.88643336000000        2.02131127000000
B            4.20507032000000        1.26977054000000        1.54916648000000
B            3.06729856000000       -1.36853320000000        1.03599886000000
B            3.27276677000000       -2.98596034000000        0.53585349000000
B            4.41089259000000       -0.33633468000000        1.10664367000000
B            4.62223877000000       -1.96863394000000        0.70064030000000
B            4.82598864000000       -3.57141846000000        0.21067266000000
B            5.33612379000000        3.93454153000000        2.02778126000000
B            5.55454403000000        2.24974582000000        1.87707142000000
B            5.96107582000000       -0.94252952000000        0.76837344000000
B            6.18219910000000       -2.64697134000000        0.71417111000000
H           -7.28046525000000        2.72561095000000        2.78554394000000
H           -6.96266231000000        0.33158053000000        1.04403537000000
H           -5.12104652000000        4.59547386000000        2.18414144000000
H           -6.67107927000000       -1.98734704000000        0.47947560000000
H           -6.28812576000000       -4.90193798000000        1.00229469000000
H           -3.81552851000000       -5.67563641000000       -0.41180910000000
H           -2.16149398000000        4.77716983000000        3.07080411000000
H           -0.83798111000000       -5.55966404000000        0.47903009000000
H            0.72864319000000        5.34458589000000        2.32750049000000
H            2.07687824000000       -5.13696958000000        0.17768050000000
H            3.71722742000000        5.44837567000000        3.21517958000000
H            4.99592548000000       -4.53580333000000       -0.43606678000000
H            6.17913329000000        4.71398106000000        1.79251784000000
H            6.59866015000000        1.77195074000000        2.08670744000000
H            6.82870354000000       -0.24695435000000        0.40697999000000
H            7.20867166000000       -3.15290599000000        0.95873515000000
60
 energy: -61.505122019416 gnorm: 0.039887032857 xtb: 6.7.1 (edcfbbe)
B           -6.26839657770572        2.36823021880772        2.32755294510838
B           -6.06956651564585        0.83138997695215        1.59822409408805
B           -4.93538283097503        3.44099867689732        2.21311690988470
B           -4.72710211794393        1.78799630364436        1.93757973402844
B           -4.51255333435145        0.13619961225436        1.60174120149995
B           -5.64966254439768       -2.44365034755817        0.79680174939486
B           -5.43147905168272       -4.14706814807938        0.76102153053097
B           -4.30585280873396       -1.47603227495158        1.20131486352659
B           -4.10009470467617       -3.09732859759133        0.73739766474987
B           -3.89427186760962       -4.68514381323770        0.20168111639830
B           -3.37085984095257        2.79456468289844        2.16318218701610
B           -3.16026171215680        1.13688657952298        1.80198498035230
B           -2.01757687135616        3.72382111568503        2.57866005404960
B           -1.81499354477276        2.13673532662443        2.03629205673616
B           -1.61003099490094        0.54173079249209        1.48081056375691
B           -2.74392474253596       -2.10928597150048        1.02800304576176
B           -2.53370600525437       -3.73284714167813        0.52804239466037
B           -1.40213315102381       -1.07928609433035        1.08742236789216
B           -1.18828478650881       -2.74565005131176        0.82727274405673
B           -0.97682092079292       -4.39898038451031        0.55494922073405
B           -0.46716717790806        3.15685212818482        2.19851621858563
B           -0.25726839222249        1.52032029739425        1.75982099255547
B            0.87603777489100        4.18778492193884        2.21208731339784
B            1.09028924318415        2.52884552188333        1.96090739993703
B            1.30081340563822        0.88304778271021        1.60809158362026
B            0.15674888165988       -1.70778082937636        0.90389135564129
B            0.37330165862498       -3.39466694119205        0.68316513472891
B            1.50803185952583       -0.73168386153729        1.19440804895702
B            1.71847248439079       -2.36887239112208        0.80890437984180
B            1.92751381231675       -4.00422735542810        0.44798570989124
B            2.43625315267667        3.53029856939609        2.19957774361412
B            2.64721676402108        1.89699546573827        1.74242859191614
B            3.79558125453179        4.46593138819686        2.58376906541907
B            4.00181881736256        2.88390614849699        2.03087403085614
B            4.20598766732667        1.26420185603243        1.56042242300469
B            3.06634306924672       -1.36582609935651        1.03426334708210
B            3.27214165273160       -2.98475983387682        0.51631376855378
B            4.41087212644815       -0.33392793261922        1.10533567982589
B            4.62225959142532       -1.96354226052754        0.67920329489533
B            4.82539450305281       -3.56243800587000        0.18473586739167
B            5.33314338924349        3.93815114225713        2.00688322133037
B            5.55345543939398        2.24583757922944        1.90174921655559
B            5.95781597293256       -0.93822500623692        0.73505187301677
B            6.18014643612782       -2.65006998623970        0.73050976582130
H           -7.27762852637056        2.72127514899872        2.81167624218654
H           -6.96713659373828        0.33313054025744        1.03830675574714
H           -5.12566086233567        4.59998593020506        2.17190722340676
H           -6.67716473106828       -1.98826971415979        0.47259034294356
H           -6.28792799858303       -4.90756642295413        1.01815385603136
H           -3.81964710235985       -5.67705089077904       -0.42359552367422
H           -2.16067317075115        4.77343183277438        3.08765139340944
H           -0.83887195331090       -5.56469291099397        0.49660030429626
H            0.72768965906514        5.34954450408952        2.31282727930673
H            2.07713826877291       -5.14139304775898        0.18916164315166
H            3.71956009944919        5.44747862423800        3.22630619277578
H            5.00144561343922       -4.53792285891018       -0.44732600287609
H            6.17804863529638        4.71893051573317        1.77238592361599
H            6.59937320415746        1.77231082605624        2.12769551569049
H            6.83585297128928       -0.24212781732519        0.39307973208881
H            7.20803083440308       -3.15904517857705        0.97967114123403
60
 energy: -61.505514069607 gnorm: 0.026161892528 xtb: 6.7.1 (edcfbbe)
B           -6.26903135022822        2.36827931610632        2.33045026042509
B           -6.07000496803840        0.83124542488829        1.60146412935184
B           -4.93578772440810        3.44265460662399        2.20746944871275
B           -4.72672543333189        1.78865215102706        1.93463327164295
B           -4.51280179629447        0.13710099798357        1.59719393615500
B           -5.65002147538081       -2.44430020303761        0.79811557368362
B           -5.43245016272505       -4.14743637865207        0.75934196892956
B           -4.30619771642219       -1.47480941895244        1.19771009890898
B           -4.10000539924955       -3.09602537393764        0.73325224088579
B           -3.89483679451049       -4.68365273111122        0.19515122277038
B           -3.37021583599611        2.79736535141193        2.15401898655417
B           -3.16067610721297        1.13676611880962        1.80210578937271
B           -2.01746813523793        3.72296769473595        2.58238147653793
B           -1.81499135009835        2.13812646693798        2.03200784168569
B           -1.60991530868623        0.54134185194109        1.48240320753455
B           -2.74435532852185       -2.10999189949768        1.03128454109351
B           -2.53312138114553       -3.73103315835298        0.51985589496986
B           -1.40207643324864       -1.07986965914947        1.08942583584895
B           -1.18821990198263       -2.74608638665109        0.82807766689434
B           -0.97693785770437       -4.40109170667380        0.56405869134281
B           -0.46702661592780        3.15798922528118        2.19514724255649
B           -0.25714027152681        1.52114138119920        1.75598682593343
B            0.87631101834494        4.19015901795819        2.20195516648670
B            1.09037329676604        2.53002068924381        1.95655005257729
B            1.30114483873058        0.88232310758525        1.61086075905672
B            0.15674806510807       -1.70705924928165        0.90100397238084
B            0.37364492784028       -3.39665758638875        0.69096641538549
B            1.50836778889170       -0.73256475039194        1.19743630893848
B            1.71845071871477       -2.36818331844944        0.80452262710047
B            1.92800135863181       -4.00523571397209        0.45101414296747
B            2.43582782368512        3.53051918604110        2.19911176523098
B            2.64816891059395        1.89612447392670        1.74523078828959
B            3.79620945575337        4.46589048500024        2.58462392789728
B            4.00193552032631        2.88215934655326        2.03561442359855
B            4.20694439159306        1.26175242606932        1.56842556096159
B            3.06701840202577       -1.36574349041949        1.03358270814833
B            3.27078408062274       -2.98104762886427        0.49922896031359
B            4.41109728667080       -0.33266938774872        1.10082199297138
B            4.62145288725533       -1.96013291128817        0.66552606241469
B            4.82525455804961       -3.55972333718667        0.17284265162147
B            5.33458036526501        3.93852431787762        2.00701778441503
B            5.55406717323802        2.24318533865650        1.91296026454856
B            5.95796546169974       -0.93694952025612        0.72903366077659
B            6.18119304315167       -2.64923881640117        0.72262530468155
H           -7.27157817895731        2.71786204600556        2.83008138173674
H           -6.96783807719006        0.33393874076493        1.04103018397092
H           -5.13060094169100        4.60065167183946        2.16140370102151
H           -6.67777183678451       -1.99020517292696        0.47250571009257
H           -6.28445658667265       -4.90947945143563        1.02373713626675
H           -3.82482713716549       -5.67478301049978       -0.43207373230670
H           -2.16042844963196        4.76790560158561        3.10215497618709
H           -0.84085815048925       -5.56839591528492        0.51817078245981
H            0.72778052941350        5.35281707954707        2.29612825952328
H            2.07913486632301       -5.14585220345599        0.20504474572283
H            3.72354430252988        5.44433927196645        3.23165473351256
H            5.00630904354511       -4.53490310805470       -0.45860275390960
H            6.17605214364667        4.71826584082461        1.76192402043636
H            6.59535410547420        1.77158544688474        2.16922539076187
H            6.83578591939162       -0.24073005547013        0.38609941617156
H            7.20354123317795       -3.16035129148410        0.98806406579940
60
 energy: -61.505728103541 gnorm: 0.014145772390 xtb: 6.7.1 (edcfbbe)
B           -6.26823329346001        2.36777143035364        2.33245276424313
B           -6.06970788441755        0.83018379968357        1.60590933821082
B           -4.93543078952557        3.44348792187311        2.20327587306635
B           -4.72627343300700        1.78883989433308        1.93346804518448
B           -4.51261024213020        0.13796015970625        1.59394098071447
B           -5.64980980594726       -2.44464869996098        0.80066121975502
B           -5.43211332346665       -4.14654723189011        0.75636170671436
B           -4.30599591666896       -1.47423846797926        1.19552696477641
B           -4.09972585136232       -3.09517325676674        0.73068156125184
B           -3.89454560546320       -4.68233165100624        0.19084031169787
B           -3.36979540994382        2.79901954685859        2.14662703046175
B           -3.16056547479244        1.13685470771322        1.80203214582264
B           -2.01724542953940        3.72272741460459        2.58227369035087
B           -1.81483392632908        2.13939326051266        2.02697152497755
B           -1.60963725967293        0.54085456170181        1.48474244175388
B           -2.74422207702638       -2.11044858182400        1.03295076055779
B           -2.53279599579727       -3.72949964013142        0.51483933439374
B           -1.40187794935342       -1.08000872885339        1.08936721657108
B           -1.18804512001992       -2.74580988324564        0.82701253929316
B           -0.97676132448664       -4.40221781582551        0.57082499474942
B           -0.46678684853158        3.15836422303272        2.19183040574480
B           -0.25701730269576        1.52204812532702        1.75238712094621
B            0.87656471911143        4.19104668743721        2.19657176139232
B            1.09035974711883        2.53074679478512        1.95282045326608
B            1.30120163598497        0.88281762953534        1.60900557707727
B            0.15674881336188       -1.70599986359654        0.89594371313549
B            0.37386300874329       -3.39699666739310        0.69456271334265
B            1.50844834511198       -0.73234778174057        1.19543367172696
B            1.71825381884552       -2.36696109814047        0.79905381103973
B            1.92834138679237       -4.00578452542227        0.45415459472841
B            2.43577744342379        3.53017591390576        2.19885775584002
B            2.64858496539353        1.89549761941139        1.74736873152145
B            3.79606256047282        4.46644780037681        2.58166230225074
B            4.00194784494014        2.88089220987905        2.03898094706454
B            4.20723583150259        1.26062132527740        1.57235743302428
B            3.06722417273668       -1.36582753010003        1.03290212026163
B            3.26981125467066       -2.97737103525115        0.48493781252560
B            4.41122409053714       -0.33307367067875        1.10175407185748
B            4.62074080355380       -1.95752640377857        0.65528082386155
B            4.82441528063465       -3.55678804940467        0.16158564748309
B            5.33492100891207        3.93728153000318        2.00925768250512
B            5.55414890561315        2.24013586098965        1.92309630185743
B            5.95784632094472       -0.93603509181949        0.72713128984382
B            6.18070589644542       -2.64730394112849        0.71291164185786
H           -7.26352164932313        2.71449705026987        2.85027609879352
H           -6.96765312412564        0.33452985850851        1.04360459917450
H           -5.13475944903106        4.60069892961420        2.14838678792225
H           -6.67690579457178       -1.99076797786902        0.47147431590490
H           -6.27944249842551       -4.91169413345919        1.02869807235155
H           -3.82887453065832       -5.67052093990628       -0.44220830620049
H           -2.15985947031712        4.76097276829150        3.11710447265190
H           -0.84302656232066       -5.57144285759505        0.54395052615674
H            0.72833516284062        5.35538631723773        2.27710427130792
H            2.08157163271427       -5.15093957419910        0.22632938518018
H            3.72733727568745        5.44052307459393        3.23588748809628
H            5.00895943017968       -4.52904576643247       -0.47413666874532
H            6.17388608045571        4.71634436376946        1.75274778102212
H            6.58822910693242        1.76935421911458        2.21748478694276
H            6.83240121533732       -0.23833937291016        0.37746349849352
H            7.19760239341165       -3.16233292039241        0.99426353224654
60
 energy: -61.505815144451 gnorm: 0.006580417884 xtb: 6.7.1 (edcfbbe)
B           -6.26764894585785        2.36672247798826        2.33634353799468
B           -6.06964744077586        0.82964988925828        1.60771333583708
B           -4.93540802065447        3.44421808731803        2.19961880072787
B           -4.72640031828470        1.78870424049892        1.93461904651496
B           -4.51248533184264        0.13763706685029        1.59581358258564
B           -5.64981434550325       -2.44451030954948        0.80030401048774
B           -5.43176990365575       -4.14649047860914        0.75624412330987
B           -4.30583324724537       -1.47486807721265        1.19712306014821
B           -4.09982495166973       -3.09525398632830        0.72986966446502
B           -3.89443230110449       -4.68159227862863        0.18759356741768
B           -3.37011616278683        2.79969093132117        2.14368283315984
B           -3.16026110660779        1.13696731206469        1.80212674014715
B           -2.01710330137932        3.72319184044478        2.58047309351071
B           -1.81479853622597        2.14020983927155        2.02370908497875
B           -1.60950374321492        0.54050977249074        1.48628884508797
B           -2.74391517939089       -2.11043377680819        1.03202813294875
B           -2.53305399846276       -3.72962296977873        0.51465276820053
B           -1.40177582757187       -1.07990562918956        1.08846811917154
B           -1.18794258197570       -2.74557228845200        0.82558239354858
B           -0.97643211969177       -4.40274007928737        0.57345750254172
B           -0.46664722614574        3.15883255613320        2.18976370954208
B           -0.25694313672070        1.52274310983579        1.74991312099682
B            0.87674868604031        4.19143596301739        2.19479013778149
B            1.09045507069690        2.53170384502119        1.94884250135504
B            1.30123232957578        0.88414627641097        1.60368808242714
B            0.15674245876045       -1.70502153867199        0.89084017646383
B            0.37399913985670       -3.39655984015611        0.69264088209396
B            1.50850053274839       -0.73139803183175        1.19076942091858
B            1.71833360965404       -2.36632664499610        0.79578179089852
B            1.92871477709111       -4.00657121354320        0.45747393883701
B            2.43638682604839        3.53003041606209        2.19966391681949
B            2.64866988490904        1.89543405673755        1.74775489504433
B            3.79618696300437        4.46681959439467        2.58043182308461
B            4.00244688978433        2.88014419975039        2.04268987874472
B            4.20748940482869        1.26041855984106        1.57368117015279
B            3.06723776958014       -1.36576114933022        1.03138464358910
B            3.27007703807918       -2.97598270421244        0.47923698942928
B            4.41175614238554       -0.33455857727947        1.10669515477447
B            4.62093001798699       -1.95654209123773        0.65062256098652
B            4.82403229752185       -3.55423757391442        0.15163361252280
B            5.33523252863416        3.93661162612105        2.01023205239915
B            5.55452419607431        2.23759924339931        1.93200112174449
B            5.95813339364084       -0.93541757710984        0.72570643720056
B            6.18052727133128       -2.64636220024240        0.70804087965301
H           -7.25714805989227        2.71202245789341        2.86607308859154
H           -6.96713674722078        0.33473444310558        1.04410477786071
H           -5.13661113998558        4.60066008960812        2.13606291601525
H           -6.67548047006419       -1.98939645541867        0.46836314159435
H           -6.27574629919883       -4.91386663044345        1.03270722413387
H           -3.82999499325961       -5.66583730014229       -0.45166969591471
H           -2.15924433181965        4.75537338287155        3.12704545625744
H           -0.84437120925370       -5.57260428035983        0.56432972827693
H            0.72919132227640        5.35690809002316        2.26035485837253
H            2.08344956985562       -5.15493500877756        0.24679151402144
H            3.72932795825056        5.43862705449984        3.23808036750814
H            5.00832320824309       -4.52234029101797       -0.49046055800697
H            6.17277719317684        4.71497267448544        1.74755580103678
H            6.58025676732857        1.76607034773004        2.25494183280426
H            6.82748698093323       -0.23494352811105        0.36816373961752
H            7.19299755916586       -3.16568509380811        0.99660413758684
60
 energy: -61.505843985388 gnorm: 0.003639860026 xtb: 6.7.1 (edcfbbe)
B           -6.26743798972086        2.36612921131290        2.33860614225150
B           -6.06947300897957        0.82946155529557        1.60845397558889
B           -4.93530864670914        3.44414950056671        2.19934440673981
B           -4.72613597148374        1.78827039952851        1.93630424282472
B           -4.51222362715706        0.13739081605932        1.59680117360297
B           -5.64965346369319       -2.44423852730262        0.79922782240653
B           -5.43168230823999       -4.14667561554534        0.75669888869086
B           -4.30561169924523       -1.47481548268117        1.19666917561592
B           -4.09963871068577       -3.09519926390195        0.72961567697702
B           -3.89435468091114       -4.68146020676607        0.18717201143333
B           -3.37004691405056        2.79940369809972        2.14426990940458
B           -3.16001380301213        1.13670575474556        1.80304748934843
B           -2.01689960774593        3.72312631822625        2.58030384062498
B           -1.81465559971405        2.13999248977623        2.02405758577205
B           -1.60939202284198        0.54039244385259        1.48651672732326
B           -2.74376043445597       -2.11005170163131        1.03025439183740
B           -2.53302367400821       -3.72982744849829        0.51554613194417
B           -1.40169001646492       -1.07968656078037        1.08769130773845
B           -1.18784455038727       -2.74550129591114        0.82543047777483
B           -0.97625441369976       -4.40252608371456        0.57270551271934
B           -0.46653107516184        3.15879771631899        2.19002809048298
B           -0.25687816322770        1.52284959127974        1.74910406080204
B            0.87679645413747        4.19143375410284        2.19439126551332
B            1.09047926638847        2.53252344189188        1.94509932719224
B            1.30120393325432        0.88507723732628        1.59946572188684
B            0.15672011506972       -1.70432344796219        0.88787616416443
B            0.37399534491397       -3.39592382098410        0.68918846592102
B            1.50844075102316       -0.73050363054724        1.18708972996605
B            1.71844327538260       -2.36647166139641        0.79640588528844
B            1.92886645680097       -4.00716109890983        0.46037859059177
B            2.43658896118015        3.52954826572229        2.20104246287905
B            2.64860895506782        1.89586713193483        1.74574172823411
B            3.79629723943277        4.46645431009601        2.58130735403371
B            4.00247747923715        2.87934948115943        2.04549447535811
B            4.20748852717405        1.26032331232855        1.57399288852692
B            3.06717872053883       -1.36547252238465        1.02994038136480
B            3.27033066808305       -2.97641200899135        0.48112558591127
B            4.41179873861813       -0.33491477545456        1.10759750232974
B            4.62095794675513       -1.95663345620931        0.65086637443801
B            4.82391167046382       -3.55334573949884        0.14855843747447
B            5.33545985250564        3.93642835163328        2.01075000938109
B            5.55450831083899        2.23678240877326        1.93461198990874
B            5.95817529640296       -0.93552809391430        0.72597026249469
B            6.18068025242524       -2.64635708291606        0.70754036643721
H           -7.25506851473658        2.71080632970271        2.87084273905116
H           -6.96698685098169        0.33468052948044        1.04488304101214
H           -5.13695073207122        4.60015251877731        2.13177140446403
H           -6.67485761277068       -1.98869514640243        0.46654654880469
H           -6.27531148264501       -4.91402354929894        1.03323854794157
H           -3.82981755900619       -5.66359844987489       -0.45514872244598
H           -2.15911250906930        4.75335498943053        3.12957142572014
H           -0.84462370871571       -5.57194624371633        0.57110243829194
H            0.72985571742797        5.35727807962466        2.25152671942385
H            2.08435031881057       -5.15662214388773        0.25900717125222
H            3.72982658015967        5.43920699907838        3.23759127201477
H            5.00755411527942       -4.51828714471189       -0.49836001801690
H            6.17293829165665        4.71470778944270        1.74884422651149
H            6.57536046936482        1.76478628461966        2.26651464530222
H            6.82495533097192       -0.23378783604436        0.36426402618147
H            7.19166712222696       -3.16798883034902        0.99455999329113
60
 energy: -61.505859521231 gnorm: 0.002272396549 xtb: 6.7.1 (edcfbbe)
B           -6.26722038249257        2.36583984485608        2.33962527843409
B           -6.06941421179897        0.82932120931888        1.60937267611573
B           -4.93523070647907        3.44392594424800        2.20024306116800
B           -4.72602979582658        1.78798702731509        1.93756896710974
B           -4.51218181132858        0.13738721403552        1.59663252588347
B           -5.64963903461559       -2.44398114314317        0.79813577735645
B           -5.43160411162617       -4.14656233963767        0.75632783000534
B           -4.30564531160711       -1.47439525408842        1.19487415204020
B           -4.09964744864398       -3.09501505314176        0.72873298102493
B           -3.89440200205335       -4.68148100484409        0.18723322705721
B           -3.36991152445637        2.79915342367337        2.14530471783243
B           -3.15994229868742        1.13635718927399        1.80426461386289
B           -2.01673963818732        3.72286411146618        2.58118305152511
B           -1.81450467823534        2.13948577070740        2.02584247138986
B           -1.60933180329121        0.54026973449488        1.48686464116649
B           -2.74381517020473       -2.10971726581088        1.02869761014155
B           -2.53297821854850       -3.72980006549044        0.51522818400016
B           -1.40165998672286       -1.07964216771817        1.08746089418451
B           -1.18778028653723       -2.74579447538475        0.82661601404474
B           -0.97625860906536       -4.40242741306468        0.57181372786035
B           -0.46638686986763        3.15852193508617        2.19128070717212
B           -0.25681109865648        1.52279871804909        1.74900829159172
B            0.87686324386054        4.19153875039350        2.19385695569622
B            1.09045277678739        2.53348828378465        1.94085055933995
B            1.30122309701728        0.88563320062290        1.59683953199129
B            0.15668808811150       -1.70382157448206        0.88566102861852
B            0.37395629676226       -3.39558370675247        0.68689993018342
B            1.50840745227368       -0.72983330159207        1.18419646399686
B            1.71856324976532       -2.36703785381794        0.79856827926444
B            1.92904289028730       -4.00810053760537        0.46431658046865
B            2.43669860753121        3.52911490579952        2.20243437006884
B            2.64866544180760        1.89636931832817        1.74341559202901
B            3.79643184434095        4.46605522557901        2.58230212007108
B            4.00261452689714        2.87862294891961        2.04805086747404
B            4.20756403051702        1.26043688058796        1.57320798192918
B            3.06719758546140       -1.36498830602988        1.02771742625032
B            3.27047683952894       -2.97699923019452        0.48284264586442
B            4.41180904896663       -0.33458696979030        1.10598113114419
B            4.62104466877868       -1.95670500630225        0.65060940073258
B            4.82390272327628       -3.55305149817475        0.14720986245926
B            5.33556787256194        3.93599858547536        2.01196733308882
B            5.55458687033959        2.23640920058103        1.93567804595549
B            5.95826147206987       -0.93565274109065        0.72577006926129
B            6.18065566233064       -2.64622702339929        0.70668981082372
H           -7.25443670619745        2.70986370104245        2.87214531726761
H           -6.96720397166373        0.33436474733180        1.04659240196352
H           -5.13695129585205        4.59961426032347        2.13079008054889
H           -6.67496757506794       -1.98885914606275        0.46554645272889
H           -6.27616621639717       -4.91300732050306        1.03219025313778
H           -3.82970248569093       -5.66241809309836       -0.45669960544797
H           -2.15901828471823        4.75273804817542        3.13009830244363
H           -0.84455069612260       -5.57115372741701        0.57413697551655
H            0.73016363786474        5.35748884909122        2.24366993407867
H            2.08505503004597       -5.15843016841800        0.27158811954975
H            3.72982798407240        5.44034371041815        3.23630308243115
H            5.00756667889489       -4.51527126885571       -0.50351534646528
H            6.17352789629570        4.71471457498771        1.75322097375464
H            6.57197870149859        1.76414517816267        2.27237212475362
H            6.82438279449826       -0.23386456555343        0.36263967234087
H            7.19163202819884       -3.16899243066553        0.99058334371902
60
 energy: -61.505869172997 gnorm: 0.001347681448 xtb: 6.7.1 (edcfbbe)
B           -6.26717994958033        2.36564071089229        2.34053767471876
B           -6.06937912225301        0.82926877632636        1.60997234992780
B           -4.93515385108859        3.44372357810278        2.20125805949726
B           -4.72597275361033        1.78782402515411        1.93825054894974
B           -4.51217665195046        0.13734624770228        1.59662828618953
B           -5.64966913252992       -2.44364357217670        0.79695965556674
B           -5.43170173927133       -4.14639810843350        0.75539026683693
B           -4.30571050313625       -1.47409952596063        1.19372637900906
B           -4.09970756723232       -3.09468827982896        0.72748314648172
B           -3.89448264217346       -4.68132107296690        0.18667427291439
B           -3.36979126118627        2.79895739635718        2.14629450313346
B           -3.15988270530076        1.13610191488620        1.80509852061833
B           -2.01661640296892        3.72257106911564        2.58208359375610
B           -1.81437719953688        2.13893747204639        2.02787582068652
B           -1.60930070263988        0.54015972060349        1.48728736548103
B           -2.74387159651437       -2.10943703583087        1.02752443816686
B           -2.53298646324600       -3.72946519797304        0.51368864249445
B           -1.40166132328110       -1.07961239416253        1.08717369702666
B           -1.18774444884621       -2.74618245578429        0.82822213873349
B           -0.97635733023213       -4.40222063832671        0.57064002930268
B           -0.46625978464443        3.15811496065819        2.19268371821978
B           -0.25676120018382        1.52258931586145        1.74962428867089
B            0.87690267513949        4.19154322340049        2.19358035348069
B            1.09035707351606        2.53439022074387        1.93677629035838
B            1.30123069160887        0.88576713086927        1.59603477556545
B            0.15663505356777       -1.70346534322194        0.88399091592257
B            0.37389715925181       -3.39541972428067        0.68594830448504
B            1.50835852233409       -0.72946027258001        1.18234572357204
B            1.71863718737551       -2.36776128229538        0.80137599870756
B            1.92917089021744       -4.00906479215060        0.46856728461545
B            2.43673084641224        3.52884889353560        2.20323018182608
B            2.64867670981900        1.89661745346204        1.74195954757900
B            3.79649247385193        4.46587439626332        2.58251469215385
B            4.00268598483850        2.87816926367101        2.04934506656832
B            4.20753759618677        1.26083857139113        1.57112159112728
B            3.06712282976697       -1.36443153547553        1.02519349205840
B            3.27042250882717       -2.97727705462251        0.48323166647918
B            4.41174864229661       -0.33413389005393        1.10401030819516
B            4.62098331231874       -1.95659516552712        0.64968608003142
B            4.82380882895417       -3.55300386065849        0.14651866136393
B            5.33574033818407        3.93567304444772        2.01311234053037
B            5.55462173054291        2.23622069424275        1.93578340235041
B            5.95820307578043       -0.93555785034001        0.72477065506450
B            6.18067232441056       -2.64608659138491        0.70548156400916
H           -7.25474671506047        2.70933220680812        2.87240189301672
H           -6.96770210610581        0.33390278089218        1.04844048149954
H           -5.13674059898969        4.59937248076501        2.13192558939022
H           -6.67556536520254       -1.98937608627117        0.46496535982300
H           -6.27752919410842       -4.91178738691382        1.03019625353842
H           -3.82971024554150       -5.66202627325683       -0.45759433502707
H           -2.15880677073155        4.75294005648253        3.12996872035073
H           -0.84461933369130       -5.57070302298983        0.57508327713043
H            0.73005734493922        5.35763258828130        2.23673831625002
H            2.08598335736169       -5.16070804361608        0.28522038424215
H            3.72961444489340        5.44117513013097        3.23505966057695
H            5.00788461400511       -4.51347565366048       -0.50657316242999
H            6.17449899397660        4.71491605273794        1.75866483427353
H            6.57019549871614        1.76347880022013        2.27620567376427
H            6.82526067163446       -0.23450354496131        0.36252747131425
H            7.19271009011035       -3.16857068034713        0.98615275986040
60
 energy: -61.505876032842 gnorm: 0.001439966799 xtb: 6.7.1 (edcfbbe)
B           -6.26715503282388        2.36547770969264        2.34109680518790
B           -6.06942621265011        0.82911580734376        1.61082472223075
B           -4.93511509194736        3.44337050744646        2.20323870487989
B           -4.72597087835424        1.78769212772951        1.93869953670365
B           -4.51219738194062        0.13720875045450        1.59711590175348
B           -5.64978309184386       -2.44319379907571        0.79555138287445
B           -5.43184790749855       -4.14593650652421        0.75315469077375
B           -4.30578930876074       -1.47397492013360        1.19317820191922
B           -4.09983189010436       -3.09420964695751        0.72567081297365
B           -3.89459727431225       -4.68097270741832        0.18524126929851
B           -3.36972504041648        2.79865062748386        2.14763097822197
B           -3.15990504848787        1.13587606161400        1.80589168121573
B           -2.01657387751511        3.72239379802358        2.58268389491289
B           -1.81430878350578        2.13827222560142        2.03039464391197
B           -1.60933498649112        0.54004187891031        1.48784612651251
B           -2.74400028055670       -2.10918164928775        1.02628185577632
B           -2.53308152187904       -3.72879440344784        0.51095392486895
B           -1.40172720222177       -1.07951717435020        1.08655890997899
B           -1.18776324398359       -2.74673516169051        0.83049738523400
B           -0.97654774282196       -4.40186004155343        0.56855480413062
B           -0.46618653003109        3.15772025698254        2.19396541161093
B           -0.25673939466705        1.52217195314103        1.75119079874810
B            0.87688293095914        4.19165967781710        2.19287822381302
B            1.09016957710923        2.53563099003671        1.93134542596961
B            1.30122601348883        0.88554394188447        1.59681079028420
B            0.15654183374638       -1.70318912567650        0.88258511632869
B            0.37381351040997       -3.39537281311286        0.68569602512119
B            1.50829196261046       -0.72933486297633        1.18144760969494
B            1.71875109322201       -2.36892506068397        0.80607207332991
B            1.92934915183112       -4.01036592802671        0.47446388283476
B            2.43669249983123        3.52865520899950        2.20372540346247
B            2.64870655310985        1.89648167200417        1.74224408810935
B            3.79650150649293        4.46582021741665        2.58247818546119
B            4.00270926057833        2.87773806999500        2.05050529014074
B            4.20748649529344        1.26121826792795        1.56926712136813
B            3.06699904152554       -1.36366328219789        1.02168945773403
B            3.27022348966467       -2.97719862094226        0.48231988391868
B            4.41158259632094       -0.33340889781098        1.10090001868192
B            4.62081566990771       -1.95613772374397        0.64748105147685
B            4.82362665261990       -3.55301197110518        0.14568777501330
B            5.33581455942425        3.93526278449706        2.01453823653506
B            5.55466186935070        2.23614759810620        1.93530414835948
B            5.95803798236958       -0.93516165445770        0.72291452336141
B            6.18055490425536       -2.64567135511063        0.70305256732233
H           -7.25595948071774        2.70938722982069        2.87122038022377
H           -6.96836138590445        0.33313189847914        1.05081551046046
H           -5.13626987417922        4.59927921126627        2.13610621466596
H           -6.67633845783493       -1.98968950589532        0.46442924142952
H           -6.27917676253415       -4.91048767096746        1.02615197140846
H           -3.82961170071009       -5.66228735862897       -0.45822956748359
H           -2.15856984543737        4.75393223792913        3.12909726209129
H           -0.84514133437002       -5.57057970037092        0.57375847478788
H            0.72958144931560        5.35792633231415        2.22832980562670
H            2.08746833757815       -5.16425135456634        0.30542655192499
H            3.72932690780475        5.44183348678154        3.23399348111178
H            5.00781220556282       -4.51299261728644       -0.50811964594685
H            6.17594676596253        4.71509786140316        1.76573023114712
H            6.56990392277005        1.76247501411928        2.27715528060641
H            6.82726112633987       -0.23520804152422        0.36388112372350
H            7.19497350504620       -3.16644800969814        0.97966381218312
60
 energy: -61.505878369385 gnorm: 0.000911860391 xtb: 6.7.1 (edcfbbe)
B           -6.26726267203736        2.36545612459132        2.34112653744635
B           -6.06945004306282        0.82902905643173        1.61100105468138
B           -4.93515206998959        3.44327373481697        2.20357810620206
B           -4.72605241575948        1.78772582234783        1.93856087884571
B           -4.51223244565773        0.13711570898893        1.59752963866900
B           -5.64979928417178       -2.44320478829771        0.79561026919896
B           -5.43191781333773       -4.14581929854122        0.75246455446061
B           -4.30580067223546       -1.47414033042334        1.19373741183811
B           -4.09986018969293       -3.09421955607720        0.72561445906177
B           -3.89457345606305       -4.68081167123897        0.18468164622542
B           -3.36981006611198        2.79867117706734        2.14746260939819
B           -3.15993848075386        1.13592085397027        1.80573330668383
B           -2.01665922824524        3.72257689664177        2.58210039569565
B           -1.81437013283706        2.13838325308010        2.02995410995517
B           -1.60936271314510        0.54005460776319        1.48783861724817
B           -2.74399942227423       -2.10920650194629        1.02634981901979
B           -2.53312762196622       -3.72869970008082        0.51065556473895
B           -1.40175678497357       -1.07942571096309        1.08625796351995
B           -1.18778925396185       -2.74661709694685        0.83004622616702
B           -0.97655531144698       -4.40179209434034        0.56824418032570
B           -0.46626375103225        3.15787756609850        2.19338721176145
B           -0.25676505678169        1.52206730640678        1.75172193225331
B            0.87681239727119        4.19172571542773        2.19255470660942
B            1.09011493378817        2.53558588510212        1.93158423997418
B            1.30121509097460        0.88524271620235        1.59817469834732
B            0.15653076429245       -1.70322731057844        0.88282090659746
B            0.37379654805002       -3.39535785694310        0.68573205935316
B            1.50828332777795       -0.72952303450943        1.18234715615202
B            1.71874344709832       -2.36900316534700        0.80660173367464
B            1.92934686012732       -4.01033320888922        0.47454109119512
B            2.43663920345125        3.52874080838013        2.20354975332997
B            2.64867940895025        1.89608573660964        1.74402564745759
B            3.79639333777338        4.46589318572273        2.58232117825347
B            4.00266791486761        2.87789447472588        2.05013463512801
B            4.20744667086375        1.26099736639826        1.57033397772519
B            3.06694880393248       -1.36371605331165        1.02200368043076
B            3.27017652769069       -2.97692968867520        0.48155002459212
B            4.41158267125354       -0.33361561059402        1.10185116903722
B            4.62077548514337       -1.95601474019919        0.64729080241867
B            4.82356728024525       -3.55291283887192        0.14558970221038
B            5.33575403236976        3.93533604161286        2.01452049417218
B            5.55460501537905        2.23622619932788        1.93516888848974
B            5.95796789585235       -0.93497687682683        0.72263263140131
B            6.18052721635685       -2.64549518166292        0.70245482821026
H           -7.25625921422104        2.70981998400513        2.87083766051409
H           -6.96812482422519        0.33308329405629        1.05048731348476
H           -5.13622901436725        4.59937016365570        2.13767283701554
H           -6.67595357827768       -1.98897413553739        0.46418315549765
H           -6.27864628093836       -4.91105316805086        1.02538641181786
H           -3.82945870139214       -5.66260572192417       -0.45813487505112
H           -2.15868621277526        4.75410615962155        3.12881532959951
H           -0.84534710022377       -5.57080432156029        0.57216177898967
H            0.72960375199119        5.35805390886126        2.22837895947970
H            2.08761935373312       -5.16449121660748        0.30769199827648
H            3.72933765746325        5.44129648495861        3.23476421450353
H            5.00725141657934       -4.51423519319238       -0.50657086892686
H            6.17588565447243        4.71482491405674        1.76472048194498
H            6.57150269327106        1.76280852510180        2.27377854022116
H            6.82705430611228       -0.23469610269142        0.36391773860593
H            7.19505095482644       -3.16588965720273        0.97950829587041
