60
 energy: -61.502271209334 gnorm: 0.125360363073 xtb: 6.7.1 (edcfbbe)
B           -5.79678149000000        3.61343273000000        0.23355242000000
B           -5.82647436000000        1.92433182000000       -0.03744906000000
B           -4.31989262000000        4.42028727000000       -0.10195100000000
B           -4.35466390000000        2.73880167000000        0.06989797000000
B           -4.38491684000000        1.04518455000000        0.15948706000000
B           -5.89004329000000       -1.46570046000000        0.04758666000000
B           -5.92331063000000       -3.13850669000000        0.40843148000000
B           -4.41637036000000       -0.63230249000000        0.20386430000000
B           -4.44930426000000       -2.32854959000000        0.18703504000000
B           -4.47808912000000       -4.01624088000000        0.10796050000000
B           -2.86776615000000        3.56329695000000        0.06347829000000
B           -2.90145845000000        1.86270493000000        0.13838972000000
B           -1.39229841000000        4.37371300000000        0.23743496000000
B           -1.42348949000000        2.68582414000000        0.12903937000000
B           -1.45397778000000        0.98990098000000        0.05001551000000
B           -2.96485248000000       -1.50374397000000        0.25157156000000
B           -2.99404706000000       -3.20782974000000        0.20686477000000
B           -1.48572619000000       -0.69258501000000        0.10315667000000
B           -1.51858347000000       -2.38052709000000        0.29392133000000
B           -1.55141386000000       -4.06188617000000        0.45480951000000
B            0.05891272000000        3.50900050000000        0.11757941000000
B            0.02699368000000        1.80789797000000        0.13630618000000
B            1.53928696000000        4.31212187000000       -0.06106418000000
B            1.50720981000000        2.63102393000000        0.12946161000000
B            1.47491555000000        0.93830874000000        0.19377967000000
B           -0.03568503000000       -1.56203286000000        0.15352092000000
B           -0.06869712000000       -3.25538443000000        0.38045432000000
B            1.44355295000000       -0.74451459000000        0.20272769000000
B            1.41189948000000       -2.43636984000000        0.28298619000000
B            1.37959154000000       -4.12148376000000        0.38846822000000
B            2.98567958000000        3.45588904000000        0.15676949000000
B            2.95616758000000        1.75320100000000        0.13945396000000
B            4.46580922000000        4.26411425000000        0.30919454000000
B            4.43775703000000        2.57713947000000        0.22136392000000
B            4.40497461000000        0.88078549000000        0.17274468000000
B            2.89279817000000       -1.61313161000000        0.27376626000000
B            2.85933638000000       -3.31637344000000        0.24794732000000
B            4.37329684000000       -0.79775276000000        0.15381318000000
B            4.34362820000000       -2.49262300000000        0.19979612000000
B            4.31093437000000       -4.17956385000000        0.18904452000000
B            5.91490521000000        3.38993173000000        0.01597405000000
B            5.88093826000000        1.71251765000000        0.34506173000000
B            5.81967550000000       -1.68307697000000        0.10504353000000
B            5.78513624000000       -3.35505235000000        0.50015129000000
H           -6.73277343000000        4.21460330000000        0.59517333000000
H           -6.78910884000000        1.43017580000000       -0.47703667000000
H           -4.34790347000000        5.51597125000000       -0.51797014000000
H           -6.84490067000000       -0.96266500000000       -0.40149365000000
H           -6.87901552000000       -3.68251205000000        0.81492890000000
H           -4.54999685000000       -5.13234004000000       -0.24548307000000
H           -1.38097655000000        5.53353378000000        0.40036972000000
H           -1.58867861000000       -5.20334128000000        0.72389079000000
H            1.56501387000000        5.45974612000000       -0.30344969000000
H            1.36329565000000       -5.29330450000000        0.45937191000000
H            4.53183098000000        5.38326177000000        0.65178924000000
H            4.34611793000000       -5.30712575000000       -0.13807493000000
H            6.86410646000000        3.94153052000000       -0.39182625000000
H            6.82772473000000        1.18532221000000        0.78511325000000
H            6.81365809000000       -1.21912223000000       -0.30498480000000
H            6.71757243000000       -3.92114952000000        0.93517350000000
60
 energy: -61.505246004342 gnorm: 0.040042523082 xtb: 6.7.1 (edcfbbe)
B           -5.79414455917556        3.61258454237692        0.25012437276792
B           -5.82414719234633        1.92666453852354       -0.05250003140051
B           -4.31997939670753        4.41640240762490       -0.12738838306465
B           -4.35546826424164        2.73834059163021        0.06109653146709
B           -4.38485908735234        1.04286008277414        0.16801930933206
B           -5.88784268148789       -1.46963834940065        0.02970907773721
B           -5.92069731293846       -3.13732233617307        0.42770951963377
B           -4.41631324426086       -0.63034565334093        0.21080684407748
B           -4.44996109497511       -2.32908974606189        0.18044317545664
B           -4.47827560163730       -4.01424166332203        0.08231881746757
B           -2.86685244098518        3.56616426294387        0.05406423663269
B           -2.90053154372463        1.85979138623101        0.14647435929370
B           -1.39190880586888        4.37208072796111        0.25270250357014
B           -1.42335886280070        2.68539040010836        0.13031236958444
B           -1.45399488047976        0.98808612641896        0.05326290628914
B           -2.96388202361261       -1.50115916798713        0.25832060234963
B           -2.99321551803826       -3.21174258705288        0.19858969233418
B           -1.48564085852125       -0.69164266080704        0.10271298388164
B           -1.51830685576950       -2.38053803070799        0.29731136083771
B           -1.55146464691704       -4.05999513915883        0.47218705608790
B            0.05921242258051        3.51183259590934        0.11383050287606
B            0.02713964856820        1.80471441961370        0.12746426478958
B            1.53950312211620        4.30915405450729       -0.08768884429069
B            1.50785373638586        2.63019253453701        0.11523249632026
B            1.47512444676216        0.93654188680742        0.20299915524075
B           -0.03549954845637       -1.55995889103808        0.14860624027324
B           -0.06875423087101       -3.25828030250207        0.38936356637015
B            1.44383653260916       -0.74293364950476        0.21847393016794
B            1.41230267809046       -2.43661926714381        0.28541079429457
B            1.37961964684046       -4.12072225672243        0.39601943007640
B            2.98551010038737        3.45891823938797        0.15371215078463
B            2.95559324869966        1.75015891008571        0.13939495264767
B            4.46620617013015        4.26148857308023        0.32906164538572
B            4.43905769210677        2.57712416966294        0.22994889768917
B            4.40513726056059        0.87848305038834        0.19401843785081
B            2.89226835304577       -1.61052892206367        0.28084349459573
B            2.85928741619439       -3.32014490538553        0.23938228752630
B            4.37382010498436       -0.79558558760839        0.16292880186111
B            4.34492962626881       -2.49319505935349        0.18834926839216
B            4.31214996583780       -4.17794743768930        0.16310252269850
B            5.91270569863544        3.38792750680504       -0.00637645575036
B            5.87904400042747        1.71568873248927        0.36606708691354
B            5.81784588553451       -1.68713919850989        0.07405011037921
B            5.78271391680724       -3.35344675527476        0.51800865665505
H           -6.73094522375269        4.21787190156150        0.61448454456857
H           -6.79280873289062        1.43331707819838       -0.48351248813923
H           -4.35079740448612        5.52243895972794       -0.52238887586373
H           -6.84630585355676       -0.96569769511383       -0.41394028419326
H           -6.87952151199845       -3.68177299656516        0.83181603493751
H           -4.55204859248457       -5.13647855357462       -0.25799350473415
H           -1.38081729941082        5.53505220829791        0.41808424581957
H           -1.58951381042817       -5.20339013591154        0.74236771224628
H            1.56559332260816        5.46170130824888       -0.31674361986558
H            1.36245070749953       -5.29443620700257        0.46616685162817
H            4.53265874768366        5.38499468964156        0.66624020763163
H            4.34742168000225       -5.30911877652594       -0.15676013337650
H            6.86465088962757        3.94422141831487       -0.40863485468255
H            6.82516355056950        1.19036450031649        0.81273293913086
H            6.81306221252049       -1.22210335294569       -0.33443709741961
H            6.71751801609189       -3.91857400972677        0.95097074422885
60
 energy: -61.505610244725 gnorm: 0.025519578345 xtb: 6.7.1 (edcfbbe)
B           -5.79506663092099        3.61324561366061        0.24891267529860
B           -5.82455066295727        1.92700192051020       -0.05108553913065
B           -4.32023379235598        4.41627793581547       -0.13384162558021
B           -4.35508176630198        2.73785236430252        0.05671145128458
B           -4.38510556536990        1.04234369180610        0.16450485142256
B           -5.88807500182315       -1.47032230816183        0.02812398908187
B           -5.92175282209778       -3.13815321826244        0.42603740597475
B           -4.41654006898918       -0.63031638534873        0.20625370903715
B           -4.44965166784351       -2.32914051044072        0.17791693035153
B           -4.47849092341392       -4.01468244883541        0.07604172113913
B           -2.86593726701106        3.56606735436920        0.04512119109685
B           -2.90106791817854        1.85967104721870        0.15106816968549
B           -1.39210704594242        4.37216603617801        0.25561475151836
B           -1.42327216494044        2.68540233998218        0.12722605051587
B           -1.45401750545426        0.98794372881967        0.05590508329342
B           -2.96447213333608       -1.50105093477890        0.26451967670934
B           -2.99237668042122       -3.21236325641056        0.19367468359497
B           -1.48566742771679       -0.69184705937750        0.10570965178300
B           -1.51832986628502       -2.38082713778311        0.30032883770882
B           -1.55190460800076       -4.05973264031942        0.48261019931543
B            0.05937881049624        3.51185229247203        0.10942179250326
B            0.02730773293025        1.80429736185193        0.12223012073722
B            1.54000782453078        4.30856576799790       -0.09820656721133
B            1.50802878614818        2.62999610455855        0.10860576627077
B            1.47525471810827        0.93644174895777        0.20530262454773
B           -0.03537577093427       -1.56019897309371        0.14557052714893
B           -0.06874660611782       -3.25830573340727        0.39774655665606
B            1.44395859707961       -0.74304856582979        0.22465956028855
B            1.41235335167168       -2.43701611143680        0.28627759397700
B            1.37991747240333       -4.12110753581765        0.39857629773616
B            2.98501202893916        3.45899087935363        0.15139343623158
B            2.95626972399485        1.74980324354349        0.14132412495024
B            4.46660529556921        4.26162723946141        0.33052951043153
B            4.43877274436108        2.57674096394552        0.23414171098633
B            4.40549155051977        0.87813090639150        0.20573986585471
B            2.89289632541651       -1.61046357821755        0.29043107352414
B            2.85860617015783       -3.32077985106686        0.22934760383358
B            4.37424528768401       -0.79548887206961        0.16671718871382
B            4.34464262971261       -2.49320227212931        0.18337362591124
B            4.31249556121811       -4.17836097672542        0.15283155795754
B            5.91405461681815        3.38809521950233       -0.00672341285745
B            5.87919064020939        1.71608935448780        0.37416507647393
B            5.81794283292871       -1.68764696236324        0.06756551283616
B            5.78402732405077       -3.35482668830122        0.51171754722533
H           -6.72623940473086        4.21980654346854        0.62454178056650
H           -6.79272415267671        1.43491392016805       -0.48424290653109
H           -4.35388859519152        5.52431384518690       -0.52365488853404
H           -6.84421168540549       -0.96914633031558       -0.42305697410672
H           -6.87630595260830       -3.68143510064709        0.83891756871364
H           -4.55504928523571       -5.13565258565684       -0.26813197307116
H           -1.38066685383611        5.53414069010485        0.43499500378146
H           -1.59101109264973       -5.20122187177267        0.76294760232105
H            1.56612842176848        5.46080413102687       -0.33085906510252
H            1.36427714668380       -5.29446443148296        0.48243459917658
H            4.53545049239989        5.38250330703602        0.67686017718095
H            4.35120761647957       -5.30668503199520       -0.17648240142044
H            6.86296621693459        3.94374541197753       -0.41455932491032
H            6.82116220938660        1.19768285848605        0.83794192869438
H            6.80717234538513       -1.22676332697302       -0.35989237376717
H            6.71462016476017       -3.91550061362085        0.95508180818116
60
 energy: -61.505814658656 gnorm: 0.014156381914 xtb: 6.7.1 (edcfbbe)
B           -5.79473159572503        3.61291942397678        0.24600746180126
B           -5.82442897975679        1.92668669197992       -0.04946284352187
B           -4.31988635922608        4.41579529351334       -0.13809131281301
B           -4.35473599461498        2.73744422122175        0.05328760976280
B           -4.38495817678419        1.04215881046244        0.16288289088148
B           -5.88771142212002       -1.47048506439288        0.02636875387318
B           -5.92146203205665       -3.13822088952849        0.42255659678668
B           -4.41637657817957       -0.63051482884193        0.20433241772207
B           -4.44926334310072       -2.32918970606430        0.17679904442472
B           -4.47792997473313       -4.01477412221288        0.07235612230931
B           -2.86544216928034        3.56545642707248        0.03705729087235
B           -2.90114132465473        1.85968180952380        0.15332259820965
B           -1.39219192495214        4.37190114882565        0.25500025833091
B           -1.42312389136423        2.68516003012499        0.12366741276908
B           -1.45393762850947        0.98796214120912        0.05923285491935
B           -2.96451839616980       -1.50112108297715        0.26830380041430
B           -2.99186679818083       -3.21233673645880        0.19231076670158
B           -1.48555453185243       -0.69207849310265        0.10835589462587
B           -1.51818981565236       -2.38083837675624        0.30238579228161
B           -1.55198066276235       -4.05905810869931        0.49161190273097
B            0.05946251238573        3.51125110539838        0.10554654609073
B            0.02742795194455        1.80413577501062        0.11814078786498
B            1.54019679954538        4.30794691618673       -0.10300495641171
B            1.50798890857391        2.62966096029546        0.10380175922530
B            1.47524943555291        0.93648868269486        0.20428068336316
B           -0.03524648946882       -1.56055227468160        0.14213874488756
B           -0.06866712346548       -3.25763404032297        0.40478281344267
B            1.44395075012906       -0.74325374351443        0.22664193188740
B            1.41227684680289       -2.43703719267742        0.28715752740345
B            1.38011762080967       -4.12077484353856        0.40471965328252
B            2.98475330634146        3.45863942039378        0.14968446041548
B            2.95642404525806        1.74972889549690        0.14386951394215
B            4.46628332926094        4.26156219770442        0.32901369142773
B            4.43843923405061        2.57654299935753        0.23746614376534
B            4.40538531726319        0.87819023569745        0.21225773709502
B            2.89300857011860       -1.61041215357790        0.29992254804297
B            2.85825829564003       -3.32076145174387        0.22059582075913
B            4.37424365379855       -0.79550252538489        0.17340730998790
B            4.34432797086389       -2.49313229409658        0.17948373603558
B            4.31221545872812       -4.17824824697959        0.14233260076564
B            5.91397029095825        3.38765198654545       -0.00388277052025
B            5.87876524618872        1.71597950691545        0.38095583362905
B            5.81768632313205       -1.68739636137296        0.06303778445199
B            5.78402108849210       -3.35526044520709        0.50290269000730
H           -6.72011615848349        4.22183283837916        0.63427582210248
H           -6.79127400249075        1.43489328973580       -0.48655771752552
H           -4.35578962176407        5.52501805165685       -0.52542146722546
H           -6.84054248086530       -0.97253574202749       -0.43587707109358
H           -6.87160810816012       -3.68163044359518        0.84596853486025
H           -4.55703029456538       -5.13340250489127       -0.28007964582003
H           -1.38060061361555        5.53195921062835        0.45336699041102
H           -1.59277308298845       -5.19737501048733        0.78762591090008
H            1.56668530314069        5.45851841484859       -0.34634376981306
H            1.36528819104794       -5.29375327098893        0.50379038186593
H            4.53806935013600        5.37884832090479        0.68795488729107
H            4.35467557101802       -5.30268943269758       -0.20115791268996
H            6.86101224236477        3.94222725864467       -0.41825366558423
H            6.81570758968773        1.20600745086304        0.86626352153600
H            6.79879095578401       -1.23178432068542       -0.39056291870663
H            6.70992113652537       -3.91373329776280        0.95840333556850
60
 energy: -61.505894282070 gnorm: 0.006889458979 xtb: 6.7.1 (edcfbbe)
B           -5.79460802573569        3.61266636043010        0.24512405248510
B           -5.82448726106283        1.92636978417954       -0.05065782892245
B           -4.31984564589193        4.41554058683342       -0.14155939436559
B           -4.35498090296478        2.73752432996732        0.05176817569931
B           -4.38498269973596        1.04229954992346        0.16511342961460
B           -5.88755286027724       -1.47071834053375        0.02240903301619
B           -5.92124884622462       -3.13821392757571        0.42182673078704
B           -4.41638295545393       -0.63076555654676        0.20603115136957
B           -4.44936961708261       -2.32951634778031        0.17681241654942
B           -4.47760481925996       -4.01500814831088        0.07024095913087
B           -2.86578501818023        3.56531048898963        0.03262017108756
B           -2.90098209660988        1.85978151938487        0.15285587849515
B           -1.39223797309069        4.37191529172206        0.25356266839898
B           -1.42315368645064        2.68512105458677        0.12279917338654
B           -1.45395700496646        0.98806605101961        0.06227998046624
B           -2.96428829051083       -1.50131726497881        0.26836975329109
B           -2.99212895705119       -3.21246267651938        0.19459146564608
B           -1.48550241584024       -0.69219589664020        0.10961861509420
B           -1.51809981647130       -2.38086212394755        0.30371964106909
B           -1.55182106930263       -4.05867919093343        0.49747842033932
B            0.05948907085931        3.51119448367164        0.10346076700871
B            0.02748220533647        1.80421692009604        0.11650099061332
B            1.54025572217065        4.30790575131615       -0.10414103398304
B            1.50809471563754        2.62959583734272        0.10016154681451
B            1.47535842634852        0.93656573429374        0.20133591930615
B           -0.03513797690897       -1.56083241261583        0.14014391513771
B           -0.06852570236957       -3.25743138008451        0.40793253886062
B            1.44406691515535       -0.74334873825106        0.22556398985879
B            1.41241318651301       -2.43703421900790        0.28875470483490
B            1.38034680291916       -4.12037914785745        0.41322752295584
B            2.98516864110961        3.45877196172936        0.14991178573665
B            2.95635528654816        1.74993949990426        0.14577357106568
B            4.46621226199053        4.26180357634168        0.32916159400614
B            4.43867282721751        2.57690782132380        0.24131420812832
B            4.40546881746555        0.87854577373127        0.21475442019857
B            2.89293215703773       -1.61042211447474        0.30445714491259
B            2.85874865494283       -3.32082487792786        0.21706837716700
B            4.37442868386157       -0.79551275058102        0.18052934725357
B            4.34462368864027       -2.49332785905249        0.17605075668791
B            4.31226354885016       -4.17817915528830        0.13128521656878
B            5.91391506335190        3.38755600367263       -0.00223623550341
B            5.87870133098984        1.71602701574359        0.38697925430483
B            5.81785058984136       -1.68718720414577        0.05801195650191
B            5.78411188923523       -3.35533346176227        0.49743284584040
H           -6.71560836138964        4.22323561249601        0.64129313317047
H           -6.78925972057676        1.43324892846951       -0.49100869140949
H           -4.35598789906393        5.52477929737116       -0.52832019364999
H           -6.83668978046037       -0.97490879789606       -0.44984597372955
H           -6.86806286937048       -3.68208807484305        0.85209723067714
H           -4.55727127244930       -5.13089228154907       -0.29066074226984
H           -1.38123957932434        5.52920351960220        0.46790434193935
H           -1.59432511729641       -5.19302370913841        0.80882129345702
H            1.56736484109291        5.45567830256223       -0.36062431508811
H            1.36566070865202       -5.29222733999832        0.52579695954297
H            4.53940108702584        5.37621425931360        0.69650756913665
H            4.35669705009152       -5.29867330780585       -0.22505330759568
H            6.86032160168827        3.94073196414309       -0.41988117888845
H            6.81057957711648        1.21213114501810        0.88907915698692
H            6.79055210093301       -1.23526871638036       -0.41831965228101
H            6.70511450875098       -3.91545089275240        0.96070789308722
60
 energy: -61.505917205505 gnorm: 0.003454616259 xtb: 6.7.1 (edcfbbe)
B           -5.79466201440441        3.61264485581922        0.24537390697484
B           -5.82433564405337        1.92631694734685       -0.05177131430147
B           -4.31980632207297        4.41549779234824       -0.14142795998962
B           -4.35484993147618        2.73752385014259        0.05249356118886
B           -4.38483152365905        1.04231869266983        0.16510813646974
B           -5.88733512843993       -1.47078140754077        0.02072648695758
B           -5.92122462555298       -3.13816557601877        0.42267589783998
B           -4.41621657061998       -0.63082331198471        0.20498476602244
B           -4.44919602581090       -2.32951013190396        0.17683328109161
B           -4.47751137123899       -4.01498373084416        0.07140714481340
B           -2.86580733122776        3.56524369515467        0.03300006556445
B           -2.90084293840722        1.85974923455523        0.15206608461911
B           -1.39216610152812        4.37184831509764        0.25413684803899
B           -1.42314705722725        2.68512664248514        0.12547364033469
B           -1.45390773605427        0.98808034575180        0.06282042692801
B           -2.96413090045870       -1.50133333114333        0.26717397706390
B           -2.99211274172705       -3.21237430076203        0.19571726129481
B           -1.48542938290101       -0.69211950557178        0.10949453577154
B           -1.51801794774519       -2.38074191629340        0.30440435753103
B           -1.55164602687886       -4.05854059331382        0.49777685417732
B            0.05950750545668        3.51131714196086        0.10424249160400
B            0.02749485899945        1.80421732306924        0.11733193677869
B            1.54021357725891        4.30792402504560       -0.10380330232592
B            1.50816694058191        2.62953638708884        0.09832732499763
B            1.47540603150189        0.93649898313730        0.19957725165191
B           -0.03509491399076       -1.56077945120013        0.13963134864861
B           -0.06843781358710       -3.25753292587340        0.40638412724305
B            1.44412127359224       -0.74329768240741        0.22343563186524
B            1.41249449955991       -2.43693101868082        0.28955507226752
B            1.38039382369101       -4.12006797756006        0.41620369505859
B            2.98519171375430        3.45878144995081        0.15174545296555
B            2.95628928272645        1.74998891046370        0.14495668735672
B            4.46618593140285        4.26178238118991        0.33074038598824
B            4.43853998184871        2.57697944309371        0.24370861625713
B            4.40541944238761        0.87862539282482        0.21407977857474
B            2.89290069693180       -1.61042150265199        0.30214108858599
B            2.85887956336114       -3.32067373470844        0.21831424076807
B            4.37435621337500       -0.79550605122084        0.17978127936354
B            4.34455054476542       -2.49328263364127        0.17437351426271
B            4.31222172884979       -4.17799589073770        0.12854452077844
B            5.91395341923286        3.38771436054525       -0.00202622405836
B            5.87860608387347        1.71603163596384        0.38777383670273
B            5.81775756381719       -1.68708292429394        0.05744927888033
B            5.78426951000221       -3.35529205255397        0.49667444135275
H           -6.71536840542769        4.22303590896792        0.64120091915330
H           -6.78844337586329        1.43261554352247       -0.49302781521466
H           -4.35586272701348        5.52446848424987       -0.52851137821617
H           -6.83537776769570       -0.97593867815609       -0.45466131618346
H           -6.86803024499009       -3.68168314132231        0.85297253098873
H           -4.55717591355113       -5.12991504128660       -0.29202254792782
H           -1.38215523403924        5.52781392267250        0.47191486081478
H           -1.59478158318564       -5.19113429799544        0.81401539699782
H            1.56786232305521        5.45417262451863       -0.36648914404636
H            1.36663194709155       -5.29084477072502        0.53792420511888
H            4.53953762573231        5.37596761398773        0.69790822787254
H            4.35753333944709       -5.29689944032140       -0.23203238476278
H            6.86097229090137        3.94078191759510       -0.41798990158723
H            6.80884351918698        1.21315147339722        0.89287451834297
H            6.78757544530286       -1.23612155106245       -0.42442319624356
H            6.70355234314001       -3.91821821284042        0.95966971093430
60
 energy: -61.505932903614 gnorm: 0.002672828867 xtb: 6.7.1 (edcfbbe)
B           -5.79461177786285        3.61256495694481        0.24510776168984
B           -5.82425768780856        1.92635243630106       -0.05274062711902
B           -4.31978416727650        4.41557658136075       -0.14042462654033
B           -4.35481548881562        2.73757728010201        0.05340674160869
B           -4.38480206510807        1.04227542839323        0.16357352257120
B           -5.88723287564142       -1.47085939058482        0.01919248163483
B           -5.92112517106918       -3.13805268599077        0.42334491942049
B           -4.41618116097635       -0.63087975685397        0.20251139696484
B           -4.44913821850567       -2.32953472696089        0.17608703981940
B           -4.47753950419547       -4.01498460483450        0.07304789313290
B           -2.86575470742036        3.56527964652323        0.03375736755594
B           -2.90085016997866        1.85972002153573        0.15148606091695
B           -1.39212644647532        4.37185754368757        0.25566703289768
B           -1.42315006087083        2.68523317165995        0.13000686564289
B           -1.45387811442479        0.98811775814813        0.06319687070004
B           -2.96411982029354       -1.50136390312038        0.26574269219028
B           -2.99203986775953       -3.21236214917049        0.19584637400816
B           -1.48539353297526       -0.69206254089689        0.10965430111654
B           -1.51798842173369       -2.38064512621560        0.30582186464315
B           -1.55157111399541       -4.05856931786809        0.49745017608227
B            0.05954079152727        3.51145792769381        0.10564471286668
B            0.02751209342548        1.80425473258583        0.11848600325176
B            1.54022918009359        4.30799572299081       -0.10383368066808
B            1.50824978525186        2.62947743090631        0.09528032475120
B            1.47547996660920        0.93644127983573        0.19801796328839
B           -0.03505592523642       -1.56076035162881        0.13889492561738
B           -0.06837162748290       -3.25769954584416        0.40450823261798
B            1.44419409121478       -0.74329825004264        0.22127924177379
B            1.41254114535586       -2.43683772933902        0.29149328863491
B            1.38047404807457       -4.11977384774706        0.42132575892539
B            2.98516275886781        3.45883724021226        0.15400568122510
B            2.95637514243185        1.75000096648166        0.14337053537648
B            4.46620165572986        4.26174582546589        0.33244871659448
B            4.43850785561464        2.57705396747668        0.24663395038996
B            4.40549913076986        0.87862276610696        0.21283183650873
B            2.89302128705953       -1.61048860109192        0.29823554276254
B            2.85892770943165       -3.32066432233283        0.21941740034226
B            4.37440558649357       -0.79551076862749        0.17729615931826
B            4.34456890168339       -2.49333499424427        0.17159033175923
B            4.31224789665934       -4.17796781556442        0.12681722732161
B            5.91390303443078        3.38783442143459       -0.00083395212976
B            5.87865471580893        1.71599835332648        0.38763275246029
B            5.81781176258590       -1.68710704145899        0.05664794901906
B            5.78432845856894       -3.35522862590261        0.49551120926879
H           -6.71600530804149        4.22243936365878        0.63926730469517
H           -6.78810172939659        1.43263487482013       -0.49442944853005
H           -4.35579960807984        5.52449407182674       -0.52731932721296
H           -6.83473920277786       -0.97746712427196       -0.45842710336531
H           -6.86893056248537       -3.68057236077701        0.85252322958694
H           -4.55729076520747       -5.12935407261868       -0.29149855305214
H           -1.38290060975158        5.52657505185560        0.47600812582565
H           -1.59492492602202       -5.18954159661362        0.81741347421100
H            1.56825681446382        5.45243039150654       -0.37342437524634
H            1.36744727813610       -5.28913128237336        0.55236738294603
H            4.53951655873168        5.37612561251926        0.69829064873584
H            4.35864589860793       -5.29525779707051       -0.23737632140815
H            6.86189253454352        3.94169378901915       -0.41339696203451
H            6.80763241846126        1.21340220464126        0.89397035138046
H            6.78575435882316       -1.23702453281129       -0.42769387008286
H            6.70302149821237       -3.92097344616378        0.95622034333846
60
 energy: -61.505941236257 gnorm: 0.001324591468 xtb: 6.7.1 (edcfbbe)
B           -5.79467443537567        3.61258894724505        0.24471486087299
B           -5.82422620094752        1.92640020156225       -0.05353914483908
B           -4.31975196220807        4.41567259481933       -0.13972852724624
B           -4.35482643721316        2.73760824277905        0.05390663163786
B           -4.38482829243646        1.04223144783892        0.16274207980668
B           -5.88722585863927       -1.47086592158788        0.01798588946224
B           -5.92119340472338       -3.13803772759527        0.42326085337553
B           -4.41621417318868       -0.63088079371650        0.20129625282014
B           -4.44916273923694       -2.32953530949372        0.17488512590939
B           -4.47760876796999       -4.01496873722382        0.07336912650100
B           -2.86568898581511        3.56535209367909        0.03407406076421
B           -2.90086850244925        1.85968639865914        0.15130440243523
B           -1.39211444474318        4.37183680653155        0.25705329216609
B           -1.42316198193367        2.68531870130682        0.13399002113311
B           -1.45388118662883        0.98815899724974        0.06357003090739
B           -2.96414162042579       -1.50136880660524        0.26477134761763
B           -2.99202096254008       -3.21240477935992        0.19498055980403
B           -1.48540431757202       -0.69207178040120        0.10975566726773
B           -1.51802201130618       -2.38057914539534        0.30729800093930
B           -1.55160910642426       -4.05863010576144        0.49662235994152
B            0.05955609065989        3.51145130095927        0.10663338240574
B            0.02750579785717        1.80426980496572        0.11915230914054
B            1.54023883075195        4.30798126654568       -0.10395236306005
B            1.50826837892025        2.62936245492519        0.09205136092570
B            1.47548403619665        0.93641846706478        0.19763208831485
B           -0.03506467671862       -1.56081017250899        0.13760672006665
B           -0.06838913685101       -3.25775220144454        0.40352590448689
B            1.44419103330301       -0.74337522925329        0.21987510795094
B            1.41249542279377       -2.43677884919731        0.29372404573687
B            1.38046321098357       -4.11955082910549        0.42531984856503
B            2.98511922423141        3.45885437980497        0.15504145979919
B            2.95640103029361        1.74992083620515        0.14231141972088
B            4.46619635684467        4.26167998563293        0.33312728613262
B            4.43848464124492        2.57701876137438        0.24825200046354
B            4.40552343722579        0.87852348308231        0.21095968979843
B            2.89304204662945       -1.61056800554824        0.29543778743630
B            2.85884189256410       -3.32076500674038        0.21931097325058
B            4.37441875895374       -0.79553857902441        0.17562750022945
B            4.34453274357188       -2.49341195695067        0.16940407470861
B            4.31215870715352       -4.17805017811878        0.12614588530387
B            5.91396133188989        3.38789882155628        0.00038646399834
B            5.87868635030851        1.71587181680850        0.38712227451689
B            5.81777560336527       -1.68718627658750        0.05559508597175
B            5.78436651868821       -3.35533889204430        0.49423291695007
H           -6.71691873065680        4.22218619181918        0.63729324913242
H           -6.78834243296888        1.43314251088836       -0.49508724905945
H           -4.35564215007782        5.52503303784682       -0.52550815002972
H           -6.83490126235073       -0.97875391322949       -0.46051755398614
H           -6.87004654936603       -3.67967937412312        0.85117013460654
H           -4.55743363008245       -5.12947524208385       -0.29068314140467
H           -1.38287584290505        5.52594054820960        0.48034083711375
H           -1.59490964390139       -5.18881841342360        0.81882781706577
H            1.56824504165956        5.45098049824247       -0.37938126829719
H            1.36838988126768       -5.28765148096707        0.56711019263807
H            4.53944948886321        5.37625853424766        0.69856755704136
H            4.35931320417994       -5.29441219498856       -0.24034085037455
H            6.86269554657245        3.94315268342453       -0.40848280938961
H            6.80715945841087        1.21303253285001        0.89404059113100
H            6.78564100705553       -1.23782126474249       -0.42899054504873
H            6.70406809521572       -3.92198867090227        0.95173819477114
60
 energy: -61.505946434365 gnorm: 0.001350085129 xtb: 6.7.1 (edcfbbe)
B           -5.79471354448515        3.61258926218940        0.24415264484725
B           -5.82425957404335        1.92643182238047       -0.05403945991060
B           -4.31975848144582        4.41580891789411       -0.13882378545387
B           -4.35486570763219        2.73761690632163        0.05433369052077
B           -4.38489626014302        1.04223768631584        0.16286483149774
B           -5.88729195399280       -1.47079625259825        0.01702739051905
B           -5.92127381707484       -3.13808808642145        0.42173541917643
B           -4.41629128705896       -0.63087647829043        0.20093850412608
B           -4.44921939451001       -2.32953572863159        0.17302447451583
B           -4.47768940545769       -4.01499100642948        0.07254258191058
B           -2.86565722910362        3.56540399360752        0.03435180087913
B           -2.90094425029095        1.85969114947602        0.15148711094210
B           -1.39214884680831        4.37182192179519        0.25831664933892
B           -1.42323796265390        2.68539175402005        0.13817651539604
B           -1.45394376284646        0.98821137924194        0.06396855212696
B           -2.96423763930414       -1.50140634227019        0.26371046529410
B           -2.99204235756344       -3.21244601122926        0.19311781004467
B           -1.48546192573894       -0.69212523835676        0.10911014399981
B           -1.51812681988158       -2.38052306305809        0.30879557357202
B           -1.55173463933861       -4.05875663354368        0.49505686577626
B            0.05953421448592        3.51140452980405        0.10693231316386
B            0.02745906405122        1.80426888374283        0.11927811365436
B            1.54022785862903        4.30794802656480       -0.10449348983582
B            1.50827168772563        2.62919239451341        0.08743649441475
B            1.47543461767735        0.93642791393541        0.19771672795592
B           -0.03511516916925       -1.56089451690785        0.13591024880247
B           -0.06847747828026       -3.25775084027370        0.40325219607067
B            1.44413095005431       -0.74346170281677        0.21916477433954
B            1.41241574453045       -2.43666548086827        0.29795559578625
B            1.38041522586268       -4.11925423420888        0.43129259529057
B            2.98504997523620        3.45883178118191        0.15503782913656
B            2.95639704063865        1.74986201401960        0.14210431317337
B            4.46616730654044        4.26164590000790        0.33325149543733
B            4.43843086363645        2.57693582384650        0.24923510326003
B            4.40551270914074        0.87843198264302        0.20952540156774
B            2.89301990774634       -1.61067633389359        0.29314362440692
B            2.85867021391841       -3.32086864649170        0.21872830046957
B            4.37436484662949       -0.79561490222463        0.17371117081574
B            4.34444459421085       -2.49348276787635        0.16721107565326
B            4.31200670141826       -4.17822259570593        0.12573900928472
B            5.91394482999396        3.38789383387643        0.00159436748329
B            5.87871807738882        1.71571679672082        0.38621886785833
B            5.81769367387035       -1.68725725105774        0.05408402869206
B            5.78431909429169       -3.35552589536375        0.49216158510090
H           -6.71808627473718        4.22218246287844        0.63493134151420
H           -6.78878051111735        1.43367239773121       -0.49524575884795
H           -4.35519693897218        5.52598663590849       -0.52263236315561
H           -6.83542362129545       -0.97926547783422       -0.46130333166239
H           -6.87110620122368       -3.67935745803707        0.84816090550295
H           -4.55732130835907       -5.13017100148969       -0.28984170835971
H           -1.38248888057235        5.52554611217433        0.48592100741085
H           -1.59508101463862       -5.18890504898498        0.81802792814951
H            1.56793339554848        5.44962922492569       -0.38538644345689
H            1.36882145498064       -5.28582668650029        0.58477881612619
H            4.53931646698340        5.37644493514816        0.69875250452234
H            4.35902914680776       -5.29449077418468       -0.24129961912390
H            6.86349905518632        3.94495732894159       -0.40308245146120
H            6.80737644378511        1.21171766384476        0.89238382974618
H            6.78716105564791       -1.23819540915842       -0.42837808325092
H            6.70662976112215       -3.92170706094376        0.94510702524509
60
 energy: -61.505940480288 gnorm: 0.003581747455 xtb: 6.7.1 (edcfbbe)
B           -5.79475004159097        3.61258885179520        0.24359026611624
B           -5.82429177102754        1.92646286175017       -0.05454620084500
B           -4.31976410952094        4.41594423156824       -0.13793652370743
B           -4.35490288686163        2.73762400577284        0.05475577143969
B           -4.38496332462767        1.04224275416798        0.16297902316482
B           -5.88735720065540       -1.47072752428897        0.01608886323419
B           -5.92135175814789       -3.13813628444214        0.42025029331110
B           -4.41636739142181       -0.63087207101357        0.20058226867379
B           -4.44927463944665       -2.32953531402118        0.17118543481412
B           -4.47777069110021       -4.01501406437155        0.07174375441019
B           -2.86562345412341        3.56545560139476        0.03463019800357
B           -2.90101989846597        1.85969546010236        0.15166385683251
B           -1.39218265412168        4.37180714461141        0.25957061950581
B           -1.42331275073702        2.68546440016048        0.14231151631969
B           -1.45400551461237        0.98826304690285        0.06436700353516
B           -2.96433362587534       -1.50144357153542        0.26266474116254
B           -2.99206202143859       -3.21248766938091        0.19127795366164
B           -1.48551880876952       -0.69217920198586        0.10847932483016
B           -1.51823062445878       -2.38046842869266        0.31028449849384
B           -1.55185934836713       -4.05888180485301        0.49352278428530
B            0.05951336712743        3.51135695815474        0.10723253707437
B            0.02741360190435        1.80426781228788        0.11940335973974
B            1.54021888159061        4.30791574159009       -0.10502083652549
B            1.50827585475630        2.62902500776359        0.08288721296477
B            1.47538676421922        0.93643678384763        0.19778724580697
B           -0.03516467911179       -1.56097845018742        0.13424089979087
B           -0.06856448240953       -3.25774893029258        0.40299471597992
B            1.44407230334485       -0.74354884390198        0.21846954863117
B            1.41233773996818       -2.43655573924330        0.30211690749039
B            1.38036887518654       -4.11896330509227        0.43721448460414
B            2.98498137679441        3.45880909506571        0.15503570362535
B            2.95639596304473        1.74980186255116        0.14187482141003
B            4.46614082196740        4.26161256012622        0.33337793499755
B            4.43837782098132        2.57685214796336        0.25021775394467
B            4.40550441069998        0.87833966166628        0.20809354412909
B            2.89300034071010       -1.61078403924979        0.29088035501427
B            2.85849918735508       -3.32097290614686        0.21814304645105
B            4.37431248499985       -0.79569090925770        0.17179923470997
B            4.34435754119875       -2.49355341088566        0.16502438785474
B            4.31185844660048       -4.17839642489299        0.12535352993598
B            5.91392929223772        3.38788822185516        0.00280484575857
B            5.87875205768857        1.71556210115295        0.38531700906442
B            5.81761444593050       -1.68732900586962        0.05259762161715
B            5.78427274205215       -3.35571144512269        0.49012749808490
H           -6.71924996558124        4.22217398229383        0.63258139533826
H           -6.78922692085026        1.43421311942432       -0.49540199190510
H           -4.35476249888210        5.52692741497258       -0.51980958860006
H           -6.83595356653373       -0.97980129415528       -0.46207287419882
H           -6.87216806520123       -3.67901643476262        0.84520621454762
H           -4.55722163047024       -5.13086227714392       -0.28898089403700
H           -1.38209485978921        5.52517137788765        0.49139229067848
H           -1.59523942254916       -5.18898491658247        0.81727077909691
H            1.56761977087562        5.44830010068393       -0.39128737701580
H            1.36922592713213       -5.28404538349985        0.60206571701130
H            4.53918564984856        5.37663736401989        0.69892190406331
H            4.35877116532400       -5.29456245588498       -0.24224069726370
H            6.86429506582032        3.94676113203541       -0.39770355003546
H            6.80758511451473        1.21041120360933        0.89074995760348
H            6.78867212615702       -1.23857757120454       -0.42775312507260
H            6.70917318671791       -3.92141981921609        0.93855615039310
60
 energy: -61.505946926321 gnorm: 0.001187836017 xtb: 6.7.1 (edcfbbe)
B           -5.79475950171916        3.61260588561417        0.24397753895799
B           -5.82430534784307        1.92644558489985       -0.05384941502258
B           -4.31977908086950        4.41585030144319       -0.13845710558930
B           -4.35491447530335        2.73763255730561        0.05433623914340
B           -4.38493962580230        1.04226060885627        0.16315378952030
B           -5.88734674225144       -1.47075109603777        0.01684911090380
B           -5.92133880595092       -3.13814854957269        0.42058345041265
B           -4.41633956769459       -0.63086753156146        0.20115103016267
B           -4.44926658846730       -2.32954437741751        0.17233323578223
B           -4.47769931982312       -4.01498851070555        0.07170748086138
B           -2.86568256990571        3.56541661046171        0.03431033988249
B           -2.90097879104814        1.85970756115541        0.15175340047709
B           -1.39217853068929        4.37182334284541        0.25852410116643
B           -1.42327539553075        2.68540194623736        0.13916335871572
B           -1.45397841181642        0.98822856874701        0.06395560597683
B           -2.96427923157477       -1.50141601683825        0.26350610793407
B           -2.99207678074465       -3.21245207722328        0.19226137916963
B           -1.48549576785987       -0.69214078128721        0.10872413417577
B           -1.51817605707475       -2.38050629458105        0.30907975153352
B           -1.55179861544190       -4.05881184980357        0.49428140323619
B            0.05950688602326        3.51138465156005        0.10676897870995
B            0.02742541674876        1.80426768194540        0.11912518575800
B            1.54019627018796        4.30792354084662       -0.10480822661533
B            1.50824505355914        2.62912758354369        0.08588762572264
B            1.47538751378887        0.93645226267908        0.19827904866785
B           -0.03514912071255       -1.56092310168248        0.13528596281815
B           -0.06853219393306       -3.25773030326752        0.40332822024624
B            1.44408319825885       -0.74347054067043        0.21924092634241
B            1.41236242118351       -2.43659885146071        0.29976935717215
B            1.38036979248102       -4.11915614465455        0.43273627103888
B            2.98502073014469        3.45881936070879        0.15462873965057
B            2.95635200752831        1.74986975618013        0.14266942829145
B            4.46612162230807        4.26163593740095        0.33293034404451
B            4.43841554808171        2.57691495796204        0.24898460982596
B            4.40546968245825        0.87842274347919        0.20944236192877
B            2.89297096848526       -1.61070160355767        0.29280280428909
B            2.85860278067470       -3.32088809208717        0.21844933937990
B            4.37432693212750       -0.79563651283596        0.17348038674090
B            4.34440684587805       -2.49349460568301        0.16700578041833
B            4.31191858992120       -4.17825848172343        0.12576556162014
B            5.91392198753551        3.38787766296991        0.00168258068333
B            5.87869570204987        1.71568367017722        0.38589319745221
B            5.81763890010338       -1.68726190492316        0.05351423648169
B            5.78427894341191       -3.35560121323193        0.49122225743276
H           -6.71836767056177        4.22233255912697        0.63433757210222
H           -6.78884993175371        1.43365928819250       -0.49499141387336
H           -4.35495148923325        5.52641031777028       -0.52129980154201
H           -6.83559537760722       -0.97872542358605       -0.46086082006655
H           -6.87122256209299       -3.67975359628227        0.84653099284860
H           -4.55709329874749       -5.13054697936800       -0.28981529212509
H           -1.38236920002900        5.52542242442287        0.48796051442669
H           -1.59526984203298       -5.18936888972410        0.81638521611323
H            1.56780714753096        5.44934542528745       -0.38687282792964
H            1.36909603262344       -5.28508662070283        0.59168750309895
H            4.53924540609008        5.37641161353351        0.69882131038647
H            4.35833977297337       -5.29498878474759       -0.24042506390104
H            6.86363426204812        3.94526381562691       -0.40222391103834
H            6.80786307862395        1.21114780641285        0.89104684338779
H            6.78811681982219       -1.23793313435870       -0.42742018259989
H            6.70771330146299       -3.92123164781644        0.94264256521156
60
 energy: -61.505947910952 gnorm: 0.000819048796 xtb: 6.7.1 (edcfbbe)
B           -5.79474299538994        3.61257535218662        0.24462564124051
B           -5.82430456550414        1.92641781016059       -0.05330281838387
B           -4.31981772681733        4.41575643924932       -0.13899325269844
B           -4.35489070245758        2.73761191165524        0.05394277273669
B           -4.38490265931191        1.04227142761401        0.16368327265345
B           -5.88729643430551       -1.47079514715642        0.01732994823717
B           -5.92128581423225       -3.13817865807092        0.42065642277670
B           -4.41628671760303       -0.63087623835103        0.20175441521041
B           -4.44921101602350       -2.32955554418466        0.17332530019404
B           -4.47761117121425       -4.01498985193918        0.07123656516604
B           -2.86573918970871        3.56535997598880        0.03415734296290
B           -2.90094418071546        1.85971485566914        0.15183093200165
B           -1.39218033974694        4.37183059908435        0.25780827135608
B           -1.42325884390849        2.68535252220464        0.13643913125087
B           -1.45395769137979        0.98819678059731        0.06364364911058
B           -2.96421756411658       -1.50140848740470        0.26399285273755
B           -2.99206296550002       -3.21242083958467        0.19299086396270
B           -1.48546338140109       -0.69210721279035        0.10871409953992
B           -1.51811221386259       -2.38056660796072        0.30744215167560
B           -1.55171777290976       -4.05876340002908        0.49466309007192
B            0.05949167753111        3.51142101203060        0.10633478744629
B            0.02743339160851        1.80427572600450        0.11895087332653
B            1.54016517034523        4.30793821991555       -0.10475754200428
B            1.50822638030590        2.62922954765690        0.08840045296508
B            1.47539418418323        0.93647260218366        0.19852262919218
B           -0.03511450588094       -1.56086890725894        0.13621068729970
B           -0.06849137474442       -3.25770680537360        0.40367099961931
B            1.44410734270529       -0.74338381769014        0.22004376140296
B            1.41240623106498       -2.43659264510338        0.29859047217330
B            1.38040971887440       -4.11925434093490        0.43082238576457
B            2.98504607700247        3.45884297736467        0.15429455081605
B            2.95631602594186        1.74995731678519        0.14348705430329
B            4.46613034843654        4.26171132755833        0.33253812602031
B            4.43843334240369        2.57698547680699        0.24765062505162
B            4.40544643586651        0.87852421546796        0.21093002926147
B            2.89296955293558       -1.61060936417381        0.29456029317704
B            2.85870459272495       -3.32078576589425        0.21884760722820
B            4.37433737896717       -0.79556480808628        0.17496736579527
B            4.34445066049431       -2.49341272411072        0.16887486921864
B            4.31202205001519       -4.17813113371406        0.12585064711484
B            5.91389822763779        3.38789399623521        0.00045013114503
B            5.87865667417071        1.71583467470762        0.38645285375226
B            5.81766694842234       -1.68716484195352        0.05426202257556
B            5.78434658034736       -3.35548836238466        0.49191685789409
H           -6.71734854079780        4.22252246092449        0.63646421297078
H           -6.78839407922302        1.43307614403866       -0.49485997903771
H           -4.35520940883773        5.52592321169374       -0.52262930045937
H           -6.83518148957450       -0.97748351152288       -0.45976700878219
H           -6.87019965675471       -3.68063203947100        0.84756437305535
H           -4.55696224859056       -5.13019380484611       -0.29118286381860
H           -1.38271964621003        5.52545772531332        0.48547548890992
H           -1.59523340578346       -5.18982897540694        0.81488798452073
H            1.56802023323703        5.45027816713833       -0.38319449943114
H            1.36843201428788       -5.28583709069035        0.58293287932323
H            4.53933202660508        5.37617367334896        0.69878147090681
H            4.35783102490411       -5.29555833831219       -0.23843994997201
H            6.86290859781399        3.94360579484326       -0.40724129042649
H            6.80826355352325        1.21199252565355        0.89109932511143
H            6.78741133995192       -1.23704434465972       -0.42722252268570
H            6.70612424019747       -3.92123835102227        0.94645160747354
