60
 energy: -61.504527689950 gnorm: 0.126783188197 xtb: 6.7.1 (edcfbbe)
B           -5.95608823000000        2.79659135000000        0.61982433000000
B           -5.89139682000000        1.09049642000000        0.74226448000000
B           -4.52392102000000        3.65156583000000        1.02277599000000
B           -4.46676498000000        1.98991189000000        0.72321136000000
B           -4.40407831000000        0.30987189000000        0.49933084000000
B           -5.77166422000000       -2.24073981000000        0.04187371000000
B           -5.70823403000000       -3.94779973000000        0.18336926000000
B           -4.34376281000000       -1.35211895000000        0.27272328000000
B           -4.28420947000000       -3.03317348000000        0.05453043000000
B           -4.22159213000000       -4.69727060000000       -0.22523380000000
B           -3.02815876000000        2.89540151000000        0.76972711000000
B           -2.96887906000000        1.20929305000000        0.53880883000000
B           -1.60003545000000        3.79739984000000        0.67621487000000
B           -1.53811766000000        2.10857750000000        0.62249282000000
B           -1.47623365000000        0.42345730000000        0.46027980000000
B           -2.84610807000000       -2.14382566000000        0.22839565000000
B           -2.78299838000000       -3.83158479000000        0.01170009000000
B           -1.41560084000000       -1.24525500000000        0.24800359000000
B           -1.35354089000000       -2.93642328000000        0.14642117000000
B           -1.29040857000000       -4.62464651000000        0.09740475000000
B           -0.10277887000000        3.00523357000000        0.73444636000000
B           -0.04138213000000        1.31797351000000        0.52314657000000
B            1.33155628000000        3.87141971000000        0.97092017000000
B            1.39155982000000        2.21202458000000        0.65258328000000
B            1.45125872000000        0.53996114000000        0.37041534000000
B            0.08078559000000       -2.03058408000000        0.16592172000000
B            0.14304543000000       -3.72574580000000        0.02855189000000
B            1.51305930000000       -1.13713141000000        0.23827632000000
B            1.57480361000000       -2.82158504000000        0.06853291000000
B            1.63390051000000       -4.48399621000000       -0.23537146000000
B            2.82278267000000        3.11646938000000        0.69974363000000
B            2.88605195000000        1.42518643000000        0.51695843000000
B            4.25480698000000        4.01737257000000        0.60690604000000
B            4.31975638000000        2.33214955000000        0.52063116000000
B            4.37970038000000        0.64503514000000        0.36249845000000
B            3.00814776000000       -1.92055575000000        0.13559766000000
B            3.06870208000000       -3.61736667000000        0.00835317000000
B            4.44150020000000       -1.02837106000000        0.24291196000000
B            4.50521364000000       -2.71918823000000        0.12346243000000
B            4.56540332000000       -4.40723595000000        0.07959011000000
B            5.75126822000000        3.20278955000000        0.80866199000000
B            5.80685789000000        1.56469857000000        0.30133380000000
B            5.93461137000000       -1.84106635000000        0.30789978000000
B            5.99293671000000       -3.48354030000000       -0.17387470000000
H           -6.91668948000000        3.37658966000000        0.28403103000000
H           -6.82621363000000        0.50418431000000        1.12379599000000
H           -4.60735402000000        4.72038130000000        1.50217931000000
H           -6.73967195000000       -1.73242653000000       -0.37285635000000
H           -6.62473030000000       -4.59354538000000        0.52087085000000
H           -4.23025628000000       -5.76490529000000       -0.71185309000000
H           -1.64893674000000        4.96922477000000        0.62779900000000
H           -1.25386334000000       -5.79655695000000        0.14699109000000
H            1.29675215000000        5.00840835000000        1.25909084000000
H            1.67511868000000       -5.61826836000000       -0.53223796000000
H            4.25220409000000        5.16218699000000        0.35019427000000
H            4.65550201000000       -5.54870230000000        0.32284246000000
H            6.67566088000000        3.75999956000000        1.25730914000000
H            6.75714325000000        1.16505139000000       -0.24865257000000
H            6.87013432000000       -1.33887843000000        0.79120497000000
H            6.92755397000000       -3.96884768000000       -0.68320449000000
60
 energy: -61.507570224505 gnorm: 0.041410389816 xtb: 6.7.1 (edcfbbe)
B           -5.95423972402029        2.79750241083655        0.59969740344182
B           -5.88944406907761        1.09058474142173        0.76823197486261
B           -4.52436378654923        3.64649230654696        1.04387931433278
B           -4.46799776393633        1.98852531244043        0.73576744010370
B           -4.40421090003148        0.30626220388303        0.50960648294590
B           -5.76982208152891       -2.24074664576084        0.01449555763597
B           -5.70591699047110       -3.94828472099125        0.20196020321515
B           -4.34426254694984       -1.34918728443797        0.26760040627055
B           -4.28551693798085       -3.03162521448114        0.03939791512889
B           -4.22241820762244       -4.69198233736629       -0.24919057704717
B           -3.02848079814935        2.89873344928533        0.77038225650879
B           -2.96856915895884        1.20689272027630        0.53655055515942
B           -1.60036750236830        3.79825760362446        0.65438735142873
B           -1.53883241777605        2.10963167455133        0.61164273562329
B           -1.47657041375503        0.42174765029501        0.46128760779596
B           -2.84586813388982       -2.14076387180338        0.22489315702736
B           -2.78288527450785       -3.83433185171239        0.00634454417961
B           -1.41598113587343       -1.24420985244701        0.25457341400918
B           -1.35390160446832       -2.93650531324214        0.14948845410263
B           -1.29010852553666       -4.62495838993252        0.11796714637930
B           -0.10338579965862        3.00898781781828        0.73165389206642
B           -0.04173060742259        1.31571354518893        0.52119062913608
B            1.33111190321636        3.86797791591192        0.98896552991909
B            1.39137789869287        2.21175074267428        0.65584372007448
B            1.45134664755700        0.53684917522005        0.38604381970325
B            0.08041143657685       -2.02794540575890        0.16712525327154
B            0.14282633947219       -3.72831820275525        0.02246581083211
B            1.51288415573428       -1.13560402865918        0.24161052007925
B            1.57457897723321       -2.81995244358356        0.05640988004425
B            1.63316540144210       -4.48010203977964       -0.25609762046592
B            2.82176695037345        3.12119687989149        0.68936949931204
B            2.88503868976796        1.42282697702506        0.51608773161076
B            4.25450169398245        4.01753277749211        0.58248008067163
B            4.32011286410289        2.33429980648589        0.50377210126351
B            4.37958988701043        0.64295888135463        0.36171678619737
B            3.00702674282624       -1.91689192306151        0.12800917986034
B            3.06832144501177       -3.62091955520389        0.01233727677961
B            4.44132775426679       -1.02735169677305        0.26060939735941
B            4.50605012602107       -2.71988962940576        0.13306116503908
B            4.56579700625250       -4.40595515767523        0.09701519719346
B            5.74870097395254        3.19970509277229        0.82527390381866
B            5.80355439441868        1.57087273314484        0.27342678335219
B            5.93259181477008       -1.84584979788798        0.32760894521011
B            5.98988589146901       -3.47956761156704       -0.19638496145104
H           -6.91768710823691        3.38031262038047        0.26806971363697
H           -6.82829869892326        0.50393349999682        1.14822520258369
H           -4.60919721875045        4.72031142077112        1.51492058515368
H           -6.74493522878396       -1.73243502093337       -0.38850497420759
H           -6.62417602132792       -4.59681357986886        0.53902162756548
H           -4.23310322853658       -5.76713294080718       -0.72389788753517
H           -1.64843706839656        4.97238925452337        0.61618746967897
H           -1.25260352260516       -5.79912704455622        0.16441179625888
H            1.29725378716295        5.00723025535139        1.27708531457586
H            1.67746206168653       -5.61942556652000       -0.54226636864131
H            4.25594515576231        5.16802177770589        0.34227506619391
H            4.65860272078352       -5.55266258403382        0.33275357454735
H            6.67576600651755        3.76162327843435        1.27332595681400
H            6.76436553070249        1.16602392945683       -0.25978841995632
H            6.87369163831970       -1.34569214217304        0.81076061227119
H            6.93236465100792       -3.97334557158278       -0.69141707292180
60
 energy: -61.507832004177 gnorm: 0.026018492404 xtb: 6.7.1 (edcfbbe)
B           -5.95575624357644        2.79775182139632        0.60239897315133
B           -5.88975637643793        1.09008945381862        0.77442741460303
B           -4.52488929965051        3.64638050948561        1.04730663813074
B           -4.46782974325028        1.98762260582728        0.74165712756736
B           -4.40470873224818        0.30541425365433        0.51461669885367
B           -5.77034746569122       -2.24055082697110        0.01111895033267
B           -5.70723850194151       -3.94870277493337        0.19816628681554
B           -4.34485604441468       -1.34823747546153        0.26146385736665
B           -4.28544527623597       -3.03057090798681        0.03227941059297
B           -4.22293534158882       -4.69165518404211       -0.25480038064080
B           -3.02805927130021        2.89874119325585        0.77241820641119
B           -2.96938720241290        1.20696569217956        0.53559632632820
B           -1.60104881933191        3.79917627370718        0.64681471850922
B           -1.53915012579657        2.11019913552042        0.60879052153753
B           -1.47688562806369        0.42185036241987        0.46153556247058
B           -2.84663596587271       -2.14047216668807        0.22244600634667
B           -2.78238876908746       -3.83381085170310        0.00011027630023
B           -1.41622869961045       -1.24439870493862        0.25638503746988
B           -1.35409217082212       -2.93640250843834        0.14649981004558
B           -1.29043931946113       -4.62546626364942        0.12298011545665
B           -0.10368297905318        3.00968634562548        0.72840961139404
B           -0.04196677774174        1.31579915008707        0.52103083417364
B            1.33120501931093        3.86769384870234        0.99333957944269
B            1.39113566125194        2.21243355476676        0.65306105831221
B            1.45130934369654        0.53648441543728        0.39118289569739
B            0.08025715530748       -2.02789022672226        0.16762639008475
B            0.14262919826579       -3.72804916418857        0.01808332090290
B            1.51284587377531       -1.13583141200719        0.24428684468257
B            1.57447297220418       -2.81967292737322        0.05287807601213
B            1.63325710315407       -4.47935882329933       -0.26303306026304
B            2.82065257680715        3.12259044659271        0.67966743795032
B            2.88541835229611        1.42294902428999        0.51630935996622
B            4.25448085774604        4.01863882697028        0.57617819347272
B            4.31944870790476        2.33492528556865        0.49634527867647
B            4.37967598425212        0.64328907265105        0.35773901965051
B            3.00739794948081       -1.91637259631616        0.12507222820726
B            3.06755618336342       -3.62121752753942        0.01469539861310
B            4.44156770492816       -1.02715583199577        0.26319896930783
B            4.50567939762637       -2.71983913219901        0.13667813010632
B            4.56610811497458       -4.40625353106036        0.09872213538326
B            5.74965183028628        3.20131708622646        0.82051946373662
B            5.80369949891379        1.57146320321947        0.27102778706654
B            5.93274891699008       -1.84631481635198        0.33131538530732
B            5.99104872599738       -3.47995243686631       -0.19636759508595
H           -6.91628730469107        3.37989944545537        0.26426819523311
H           -6.82588874210622        0.50638730543158        1.16746105219755
H           -4.61246667853994        4.71648016338110        1.52551929947549
H           -6.74482440163478       -1.73430551544502       -0.39621477810811
H           -6.62169825413071       -4.59643615550645        0.54426775806376
H           -4.23714075281411       -5.76491985944974       -0.73353515446794
H           -1.64915672904342        4.97339667409357        0.60241619368690
H           -1.25213890414823       -5.79944181625771        0.18341798469007
H            1.29770829520330        5.00338065958105        1.29731902978521
H            1.67875926951827       -5.61790866099697       -0.55394631395736
H            4.26020286536473        5.16884728611284        0.33466557271321
H            4.66301693283030       -5.55163600735094        0.34236856988463
H            6.67356767409869        3.76191061512846        1.27560086706462
H            6.76506956033042        1.16740484305675       -0.26234815796558
H            6.87284759560484       -1.35334493218810        0.82583429628621
H            6.93401926921423       -3.97542848571641       -0.68755265502860
60
 energy: -61.507984952450 gnorm: 0.012809217060 xtb: 6.7.1 (edcfbbe)
B           -5.95572865468548        2.79712675753510        0.60657011320279
B           -5.88950874401572        1.08941423622653        0.77800107373468
B           -4.52468382022983        3.64604904649849        1.04907068799567
B           -4.46760581636262        1.98700761157657        0.74565166263598
B           -4.40475194112811        0.30548416370758        0.51421583688883
B           -5.77035847524489       -2.24009190979314        0.01022848699169
B           -5.70712297003340       -3.94815279406637        0.19369222821029
B           -4.34490728321568       -1.34797700832210        0.25943624685659
B           -4.28533264730452       -3.02986224950644        0.02793597958308
B           -4.22280271971113       -4.69102379875100       -0.25854510342663
B           -3.02785331771339        2.89831332005105        0.77459981175510
B           -2.96960578250002        1.20712650687425        0.53465247442417
B           -1.60137704159862        3.79929968973407        0.64356044868101
B           -1.53921896190573        2.11031142151649        0.60763455476137
B           -1.47699791464153        0.42211956833128        0.46061041054410
B           -2.84682828059359       -2.14022935201795        0.22019821500914
B           -2.78221283486250       -3.83297835790859       -0.00530743855992
B           -1.41628376436234       -1.24455905188121        0.25740473716154
B           -1.35413737773446       -2.93592744160387        0.14245524967684
B           -1.29061291922438       -4.62522429660410        0.12358011609764
B           -0.10385098929077        3.00971844753651        0.72547297554173
B           -0.04211194940745        1.31593145291513        0.52095087312144
B            1.33119328412768        3.86743580273018        0.99400825556229
B            1.39087186028663        2.21288146253763        0.64939095509324
B            1.45117981876313        0.53633393066626        0.39429796940633
B            0.08015834711442       -2.02788354865572        0.16750945166619
B            0.14246278525774       -3.72722821194936        0.01401496014967
B            1.51271065182884       -1.13598153323202        0.24521541522349
B            1.57428724579337       -2.81930195646195        0.05068537747432
B            1.63321712662161       -4.47870638867883       -0.26626790053385
B            2.82002605611404        3.12333703713757        0.67157831429024
B            2.88534992968282        1.42311570927543        0.51589580822428
B            4.25394639372534        4.01905367222684        0.57115695295416
B            4.31897002463645        2.33529666585036        0.49147874022358
B            4.37942590351480        0.64355925453729        0.35624758715225
B            3.00733947833067       -1.91612864483663        0.12340775246777
B            3.06714829710191       -3.62107543025873        0.01634572018361
B            4.44136183884537       -1.02678108960722        0.26015245333076
B            4.50534244853354       -2.71983417790049        0.13950223300252
B            4.56571342452058       -4.40608869455811        0.09923273159492
B            5.74918087428501        3.20199125488440        0.81501641230646
B            5.80348963085771        1.57126214722415        0.27080297329829
B            5.93239404308807       -1.84606740357775        0.33266951878761
B            5.99081915631221       -3.47998560014084       -0.19339371590061
H           -6.91478309998546        3.37914839004728        0.26320724113793
H           -6.82184354455259        0.50868721827236        1.18689703827470
H           -4.61485780262646        4.71167435193009        1.53720097113513
H           -6.74334490087069       -1.73549501241286       -0.40380294174062
H           -6.61904584335638       -4.59614382940355        0.54704650251137
H           -4.23994837589928       -5.76148662272465       -0.74418379735216
H           -1.65004362860979        4.97351825578828        0.58777020829688
H           -1.25203802546726       -5.79882490287925        0.20284046760896
H            1.29826712212889        4.99834526089948        1.31853906042767
H            1.67947786678794       -5.61537845558856       -0.56650577237997
H            4.26274839045263        5.16869212482292        0.32544034642440
H            4.66640779176773       -5.54959818198363        0.35347626682426
H            6.67089860274897        3.76273740436646        1.27578384506337
H            6.76408151264671        1.16809906938991       -0.26549655094715
H            6.87004114718193       -1.36014429642947        0.84102466876310
H            6.93539644407728       -3.97733996335570       -0.68053510089268
60
 energy: -61.508072195255 gnorm: 0.006365655163 xtb: 6.7.1 (edcfbbe)
B           -5.95562297966643        2.79666199884523        0.60986609123961
B           -5.88941343698097        1.08863139455870        0.78297332063766
B           -4.52455154536116        3.64541920590108        1.05359578146945
B           -4.46777103549515        1.98652928032180        0.75103999599509
B           -4.40491890731273        0.30598265903333        0.51131450755302
B           -5.77057105544043       -2.23955008900598        0.00778841809151
B           -5.70692172020699       -3.94777922729397        0.19065352442731
B           -4.34502723512561       -1.34812241242242        0.25976080577804
B           -4.28566548183387       -3.02945739913779        0.02342438592429
B           -4.22286015419911       -4.69007069185523       -0.26523140459425
B           -3.02818850393532        2.89809802104449        0.77772718929673
B           -2.96963068141418        1.20741259712998        0.53315731879883
B           -1.60163578445268        3.79951375875566        0.64095201153678
B           -1.53936954138883        2.11058474808105        0.60568168907743
B           -1.47713403293996        0.42251259854639        0.45809046021225
B           -2.84682976095055       -2.14003671320321        0.21792562351486
B           -2.78260985063239       -3.83245482355549       -0.01130685661917
B           -1.41635305312286       -1.24475947194250        0.25891917530451
B           -1.35426269356157       -2.93558079775318        0.13879585322474
B           -1.29075723775270       -4.62505732064082        0.12287037770559
B           -0.10397469563701        3.01008088871075        0.72235396216286
B           -0.04220789986745        1.31611826203404        0.52065562985710
B            1.33123226208931        3.86738758786674        0.99400132799934
B            1.39079386593536        2.21328814112062        0.64647988745495
B            1.45117467880985        0.53605749104278        0.39805238941999
B            0.08008709505186       -2.02787811965259        0.16671973798462
B            0.14233706023448       -3.72667540460879        0.00919711100433
B            1.51265795445817       -1.13598072595713        0.24468026355051
B            1.57422847799932       -2.81888307616768        0.04697204967706
B            1.63320220787019       -4.47818434541649       -0.26984657855002
B            2.82005631901246        3.12439838543298        0.66343925857343
B            2.88515347192712        1.42338035700577        0.51470978013568
B            4.25357335605742        4.01980657478564        0.56251193183807
B            4.31903243302087        2.33602448787111        0.48605189861735
B            4.37938870085524        0.64377325315733        0.35625425165337
B            3.00718523478803       -1.91607940750373        0.12251159847849
B            3.06739012791987       -3.62129339776247        0.01800578369639
B            4.44131176749191       -1.02654860693560        0.25672275153280
B            4.50551357765568       -2.72042177429305        0.14497920517612
B            4.56548789501323       -4.40624861189398        0.10206681886677
B            5.74872781414610        3.20251797119028        0.81047709819391
B            5.80348040022710        1.57134761995552        0.26841587128044
B            5.93232074973887       -1.84596373089458        0.33501492857658
B            5.99061458308537       -3.48015777939501       -0.19021814127034
H           -6.91355426579552        3.37906050380779        0.26373928448954
H           -6.81560280326316        0.51062059885142        1.21129131702860
H           -4.61669343544350        4.70561407922420        1.55344249803875
H           -6.74079592605107       -1.73555685497449       -0.41425656392349
H           -6.61632522192050       -4.59693913267867        0.54871598708015
H           -4.24186338890696       -5.75680660247851       -0.75941587279531
H           -1.65135725919584        4.97306405743391        0.56755745272952
H           -1.25253386950317       -5.79728279645142        0.22717529625223
H            1.29942994769090        4.99102918729080        1.34533999280850
H            1.67999203058426       -5.61116102912699       -0.58479306122570
H            4.26380887487209        5.16837999529711        0.31110527944513
H            4.66902577995239       -5.54698348680036        0.36901474635573
H            6.66781262467161        3.76506375043938        1.27499310303393
H            6.76185472590651        1.16807363032119       -0.27214539779969
H            6.86486057079803       -1.36676039650102        0.86037833883839
H            6.93737693949398       -3.98018782875414       -0.67062942484059
60
 energy: -61.508094595438 gnorm: 0.003814140215 xtb: 6.7.1 (edcfbbe)
B           -5.95566521435343        2.79669581433504        0.61038864331038
B           -5.88926632595860        1.08849448127725        0.78369712073751
B           -4.52443174976460        3.64495684198051        1.05632048781854
B           -4.46757138395741        1.98620355655752        0.75347011715912
B           -4.40482278053967        0.30605783543512        0.51088490635630
B           -5.77046611680228       -2.23948195768243        0.00726485131104
B           -5.70695462298375       -3.94787343682190        0.19036611510708
B           -4.34490462567000       -1.34816153037590        0.25979290235945
B           -4.28555290409041       -3.02931206873584        0.02237474237334
B           -4.22283475192809       -4.68963108338826       -0.26801214874709
B           -3.02816515243888        2.89788491603869        0.77908677641391
B           -2.96954086634017        1.20754337015680        0.53178512502416
B           -1.60159491219700        3.79950223674101        0.64022284664414
B           -1.53940447620291        2.11075254461956        0.60355624726919
B           -1.47711230305449        0.42262187646652        0.45638230628570
B           -2.84671446748671       -2.14006887889731        0.21833161187073
B           -2.78261481443213       -3.83227642064014       -0.01264945413263
B           -1.41630937645326       -1.24474208762788        0.25917361314423
B           -1.35424804633134       -2.93567118919249        0.14026106284306
B           -1.29069357835601       -4.62500026785888        0.12288422925091
B           -0.10396941258355        3.01021637917496        0.72195550544430
B           -0.04219578849520        1.31612051000930        0.52000761222047
B            1.33122058205670        3.86721540054365        0.99452572086115
B            1.39084581710363        2.21302585813856        0.64811202846759
B            1.45117543066326        0.53594792523277        0.39843773084423
B            0.08008871915766       -2.02775584490233        0.16598802811244
B            0.14236064699920       -3.72671734200122        0.00858222343910
B            1.51263311928851       -1.13580580465658        0.24351039467798
B            1.57423165066754       -2.81856349657860        0.04429587386848
B            1.63317019886127       -4.47791799261935       -0.27136252362282
B            2.82007571267918        3.12441373261222        0.66264066071376
B            2.88506600748833        1.42338338314509        0.51440587365793
B            4.25347610002192        4.01997505464274        0.55931532508943
B            4.31891493043458        2.33608201706351        0.48496418697341
B            4.37929760420086        0.64380063740780        0.35596892538648
B            3.00710978269771       -1.91607306443730        0.12236001287462
B            3.06743573225144       -3.62129010048543        0.01837276839611
B            4.44122647502584       -1.02663752187969        0.25727551042463
B            4.50540473118606       -2.72074043628057        0.14859068115894
B            4.56545129613755       -4.40638758786527        0.10444668829932
B            5.74882382051423        3.20272484406233        0.80954872814323
B            5.80335551472476        1.57143608355507        0.26721444730030
B            5.93224047621106       -1.84601277353786        0.33598825000581
B            5.99073238809061       -3.48036331189227       -0.18925500558546
H           -6.91387530595142        3.37999637719497        0.26724649085020
H           -6.81300632620826        0.51089154066491        1.21680332079491
H           -4.61698712392868        4.70374698405846        1.55892763282385
H           -6.73974137205293       -1.73507191717461       -0.41654156324531
H           -6.61622976130089       -4.59807241783387        0.54600516143976
H           -4.24198869392380       -5.75524402469846       -0.76449914087894
H           -1.65203604078313        4.97238510789373        0.55911167205839
H           -1.25317539379564       -5.79604420971704        0.23456168435184
H            1.30029741482360        4.98777970893133        1.35350851995277
H            1.68023199294085       -5.60872221741718       -0.59351541708553
H            4.26342677458617        5.16797074297897        0.30541930188479
H            4.66906068521506       -5.54602583278692        0.37462983005561
H            6.66745952620583        3.76694108504433        1.27205507817338
H            6.76064867188607        1.16798077072706       -0.27511842234650
H            6.86237369156938       -1.36754029624050        0.86529599589056
H            6.93834626467568       -3.98197147246393       -0.66564183427055
60
 energy: -61.508109851861 gnorm: 0.001857115488 xtb: 6.7.1 (edcfbbe)
B           -5.95561022912228        2.79658549425495        0.61165412049619
B           -5.88927307810286        1.08847596432395        0.78356523093198
B           -4.52435111057487        3.64463397228685        1.05838848689294
B           -4.46747848425909        1.98589983062720        0.75597418742025
B           -4.40481619463976        0.30606213429637        0.51079559366533
B           -5.77045367693904       -2.23954326770904        0.00731990992579
B           -5.70691877367429       -3.94782913337621        0.18918837262184
B           -4.34488698905818       -1.34821054207600        0.25981130739522
B           -4.28551798825760       -3.02926990066805        0.02156893016537
B           -4.22279420953527       -4.68943902632111       -0.26959739689242
B           -3.02810732152839        2.89770292148835        0.78030533800257
B           -2.96956497502417        1.20766365551747        0.53061147641924
B           -1.60157715776148        3.79956340510093        0.63967323258067
B           -1.53944668279792        2.11104317958223        0.60049818607885
B           -1.47711246937878        0.42271971226204        0.45497637889789
B           -2.84670279655318       -2.14019431436036        0.21905157275966
B           -2.78256124783336       -3.83220784158679       -0.01338390386848
B           -1.41628930559679       -1.24469281705809        0.25866030364699
B           -1.35419944270445       -2.93603613377365        0.14391054167267
B           -1.29063675974321       -4.62508973904384        0.12329577934060
B           -0.10394529412205        3.01027014525408        0.72220781082348
B           -0.04217447804591        1.31618702183676        0.51904663360904
B            1.33124460569354        3.86708897002411        0.99544492273522
B            1.39093825285859        2.21258020207029        0.65177168814381
B            1.45120146614627        0.53600348824419        0.39752815575916
B            0.08011412394551       -2.02767841877108        0.16520833737573
B            0.14242576810726       -3.72690359243366        0.00927123127700
B            1.51266461387429       -1.13567054394431        0.24236004370388
B            1.57425704513008       -2.81823059641512        0.04105643846060
B            1.63321485443995       -4.47780123700059       -0.27249161461539
B            2.82010704661273        3.12435199804855        0.66295089998373
B            2.88512621990595        1.42341011146827        0.51417180559754
B            4.25346669944039        4.02006917940296        0.55777605230546
B            4.31893018537549        2.33613061886451        0.48458689366193
B            4.37934626077943        0.64380120539635        0.35577720878189
B            3.00718639418158       -1.91609814328257        0.12224046879841
B            3.06748142327489       -3.62132261876316        0.01877572336368
B            4.44128229682857       -1.02671253427518        0.25777505343661
B            4.50542333360838       -2.72112671636146        0.15242811837545
B            4.56547070335822       -4.40655506714307        0.10656113213696
B            5.74883591698223        3.20291743879821        0.80799290082711
B            5.80337038296355        1.57149398556273        0.26652112277421
B            5.93228289871299       -1.84607539616921        0.33678038476148
B            5.99079415862572       -3.48060447486968       -0.18736846598414
H           -6.91476086431526        3.38127393761328        0.27383898170283
H           -6.81150743010112        0.51091827742275        1.21795079247638
H           -4.61706860257651        4.70262488235178        1.56226618399498
H           -6.73929396283424       -1.73465133966067       -0.41653719091348
H           -6.61699964390389       -4.59920700559272        0.54013917924991
H           -4.24192862880813       -5.75430484021354       -0.76729969235897
H           -1.65252269422781        4.97155533221626        0.55151689332472
H           -1.25365454345419       -5.79483355427152        0.23934675296967
H            1.30087235533552        4.98508212734975        1.35890556357541
H            1.68039596050387       -5.60608383602437       -0.60223451740215
H            4.26305132656068        5.16739767511324        0.30148432768445
H            4.66867329541390       -5.54526611008761        0.37875303080471
H            6.66806476724530        3.76886113814224        1.26653952710380
H            6.75983904900995        1.16816491306690       -0.27711486910250
H            6.86086574416341       -1.36733003448442        0.86698568401056
H            6.93933595639581       -3.98399311225072       -0.65946118136656
60
 energy: -61.508118503017 gnorm: 0.002100678817 xtb: 6.7.1 (edcfbbe)
B           -5.95565815294447        2.79640901423027        0.61375641083884
B           -5.88927250153275        1.08844139428695        0.78338444164257
B           -4.52425168449763        3.64451541749770        1.05923346631761
B           -4.46741318547990        1.98561138624887        0.75814010448292
B           -4.40480766233371        0.30610148044676        0.51005840296352
B           -5.77042795680728       -2.23955077761511        0.00724429458012
B           -5.70701122733235       -3.94772320277616        0.18718788878873
B           -4.34487108274461       -1.34830673873108        0.26067137248419
B           -4.28549253670897       -3.02920296225946        0.02075534291194
B           -4.22269218655454       -4.68944954855491       -0.26993843201675
B           -3.02804220667782        2.89763852901651        0.78088342228606
B           -2.96955581099767        1.20764352577793        0.53042807663585
B           -1.60156206921017        3.79957676333032        0.63924983380945
B           -1.53947571540796        2.11146449559719        0.59607839059944
B           -1.47710080308054        0.42279008011922        0.45434350292797
B           -2.84667463082058       -2.14021014890559        0.21901634000064
B           -2.78248226390290       -3.83223251360379       -0.01363838491809
B           -1.41627698605206       -1.24457878815954        0.25712460363073
B           -1.35410059922648       -2.93659984557121        0.14955292818573
B           -1.29059649881497       -4.62515580939808        0.12396891631817
B           -0.10392080301463        3.01014851750138        0.72279581964606
B           -0.04216408069847        1.31630087680015        0.51785938877112
B            1.33126173376753        3.86692914239928        0.99639329220143
B            1.39101525134068        2.21193173241447        0.65733180560012
B            1.45118619526215        0.53624863769360        0.39532032003246
B            0.08013473136418       -2.02763211560903        0.16455413264380
B            0.14248655470595       -3.72703820165933        0.01074806565834
B            1.51268134665534       -1.13561565013489        0.24147135085782
B            1.57422287592368       -2.81776224677713        0.03669510884869
B            1.63326092407531       -4.47774455553900       -0.27296043243757
B            2.82009129616574        3.12434797819379        0.66328306350662
B            2.88514349916339        1.42345208012253        0.51349886492942
B            4.25344780352618        4.02007900348702        0.55773189552522
B            4.31895658978704        2.33615299999344        0.48432908802801
B            4.37940222631448        0.64370136805322        0.35624770048309
B            3.00722899626937       -1.91608496451697        0.12217079167527
B            3.06748657955201       -3.62142287881625        0.01943153227451
B            4.44131557564603       -1.02667546300861        0.25743621054829
B            4.50544707323715       -2.72143223476433        0.15570976932684
B            4.56543812836572       -4.40668177773644        0.10789616547440
B            5.74893539722143        3.20319546923771        0.80605799265160
B            5.80338056707104        1.57149756771786        0.26592665048105
B            5.93231430609633       -1.84608532372110        0.33736587489122
B            5.99096470700225       -3.48098125333469       -0.18462285642063
H           -6.91653375318775        3.38245047584103        0.28329206325952
H           -6.81163953642328        0.51052985255645        1.21612118060017
H           -4.61696975256748        4.70215199329409        1.56373327550197
H           -6.73973576209992       -1.73428707299826       -0.41484268634914
H           -6.61886954469247       -4.60003116898272        0.53180242110553
H           -4.24177973581423       -5.75413228258048       -0.76782968549993
H           -1.65254812424219        4.97078216861766        0.54434069406933
H           -1.25364895880581       -5.79419547768765        0.24331736375475
H            1.30076859436908        4.98319608759373        1.36365410332913
H            1.68022983393194       -5.60329205013951       -0.61127787960669
H            4.26297421639388        5.16699036828898        0.29989209914554
H            4.66828689445446       -5.54485460787221        0.38178619460792
H            6.66996898787130        3.77053705202038        1.25900767797180
H            6.75984353896677        1.16852683352160       -0.27789855090975
H            6.86100771779523       -1.36666602578515        0.86623251550637
H            6.94080174037785       -3.98614557466163       -0.65178324415366
60
 energy: -61.508120949135 gnorm: 0.000772536308 xtb: 6.7.1 (edcfbbe)
B           -5.95563334362064        2.79636709072809        0.61407085921622
B           -5.88927936452944        1.08842194867533        0.78355895109901
B           -4.52426412512594        3.64462335549471        1.05880767019718
B           -4.46741646557418        1.98561358263845        0.75810213403819
B           -4.40481273548769        0.30604969003800        0.51060847498759
B           -5.77044727380232       -2.23949715237433        0.00709862355603
B           -5.70700002781629       -3.94765466670365        0.18693978062419
B           -4.34488516305485       -1.34825683232628        0.26031918125503
B           -4.28550453432368       -3.02913716737185        0.02040933022904
B           -4.22270699285719       -4.68952615250148       -0.26956061347102
B           -3.02803254184211        2.89769477235104        0.78051376942069
B           -2.96956756418996        1.20758064237762        0.53111882324218
B           -1.60157609237364        3.79960280951400        0.63903524376686
B           -1.53949580122824        2.11156323614246        0.59518511120446
B           -1.47709965778677        0.42277105885544        0.45471761208530
B           -2.84670819751573       -2.14014212709836        0.21840809303277
B           -2.78247993150382       -3.83223917019002       -0.01349857901228
B           -1.41628664185297       -1.24458508707155        0.25711885329050
B           -1.35410905799652       -2.93666866414479        0.15031697108026
B           -1.29062743468019       -4.62516374671419        0.12408354750235
B           -0.10392167362257        3.01014915210846        0.72265662259136
B           -0.04216578871280        1.31630448674124        0.51789995957594
B            1.33127732872538        3.86695306061292        0.99630452090623
B            1.39103440678279        2.21184241501852        0.65811100147230
B            1.45118459053300        0.53626607048435        0.39530163322527
B            0.08012475126005       -2.02765269988698        0.16473802233944
B            0.14246813138462       -3.72700458440876        0.01060499496270
B            1.51267692769647       -1.13565142394783        0.24166595331346
B            1.57421095815779       -2.81766984277127        0.03581940595576
B            1.63325272149097       -4.47775931401678       -0.27292161388031
B            2.82006274293938        3.12437329334384        0.66299339535912
B            2.88514952250424        1.42349494026872        0.51315000487750
B            4.25345722614505        4.02007633187129        0.55809990018761
B            4.31894253897211        2.33617075153638        0.48389110790951
B            4.37939326082050        0.64372972118680        0.35599504058085
B            3.00723734239492       -1.91611036473096        0.12237211798083
B            3.06745076354958       -3.62144256610766        0.01955902296425
B            4.44131279687978       -1.02671542791828        0.25777957029458
B            4.50543757907807       -2.72137900468183        0.15528597505054
B            4.56543382829764       -4.40669486422364        0.10767960331798
B            5.74888956367376        3.20315917198790        0.80603702871051
B            5.80338257576762        1.57147661527253        0.26589449059184
B            5.93231268887614       -1.84608649822835        0.33737009943284
B            5.99090653998762       -3.48097337399269       -0.18458993579116
H           -6.91680529223594        3.38202776781976        0.28364034802673
H           -6.81240976175723        0.51023652341343        1.21521792510216
H           -4.61682627659963        4.70254453930090        1.56289727417404
H           -6.74004381039630       -1.73420740297465       -0.41441848429470
H           -6.61914389489343       -4.59966880992861        0.53166236186693
H           -4.24167369438225       -5.75459654073474       -0.76678493653026
H           -1.65236526407221        4.97094316829028        0.54448005634414
H           -1.25351503877670       -5.79458130941956        0.24353116073609
H            1.30063648567571        4.98360420583331        1.36388860922745
H            1.68008432054509       -5.60335625126325       -0.61130120991291
H            4.26303666523620        5.16725962223824        0.30121265422007
H            4.66834681298098       -5.54515340030183        0.38124732687016
H            6.67028467768907        3.77025289025881        1.25893872215904
H            6.76021220511711        1.16840146044608       -0.27729592177470
H            6.86174735055963       -1.36647625827398        0.86550375295563
H            6.94096420888990       -3.98593264054102       -0.65175133844360
