60
 energy: -61.503172697370 gnorm: 0.125350040977 xtb: 6.7.1 (edcfbbe)
B           -5.81338849000000        3.54000573000000        0.19107041000000
B           -5.83844281000000        1.85853229000000        0.47000222000000
B           -4.34328046000000        4.36276737000000        0.51593126000000
B           -4.36879921000000        2.67682340000000        0.38802070000000
B           -4.39011085000000        0.98057378000000        0.30076334000000
B           -5.88583736000000       -1.53075080000000        0.50147457000000
B           -5.90734488000000       -3.21867870000000        0.27123124000000
B           -4.41338821000000       -0.69772893000000        0.31864061000000
B           -4.43941428000000       -2.39152384000000        0.44040496000000
B           -4.46090389000000       -4.07353062000000        0.61911820000000
B           -2.88551783000000        3.50862944000000        0.40263245000000
B           -2.91119892000000        1.80560577000000        0.31473166000000
B           -1.41291696000000        4.32155240000000        0.22142908000000
B           -1.43721732000000        2.63615349000000        0.33958205000000
B           -1.46047382000000        0.94330261000000        0.41029741000000
B           -2.95810495000000       -1.56309741000000        0.35669368000000
B           -2.97978599000000       -3.26340887000000        0.48804456000000
B           -1.48393518000000       -0.73926450000000        0.43836983000000
B           -1.50779115000000       -2.43349923000000        0.40045817000000
B           -1.53040943000000       -4.12112843000000        0.31959824000000
B            0.04158198000000        3.46685183000000        0.36700883000000
B            0.01784131000000        1.76507345000000        0.33732947000000
B            1.51640162000000        4.28160708000000        0.52860583000000
B            1.49367351000000        2.59567523000000        0.40225238000000
B            1.46969726000000        0.90096440000000        0.27721078000000
B           -0.02913273000000       -1.60332465000000        0.40095782000000
B           -0.05285659000000       -3.30387656000000        0.46350242000000
B            1.44627550000000       -0.78208741000000        0.31111851000000
B            1.42304917000000       -2.47258800000000        0.48460215000000
B            1.39883298000000       -4.15505201000000        0.64165384000000
B            2.96823053000000        3.42675146000000        0.33731748000000
B            2.94652276000000        1.72483207000000        0.39725301000000
B            4.44659023000000        4.23827321000000        0.20645598000000
B            4.42535111000000        2.55403831000000        0.34690843000000
B            4.39962701000000        0.85942124000000        0.42516885000000
B            2.89961368000000       -1.64324205000000        0.44859551000000
B            2.87383648000000       -3.34627903000000        0.42891479000000
B            4.37631883000000       -0.81845551000000        0.44514467000000
B            4.35469311000000       -2.51452610000000        0.40802964000000
B            4.32859800000000       -4.20169162000000        0.30313194000000
B            5.89662951000000        3.37897574000000        0.52607271000000
B            5.87345554000000        1.69354882000000        0.24327457000000
B            5.82605481000000       -1.69746078000000        0.28066044000000
B            5.80283794000000       -3.37591829000000        0.59820962000000
H           -6.74687791000000        4.13436173000000       -0.19714900000000
H           -6.82706003000000        1.36065884000000        0.84816444000000
H           -4.37632054000000        5.48615895000000        0.85578261000000
H           -6.86515435000000       -0.99300883000000        0.84656864000000
H           -6.85520819000000       -3.79594867000000       -0.10756211000000
H           -4.52446500000000       -5.18970889000000        0.97719904000000
H           -1.40277571000000        5.47645539000000        0.00734611000000
H           -1.54930848000000       -5.27472996000000        0.10059339000000
H            1.53851710000000        5.42897493000000        0.77594243000000
H            1.39154389000000       -5.29530477000000        0.92105207000000
H            4.51183602000000        5.35660367000000       -0.14479396000000
H            4.36154075000000       -5.32254706000000       -0.04173216000000
H            6.84927543000000        3.95309128000000        0.89693752000000
H            6.82187257000000        1.16977609000000       -0.19515850000000
H            6.78853695000000       -1.21027489000000       -0.16913890000000
H            6.74066678000000       -3.97001510000000        0.96831147000000
60
 energy: -61.505883694589 gnorm: 0.038972120037 xtb: 6.7.1 (edcfbbe)
B           -5.81095151001513        3.53906868020014        0.16399761263274
B           -5.83706126551082        1.86159946904589        0.48225714710055
B           -4.34431595065295        4.36011509695962        0.53473386295453
B           -4.37030084145977        2.67699009029412        0.38575276317509
B           -4.39053098136074        0.97839515313303        0.29889033112118
B           -5.88456963827202       -1.53347855928159        0.51386603523649
B           -5.90483968727245       -3.21848549125255        0.24430423944998
B           -4.41371642861279       -0.69548620325458        0.31720953694903
B           -4.44093694576900       -2.39161398095597        0.43900396691255
B           -4.46183025664260       -4.07038827657902        0.63719683995924
B           -2.88521312146921        3.51203916954774        0.40092361741650
B           -2.91075774957867        1.80282477409767        0.30824437724969
B           -1.41300197229125        4.31985097847456        0.20060115616177
B           -1.43779639702211        2.63596488943103        0.33182845262363
B           -1.46094170508419        0.94198508559272        0.42274684773067
B           -2.95761118348235       -1.56037189686538        0.35215691544468
B           -2.97945714350897       -3.26683541800805        0.48633732492653
B           -1.48434313066045       -0.73759139803840        0.44759177764190
B           -1.50834487735080       -2.43340291386627        0.39084140365064
B           -1.53044522941003       -4.11976281740141        0.29782722613227
B            0.04133944768712        3.47008888182159        0.36614052739460
B            0.01743431121814        1.76243458107821        0.34067382885675
B            1.51588110034107        4.27985414880336        0.54939940262827
B            1.49355514589731        2.59563880203016        0.40739918857186
B            1.46954000829534        0.89959775291907        0.28075009776726
B           -0.02944212394579       -1.60057866184159        0.39907116762251
B           -0.05316204894370       -3.30710804616511        0.45957652365882
B            1.44615196939622       -0.78058921429146        0.30945444172470
B            1.42297198854864       -2.47236159689164        0.48639968248609
B            1.39837481718125       -4.15267485301498        0.66185257603016
B            2.96706836957312        3.43022248761682        0.33083733565372
B            2.94528574497224        1.72217418773914        0.40083990176781
B            4.44676642851386        4.23544096530469        0.18469535074586
B            4.42625456733151        2.55417029954884        0.34125552378665
B            4.39933760277438        0.85733487331729        0.43018016208209
B            2.89845387678438       -1.64039110027161        0.45103607266701
B            2.87258549886745       -3.34981275184085        0.42055630606746
B            4.37609475995320       -0.81613006597042        0.45180804452994
B            4.35561342960168       -2.51469020491099        0.40142196019651
B            4.32881729224481       -4.19919418795647        0.28040772389799
B            5.89381220114841        3.37815415457555        0.54615175426496
B            5.87119535167942        1.69662357469214        0.22734934946880
B            5.82369761036786       -1.70068325615321        0.26500200576107
B            5.80000755208067       -3.37448879628903        0.61924589959452
H           -6.74672865737886        4.13706767019462       -0.21801225992030
H           -6.82062711874105        1.36180455016299        0.87206542259499
H           -4.37928619703883        5.48586360957769        0.87118129460717
H           -6.85823062553231       -0.99331329810315        0.87298885572598
H           -6.85519175092876       -3.79991643321152       -0.12728737106855
H           -4.52684388204261       -5.18881576190695        0.99287734186971
H           -1.40257528693615        5.47678715986199       -0.00865226716200
H           -1.55035410885132       -5.27625400801003        0.08739050777804
H            1.53922619144370        5.42945280866052        0.79361666704002
H            1.39103262000759       -5.29523624857825        0.93841156837497
H            4.51394332857960        5.35820169694416       -0.15643487024862
H            4.36383909470875       -5.32626055062411       -0.05042858545505
H            6.84782717580545        3.95434456773758        0.91608062434422
H            6.82415534249272        1.17297057283610       -0.20406255462377
H            6.79065223921938       -1.21369423897882       -0.17809424171831
H            6.74057358905043       -3.97006201168564        0.99078100616641
60
 energy: -61.506157580670 gnorm: 0.024459568847 xtb: 6.7.1 (edcfbbe)
B           -5.81206058617699        3.53950283439615        0.15883445214936
B           -5.83754331875338        1.86221057932269        0.48268299634547
B           -4.34494218340177        4.36034746660593        0.53481513520369
B           -4.37022164683059        2.67678627375289        0.38282280861423
B           -4.39106985755708        0.97817305522126        0.30370399199341
B           -5.88503636870196       -1.53405018321334        0.51500195536008
B           -5.90595668750886       -3.21894612970905        0.23886012845325
B           -4.41427085634435       -0.69507895546114        0.32239918660255
B           -4.44082389326641       -2.39143063790979        0.43631007034642
B           -4.46240786781753       -4.07061871028828        0.63656015740316
B           -2.88475021163608        3.51235938693269        0.40023681430316
B           -2.91150169199671        1.80273537543784        0.30331149791973
B           -1.41336307191105        4.31985602943904        0.19187050370203
B           -1.43796386867841        2.63615249467184        0.32826158450090
B           -1.46121326743323        0.94204557332241        0.42172199223910
B           -2.95835414265304       -1.56032982529884        0.34714588735247
B           -2.97899245418255       -3.26717219049879        0.48493197400395
B           -1.48460743489376       -0.73765640745492        0.44560520088577
B           -1.50850204415927       -2.43362724386545        0.38576203830822
B           -1.53079714659793       -4.11991260600852        0.28866754699364
B            0.04115556688982        3.47039032783419        0.36550979475288
B            0.01725881834309        1.76244248442340        0.34335985375251
B            1.51592839667339        4.27995033384433        0.55613896985511
B            1.49339964984994        2.59593213684803        0.40924283379666
B            1.46947887137482        0.89977778386942        0.28636243797608
B           -0.02961762169547       -1.60050039486799        0.39751544214256
B           -0.05333417327119       -3.30739940558118        0.45658408991474
B            1.44608574260177       -0.78049509073608        0.31350798574820
B            1.42281366947664       -2.47261090042975        0.48556382900756
B            1.39844391386733       -4.15259687163102        0.66698222382808
B            2.96624674715946        3.43059134930329        0.32703828908414
B            2.94575033874475        1.72218653341417        0.40393409415493
B            4.44698980547838        4.23567665899475        0.18141523225710
B            4.42580250261609        2.55396962228492        0.34020180988434
B            4.39952276386995        0.85702524446880        0.42421792690214
B            2.89893260991513       -1.64029711525398        0.45256272015282
B            2.87175507602710       -3.35019620821332        0.41486021333390
B            4.37626845634746       -0.81590711073086        0.44555288956314
B            4.35518899815556       -2.51442186553838        0.39905626702878
B            4.32911674973128       -4.19945522292952        0.27730044197309
B            5.89465083006968        3.37885586682442        0.54760357078568
B            5.87151141626395        1.69720103098845        0.22869216907804
B            5.82405852991995       -1.70110400386336        0.26677067367522
B            5.80082925759060       -3.37511570373861        0.62102405484497
H           -6.74329567077991        4.13798940710762       -0.23042669596057
H           -6.81478324204071        1.36604512693209        0.89184899715555
H           -4.38393579815326        5.48274839588935        0.88121802319280
H           -6.85204531429748       -0.99728171516954        0.89634575460746
H           -6.85205968899464       -3.80168020215286       -0.13853513925619
H           -4.53134336740533       -5.18523768924689        1.00299175137250
H           -1.40240730110390        5.47566682360199       -0.02404150316157
H           -1.55099326989554       -5.27594666917756        0.07504288150801
H            1.53942054135688        5.42777142301815        0.80954776629914
H            1.39070668043133       -5.29307116618537        0.95289064177893
H            4.51699257533379        5.35659648850039       -0.16456544455635
H            4.36699260395921       -5.32612614861523       -0.05463564648081
H            6.84428153855199        3.95464765394835        0.92619781152281
H            6.82359415724924        1.17629149114076       -0.20707953843049
H            6.78989281094612       -1.21685769366709       -0.18084030308645
H            6.73720526934369       -3.96941269490302        1.00377430732195
60
 energy: -61.506306813336 gnorm: 0.012750755489 xtb: 6.7.1 (edcfbbe)
B           -5.81193673596283        3.53906945092462        0.15609166038056
B           -5.83738619079781        1.86224950600430        0.48397892631982
B           -4.34486813587257        4.36020898407068        0.53293697533382
B           -4.37007851149109        2.67663183595950        0.38037915593069
B           -4.39112964232292        0.97821798572160        0.30605402004118
B           -5.88484146903424       -1.53406220105577        0.51723289496854
B           -5.90582385515877       -3.21849177849855        0.23560374981192
B           -4.41433994378990       -0.69502157186321        0.32472769895970
B           -4.44065206791983       -2.39130070865784        0.43403845336767
B           -4.46227588473694       -4.07057117217704        0.63371661373397
B           -2.88456801153943        3.51217074421093        0.39938193776299
B           -2.91167598954412        1.80274826035551        0.29975673377933
B           -1.41346901934815        4.31955607216278        0.18670843528245
B           -1.43794350423040        2.63609477882286        0.32537231341271
B           -1.46128514602024        0.94210971807676        0.41591225192485
B           -2.95852206548934       -1.56037159772779        0.34315775721084
B           -2.97879471585093       -3.26699279179115        0.48296810356235
B           -1.48467338280789       -0.73784678548031        0.43919946607979
B           -1.50845947730150       -2.43358995109580        0.38167143574044
B           -1.53087048767970       -4.11968437509598        0.28317778347590
B            0.04102101508262        3.47005911209149        0.36446960567827
B            0.01715961786761        1.76259176579652        0.34503924006829
B            1.51577300427341        4.27975425737107        0.55839413534075
B            1.49317519695493        2.59594664932959        0.40975981374923
B            1.46937284771858        0.90002477911298        0.29224080385544
B           -0.02971397266512       -1.60057181446821        0.39566432555481
B           -0.05342875024994       -3.30706088314349        0.45332578264272
B            1.44597814292552       -0.78045434949962        0.31841342722066
B            1.42259834314843       -2.47261072531407        0.48366712385069
B            1.39833369849454       -4.15235474796082        0.66737472427937
B            2.96583777377040        3.43042917707515        0.32487360733033
B            2.94574231791192        1.72230708755819        0.40619459623944
B            4.44665894600441        4.23557992346855        0.18040583014311
B            4.42544980316736        2.55387317103388        0.34057667664383
B            4.39935049675281        0.85703187584769        0.42078861951239
B            2.89893400243710       -1.64030968558429        0.45322803409544
B            2.87137320270419       -3.34999745149246        0.41097279269488
B            4.37609977219221       -0.81591101432351        0.44178406368857
B            4.35486389115254       -2.51421057594594        0.39830261598891
B            4.32887385400118       -4.19927130510548        0.27661918734923
B            5.89417995999200        3.37872735340321        0.54847931540008
B            5.87130334134027        1.69722336020662        0.23051641880365
B            5.82389207514709       -1.70092566037702        0.26867281893776
B            5.80037302318626       -3.37484237878292        0.62212127958350
H           -6.73888578763679        4.13833395096055       -0.24283195176422
H           -6.80901022322515        1.37135212561050        0.91367784014717
H           -4.38839560821658        5.47915125906336        0.89061581126625
H           -6.84587019725972       -1.00269891963498        0.92257129614000
H           -6.84807880738276       -3.80262619251074       -0.14991600924441
H           -4.53592499887174       -5.18114497628318        1.01228224137196
H           -1.40208797712231        5.47367627157062       -0.04026713183173
H           -1.55118521562742       -5.27474842633691        0.06234394653522
H            1.53927123643561        5.42505002565182        0.82527109105786
H            1.39032662259253       -5.28992436226171        0.96659637308763
H            4.51946860691173        5.35423705126004       -0.17304884725943
H            4.36943663332499       -5.32510135791943       -0.05891287760396
H            6.83992552055330        3.95507209634449        0.93666875845191
H            6.82240499808362        1.17896650260880       -0.21092209057930
H            6.78848910188183       -1.21935818913940       -0.18483717216416
H            6.73258956914713       -3.96900069214714        1.01699491665830
60
 energy: -61.506373371455 gnorm: 0.005598642959 xtb: 6.7.1 (edcfbbe)
B           -5.81186682730997        3.53867951899597        0.15216806504113
B           -5.83738223142911        1.86232006643369        0.48839918429198
B           -4.34496382309546        4.36019996377554        0.53208490797183
B           -4.37038347172191        2.67683413975520        0.37922394648932
B           -4.39128149356429        0.97841995673293        0.30577812076732
B           -5.88479859556745       -1.53402057436767        0.52284206409568
B           -5.90575002337245       -3.21808187497880        0.23109889316231
B           -4.41449254533085       -0.69517641503712        0.32433783568483
B           -4.44094490409300       -2.39147867777240        0.43333205928080
B           -4.46232140680321       -4.07063037316864        0.63170223607177
B           -2.88496802824104        3.51227638772468        0.39855914548570
B           -2.91162318022642        1.80283104206412        0.29739930964991
B           -1.41349084511623        4.31946219448863        0.18264529091667
B           -1.43801796214373        2.63613890352701        0.32207102534375
B           -1.46138633277097        0.94212773839205        0.40820590556087
B           -2.95846010666398       -1.56044902964206        0.34003715642068
B           -2.97918165635363       -3.26708179216650        0.48067305453153
B           -1.48476961280772       -0.73801915234392        0.43088839091734
B           -1.50851270865946       -2.43364405409453        0.37767315618459
B           -1.53086059417692       -4.11962352369090        0.27881912048542
B            0.04093759967501        3.47008532999207        0.36311518850418
B            0.01710705039706        1.76278005744949        0.34546796860230
B            1.51558006054928        4.27978422478920        0.55879922263007
B            1.49312031670804        2.59602364194390        0.41007754185108
B            1.46940340752283        0.90023001719299        0.29775221045520
B           -0.02975437992434       -1.60069262324556        0.39351782002745
B           -0.05347483056045       -3.30707891574256        0.44974931857885
B            1.44601272922093       -0.78040681140512        0.32288119193759
B            1.42255679981615       -2.47266504853005        0.48174869031242
B            1.39818264339909       -4.15240223827019        0.66572911671664
B            2.96610803604709        3.43053778064898        0.32412058563298
B            2.94554253198095        1.72248328465443        0.40787569809904
B            4.44663068980247        4.23557073442845        0.17887398250494
B            4.42567441064082        2.55414614419402        0.34178614283673
B            4.39934694138142        0.85725150736745        0.42171586413837
B            2.89874018870633       -1.64036972628838        0.45346710354085
B            2.87167755022070       -3.35003096635226        0.40864083181639
B            4.37610835222276       -0.81600027380490        0.44258156858507
B            4.35510555605187       -2.51434748101982        0.39889778999901
B            4.32892681099200       -4.19915771928150        0.27548390742902
B            5.89379469226469        3.37864137995494        0.55196009768492
B            5.87130483758393        1.69725740885938        0.23021067957014
B            5.82391449748969       -1.70080391950175        0.26813549161473
B            5.80001384590967       -3.37451693550464        0.62588260259118
H           -6.73490778085259        4.13791320551329       -0.25620323873111
H           -6.80356124804316        1.37728658620987        0.93723056538836
H           -4.39216317498491        5.47595239053285        0.89895621634519
H           -6.83981571326575       -1.00922055851249        0.95130231514164
H           -6.84461909440632       -3.80242753207160       -0.16262084036425
H           -4.54003439398909       -5.17736448767445        1.02040917695082
H           -1.40208451330942        5.47091054092550       -0.05851018761892
H           -1.55125805755738       -5.27288169788936        0.04813697775818
H            1.53911980258691        5.42175725583584        0.84049030088469
H            1.39023420238398       -5.28629433831898        0.97927954452496
H            4.52128205480698        5.35161176255518       -0.18256617449729
H            4.37110478235567       -5.32373534052428       -0.06413046661201
H            6.83591698916686        3.95552913319467        0.94850552304640
H            6.82100616642524        1.18077798645984       -0.21658196188466
H            6.78684661957797       -1.22103715471497       -0.19111892394680
H            6.72791021045481       -3.96879255867690        1.03124908960217
60
 energy: -61.506381889369 gnorm: 0.002741646809 xtb: 6.7.1 (edcfbbe)
B           -5.81193766422891        3.53871047731302        0.15174897119805
B           -5.83727496591244        1.86233662688785        0.49020811605004
B           -4.34496179067635        4.36017927331071        0.53221320186349
B           -4.37027929598771        2.67683660697394        0.38046726003143
B           -4.39121238407419        0.97845104717189        0.30609332908155
B           -5.88467844867810       -1.53397773020185        0.52484730521860
B           -5.90582430303798       -3.21806953397837        0.23040831082633
B           -4.41442589793248       -0.69517438316071        0.32470640569206
B           -4.44083946701876       -2.39142468758076        0.43486941261901
B           -4.46232129698634       -4.07060390866292        0.63137902753599
B           -2.88498030891844        3.51223383341024        0.39913430224478
B           -2.91156696804424        1.80281844741616        0.29700663466812
B           -1.41344919398450        4.31939278890955        0.18188774592301
B           -1.43804071390013        2.63609248486134        0.32035369112961
B           -1.46137705966323        0.94206016703102        0.40616372512700
B           -2.95839695142793       -1.56042339471891        0.33902180594857
B           -2.97919867158376       -3.26700952448197        0.48069563738946
B           -1.48476153341571       -0.73796626649239        0.42883271429350
B           -1.50853428628459       -2.43360231657768        0.37653920195170
B           -1.53081610576883       -4.11954276643269        0.27803396022498
B            0.04092614605222        3.47019469695731        0.36275456770572
B            0.01709584240068        1.76270737766532        0.34417280398877
B            1.51548888987758        4.27975351642031        0.55863773814204
B            1.49310830619014        2.59597785884849        0.41050404511207
B            1.46937830774932        0.90017938799546        0.29777894843077
B           -0.02975797226382       -1.60061894845900        0.39278029967323
B           -0.05348494205400       -3.30717151528263        0.44922649897461
B            1.44599122434362       -0.78034541613219        0.32286716738125
B            1.42254909901214       -2.47257615443258        0.48221868290782
B            1.39808909569701       -4.15237608939743        0.66524547878434
B            2.96611138363833        3.43050075834873        0.32428888781984
B            2.94543659105618        1.72246954791471        0.40813271276707
B            4.44665168787396        4.23552243462807        0.17912397600848
B            4.42555241230644        2.55414648413509        0.34225312512953
B            4.39923069955641        0.85728588069769        0.42283310740674
B            2.89863974312671       -1.64031766195759        0.45377259018405
B            2.87168754148323       -3.34995653560497        0.40875846403929
B            4.37598968654879       -0.81597462416933        0.44370321789822
B            4.35498473277881       -2.51430675900876        0.39976074246622
B            4.32895845127630       -4.19907722033769        0.27574155587970
B            5.89382486636987        3.37870027984174        0.55346397022687
B            5.87122373900513        1.69727830531632        0.22998759661741
B            5.82383150503261       -1.70080146220456        0.26767420624702
B            5.80005147290136       -3.37450863124431        0.62730747234584
H           -6.73498309642092        4.13698336287436       -0.25752229490862
H           -6.80255542017578        1.37866446674009        0.94115671786826
H           -4.39243063291587        5.47593697465529        0.89824612689951
H           -6.83838395618332       -1.01111224073406        0.95668443027223
H           -6.84482712152824       -3.80119976990209       -0.16429464885071
H           -4.54040763603827       -5.17715897167180        1.01958618125694
H           -1.40272685130616        5.46976957953994       -0.06368418752106
H           -1.55161988696760       -5.27207131137344        0.04412319548623
H            1.53936928826512        5.42089896130607        0.84253038417769
H            1.39062575109822       -5.28554212065995        0.98033343748493
H            4.52161232021865        5.35103810988892       -0.18358478457721
H            4.37138528410176       -5.32336778144012       -0.06445204260445
H            6.83580189684747        3.95514672630026        0.95043859584690
H            6.82069865190755        1.18093428435381       -0.21752487354871
H            6.78639056978903       -1.22116076894550       -0.19259544821371
H            6.72745047687394       -3.96837376246759        1.03319799577753
60
 energy: -61.506386020906 gnorm: 0.001311973911 xtb: 6.7.1 (edcfbbe)
B           -5.81194093187481        3.53871894748043        0.15240306609920
B           -5.83727684160564        1.86235459478333        0.49116468975560
B           -4.34497518083243        4.36022542063284        0.53188274585135
B           -4.37029656194988        2.67687950813594        0.38187929068366
B           -4.39126010146475        0.97847658681476        0.30671699472514
B           -5.88467376067411       -1.53395318451295        0.52597385967420
B           -5.90582591980766       -3.21802053009058        0.23068994536076
B           -4.41447607364059       -0.69516283504469        0.32524562421093
B           -4.44085949093755       -2.39140689600013        0.43654209063682
B           -4.46235108327627       -4.07064330391638        0.63076818235399
B           -2.88498430834745        3.51223802270123        0.39958014003588
B           -2.91161607902686        1.80282981717169        0.29670282544449
B           -1.41345865903221        4.31940386992150        0.18129261638134
B           -1.43806308377243        2.63607399038154        0.31840818998764
B           -1.46139766695461        0.94204144571728        0.40493024895838
B           -2.95844034096244       -1.56042050803164        0.33820563060223
B           -2.97921367869703       -3.26699246829366        0.48063077759709
B           -1.48478379039220       -0.73794864770384        0.42766949652355
B           -1.50856080790245       -2.43360197846370        0.37537942124027
B           -1.53082927884582       -4.11954473027395        0.27739079185945
B            0.04091057144144        3.47026570895066        0.36266554706701
B            0.01708966261241        1.76268214460769        0.34290746302468
B            1.51545647049629        4.27978333351482        0.55873302492087
B            1.49309451262107        2.59597967634612        0.41137968989783
B            1.46937467440373        0.90016345044889        0.29726097934089
B           -0.02976826182785       -1.60060018742742        0.39214313973801
B           -0.05350455135713       -3.30722527616332        0.44912549844052
B            1.44598718969564       -0.78033083472827        0.32242893096434
B            1.42253298528669       -2.47253188953334        0.48324492619197
B            1.39804538975376       -4.15240232688938        0.66516821564304
B            2.96609667933618        3.43050808863642        0.32449265591187
B            2.94544324767331        1.72247720534331        0.40838441502324
B            4.44668522950960        4.23554433474058        0.17993425921540
B            4.42554536488136        2.55417284490385        0.34243906371547
B            4.39922813849041        0.85729860889713        0.42329142061343
B            2.89864795282115       -1.64030270729291        0.45411686609913
B            2.87167229784558       -3.34994175394885        0.40900284332605
B            4.37598569181889       -0.81596484614339        0.44413354486607
B            4.35497313957594       -2.51431630410827        0.40042201753260
B            4.32898239224759       -4.19906705659818        0.27645415021150
B            5.89375670160640        3.37868872720118        0.55401021707140
B            5.87123146099491        1.69730342074489        0.23044621017520
B            5.82382734084708       -1.70080994571136        0.26784698068110
B            5.79998855498813       -3.37447233952446        0.62763747106912
H           -6.73556502213538        4.13620677066668       -0.25645263716228
H           -6.80207817798605        1.37920447456277        0.94261492513031
H           -4.39200505139975        5.47645253624199        0.89597582529803
H           -6.83742864295024       -1.01212301373088        0.95957530666942
H           -6.84547253499375       -3.80008154619792       -0.16381601277829
H           -4.54002600147614       -5.17749297210703        1.01754263694666
H           -1.40327775832608        5.46885177566958       -0.06763028760974
H           -1.55191258683501       -5.27146353033551        0.04116532445502
H            1.53949436606780        5.42052236813138        0.84299328379902
H            1.39082541691274       -5.28533463463518        0.97996996300590
H            4.52169995243514        5.35086981355251       -0.18299915637539
H            4.37143799664045       -5.32328835400178       -0.06360343126646
H            6.83610280206353        3.95467403445541        0.95059451661790
H            6.82062006885175        1.18101889894835       -0.21721803509730
H            6.78615730406803       -1.22120498505127       -0.19284802381645
H            6.72750951329759       -3.96787234384466        1.03324704346086
60
 energy: -61.506388682053 gnorm: 0.000966674292 xtb: 6.7.1 (edcfbbe)
B           -5.81203332286117        3.53875673393726        0.15351523334667
B           -5.83729088540911        1.86236024838665        0.49229590408365
B           -4.34497163946706        4.36030694367507        0.53092023812890
B           -4.37034503979164        2.67691270456204        0.38360190415928
B           -4.39132958392524        0.97850009175745        0.30686705370276
B           -5.88468284819442       -1.53389879397612        0.52734625641121
B           -5.90591253575494       -3.21796519958849        0.23113639411943
B           -4.41454667877178       -0.69514574226758        0.32523841682155
B           -4.44091245209600       -2.39135449825152        0.43872144988836
B           -4.46237485311764       -4.07072170703220        0.62936188296525
B           -2.88498318190720        3.51226544524319        0.39960023196707
B           -2.91167494331539        1.80283055471931        0.29658781104235
B           -1.41348658717254        4.31939240412632        0.18038716563035
B           -1.43807304733410        2.63603237590209        0.31490795871970
B           -1.46143177890356        0.94207532042447        0.40399586287738
B           -2.95849602499908       -1.56038463946170        0.33757570745562
B           -2.97923328308200       -3.26700351503546        0.47982935654567
B           -1.48482061202181       -0.73796840455967        0.42674405497653
B           -1.50857838445323       -2.43360089215746        0.37320527357157
B           -1.53086378626559       -4.11951899872728        0.27643068052780
B            0.04086805310269        3.47024034572009        0.36277391441264
B            0.01707304754468        1.76269769545687        0.34163767915915
B            1.51540546452438        4.27979158498064        0.55898121100718
B            1.49303348589020        2.59599796653824        0.41322169331001
B            1.46935288932142        0.90019798439336        0.29617291768313
B           -0.02979687558060       -1.60061222337391        0.39118962111756
B           -0.05355186748066       -3.30717115417845        0.44901222302369
B            1.44596172876244       -0.78035010237937        0.32147195868651
B            1.42246418733414       -2.47247997587213        0.48495693468457
B            1.39798387528621       -4.15240901286662        0.66493148041344
B            2.96604425909561        3.43054106251324        0.32488983573041
B            2.94542097936379        1.72248241733676        0.40854007155502
B            4.44667629377363        4.23560109297142        0.18112915809973
B            4.42554364781227        2.55418518585235        0.34243082016609
B            4.39921615496767        0.85730947645432        0.42396038921207
B            2.89862251650490       -1.64028205521989        0.45419369146227
B            2.87161224517334       -3.34994411552216        0.40918899925701
B            4.37597424385034       -0.81594096776448        0.44464640914362
B            4.35496520171931       -2.51430330819190        0.40106272660576
B            4.32895830524825       -4.19906925101501        0.27742164806767
B            5.89371519765017        3.37870963501140        0.55465524459523
B            5.87123171868477        1.69732200968752        0.23139434394608
B            5.82380819318559       -1.70079200038958        0.26831932711119
B            5.79995928104259       -3.37447204238468        0.62782650508929
H           -6.73668554815814        4.13579100875905       -0.25344548018393
H           -6.80153801154791        1.37941539359770        0.94487727059320
H           -4.39089799305675        5.47757821384648        0.89204283041363
H           -6.83606297258984       -1.01301139031734        0.96458091215991
H           -6.84662051139593       -3.79920956570666       -0.16178571391623
H           -4.53903051387651       -5.17827493333416        1.01434709546415
H           -1.40357796255752        5.46749016587758       -0.07402962127712
H           -1.55196697402118       -5.27066048679640        0.03687287665431
H            1.53927459913918        5.42027123529073        0.84368046213673
H            1.39059997776511       -5.28537432967259        0.97914370197391
H            4.52158670979780        5.35101659556321       -0.18138727338710
H            4.37121633312825       -5.32360017699539       -0.06147842500015
H            6.83664142394264        3.95435824585431        0.95023736226198
H            6.82074429034792        1.18121186669454       -0.21611557976435
H            6.78606357088072       -1.22129136845861       -0.19251832110212
H            6.72783366426853       -3.96744266363701        1.03293766249268
