60
 energy: -61.502398562323 gnorm: 0.123433446483 xtb: 6.7.1 (edcfbbe)
B           -5.90620230000000        3.68151090000000        0.31085834000000
B           -5.92089313000000        1.96977818000000        0.20349598000000
B           -4.44554568000000        4.46326959000000       -0.13135289000000
B           -4.45704400000000        2.80355746000000        0.17573868000000
B           -4.46615086000000        1.12742041000000        0.43411533000000
B           -5.93809178000000       -1.34653825000000        0.98405837000000
B           -5.95475912000000       -3.05727629000000        0.87777684000000
B           -4.47639804000000       -0.52952062000000        0.70285239000000
B           -4.48885484000000       -2.20753604000000        0.94914275000000
B           -4.49634265000000       -3.86951167000000        1.24717402000000
B           -2.98074342000000        3.63933565000000        0.06998852000000
B           -2.99211905000000        1.96753198000000        0.41147392000000
B           -1.51269398000000        4.47301797000000        0.06604863000000
B           -1.52458939000000        2.79418878000000        0.24519309000000
B           -1.53535184000000        1.11417632000000        0.46014535000000
B           -3.01515318000000       -1.38474395000000        0.75819362000000
B           -3.02428617000000       -3.07317790000000        0.97560110000000
B           -1.54602461000000       -0.55292521000000        0.69167517000000
B           -1.55876066000000       -2.24462322000000        0.81395320000000
B           -1.57028221000000       -3.93385065000000        0.88479079000000
B           -0.05133604000000        3.63276107000000        0.18001458000000
B           -0.06459806000000        1.92750700000000        0.24890706000000
B            1.41922310000000        4.45653824000000        0.10537196000000
B            1.40653764000000        2.77221454000000        0.22805603000000
B            1.39353132000000        1.07873791000000        0.33305853000000
B           -0.08593782000000       -1.40843420000000        0.72570451000000
B           -0.09688216000000       -3.09423110000000        0.95668704000000
B            1.38241921000000       -0.59208605000000        0.53991153000000
B            1.37317696000000       -2.25664423000000        0.86963628000000
B            1.36261995000000       -3.90626583000000        1.24349692000000
B            2.87286555000000        3.59016689000000       -0.01502968000000
B            2.86577929000000        1.91631255000000        0.31289170000000
B            4.34316860000000        4.38908407000000       -0.25563702000000
B            4.33614820000000        2.73370465000000        0.08094108000000
B            4.32462204000000        1.06093575000000        0.36477722000000
B            2.84336702000000       -1.42651353000000        0.73264442000000
B            2.82998832000000       -3.11754214000000        0.93208686000000
B            4.31373903000000       -0.60172850000000        0.59123352000000
B            4.30452363000000       -2.28428642000000        0.80347685000000
B            4.28996890000000       -3.97134719000000        0.91075580000000
B            5.80476434000000        3.58418904000000        0.14993172000000
B            5.78895044000000        1.87563869000000        0.06710670000000
B            5.76811080000000       -1.48189238000000        0.54864929000000
B            5.76085960000000       -3.10716132000000        1.07932046000000
H           -6.85068096000000        4.29998665000000        0.63072363000000
H           -6.89678237000000        1.42587987000000       -0.15133918000000
H           -4.49175446000000        5.51990325000000       -0.64446292000000
H           -6.88246876000000       -0.78216750000000        1.38403939000000
H           -6.91315623000000       -3.66384428000000        0.57906592000000
H           -4.53658799000000       -4.94734668000000        1.71086523000000
H           -1.50776813000000        5.64302617000000       -0.04754430000000
H           -1.57860648000000       -5.10424543000000        0.79073126000000
H            1.44485149000000        5.62860150000000        0.18794235000000
H            1.36756593000000       -5.01487310000000        1.63821060000000
H            4.39395170000000        5.45146744000000       -0.75509008000000
H            4.32251904000000       -5.13569961000000        0.75585562000000
H            6.76001938000000        4.19648258000000        0.44947065000000
H            6.74585655000000        1.31543896000000       -0.30606841000000
H            6.73249733000000       -1.04596807000000        0.05245303000000
H            6.70551594000000       -3.63345141000000        1.53431024000000
60
 energy: -61.505334753222 gnorm: 0.037745259956 xtb: 6.7.1 (edcfbbe)
B           -5.90356026089703        3.68267311894460        0.33172610926068
B           -5.91899676367444        1.96841692498070        0.17253323587212
B           -4.44654935021486        4.45704805009948       -0.15649747875686
B           -4.45798934472700        2.80143356802892        0.16109171466252
B           -4.46627828870423        1.12438058191036        0.42903952665131
B           -5.93546167884712       -1.34630339769990        1.00956366761109
B           -5.95260769299692       -3.05851176432970        0.85703047921072
B           -4.47619430980730       -0.52629090445202        0.71004582263389
B           -4.48965326641765       -2.20618153768042        0.96104356697833
B           -4.49621226953416       -3.86433724243092        1.26889748471888
B           -2.98062104230182        3.64111359054460        0.05971707014042
B           -2.99154146949754        1.96488928092268        0.41216392925841
B           -1.51246443604850        4.47315986779472        0.07396860913305
B           -1.52468521805352        2.79446090425660        0.24806147923113
B           -1.53529244647220        1.11356647012128        0.46750557682958
B           -3.01430377099246       -1.38156752458639        0.76181721819610
B           -3.02361113862985       -3.07599314374997        0.98094448481437
B           -1.54583594367463       -0.55059734513240        0.69754402468245
B           -1.55894056018636       -2.24505023699877        0.80895886508514
B           -1.57008153214111       -3.93483190525872        0.86041689529034
B           -0.05113492552876        3.63690934309116        0.18989551977136
B           -0.06460642166660        1.92441055106280        0.24535322797490
B            1.41963722813439        4.45750136079757        0.12542310122019
B            1.40665923844763        2.77244471986524        0.23150379464632
B            1.39365799248242        1.07622830580494        0.32378548099618
B           -0.08579572463618       -1.40572478369640        0.72605113818576
B           -0.09683892849640       -3.09749285372950        0.95686920685741
B            1.38257959083290       -0.59155044325246        0.53209791861176
B            1.37357765656909       -2.25603689052495        0.87236324222880
B            1.36264422618179       -3.90232440456758        1.25960482693315
B            2.87221413816200        3.59314242648429       -0.01862109448291
B            2.86501106076436        1.91429747362729        0.31778485335079
B            4.34351771677025        4.38295861524919       -0.27970482410670
B            4.33715507889677        2.73353101534339        0.07866862908221
B            4.32521396895783        1.06121744795552        0.38210214907098
B            2.84264687648336       -1.42335032690275        0.73500849965839
B            2.82923707132596       -3.12199443746300        0.92438942223033
B            4.31430808659277       -0.59642709315530        0.61257802090226
B            4.30581242856265       -2.28502149195136        0.79848947130308
B            4.29043226297506       -3.97183289112790        0.88698261102878
B            5.80262998061207        3.58637894447554        0.17393318140544
B            5.78664301525829        1.87623457708112        0.04724877881091
B            5.76596140642975       -1.48716739824578        0.53221119521045
B            5.75878863735248       -3.10320834414150        1.09974080587905
H           -6.84853587038991        4.30155569903282        0.65421750688601
H           -6.89853156442183        1.42662923345397       -0.17615456480815
H           -4.49473953969068        5.51848901006921       -0.66107088308781
H           -6.88271960706306       -0.78281389974080        1.40581006590636
H           -6.91162484697098       -3.66670589683462        0.55849279313379
H           -4.53860857545213       -4.94476703842657        1.72995622979150
H           -1.50770865523624        5.64403598983680       -0.03997474848910
H           -1.57973551770129       -5.10737041738137        0.77589303816916
H            1.44626828812314        5.63061478919182        0.20498980723344
H            1.36458007186231       -5.01161236946689        1.65117767180349
H            4.39638437296754        5.44764156663639       -0.77559898300243
H            4.32604333589842       -5.13746063016555        0.73820819870798
H            6.75980723496524        4.19980145951769        0.46953786157448
H            6.74516691059523        1.31578633520275       -0.32333447455951
H            6.73144397416946       -1.04938244055131        0.03809107231193
H            6.70373404069955       -3.63211087773864        1.55450756015635
60
 energy: -61.505676883028 gnorm: 0.022657031369 xtb: 6.7.1 (edcfbbe)
B           -5.90468372978155        3.68275909321647        0.32746796317838
B           -5.91910495593561        1.96753789766821        0.16534656450797
B           -4.44692056906869        4.45585281002852       -0.16524149692650
B           -4.45776953995449        2.80000707821514        0.15277684662306
B           -4.46662760683072        1.12342892411299        0.42408517937038
B           -5.93557046596349       -1.34597645667410        1.01388026769053
B           -5.95356691952500       -3.05902875706920        0.85822763418305
B           -4.47640450865250       -0.52513397477644        0.71668730060356
B           -4.48922045897655       -2.20518200113524        0.96661562526148
B           -4.49641501210570       -3.86377085518378        1.27459982102648
B           -2.97998557297595        3.63980071409097        0.04917197881593
B           -2.99210240213387        1.96508045816621        0.41385126968570
B           -1.51275676691793        4.47388972765788        0.07825594941585
B           -1.52472147261146        2.79471435109902        0.24831648735875
B           -1.53534994643709        1.11388700972153        0.46932066704899
B           -3.01479416513564       -1.38112891924799        0.76437421520029
B           -3.02282779448237       -3.07571688165961        0.98539591435406
B           -1.54584752558258       -0.55032935419065        0.69978195931352
B           -1.55893743406954       -2.24521418557608        0.80930323153866
B           -1.57039868326774       -3.93559252492837        0.85376184876382
B           -0.05105727500528        3.63826438988797        0.20058420037855
B           -0.06464516471649        1.92387821435926        0.24120735188952
B            1.42010012097603        4.45883917830944        0.13685533638537
B            1.40666883075176        2.77302447113683        0.23428748042534
B            1.39370298095107        1.07607506580769        0.32158262665876
B           -0.08574223409459       -1.40559080107755        0.72634975533588
B           -0.09681220507202       -3.09775341075999        0.95649392730025
B            1.38270213027128       -0.59150519301926        0.53227067304384
B            1.37362104465548       -2.25625468828802        0.87196970349164
B            1.36304938931497       -3.90216029889335        1.26191210030939
B            2.87139756640497        3.59304139796222       -0.02196387958337
B            2.86567124208264        1.91484258498091        0.32211250994540
B            4.34370984354831        4.38271198147037       -0.28287388213551
B            4.33690646272173        2.73354534157642        0.07961324768609
B            4.32540756727557        1.06084866986834        0.38074326945465
B            2.84337723512131       -1.42268116702469        0.73912331002736
B            2.82852507294416       -3.12327453676270        0.91679434526484
B            4.31453871586306       -0.59635654595597        0.61067044317729
B            4.30553737269000       -2.28499997079368        0.79597968465377
B            4.29078116792046       -3.97259907915005        0.88152038656192
B            5.80360579109540        3.58719536307124        0.17453285124082
B            5.78702885543186        1.87705081673305        0.04917732068544
B            5.76652987922916       -1.48693465161537        0.53579061083322
B            5.75980064527558       -3.10391518128405        1.09948327270860
H           -6.84403001071516        4.29961560982493        0.66609938412324
H           -6.89529503676280        1.42873213829567       -0.19601365313478
H           -4.49940623487669        5.51321698125324       -0.67705482427617
H           -6.87990668756216       -0.78576585366166        1.42104729064123
H           -6.90851098259745       -3.66620380426879        0.54937184445822
H           -4.54235292527266       -4.93889399574500        1.74747069444707
H           -1.50759364422346        5.64549043921056       -0.02909605308767
H           -1.58094900351721       -5.10768406008607        0.76140229763043
H            1.44796599368360        5.63145627346820        0.22368366821135
H            1.36458732074219       -5.00829938489598        1.66080653386815
H            4.40033875876112        5.44103733777289       -0.79103737624817
H            4.33026460564799       -5.13653163889423        0.72385638264847
H            6.75615058683040        4.20066322727366        0.47993722862361
H            6.74138305021910        1.31831911401809       -0.33321777292766
H            6.72798439087153       -1.05196293931331        0.03237450214116
H            6.69926524354361       -3.63143425832671        1.56425357012856
60
 energy: -61.505863583736 gnorm: 0.013463597938 xtb: 6.7.1 (edcfbbe)
B           -5.90462405675226        3.68178845435546        0.32057591154767
B           -5.91883337572327        1.96640570208157        0.16021419957203
B           -4.44667060890766        4.45420560687744       -0.17423960803149
B           -4.45750566234095        2.79885294390162        0.14627336387699
B           -4.46657716710747        1.12349023248595        0.42465844659152
B           -5.93534545822888       -1.34542024156213        1.01573842842382
B           -5.95319065772604       -3.05861392231524        0.86118605453699
B           -4.47631526000271       -0.52481435723775        0.71919485079321
B           -4.48886898230478       -2.20442056098290        0.97089106734596
B           -4.49605707971163       -3.86290300929672        1.27932702888072
B           -2.97968392628904        3.63818095663332        0.03954833797929
B           -2.99221857311367        1.96541565084582        0.41581733456739
B           -1.51295048244917        4.47423761098198        0.08292232139249
B           -1.52467231018672        2.79458148516290        0.24747946190315
B           -1.53537341413791        1.11387444319211        0.46796205250885
B           -3.01485174978443       -1.38079335175451        0.76709485045890
B           -3.02241661279012       -3.07499640586705        0.98980820768809
B           -1.54583340005728       -0.55051866674248        0.69911545691093
B           -1.55880973799632       -2.24506273828424        0.81036368355718
B           -1.57052983437401       -3.93549502397018        0.85232917192730
B           -0.05108226582791        3.63880582552548        0.20946756705843
B           -0.06473992087144        1.92332504661174        0.23580718809453
B            1.42019899791834        4.45966645990303        0.14728869903241
B            1.40649711903242        2.77333152093528        0.23666253268839
B            1.39361721248186        1.07629331323523        0.32181401528340
B           -0.08573920793222       -1.40557696041878        0.72683384616307
B           -0.09681246947238       -3.09738139958286        0.95623198166634
B            1.38271596794751       -0.59104829382328        0.53609462518367
B            1.37353137025280       -2.25627029048274        0.87141404952004
B            1.36323261399529       -3.90220408542214        1.26080020704349
B            2.87096028690847        3.59300652305481       -0.02157787414877
B            2.86576603270945        1.91547040175755        0.32617018111866
B            4.34326432229046        4.38226422608759       -0.28515289389388
B            4.33662497686052        2.73376322418137        0.08162238294837
B            4.32526687553094        1.06095426183019        0.38088754320016
B            2.84354367023808       -1.42216511662734        0.74279880335379
B            2.82813221097705       -3.12392543692447        0.91000013335751
B            4.31444225136798       -0.59631721802277        0.61052985235442
B            4.30527429258461       -2.28509846622085        0.79322945306454
B            4.29052179534406       -3.97293226351365        0.87587815179616
B            5.80322561364566        3.58715590086455        0.17473654124958
B            5.78685063875936        1.87744675810118        0.05126925523582
B            5.76651646552323       -1.48626418946062        0.53872214437035
B            5.75948085173209       -3.10387919779669        1.09837397972708
H           -6.83797890316889        4.29797139741769        0.67736477219504
H           -6.88954500797785        1.43028366647030       -0.22080088530035
H           -4.50363529630780        5.50547642819692       -0.69850282726747
H           -6.87586866874478       -0.78906699847238        1.43801886493718
H           -6.90473949727509       -3.66551933751836        0.54127109604054
H           -4.54584438758361       -4.93076899556553        1.76927501221350
H           -1.50784435280143        5.64729097964718       -0.01290157245868
H           -1.58192247318250       -5.10684209244696        0.74563859456427
H            1.44988226396430        5.63165462423054        0.24705765054003
H            1.36528278721615       -5.00437756486321        1.67064573353620
H            4.40407133939132        5.43261291601933       -0.80986580413298
H            4.33425697048089       -5.13511111499734        0.70552861253470
H            6.75083536841571        4.20234266146702        0.49214929743365
H            6.73645950403915        1.32070315087418       -0.34607772580541
H            6.72373400250639       -1.05467111480869        0.02404290023381
H            6.69318992901593       -3.63146266794741        1.57507288283748
60
 energy: -61.505933340032 gnorm: 0.007005172674 xtb: 6.7.1 (edcfbbe)
B           -5.90471414728262        3.68126500394961        0.31640606620635
B           -5.91899405236050        1.96555437527087        0.15564884530850
B           -4.44673733304226        4.45269329476505       -0.18364008782549
B           -4.45777560840580        2.79842051981859        0.14226257682888
B           -4.46671132482236        1.12420097368201        0.42866310427574
B           -5.93551863273964       -1.34497540853347        1.01768338918746
B           -5.95305720431495       -3.05855697065760        0.86218178772327
B           -4.47645619860895       -0.52505120978814        0.71879805372365
B           -4.48911784785293       -2.20412163080854        0.97455157260997
B           -4.49601669302698       -3.86203669663002        1.28519999346940
B           -2.98013526440404        3.63764335476647        0.03527945452744
B           -2.99221904271222        1.96563935883156        0.41630400715313
B           -1.51312814455127        4.47478537263146        0.08752900428395
B           -1.52479865702711        2.79459424756834        0.24697375883922
B           -1.53553746740704        1.11354086731547        0.46463487563456
B           -3.01480060132978       -1.38082405954661        0.76784599247339
B           -3.02279995935515       -3.07465680544146        0.99347917352173
B           -1.54599452177159       -0.55104572872141        0.69557982650329
B           -1.55888377416354       -2.24517237438013        0.80994983148456
B           -1.57061489664798       -3.93538392820447        0.85405572190742
B           -0.05123276894886        3.63902291437254        0.21163527504754
B           -0.06484833774592        1.92306734739786        0.23238376500015
B            1.42005799723760        4.46028709953374        0.15347568238970
B            1.40641711721013        2.77360871147786        0.23814442233560
B            1.39362481206468        1.07671912094572        0.32417744014056
B           -0.08579472638140       -1.40565313264784        0.72718411423757
B           -0.09685746055015       -3.09737863588821        0.95636505966302
B            1.38278782753851       -0.59045034982694        0.54091028720485
B            1.37356223538343       -2.25623736668790        0.87190979480917
B            1.36325337036602       -3.90258793636303        1.25891433580723
B            2.87130643823727        3.59366139453953       -0.01805255026226
B            2.86554968296038        1.91594100711068        0.32841874951959
B            4.34308702338706        4.38200809120970       -0.28737876205214
B            4.33679696271696        2.73427284493698        0.08336317500481
B            4.32533609585981        1.06158070721103        0.38374562763322
B            2.84337694918277       -1.42195631031292        0.74486959365070
B            2.82844035889625       -3.12438346252930        0.90645505201097
B            4.31453742760232       -0.59595583306831        0.61411076057339
B            4.30547927064858       -2.28561163954233        0.79056742928933
B            4.29045744999747       -3.97350716562183        0.86971861084151
B            5.80299623087740        3.58752102386231        0.17784228992904
B            5.78677895352355        1.87744688470592        0.05014487242142
B            5.76653959723659       -1.48625934169321        0.53744481170258
B            5.75931234810797       -3.10362199057029        1.09926519853083
H           -6.83286977771444        4.29871845122356        0.68393026346336
H           -6.88357297783025        1.42990992867932       -0.24244465049091
H           -4.50557579526146        5.49843525897235       -0.71892179219169
H           -6.87264748326573       -0.79077031415497        1.45084384503089
H           -6.90236294354504       -3.66593229360963        0.53685604150721
H           -4.54752790182366       -4.92379192836902        1.78835893214995
H           -1.50899121031028        5.64890978606400        0.00455640006161
H           -1.58243318248544       -5.10552838321976        0.73389432807554
H            1.45122589115666        5.63115375398697        0.26672360605454
H            1.36640125837281       -5.00146568646905        1.67757154197048
H            4.40592494841884        5.42585789433759       -0.82481556770150
H            4.33654436935453       -5.13402684105300        0.68873313355667
H            6.74687727877277        4.20444154457576        0.50302711547734
H            6.73277057848630        1.32194512140506       -0.35763609998161
H            6.72076619840650       -1.05670876157296        0.01530404336733
H            6.68881219568591       -3.63226277923553        1.58309646638607
60
 energy: -61.505951515503 gnorm: 0.002864330247 xtb: 6.7.1 (edcfbbe)
B           -5.90484100914484        3.68118520744537        0.31555239506411
B           -5.91894009869816        1.96544467962501        0.15504935634955
B           -4.44673336713375        4.45215768133510       -0.18632521328653
B           -4.45773509420794        2.79828629596213        0.14144482748402
B           -4.46667602877960        1.12424641046458        0.42873923445093
B           -5.93547742921854       -1.34492520532978        1.01778273501254
B           -5.95310469057459       -3.05864572222893        0.86223354508090
B           -4.47641443236303       -0.52511773961209        0.71851939274618
B           -4.48902028722576       -2.20387761814928        0.97619002760156
B           -4.49597573163500       -3.86152684977816        1.28792249002717
B           -2.98024878977225        3.63777438131405        0.03668091297945
B           -2.99221207666948        1.96549878223922        0.41533152671325
B           -1.51315042837260        4.47494979948112        0.08976555328516
B           -1.52486711243582        2.79465928695955        0.24781676484302
B           -1.53560291155238        1.11324746585751        0.46283615378468
B           -3.01479279983572       -1.38112354399994        0.76547190166061
B           -3.02286555682922       -3.07441467243757        0.99478494609371
B           -1.54608188890735       -0.55134544557987        0.69286666866742
B           -1.55896394328438       -2.24536051161700        0.80790427025639
B           -1.57058804597035       -3.93525870183049        0.85518859761076
B           -0.05135505749573        3.63879487006599        0.20868377896967
B           -0.06489943062858        1.92303290235861        0.23248527753951
B            1.41987355256846        4.46016861403620        0.15290746165206
B            1.40635537445860        2.77361249865886        0.23854347507155
B            1.39359028558912        1.07693735636930        0.32623850341907
B           -0.08584190185863       -1.40558553656018        0.72724427814808
B           -0.09689749898905       -3.09735709733868        0.95708926483648
B            1.38275383580470       -0.59016115583761        0.54275505495867
B            1.37353515502120       -2.25592400067842        0.87360714599738
B            1.36314892723360       -3.90249298368264        1.25899779094613
B            2.87129669659808        3.59365627698490       -0.01763976688022
B            2.86538805426300        1.91593218718091        0.32829006144913
B            4.34301295947521        4.38214547499186       -0.28629488131477
B            4.33661684932100        2.73423225463068        0.08297447052265
B            4.32514031509307        1.06148292198130        0.38271080537313
B            2.84323871536454       -1.42180415858654        0.74577480294968
B            2.82845547843783       -3.12421917572772        0.90675350991976
B            4.31435051083850       -0.59601027711415        0.61371960070600
B            4.30529190297747       -2.28573176699415        0.78939600341018
B            4.29034625030472       -3.97350499535294        0.86872212859297
B            5.80294973616292        3.58773593816671        0.17955805443287
B            5.78658537341331        1.87738662109172        0.04944885952384
B            5.76635545688528       -1.48635427105915        0.53630199310378
B            5.75930179377718       -3.10357614191468        1.09943155586207
H           -6.83163327699937        4.30039466523575        0.68224751888872
H           -6.88131127311475        1.42921591377499       -0.24727381926135
H           -4.50570461395485        5.49611049533884       -0.72497130345027
H           -6.87203904690702       -0.79074190747404        1.45203982316762
H           -6.90239300340393       -3.66685338743710        0.53885399005564
H           -4.54766367041224       -4.92169940336292        1.79372969547217
H           -1.51010485257900        5.64945502076416        0.01365721762289
H           -1.58264256144198       -5.10487170049641        0.73144780619885
H            1.45138743947639        5.63041738927561        0.27117858741098
H            1.36706463450456       -5.00091794670118        1.67892281820088
H            4.40611407433444        5.42462055333935       -0.82577368474999
H            4.33695880467484       -5.13342286446272        0.68449281524725
H            6.74653652019614        4.20455859531744        0.50544681960519
H            6.73241653941627        1.32253480640201       -0.35931575955976
H            6.72039198704771       -1.05740678374692        0.01326570609166
H            6.68861561715746       -3.63271249155749        1.58267604344504
60
 energy: -61.505962815177 gnorm: 0.002456705056 xtb: 6.7.1 (edcfbbe)
B           -5.90491533393423        3.68089301699622        0.31362873133302
B           -5.91899136158517        1.96532546685619        0.15409455127178
B           -4.44676784274368        4.45183483472269       -0.18820832536915
B           -4.45779403577209        2.79804874987702        0.13958517286693
B           -4.46674682334916        1.12397561677273        0.42682868151828
B           -5.93552951416381       -1.34493583861823        1.01750377485951
B           -5.95304553347545       -3.05855528747028        0.86345214897691
B           -4.47649346700834       -0.52527819168651        0.71738816419468
B           -4.48900381681431       -2.20359600670199        0.97835944452914
B           -4.49595123306602       -3.86109009349560        1.29037349577426
B           -2.98031650386771        3.63794076987105        0.03772404007950
B           -2.99233537520210        1.96520058064460        0.41312224492944
B           -1.51320388263765        4.47529414557352        0.09287040617394
B           -1.52492188579107        2.79485054957328        0.24944090663332
B           -1.53569138313460        1.11299605742678        0.46115253363155
B           -3.01489697502584       -1.38143628302622        0.76321938248220
B           -3.02286876581846       -3.07420351717372        0.99627271740893
B           -1.54617559757832       -0.55158396042476        0.69089010655567
B           -1.55904908433951       -2.24567472108081        0.80522088031287
B           -1.57059610848016       -3.93523737526020        0.85612516535627
B           -0.05145172172999        3.63860256147207        0.20582734583588
B           -0.06494608269874        1.92303061504821        0.23261677609943
B            1.41977887951614        4.46011180214207        0.15169773133500
B            1.40633485878646        2.77372270293461        0.23954502785823
B            1.39358611463549        1.07717884048842        0.32830127982501
B           -0.08587798257523       -1.40552189090720        0.72753850337708
B           -0.09692727110595       -3.09728077172983        0.95821959284975
B            1.38274059262094       -0.58995568517348        0.54425952341393
B            1.37352411398682       -2.25555373204422        0.87608142545489
B            1.36311203847463       -3.90239217388607        1.25965001456010
B            2.87122970537486        3.59358049510147       -0.01812109859922
B            2.86537340990987        1.91591418046431        0.32805456329074
B            4.34305464106166        4.38240513358545       -0.28480808066674
B            4.33654789089646        2.73411853535954        0.08189345474843
B            4.32509082907591        1.06127560137280        0.38100857060155
B            2.84324255749472       -1.42166495193211        0.74672443552159
B            2.82843077856358       -3.12412039317784        0.90728445502645
B            4.31431227219159       -0.59616073654899        0.61250376029534
B            4.30522573123454       -2.28594598997722        0.78783187192549
B            4.29030109854020       -3.97353557570299        0.86833852004077
B            5.80282154724572        3.58782993880982        0.18073874654884
B            5.78653149335662        1.87739011297385        0.04913609087885
B            5.76628821885375       -1.48645602907647        0.53545830831374
B            5.75921235191399       -3.10362635228634        1.09866928613828
H           -6.83136468691974        4.30180727992529        0.67758200439384
H           -6.88010735115371        1.42878162730936       -0.24978084497739
H           -4.50590248743493        5.49427181136034       -0.72933772944637
H           -6.87195094049669       -0.79037787881535        1.45121170989443
H           -6.90287019396063       -3.66784045819092        0.54361732853875
H           -4.54777799355897       -4.91989934643114        1.79827287910789
H           -1.51112867402522        5.65017940499537        0.02557584916928
H           -1.58278885407509       -5.10431684186247        0.72966045536038
H            1.45140280967941        5.62967053272714        0.27406284059686
H            1.36745325328197       -5.00072779802069        1.67967284361764
H            4.40624188299904        5.42440052689286       -0.82444603692119
H            4.33710702389059       -5.13284364882420        0.68131732559435
H            6.74702519536916        4.20383944994445        0.50631194170541
H            6.73285190517781        1.32335454367468       -0.35916940250382
H            6.72045679185765       -1.05799097857113        0.01237442420186
H            6.68940570753265       -3.63309168679916        1.57965967347570
60
 energy: -61.505970257827 gnorm: 0.001319014810 xtb: 6.7.1 (edcfbbe)
B           -5.90504750738788        3.68059344726801        0.31102046056357
B           -5.91897164988477        1.96504496594514        0.15219324740646
B           -4.44671840680981        4.45159746954080       -0.18992568150730
B           -4.45778834743687        2.79768602704848        0.13702022602531
B           -4.46677448424902        1.12366065289047        0.42478710282272
B           -5.93558084039029       -1.34491518270227        1.01693410894126
B           -5.95307255457153       -3.05845188594823        0.86524793077181
B           -4.47653960042888       -0.52549559900655        0.71558952989678
B           -4.48895880734672       -2.20327523763633        0.98047641491531
B           -4.49590298353243       -3.86076340930119        1.29225670490728
B           -2.98027555892369        3.63795257948993        0.03744752793912
B           -2.99240043476504        1.96483082561990        0.41035277218344
B           -1.51321522837854        4.47569940655184        0.09678458482518
B           -1.52490001482088        2.79511688944170        0.25163333246970
B           -1.53571953903297        1.11282766307599        0.45973937410463
B           -3.01492152618150       -1.38154803684358        0.76233331007423
B           -3.02281736175954       -3.07403161803287        0.99768231249808
B           -1.54618828760796       -0.55164852736954        0.69043998347434
B           -1.55906485231481       -2.24596833188407        0.80275521032806
B           -1.57058935663222       -3.93518140904787        0.85705495007318
B           -0.05147892910563        3.63846275957819        0.20448418160386
B           -0.06496135649564        1.92292227039835        0.23169170801631
B            1.41975565623009        4.46002898442100        0.15059891317151
B            1.40634700910401        2.77386475970642        0.24083933998551
B            1.39359504339084        1.07728086063284        0.32901380665900
B           -0.08587130362413       -1.40543978697363        0.72815137323812
B           -0.09692311092257       -3.09711832005491        0.95926803597252
B            1.38274907936955       -0.58987367160333        0.54507274164637
B            1.37354035772898       -2.25521379606505        0.87846671900765
B            1.36312993865603       -3.90228148460769        1.26028478166009
B            2.87117906020366        3.59349712725629       -0.01885874069490
B            2.86537536547540        1.91587454545397        0.32786738825401
B            4.34310317228450        4.38251352434555       -0.28411249941354
B            4.33653036647600        2.73396284379935        0.08082948563043
B            4.32510718132388        1.06120591773364        0.38053440728449
B            2.84325715900482       -1.42156747927962        0.74729218245763
B            2.82839515479053       -3.12410188781922        0.90764362043379
B            4.31433682526977       -0.59616961419795        0.61226876641267
B            4.30520283911966       -2.28615599665726        0.78617337996856
B            4.29026063085206       -3.97361616202985        0.86779213520862
B            5.80283365576977        3.58792094160777        0.18132583820897
B            5.78653996678098        1.87738352406350        0.04910377934010
B            5.76626215082213       -1.48654924335838        0.53478884818782
B            5.75925480730187       -3.10378691072919        1.09779777859811
H           -6.83234486863064        4.30215899594503        0.67160118585428
H           -6.88005413197648        1.42871693342434       -0.25150557492541
H           -4.50614342057325        5.49288800632348       -0.73294244104082
H           -6.87204550708950       -0.78977965120213        1.44978004903006
H           -6.90367978663151       -3.66862798146938        0.54947069537507
H           -4.54793445672186       -4.91828558821874        1.80262809546940
H           -1.51179015953637        5.65111782836589        0.04001462534630
H           -1.58283047872804       -5.10389127077732        0.72780498382133
H            1.45148507943336        5.62911998614096        0.27610408533449
H            1.36742517167821       -5.00054319686306        1.68054399345748
H            4.40627757565720        5.42475508574277       -0.82309978490128
H            4.33704828921071       -5.13245378037932        0.67822312665334
H            6.74788016047523        4.20296462790015        0.50612392198067
H            6.73359814624471        1.32405502609132       -0.35843332974035
H            6.72063232109469       -1.05844401588816        0.01176788800609
H            6.69069761874199       -3.63359410985628        1.57585669672853
60
 energy: -61.505974705422 gnorm: 0.001098510475 xtb: 6.7.1 (edcfbbe)
B           -5.90507709033454        3.68020922577430        0.30716289995769
B           -5.91887545894470        1.96461001759873        0.14945782659916
B           -4.44655080296459        4.45135928567836       -0.19219783127005
B           -4.45772241070402        2.79719769006801        0.13355323268266
B           -4.46675363494809        1.12331928709308        0.42226170176696
B           -5.93561736325541       -1.34480506476738        1.01641434762463
B           -5.95301348868295       -3.05825177905446        0.86726703780175
B           -4.47653099247175       -0.52559000956361        0.71458714991909
B           -4.48888386321666       -2.20286066106873        0.98284249648198
B           -4.49584498255646       -3.86047396363924        1.29397817401225
B           -2.98012638413305        3.63777641988062        0.03570281730611
B           -2.99242715526970        1.96443593306237        0.40701443278827
B           -1.51317255172900        4.47625403003851        0.10215497173722
B           -1.52481544299774        2.79557426464371        0.25517291921712
B           -1.53567988193310        1.11273717492633        0.45870501001843
B           -3.01489546755948       -1.38144618400183        0.76304354866318
B           -3.02274545015595       -3.07388338999352        0.99883917319051
B           -1.54613177487943       -0.55154114343543        0.69133455115696
B           -1.55906074830208       -2.24628132175249        0.80021031816397
B           -1.57058492674238       -3.93514201341961        0.85776616800042
B           -0.05142032086638        3.63844911788654        0.20475153109007
B           -0.06492296046312        1.92266027848345        0.22947064281102
B            1.41983640294302        4.45996601607540        0.14989615897186
B            1.40644254277080        2.77405528594067        0.24251637823513
B            1.39363870589123        1.07714834590733        0.32782034244012
B           -0.08581657959987       -1.40533736916155        0.72902807852048
B           -0.09689030181258       -3.09697852646420        0.96004710442059
B            1.38280734116729       -0.58992229371965        0.54506573415748
B            1.37361332939241       -2.25491048639818        0.88072938963909
B            1.36319860914944       -3.90221620686941        1.26074188937857
B            2.87119050794739        3.59335666923896       -0.01992918204881
B            2.86545533416430        1.91580120102528        0.32739110616742
B            4.34319554030835        4.38253995903909       -0.28402826540373
B            4.33658765366008        2.73378644684672        0.07988312171584
B            4.32517538208711        1.06125578913904        0.38108146713945
B            2.84333694926560       -1.42153236599969        0.74762461135127
B            2.82839801077027       -3.12412067384354        0.90793026912218
B            4.31439551924475       -0.59612945777062        0.61272929285413
B            4.30522560960675       -2.28636737857612        0.78452461022251
B            4.29025398930316       -3.97374259046846        0.86734573720758
B            5.80288563379549        3.58783527679757        0.18063315854410
B            5.78665680318466        1.87736281324786        0.04949803040257
B            5.76632969240737       -1.48657009592734        0.53475910211583
B            5.75928596051228       -3.10401664741850        1.09661971465066
H           -6.83473521960536        4.30117211528488        0.66346848707306
H           -6.88101419346341        1.42873944673132       -0.25266871957764
H           -4.50597492530309        5.49213242395556       -0.73625466432999
H           -6.87228440973505       -0.78884843726932        1.44808595363614
H           -6.90477480302272       -3.66907974470545        0.55595534302155
H           -4.54801332845549       -4.91692102207200        1.80692253413842
H           -1.51240565940518        5.65231279865093        0.05928286031407
H           -1.58277405824036       -5.10361279299805        0.72545218982419
H            1.45176802881863        5.62890802047700        0.27694431853818
H            1.36720599937551       -5.00019919681011        1.68188690763427
H            4.40603460582298        5.42570495194061       -0.82176043187475
H            4.33688409532809       -5.13223087848646        0.67528624878285
H            6.74869703599269        4.20235153926222        0.50434864516239
H            6.73436330981828        1.32414283564407       -0.35701627406265
H            6.72074464874809       -1.05866062631900        0.01156657331919
H            6.69222432027733       -3.63455104836451        1.57117864887700
60
 energy: -61.505976030914 gnorm: 0.000654487578 xtb: 6.7.1 (edcfbbe)
B           -5.90503590757795        3.68026395965237        0.30718055358764
B           -5.91884693792144        1.96463530450885        0.14971526647742
B           -4.44649256070965        4.45141091897188       -0.19186093891318
B           -4.45768676211954        2.79730847649861        0.13429886708236
B           -4.46670575776228        1.12346842028468        0.42317865769551
B           -5.93556814558015       -1.34476474676263        1.01667322825113
B           -5.95302651655848       -3.05826154449961        0.86689968783717
B           -4.47647834290314       -0.52548057186364        0.71531750002206
B           -4.48889337930144       -2.20296184332215        0.98205808698317
B           -4.49582393963033       -3.86060101334931        1.29303515041001
B           -2.98008794624766        3.63771288779610        0.03531410320800
B           -2.99235566412648        1.96452200979479        0.40756217776185
B           -1.51313007512790        4.47621536933835        0.10190000789816
B           -1.52476549835440        2.79561773639342        0.25558585168451
B           -1.53563407931521        1.11279812022656        0.45914925736392
B           -3.01483725705367       -1.38131182349412        0.76397874063398
B           -3.02274135726877       -3.07394369423773        0.99826030582670
B           -1.54608587010299       -0.55144898200546        0.69199440205398
B           -1.55902400675395       -2.24618818969195        0.80088526875501
B           -1.57056661890069       -3.93514602435125        0.85743118621150
B           -0.05137201178087        3.63848926494950        0.20531436603374
B           -0.06490009770712        1.92260028277419        0.22899470851794
B            1.41988114925703        4.45996198882373        0.15002183139651
B            1.40645751241595        2.77399982801403        0.24209643542863
B            1.39363795960601        1.07698944797334        0.32662946179546
B           -0.08579521269248       -1.40534742928540        0.72898507952225
B           -0.09687573979781       -3.09701533414909        0.95971954861011
B            1.38281210643104       -0.59000790831944        0.54441028396823
B            1.37361741124567       -2.25500512037897        0.88001741641807
B            1.36320610860852       -3.90224781750388        1.26054460517634
B            2.87123593438693        3.59333726305840       -0.01994184042458
B            2.86546145961741        1.91574618528125        0.32694277698194
B            4.34317882926085        4.38240044009215       -0.28478315757063
B            4.33663683208086        2.73383504898227        0.08024968569121
B            4.32521514410464        1.06131697281118        0.38156130864028
B            2.84333444710961       -1.42157326144381        0.74737794774299
B            2.82842776532361       -3.12412226016851        0.90788101106347
B            4.31443131423432       -0.59608828968228        0.61321648832206
B            4.30527292029425       -2.28631147426780        0.78511133312216
B            4.29027436478730       -3.97370426788501        0.86766595564140
B            5.80294744777617        3.58774566527126        0.17982936142704
B            5.78667724109100        1.87732633174062        0.04942422516809
B            5.76636308158767       -1.48651024965428        0.53527616978322
B            5.75932342636666       -3.10399301534460        1.09693558062874
H           -6.83511577460569        4.30066372900258        0.66346790000122
H           -6.88138931688306        1.42870760176350       -0.25186670241173
H           -4.50546844563541        5.49291017956610       -0.73488122985956
H           -6.87244110599542       -0.78907879221170        1.44835466961230
H           -6.90473322186771       -3.66859434936433        0.55462252534808
H           -4.54784245991264       -4.91759834365118        1.80509155417841
H           -1.51244367766037        5.65213288123195        0.05917633900970
H           -1.58276041613070       -5.10374817919591        0.72570736421081
H            1.45184157869454        5.62923209872891        0.27503610406276
H            1.36724270692813       -5.00009592091481        1.68203859650698
H            4.40581634538989        5.42599293841821       -0.82197863067878
H            4.33684746091142       -5.13243007733933        0.67672151132088
H            6.74838614128905        4.20291073199498        0.50344615739784
H            6.73406651840831        1.32333691953820       -0.35686580934680
H            6.72067058621556       -1.05833474063213        0.01208797332780
H            6.69195524056266       -3.63474244851155        1.57188332340456
