60
 energy: -61.502094125257 gnorm: 0.123757777203 xtb: 6.7.1 (edcfbbe)
B           -6.51043515000000        2.19808048000000        0.82753764000000
B           -6.25541277000000        0.59721634000000        1.33948621000000
B           -5.17855089000000        3.27398405000000        0.89990640000000
B           -4.94047415000000        1.60157977000000        1.02227641000000
B           -4.69195718000000       -0.06330201000000        1.24146690000000
B           -5.75135092000000       -2.68661133000000        2.01865480000000
B           -5.51693407000000       -4.37696471000000        2.03966777000000
B           -4.44452553000000       -1.69175447000000        1.56497174000000
B           -4.19225917000000       -3.32277566000000        1.96768082000000
B           -3.93543919000000       -4.93873671000000        2.39314468000000
B           -3.60789251000000        2.64626493000000        0.84801616000000
B           -3.36426898000000        0.97079254000000        1.04670265000000
B           -2.29535027000000        3.62467124000000        0.41505744000000
B           -2.04236095000000        2.00675945000000        0.83915013000000
B           -1.78953254000000        0.37123860000000        1.20963860000000
B           -2.86847876000000       -2.30628103000000        1.65242701000000
B           -2.61280626000000       -3.95184247000000        2.01226769000000
B           -1.54142435000000       -1.26536351000000        1.51411161000000
B           -1.29803964000000       -2.93422142000000        1.70077273000000
B           -1.05953244000000       -4.60515911000000        1.82522928000000
B           -0.71637152000000        3.04152759000000        0.62143928000000
B           -0.46669252000000        1.38365498000000        0.91080244000000
B            0.61436431000000        4.07987150000000        0.51706583000000
B            0.85762525000000        2.41940704000000        0.70404305000000
B            1.09969752000000        0.74757848000000        0.86988165000000
B            0.02901528000000       -1.89623033000000        1.50259288000000
B            0.27321724000000       -3.57124771000000        1.69391161000000
B            1.34727192000000       -0.89052189000000        1.16712319000000
B            1.59724116000000       -2.53752372000000        1.47348366000000
B            1.84330042000000       -4.18714603000000        1.73811046000000
B            2.17274985000000        3.43082906000000        0.35234313000000
B            2.42810776000000        1.78461114000000        0.71015531000000
B            3.49398072000000        4.42176544000000       -0.01168923000000
B            3.74783939000000        2.79588529000000        0.36559265000000
B            3.99957519000000        1.15962527000000        0.74415116000000
B            2.92388171000000       -1.49331779000000        1.31293822000000
B            3.16473476000000       -3.17844276000000        1.45035561000000
B            4.24674761000000       -0.47201109000000        1.05021986000000
B            4.49395046000000       -2.13729842000000        1.26473497000000
B            4.73264522000000       -3.80614857000000        1.39911703000000
B            5.07741884000000        3.85670940000000        0.34085401000000
B            5.30995409000000        2.16326959000000        0.32465165000000
B            5.80863470000000       -1.13941475000000        0.91073377000000
B            6.06831439000000       -2.72917161000000        1.47988474000000
H           -7.55007434000000        2.58389746000000        0.44398078000000
H           -7.14197217000000       -0.00756857000000        1.79918507000000
H           -5.37687826000000        4.42871570000000        1.00485620000000
H           -6.76692023000000       -2.24319169000000        2.38891894000000
H           -6.38020255000000       -5.14040836000000        1.82509551000000
H           -3.80025344000000       -5.97659509000000        2.92364858000000
H           -2.47860971000000        4.69074878000000       -0.04190739000000
H           -0.91181521000000       -5.76967310000000        1.77904612000000
H            0.46943825000000        5.24333207000000        0.54892150000000
H            2.02737042000000       -5.33880043000000        1.90355640000000
H            3.36703844000000        5.45584608000000       -0.55273062000000
H            4.93328169000000       -4.95522754000000        1.26426508000000
H            5.93949800000000        4.62255198000000        0.55959277000000
H            6.31560176000000        1.72413098000000       -0.08050823000000
H            6.65965906000000       -0.58732477000000        0.32912464000000
H            7.09564972000000       -3.09765901000000        1.91117517000000
60
 energy: -61.504935365408 gnorm: 0.037796136832 xtb: 6.7.1 (edcfbbe)
B           -6.50870799510418        2.19376893213810        0.80433955189365
B           -6.25371552452881        0.60219609137814        1.35125723173612
B           -5.17763520798979        3.27503640250644        0.92190932804515
B           -4.94158602739874        1.60202283512932        1.02579999933552
B           -4.69136551094322       -0.06513587173069        1.24502256061195
B           -5.74842169517296       -2.68747630924493        2.03014362684939
B           -5.51566822171438       -4.38073702650107        2.01304564957267
B           -4.44475853082273       -1.68955839199987        1.56562885680752
B           -4.19332862852387       -3.32390640873821        1.96444120587677
B           -3.93531807684655       -4.93312093862733        2.40978397535225
B           -3.60772771866599        2.64883729766317        0.84298241527361
B           -3.36315023129714        0.96752436554428        1.04420176637068
B           -2.29599567706116        3.61791625130526        0.38910665646794
B           -2.04307406751930        2.00415182710863        0.82655001115604
B           -1.78887718185547        0.37122920442444        1.21877645782815
B           -2.86837048876714       -2.30540781375194        1.64247750502881
B           -2.61163932320537       -3.95566337486442        2.01032584299197
B           -1.54120973578513       -1.26224346189872        1.52408329342031
B           -1.29857893423439       -2.93635469627196        1.68875493504309
B           -1.06099013915289       -4.60784747405375        1.79897813910299
B           -0.71711336667508        3.04306727563328        0.61250963264991
B           -0.46648314841101        1.38046818123125        0.90883088189541
B            0.61519483291294        4.08132933297572        0.53542674852536
B            0.85806261831045        2.41961064718256        0.70622910895558
B            1.10023250438436        0.74613827705108        0.87026743008558
B            0.02858634541730       -1.89415247182771        1.49963825549506
B            0.27342549581523       -3.57472490977092        1.69249631725256
B            1.34699279265541       -0.89003779976629        1.16105022633714
B            1.59751150792132       -2.53795871380422        1.47019683692147
B            1.84414562752622       -4.18351543098641        1.75596553761166
B            2.17160836272965        3.43403213767072        0.35215645516751
B            2.42803492893311        1.78315559564727        0.71854164934468
B            3.49392911746252        4.41501697088384       -0.03379557082227
B            3.74941206838334        2.79710772598989        0.37112303074864
B            4.00088901228375        1.16066939602501        0.76150080312294
B            2.92272651747733       -1.49082860345514        1.31259666710822
B            3.16482203072438       -3.18201155981386        1.44852566486046
B            4.24709439933178       -0.46829766784332        1.05885239801858
B            4.49488793972334       -2.13810475951801        1.26001650667063
B            4.73225910397775       -3.80702679891550        1.37625619081785
B            5.07603394236919        3.85926903175118        0.36305471156083
B            5.30705832639847        2.16375492694716        0.31142602596790
B            5.80654879908006       -1.14563206176381        0.89486231738039
B            6.06686744141923       -2.72420442880726        1.50349630621687
H           -7.54824374440940        2.58152594233267        0.41763419699986
H           -7.13886760135056        0.00326294654938        1.82553731352940
H           -5.37776765237540        4.42973809817916        1.02320707382558
H           -6.76097065185950       -2.24287213443437        2.41103023643238
H           -6.38130913135012       -5.14705081632008        1.80823927594912
H           -3.80159004147539       -5.97210295288333        2.94228564708739
H           -2.47989443712571        4.69047635144912       -0.05549412646450
H           -0.91424100750652       -5.77372375290062        1.76216180373018
H            0.46868188756625        5.24685325959338        0.57174899289865
H            2.02203035406452       -5.33291783964686        1.93764640810155
H            3.36774960635921        5.45326704258694       -0.57014630642055
H            4.93567077236763       -4.95738598920036        1.24727196755778
H            5.93948896682670        4.62671882155494        0.57476537109925
H            6.31200726628474        1.72510497203916       -0.09734656786670
H            6.65989484389446       -0.59183055045643        0.31694803915463
H            7.09574174652733       -3.09480956067415        1.93256165372844
60
 energy: -61.505378150580 gnorm: 0.024754768875 xtb: 6.7.1 (edcfbbe)
B           -6.50981185259924        2.19297264062763        0.79789820720239
B           -6.25390150945197        0.60365433645129        1.35540091097503
B           -5.17791630296971        3.27552871510018        0.92422882070734
B           -4.94125453207914        1.60204450783153        1.02679585927025
B           -4.69154570847662       -0.06410095303804        1.25237262289663
B           -5.74869102369328       -2.68835923743759        2.02952840139594
B           -5.51695503174548       -4.38256730273368        2.00614850481755
B           -4.44503638233514       -1.68832790065387        1.57015531232452
B           -4.19343555770918       -3.32464672643938        1.95926149047716
B           -3.93579659298691       -4.93345422872231        2.40925841934057
B           -3.60730203621336        2.64887763806953        0.83997363316182
B           -3.36387622733875        0.96681070270746        1.04124347451858
B           -2.29672569644334        3.61560099304738        0.37697213771866
B           -2.04343683529425        2.00305987767448        0.81941269125053
B           -1.78905632040312        0.37102849559649        1.21768452730185
B           -2.86933892243253       -2.30666580446800        1.63524593864792
B           -2.61123354143612       -3.95687771858200        2.00540946675946
B           -1.54153830360882       -1.26302951345844        1.52005698725801
B           -1.29912395507603       -2.93832357128305        1.67896496853095
B           -1.06201267689980       -4.61024868431558        1.78452403200395
B           -0.71746844326860        3.04225106664598        0.60607558517132
B           -0.46656792606278        1.38004213179517        0.90724284864197
B            0.61566499217730        4.08254608824216        0.54241863103564
B            0.85795327142788        2.41974279539592        0.70594640996644
B            1.10051240334592        0.74682702344355        0.87407507299887
B            0.02841470279992       -1.89441500435816        1.49783025875846
B            0.27322825364123       -3.57570140739663        1.68875262095627
B            1.34719781638188       -0.88962396615693        1.16347250454029
B            1.59735007565665       -2.53869497880187        1.46709383833536
B            1.84508642533058       -4.18121223253408        1.77045360022406
B            2.17072998746876        3.43392210806101        0.34987294310282
B            2.42899307733744        1.78431105944666        0.72552579265704
B            3.49422909669892        4.41457833010324       -0.03676854764111
B            3.74953784421917        2.79797424581735        0.37742747834252
B            4.00109439301940        1.16008455847888        0.76041580307462
B            2.92328738073618       -1.49057166265743        1.31336931267692
B            3.16399014843122       -3.18316695969289        1.44458575131467
B            4.24706654572640       -0.46881091770702        1.05431114830471
B            4.49447690693605       -2.13846205844249        1.25741989473296
B            4.73243725789202       -3.80789931290723        1.37114667985465
B            5.07701517495043        3.86043648654021        0.36489048981386
B            5.30756284347138        2.16498736367054        0.31485512255856
B            5.80712064666858       -1.14573490924722        0.89693301564212
B            6.06785209276950       -2.72448897326692        1.50521154794955
H           -7.54373405501733        2.57909689066060        0.39715237901422
H           -7.13431198249210        0.01531350005463        1.85267285175746
H           -5.37968687436535        4.42788992461086        1.04044895006006
H           -6.75446419295799       -2.24462623798466        2.42930941441727
H           -6.37925462328647       -5.15040774810404        1.79828671961607
H           -3.80588218888543       -5.96590588340734        2.95556506028311
H           -2.48063205078834        4.68788247878202       -0.06862519266243
H           -0.91578070989540       -5.77597630887343        1.74225466258605
H            0.46848221265900        5.24819033845882        0.59353248851476
H            2.02418042665262       -5.32549855601473        1.98096034520510
H            3.37081218279566        5.44907091883435       -0.58074490451756
H            4.93864529449060       -4.95623586214803        1.23125614879836
H            5.93669127208637        4.62838164514182        0.58194048650730
H            6.30706951308020        1.72700012753045       -0.10655959635622
H            6.65812435578098       -0.59607016473133        0.31246486019211
H            7.09195492158042       -3.09339263325586        1.94387523701267
60
 energy: -61.505700288251 gnorm: 0.017516992161 xtb: 6.7.1 (edcfbbe)
B           -6.50973170767874        2.19144831243132        0.79151394727360
B           -6.25332524912708        0.60520196492588        1.36195502830264
B           -5.17773926316651        3.27516486611155        0.92267764590072
B           -4.94086295803237        1.60215518215723        1.02781678910118
B           -4.69141975838311       -0.06288584694401        1.25839922533886
B           -5.74859337541166       -2.68887745795300        2.02724090625232
B           -5.51720641500261       -4.38328157367648        1.99916710234279
B           -4.44500112971748       -1.68772305190364        1.57238345288559
B           -4.19360458118162       -3.32570120112369        1.95209712793081
B           -3.93595175682064       -4.93424812453881        2.40409153401583
B           -3.60706010705334        2.64819197556426        0.83628867115258
B           -3.36426080126913        0.96612916538258        1.03699856050119
B           -2.29701825228750        3.61374407510818        0.36855038941192
B           -2.04360240145224        2.00177194760081        0.81226975592818
B           -1.78944846489497        0.36990460000441        1.21062864362205
B           -2.86997497581999       -2.30818210225737        1.62679222532515
B           -2.61128259694913       -3.95796049497887        1.99825129036796
B           -1.54211049445222       -1.26512598588422        1.50936999466809
B           -1.29969018485683       -2.94031388984835        1.66729446825496
B           -1.06274756211671       -4.61201448889895        1.77116021598228
B           -0.71772466655453        3.04074006377846        0.59972206151094
B           -0.46670507835100        1.37973469544869        0.90505470462007
B            0.61585175332784        4.08292009468888        0.54672368059466
B            0.85766688234695        2.41943261867493        0.70445307088026
B            1.10082243560767        0.74825121501085        0.88142589020787
B            0.02813798771594       -1.89515139673115        1.49438459986424
B            0.27297538742279       -3.57598927505595        1.68497931898525
B            1.34752216715672       -0.88856095392216        1.17038780510439
B            1.59696632239643       -2.53930159335284        1.46352222897125
B            1.84604768049106       -4.17740060175066        1.79073993561823
B            2.17016941842563        3.43329179167301        0.34755111467430
B            2.42943120434269        1.78536667859365        0.73147687320130
B            3.49411856841792        4.41414937903882       -0.03751088988568
B            3.74963210817901        2.79899159973327        0.38435411294977
B            4.00088815312849        1.15960102893836        0.75868474159523
B            2.92338244234187       -1.49070518059139        1.31308725853568
B            3.16328361169441       -3.18371344183284        1.44117399550079
B            4.24672411274866       -0.46964629562179        1.04982951582168
B            4.49394716034365       -2.13892345056369        1.25424286473846
B            4.73188272147035       -3.80854184709418        1.36590955813853
B            5.07678538482954        3.86032948615880        0.36583014248092
B            5.30758651428469        2.16549720779023        0.31777011418015
B            5.80714808095729       -1.14520885321679        0.89973560932246
B            6.06738245685423       -2.72456593392192        1.50507894294900
H           -7.53684903729517        2.57473924645364        0.36979074408313
H           -7.12700631900965        0.03314064931570        1.89299847280975
H           -5.38288950743526        4.42433599844858        1.06356334555307
H           -6.74576060864924       -2.24736661945480        2.45286831980772
H           -6.37577063976887       -5.15390378331010        1.78517884465902
H           -3.81190154834649       -5.95747531375583        2.97033360712382
H           -2.48110519546934        4.68348500589625       -0.08416827398730
H           -0.91756291203850       -5.77763741762271        1.71326340476935
H            0.46854854058545        5.24853477548062        0.62180605489541
H            2.02793696156133       -5.31368886577034        2.04692408100363
H            3.37442920982389        5.44388938365255       -0.59192591598787
H            4.94183735225114       -4.95415558343205        1.20747972635596
H            5.93178532065801        4.63067189564705        0.59216298427106
H            6.30072769118451        1.72837674978736       -0.11974978529731
H            6.65537425316884       -0.60162249528899        0.30537388096313
H            7.08590512487507       -3.09270896319844        1.95743040385898
60
 energy: -61.505832875016 gnorm: 0.010088376629 xtb: 6.7.1 (edcfbbe)
B           -6.50985290919290        2.19003747593210        0.78594557512873
B           -6.25291565947956        0.60684518986431        1.37076209447750
B           -5.17795625750944        3.27489537811284        0.92079150441154
B           -4.94116622168958        1.60280895250626        1.03009615043978
B           -4.69154845693489       -0.06250881768648        1.25877789375979
B           -5.74872412310453       -2.68902423182263        2.02646830243320
B           -5.51745831746964       -4.38423326474345        1.99199516108212
B           -4.44519538432434       -1.68851318051282        1.56952929929775
B           -4.19414612227422       -3.32680155436583        1.94775192554651
B           -3.93630252339044       -4.93540001703058        2.39887949802615
B           -3.60767784113266        2.64774432819168        0.83395472323526
B           -3.36431769103027        0.96563796400072        1.03308915250370
B           -2.29697679864352        3.61365204426326        0.36737010858802
B           -2.04382981654881        2.00104544291855        0.80798149857091
B           -1.79001130546339        0.36831853661614        1.20134947028348
B           -2.87008576350309       -2.30924110537594        1.62159481219133
B           -2.61200008307644       -3.95898827365503        1.99360326243672
B           -1.54275096971037       -1.26721865861637        1.49877457846939
B           -1.30011438271018       -2.94164789902037        1.65984561659010
B           -1.06278264927303       -4.61284449626314        1.76567686554885
B           -0.71782570088941        3.04031691549813        0.59738879643593
B           -0.46684725306860        1.37955434807061        0.90289706738843
B            0.61573580251381        4.08295423899676        0.54703712759542
B            0.85763493693944        2.41933256227515        0.70346572866145
B            1.10119035161715        0.74950492312738        0.88795211966053
B            0.02787042260986       -1.89618708414992        1.48974066670473
B            0.27310570265789       -3.57595227895344        1.68567484596665
B            1.34793224945791       -0.88752044449131        1.17704614142562
B            1.59704129481648       -2.53940746267294        1.46356922941212
B            1.84698623620267       -4.17368590631115        1.81105788450863
B            2.17061776379471        3.43331359419913        0.34696632723377
B            2.42923250944961        1.78561554976533        0.73220295874917
B            3.49420304602129        4.41408071317871       -0.03818152954454
B            3.75007288492192        2.79985811964314        0.38729726491156
B            4.00099677062680        1.15992912278541        0.75920137729881
B            2.92315714335668       -1.49123461666563        1.31122994316131
B            3.16378297714265       -3.18368159980528        1.44199876900471
B            4.24685225815409       -0.46994893805548        1.04944463375619
B            4.49419839057026       -2.13956894206622        1.25164341821279
B            4.73163004470831       -3.80937828061545        1.36073162283654
B            5.07674510063299        3.86049503020066        0.36840260184010
B            5.30751970674632        2.16490119936969        0.31480151297249
B            5.80719070089850       -1.14538190489055        0.89814206864661
B            6.06719339587463       -2.72430424126491        1.50652137218069
H           -7.53234117408381        2.56941499730902        0.34984605204169
H           -7.12010400702149        0.04823918591420        1.92692599285445
H           -5.38615373125118        4.42110707107185        1.08017485703797
H           -6.73999595886028       -2.24969257381375        2.46773858605734
H           -6.37414529018432       -5.15578749505981        1.77356969505926
H           -3.81596887636963       -5.95250922273467        2.97640196855198
H           -2.48144242663278        4.67943215439788       -0.09453896007711
H           -0.91937290843166       -5.77782294128482        1.68812427434830
H            0.46959052334976        5.24743877528700        0.64034645474158
H            2.02961048157299       -5.30150770793759        2.10490690691690
H            3.37620153512008        5.44128947755804       -0.59731579810964
H            4.94333444623748       -4.95252713417515        1.18687244530578
H            5.92865969016066        4.63256630196767        0.60159686770038
H            6.29690012784294        1.72808057589759       -0.13134320957352
H            6.65353543198446       -0.60574648337514        0.29736078090738
H            7.08227813727231       -3.09353384150350        1.96574776419666
60
 energy: -61.505875567380 gnorm: 0.004263658454 xtb: 6.7.1 (edcfbbe)
B           -6.50990255408778        2.18972471421478        0.78521123652435
B           -6.25258725154209        0.60722024797193        1.37363684990941
B           -5.17800382828879        3.27463829107069        0.92013344615618
B           -4.94095448586204        1.60317896530006        1.03249681856552
B           -4.69150314567506       -0.06270814173596        1.25740467617921
B           -5.74871106998842       -2.68916262184899        2.02547450476557
B           -5.51752943962669       -4.38474804728718        1.98929802401115
B           -4.44514474704477       -1.68903267825484        1.56742230911941
B           -4.19399869404229       -3.32666191348052        1.94848581326174
B           -3.93644740784874       -4.93586750056036        2.39660262856751
B           -3.60774695530825        2.64763627704502        0.83470800434525
B           -3.36430761936886        0.96519166509177        1.03084381912273
B           -2.29683814192236        3.61407675427095        0.36967823143185
B           -2.04389403549004        2.00079912968254        0.80727567728600
B           -1.79018822035539        0.36756332149843        1.19764800257302
B           -2.86998807638251       -2.30937100561729        1.62105423259422
B           -2.61202685896134       -3.95873558014807        1.99449928422830
B           -1.54293605682062       -1.26783715028778        1.49522690950310
B           -1.30018513912918       -2.94177172251284        1.65884350020729
B           -1.06253314294177       -4.61262628805428        1.76706747455283
B           -0.71778783257873        3.04060539729088        0.59900567909398
B           -0.46691431235316        1.37930205457472        0.90198552230450
B            0.61561757849056        4.08274505415328        0.54663210296046
B            0.85766718851217        2.41933279270462        0.70424356321661
B            1.10114747302806        0.74950792453440        0.88860883465676
B            0.02770798868958       -1.89664206739526        1.48698997606320
B            0.27332750352278       -3.57546335790472        1.68933799307624
B            1.34789172549769       -0.88738028008801        1.17789155225187
B            1.59719737080483       -2.53886332863188        1.46683561340159
B            1.84724306198072       -4.17179040603485        1.82004484850181
B            2.17062899273407        3.43298779265833        0.34624991291787
B            2.42894724260503        1.78518732062252        0.73000783636287
B            3.49412155321256        4.41414013327745       -0.03752793452574
B            3.74977851874135        2.79944863161088        0.38542786625039
B            4.00069504620885        1.15955028465454        0.75699290215044
B            2.92295741837690       -1.49143885079696        1.31018050206562
B            3.16391654003726       -3.18320727119900        1.44454750941356
B            4.24662430860878       -0.47025086666030        1.04827240335318
B            4.49401848737410       -2.13971183886043        1.25091541874090
B            4.73144481192296       -3.80943213074548        1.36051881356381
B            5.07676335737898        3.86046157407416        0.36869552141767
B            5.30719242379973        2.16426316249626        0.31204958310141
B            5.80693682505432       -1.14565967051558        0.89670001432624
B            6.06719139775177       -2.72427528459814        1.50661536332367
H           -7.53225754834180        2.56666403946337        0.34823350964466
H           -7.11700740052737        0.05304691464478        1.93561069083020
H           -5.38754373446956        4.41978676713919        1.08247380362859
H           -6.73971736022490       -2.25077787128748        2.46610590558563
H           -6.37487687803267       -5.15531466062088        1.77015335135732
H           -3.81671796336754       -5.95363310774013        2.97158467522717
H           -2.48187878821052        4.67819015348241       -0.09576272945094
H           -0.92082245935183       -5.77710798245889        1.67962529814549
H            0.47096195142802        5.24632963245747        0.64210286964401
H            2.02979268505763       -5.29464273046165        2.12632154753987
H            3.37629492217767        5.44250740675852       -0.59413011661860
H            4.94360133984737       -4.95155387496985        1.18186013562689
H            5.92893195919453        4.63193674383166        0.60361074896667
H            6.29696335035633        1.72793580753953       -0.13337374133967
H            6.65345455941015       -0.60696226216126        0.29521366485425
H            7.08292302634055       -3.09471889119636        1.96302166546491
60
 energy: -61.505902645468 gnorm: 0.004005545415 xtb: 6.7.1 (edcfbbe)
B           -6.50986769757201        2.18973031763208        0.78599479853177
B           -6.25251439072465        0.60746609752407        1.37559960350769
B           -5.17810598003387        3.27450365880361        0.91998677884815
B           -4.94091098735648        1.60369381626068        1.03566612170454
B           -4.69167000255395       -0.06294908066331        1.25632523930295
B           -5.74896584039782       -2.68966206170926        2.02309885119828
B           -5.51751603193416       -4.38508083172412        1.98750546760609
B           -4.44530944503395       -1.68942574883559        1.56581011212785
B           -4.19402756520461       -3.32651797193413        1.94984015568699
B           -3.93672732044810       -4.93650464965446        2.39392610473715
B           -3.60779533156451        2.64766328084721        0.83552328743010
B           -3.36452383622030        0.96464341014697        1.02835264865130
B           -2.29687580104487        3.61441115374298        0.37121058392835
B           -2.04404621026487        2.00047237077990        0.80589818495099
B           -1.79040124093369        0.36697767006399        1.19489815954891
B           -2.87012891802962       -2.30960860053546        1.62026266713724
B           -2.61204001416176       -3.95859538119508        1.99556825393842
B           -1.54318780701735       -1.26843605517071        1.49206984187319
B           -1.30037906724285       -2.94217948568967        1.65695695995808
B           -1.06243737011132       -4.61266006924876        1.76815779550869
B           -0.71781026893812        3.04090865783085        0.60062786833274
B           -0.46704537283450        1.37896022851056        0.90065415390583
B            0.61556963343035        4.08271231957338        0.54686823913822
B            0.85768452743655        2.41948748011395        0.70574116644243
B            1.10100082982370        0.74911182397478        0.88693498322477
B            0.02747406948888       -1.89720665611936        1.48391151997775
B            0.27347806789250       -3.57496572604488        1.69342302921507
B            1.34774720846295       -0.88768576998308        1.17643433212993
B            1.59740390824837       -2.53806360528950        1.47208528674108
B            1.84765800741557       -4.16984437073245        1.83040686363104
B            2.17053557390371        3.43276920457766        0.34562114665123
B            2.42881838218611        1.78474830929390        0.72780908854828
B            3.49408542414452        4.41436881829827       -0.03636327304469
B            3.74960914871623        2.79898170719871        0.38302713679166
B            4.00054456972542        1.15908205485827        0.75456537109368
B            2.92288866507840       -1.49164781943381        1.30906659581137
B            3.16398808647455       -3.18281836263354        1.44770634952740
B            4.24648735303404       -0.47068853929886        1.04611938589869
B            4.49394561892202       -2.13997902214860        1.24988575986655
B            4.73134943659019       -3.80948105970592        1.36140144401950
B            5.07658349010155        3.86015122241119        0.36801380893802
B            5.30700802870314        2.16384980341006        0.31025790860574
B            5.80677957911158       -1.14601659683306        0.89544415258717
B            6.06703194872770       -2.72445642491929        1.50538061013127
H           -7.53328944521232        2.56510273415761        0.35149602586042
H           -7.11413604491300        0.05675581254346        1.94244837703814
H           -5.38786677031110        4.41911719361153        1.08266792333034
H           -6.74091016799801       -2.25155248178700        2.46013063605487
H           -6.37598613397573       -5.15460014753457        1.76880930996389
H           -3.81649731287203       -5.95689958224077        2.96304320371519
H           -2.48221973509478        4.67773810252305       -0.09552544925456
H           -0.92221722267445       -5.77639462498153        1.67299034016739
H            0.47213185669184        5.24560034083390        0.64151213549167
H            2.03084793073577       -5.28703144457319        2.15041099009109
H            3.37567535094630        5.44483083679332       -0.58862849269615
H            4.94346740393254       -4.95078208671699        1.17969134340324
H            5.93000683223585        4.63040735000475        0.60322139159753
H            6.29777692952844        1.72802458630113       -0.13319364576813
H            6.65383248304023       -0.60777818307231        0.29441334788330
H            7.08498844794604       -3.09614835221269        1.95572213878024
60
 energy: -61.505919392450 gnorm: 0.001982835053 xtb: 6.7.1 (edcfbbe)
B           -6.50999582567525        2.18991228363569        0.78694418740602
B           -6.25247865307599        0.60770292030479        1.37721230202211
B           -5.17814017390531        3.27447337742879        0.92022373950185
B           -4.94085735834328        1.60410733957833        1.03838584752358
B           -4.69180084879646       -0.06320804821708        1.25529134142332
B           -5.74926375396054       -2.69024885107118        2.02029166460370
B           -5.51771458694706       -4.38550456686434        1.98581981869602
B           -4.44548309914186       -1.68977812312867        1.56397568626835
B           -4.19411078353987       -3.32652528703765        1.95008391294636
B           -3.93701570741683       -4.93714889006427        2.39121986977131
B           -3.60782560109795        2.64759836841496        0.83536229292334
B           -3.36466999984852        0.96425425456286        1.02683862578577
B           -2.29693142153868        3.61448372041597        0.37180866999865
B           -2.04417759055857        2.00006954502355        0.80411418062971
B           -1.79053086922694        0.36668635819921        1.19366171949973
B           -2.87026942006366       -2.30981807587277        1.61929947662334
B           -2.61209632794186       -3.95871783524493        1.99537917139037
B           -1.54336382412002       -1.26885791615261        1.49017357487709
B           -1.30060576419150       -2.94275987892494        1.65409300998966
B           -1.06242087312776       -4.61271578833338        1.76861314572802
B           -0.71785959605141        3.04089892932792        0.60114188111167
B           -0.46718095622771        1.37857372963306        0.89907619879062
B            0.61552357712401        4.08258829154133        0.54693164501618
B            0.85765393742021        2.41957339272128        0.70689086877490
B            1.10077168502397        0.74844991345600        0.88364662361353
B            0.02723699154063       -1.89777396895677        1.48106747578964
B            0.27351176133448       -3.57463956353413        1.69588192161854
B            1.34752035511340       -0.88832502600930        1.17335115295183
B            1.59755469060658       -2.53727380207650        1.47728382863447
B            1.84795987468184       -4.16815388664626        1.83921293786425
B            2.17043353304840        3.43272417030904        0.34573272976390
B            2.42868276618375        1.78431696723810        0.72615807417172
B            3.49405722009627        4.41451537557943       -0.03545165193759
B            3.74949561642751        2.79862384074656        0.38174420085647
B            4.00046408745114        1.15882353919601        0.75383239206949
B            2.92273323296010       -1.49199670110541        1.30722356897417
B            3.16393024889318       -3.18267753448855        1.44985053291795
B            4.24636514827033       -0.47098147608445        1.04480024433904
B            4.49380721290289       -2.14030645450914        1.24849093099787
B            4.73122613452489       -3.80959224472859        1.36211398008206
B            5.07657383300561        3.85997133341914        0.36729630883885
B            5.30691706624260        2.16363612996663        0.30966097632115
B            5.80661902134958       -1.14636687517083        0.89435750317655
B            6.06701831613371       -2.72481780055484        1.50392717904319
H           -7.53477771967453        2.56567801388781        0.35646346989290
H           -7.11200735635878        0.05965074620905        1.94940719008501
H           -5.38724213458985        4.41918974814274        1.08288366558176
H           -6.74276043808557       -2.25179944531030        2.45371358965367
H           -6.37674076955579       -5.15476144029251        1.76868604184953
H           -3.81568595211096       -5.96076088007410        2.95465404262045
H           -2.48207820923994        4.67807996333177       -0.09427101832261
H           -0.92269918938933       -5.77586514132653        1.66885006024044
H            0.47221799843474        5.24548920892213        0.64071700145607
H            2.03251812345009       -5.27998765646911        2.17647647827355
H            3.37453001974983        5.44699576654584       -0.58385865889084
H            4.94285365881692       -4.95065092264293        1.17913458273925
H            5.93108257742799        4.62927431340329        0.60129994881334
H            6.29858884065863        1.72802548838528       -0.13221407594580
H            6.65439687649038       -0.60818626894829        0.29434125977287
H            7.08752985843838       -3.09755710968638        1.94758680079164
60
 energy: -61.505928328499 gnorm: 0.001711227209 xtb: 6.7.1 (edcfbbe)
B           -6.50997954168244        2.19035624506736        0.78936464656965
B           -6.25245414145970        0.60776658896796        1.37805765375146
B           -5.17808621812966        3.27453020248448        0.92064183534748
B           -4.94074135378903        1.60442415129144        1.04068769942780
B           -4.69187446007468       -0.06338348168415        1.25467962567044
B           -5.74955515821995       -2.69096631343346        2.01698791969428
B           -5.51779535263284       -4.38578102807404        1.98461114873778
B           -4.44561625155541       -1.69019831750011        1.56184209383505
B           -4.19421402377262       -3.32685641992436        1.94857596098101
B           -3.93723491750000       -4.93791603496958        2.38821137587955
B           -3.60785202624204        2.64733865915325        0.83408411476331
B           -3.36473059178259        0.96417783639812        1.02688451170499
B           -2.29697749715648        3.61442569834034        0.37171329418697
B           -2.04427845672590        1.99963777238157        0.80216631975742
B           -1.79051982942543        0.36673638459039        1.19430131419079
B           -2.87038904655757       -2.31007998429993        1.61821560483822
B           -2.61218522596193       -3.95917755029177        1.99340961094608
B           -1.54339842925746       -1.26904260128904        1.48987645534664
B           -1.30084217556060       -2.94356141390809        1.64997520594662
B           -1.06239030670683       -4.61288665495682        1.76852109970621
B           -0.71788364624218        3.04065197676091        0.60051064440932
B           -0.46725553563875        1.37819164724919        0.89741988257264
B            0.61552572775132        4.08244412734408        0.54652796845208
B            0.85768983810074        2.41962904052303        0.70775623920647
B            1.10057739435358        0.74766727504547        0.87961139685862
B            0.02708004942511       -1.89830974857759        1.47859033996546
B            0.27357436704888       -3.57454724726277        1.69683975676166
B            1.34734739608833       -0.88910283872926        1.16967344458364
B            1.59789717601164       -2.53610389951629        1.48456495543201
B            1.84834970809707       -4.16654938802771        1.84783695615007
B            2.17043015031133        3.43283925098435        0.34665437325880
B            2.42866874264410        1.78398456856630        0.72492204013688
B            3.49410569940872        4.41466628242010       -0.03460931717447
B            3.74949068759305        2.79844051737569        0.38149699936818
B            4.00047361458367        1.15871417086869        0.75401841279797
B            2.92266579636106       -1.49254020650506        1.30448272079301
B            3.16387528674656       -3.18270763050769        1.45097713523247
B            4.24633114618598       -0.47121196253608        1.04399456035172
B            4.49369843239577       -2.14075299142782        1.24633510768639
B            4.73119795645038       -3.80974314821815        1.36285628748467
B            5.07653474441840        3.85968383094984        0.36615062586267
B            5.30701102556009        2.16364750944819        0.31027746805814
B            5.80657978548897       -1.14661572945365        0.89342777020038
B            6.06695968852183       -2.72542469157101        1.50125391246993
H           -7.53662005162783        2.56870955871286        0.36449951850779
H           -7.11105191222241        0.06081420313522        1.95377667169300
H           -5.38619740679060        4.41983907368911        1.08282703923864
H           -6.74532664013552       -2.25159082628175        2.44595103107312
H           -6.37686386123343       -5.15573432732002        1.76980018495793
H           -3.81441300927212       -5.96510065577047        2.94619088248660
H           -2.48151426927083        4.67954324954416       -0.09121040838900
H           -0.92181946435134       -5.77576016752887        1.66882219019357
H            0.47114415572423        5.24595123829579        0.63858983179756
H            2.03256711125140       -5.27330548990573        2.20130397291366
H            3.37310559589292        5.44870240403957       -0.58017993511648
H            4.94168766842889       -4.95139128361611        1.18151692645192
H            5.93188794146008        4.62877214523580        0.59744936833331
H            6.29936781256614        1.72767092777022       -0.13005189549205
H            6.65507822281870       -0.60788007308596        0.29494825733089
H            7.09014733928950       -3.09912486046035        1.93827331181901
60
 energy: -61.505931568019 gnorm: 0.001366051489 xtb: 6.7.1 (edcfbbe)
B           -6.50997826284349        2.19046145037605        0.78960763206674
B           -6.25243138366584        0.60779713278288        1.37807142804754
B           -5.17799004471210        3.27461878602668        0.92104792555048
B           -4.94074993088315        1.60440366078822        1.04029271849256
B           -4.69180841568992       -0.06323183374616        1.25526363053357
B           -5.74949703167508       -2.69095726251728        2.01698340929517
B           -5.51782505166918       -4.38578214702660        1.98440651235299
B           -4.44556213825534       -1.69010127868396        1.56217253188303
B           -4.19428298632860       -3.32713175391837        1.94703747049246
B           -3.93717692533007       -4.93789161701462        2.38806372840230
B           -3.60784475683979        2.64730426912222        0.83375185782522
B           -3.36461629821612        0.96444865431254        1.02810888465216
B           -2.29693563179921        3.61437299756796        0.37140907548403
B           -2.04420862951579        1.99972904573300        0.80256207888520
B           -1.79042007748100        0.36697480636151        1.19551675406173
B           -2.87032819673345       -2.31002631040509        1.61831364476792
B           -2.61221317666207       -3.95932077083802        1.99250734925923
B           -1.54330237836019       -1.26883937583052        1.49093653346049
B           -1.30081418422918       -2.94357584861094        1.64958407921772
B           -1.06237508377958       -4.61287401935131        1.76828701557995
B           -0.71787154798868        3.04054689074011        0.59983571838538
B           -0.46720811069360        1.37829230984860        0.89781345430438
B            0.61554300683276        4.08242354358544        0.54625221391731
B            0.85769801240802        2.41958104153160        0.70740520504430
B            1.10063942941945        0.74784281809334        0.88049461834280
B            0.02710825192342       -1.89827973430318        1.47869091712102
B            0.27352925117557       -3.57476454684053        1.69531695220185
B            1.34737099654655       -0.88906475891165        1.16982204065652
B            1.59794231739689       -2.53591343922155        1.48540644435785
B            1.84822186445277       -4.16694054443458        1.84536202359930
B            2.17048411648930        3.43287599719761        0.34675449957951
B            2.42869333022493        1.78407609174694        0.72534494013530
B            3.49411879453847        4.41455104733310       -0.03504396009040
B            3.74958705707263        2.79863252447421        0.38231112020440
B            4.00052503128650        1.15878448894985        0.75431099279063
B            2.92263997391916       -1.49265435868164        1.30387734832947
B            3.16384888741625       -3.18284686565938        1.44994963218720
B            4.24637631155616       -0.47117159934729        1.04429025217068
B            4.49372120015374       -2.14079876147492        1.24608256334867
B            4.73118936492995       -3.80975354399082        1.36254501103461
B            5.07660120496097        3.85973018989692        0.36628630347002
B            5.30704757172963        2.16371936232120        0.31059127090836
B            5.80659270119597       -1.14657399614985        0.89341590532040
B            6.06698427412757       -2.72551837368614        1.50093569490941
H           -7.53652518643680        2.56946039524850        0.36468084444496
H           -7.11188452939746        0.05958130088975        1.95178870443031
H           -5.38623827064794        4.41994136265324        1.08376604703018
H           -6.74516028627007       -2.25145890558466        2.44628812900200
H           -6.37643601394282       -5.15610124472534        1.76909875384343
H           -3.81457669199567       -5.96438687524977        2.94740733367514
H           -2.48153800063463        4.67999659736481       -0.09049635570643
H           -0.92121343667071       -5.77617944080531        1.67147833593414
H            0.47079487319882        5.24611470726539        0.63812651250325
H            2.03287449081531       -5.27337382553039        2.20069164563996
H            3.37347670087518        5.44775925642980       -0.58223415052059
H            4.94159208970838       -4.95191288900458        1.18305681185006
H            5.93148208625253        4.62938773496952        0.59738637019055
H            6.29908312900306        1.72746123854462       -0.13010078524218
H            6.65476889568995       -0.60765407244187        0.29456720126452
H            7.08946690404788       -3.09918013816950        1.93940329912118
60
 energy: -61.505931323594 gnorm: 0.003500049565 xtb: 6.7.1 (edcfbbe)
B           -6.50997607921187        2.19056909035676        0.78985810146987
B           -6.25240805165335        0.60782713636376        1.37808076519428
B           -5.17789204347852        3.27470972264555        0.92146576107745
B           -4.94075823404286        1.60438240807263        1.03988915712359
B           -4.69174083403264       -0.06307720544975        1.25585942094475
B           -5.74943739464291       -2.69094778717145        2.01698142516015
B           -5.51785464245626       -4.38578358015950        1.98419429622562
B           -4.44550673022974       -1.69000240862493        1.56250914958807
B           -4.19435283483397       -3.32741286402237        1.94546558619246
B           -3.93711777973775       -4.93786680491250        2.38791418046620
B           -3.60783696886733        2.64727009193790        0.83341866243279
B           -3.36449979525992        0.96472487653876        1.02935751168701
B           -2.29689286243620        3.61432021922862        0.37110293113448
B           -2.04413728045906        1.99982335492784        0.80297165314656
B           -1.79031827398176        0.36721794223344        1.19675613530281
B           -2.87026618127632       -2.30997207169844        1.61841093674446
B           -2.61224140092003       -3.95946691614170        1.99158634051049
B           -1.54320449371879       -1.26863248050303        1.49201495937263
B           -1.30078562140424       -2.94359062576044        1.64918466239128
B           -1.06235939952263       -4.61286155330616        1.76804566564581
B           -0.71785899503104        3.04044059963172        0.59915094259317
B           -0.46715944371285        1.37839559963728        0.89821780947823
B            0.61556083706864        4.08240300191156        0.54597249923065
B            0.85770654607354        2.41953207840508        0.70704511378139
B            1.10070299066674        0.74802218441333        0.88139595361362
B            0.02713723518482       -1.89824879109816        1.47879361874037
B            0.27348370142598       -3.57498599795348        1.69376469583387
B            1.34739559240666       -0.88902501613919        1.16997674808881
B            1.59798971818086       -2.53571620839815        1.48628094468019
B            1.84809355587583       -4.16733745248108        1.84285706029630
B            2.17053909043503        3.43291328532779        0.34685463173094
B            2.42871869512436        1.78416963132582        0.72577525683195
B            3.49413207002311        4.41443347312861       -0.03549026179086
B            3.74968487115892        2.79882804777592        0.38313942476626
B            4.00057729336686        1.15885591580368        0.75460594502113
B            2.92261437928338       -1.49276998647586        1.30326162839668
B            3.16382229019870       -3.18298871846572        1.44890002654181
B            4.24642234463140       -0.47113061201234        1.04458801826088
B            4.49374434322928       -2.14084536614493        1.24582231475333
B            4.73118110338010       -3.80976433300980        1.36222464634522
B            5.07666876676540        3.85977765803221        0.36642488908728
B            5.30708476865977        2.16379249185732        0.31090714154624
B            5.80660590181822       -1.14653227473380        0.89339705393959
B            6.06700944334206       -2.72561339750727        1.50060896348871
H           -7.53642733279120        2.57022216648264        0.36486582435259
H           -7.11273628459127        0.05831916309734        1.94974663388393
H           -5.38628031914774        4.42004470907738        1.08472968882659
H           -6.74498955630549       -2.25132620715038        2.44663439990863
H           -6.37599979600351       -5.15647311731503        1.76837267286996
H           -3.81474507831261       -5.96365729239078        2.94864944608848
H           -2.48156323000281        4.68045903050125       -0.08976488065055
H           -0.92059603856359       -5.77660773251269        1.67418905535028
H            0.47044103533919        5.24628063281388        0.63765296613182
H            2.03317774407359       -5.27344179682708        2.20006618472739
H            3.37385761904957        5.44679521438460       -0.58433564405099
H            4.94149533290987       -4.95244527152145        1.18463095097415
H            5.93106818620686        4.63001438195475        0.59732760428197
H            6.29879350040085        1.72724909943363       -0.13015412576397
H            6.65445257821333       -0.60742504209245        0.29417040979226
H            7.08877090213560       -3.09923472532132        1.94056056621088
60
 energy: -61.505933362524 gnorm: 0.001028145686 xtb: 6.7.1 (edcfbbe)
B           -6.50991022805047        2.19057895635184        0.78997801268894
B           -6.25238710203397        0.60777333481528        1.37789263394817
B           -5.17790053796035        3.27476107936628        0.92177143650321
B           -4.94072053110230        1.60437178734116        1.03990628673605
B           -4.69171892347631       -0.06306462396945        1.25591543922053
B           -5.74940945112864       -2.69093253810949        2.01716417155669
B           -5.51781043202944       -4.38583076828752        1.98372904534449
B           -4.44548990170611       -1.69001875930966        1.56242635570808
B           -4.19432348149103       -3.32746333271119        1.94508463350755
B           -3.93712970112763       -4.93790307519761        2.38785327246913
B           -3.60781478982920        2.64733918632478        0.83385894709112
B           -3.36450179568872        0.96473369570230        1.02936364531569
B           -2.29688255670930        3.61440371975522        0.37146025056299
B           -2.04412693777632        1.99991484351614        0.80341279738294
B           -1.79031782198642        0.36719966073262        1.19664515862381
B           -2.87027206780802       -2.31002710354073        1.61809678168813
B           -2.61223114341190       -3.95948976807246        1.99142297164208
B           -1.54322033639316       -1.26869352219792        1.49162569279391
B           -1.30079545901113       -2.94362440767603        1.64894499231514
B           -1.06234680194714       -4.61290080592912        1.76776198152717
B           -0.71784378092923        3.04050435045152        0.59940201673549
B           -0.46713684947628        1.37844876130517        0.89846141773547
B            0.61557128119955        4.08242671458069        0.54604131117956
B            0.85772009812218        2.41952798239223        0.70686887724648
B            1.10072969965984        0.74807098709663        0.88155884227566
B            0.02714320841259       -1.89825313063958        1.47863052926907
B            0.27351422739248       -3.57498775487471        1.69372604557380
B            1.34743601333307       -0.88894848752456        1.17025277974874
B            1.59810033064237       -2.53545766933764        1.48769128400006
B            1.84826247774383       -4.16712422398364        1.84462250755712
B            2.17053805916426        3.43289267601811        0.34666274475921
B            2.42873455909680        1.78418568291189        0.72570403566174
B            3.49412594176973        4.41442271252825       -0.03576617829744
B            3.74964943498837        2.79881958595826        0.38305757804311
B            4.00055811308672        1.15883089764450        0.75431369502949
B            2.92266049009102       -1.49273269318282        1.30326247108740
B            3.16384520260140       -3.18298994121812        1.44868541163958
B            4.24641568168988       -0.47115127114791        1.04427395473294
B            4.49372876381384       -2.14085381547184        1.24553027342164
B            4.73121281209118       -3.80979389316956        1.36189949083739
B            5.07665371625708        3.85979808397332        0.36649143183252
B            5.30707274798569        2.16377128219608        0.31052877414417
B            5.80660126001389       -1.14660507710822        0.89281994483324
B            6.06701267480241       -2.72557104786031        1.50045212746912
H           -7.53628065744212        2.56982862545306        0.36458353762198
H           -7.11284190228000        0.05816130876019        1.94912155322412
H           -5.38636459907399        4.41990536772649        1.08558410976016
H           -6.74481939820760       -2.25151870755715        2.44700914898228
H           -6.37598953895905       -5.15633984667690        1.76727738176024
H           -3.81492624969271       -5.96344266925685        2.94879202461225
H           -2.48165332905635        4.68039857496723       -0.08964745366964
H           -0.92066307932953       -5.77667762982058        1.67402516726592
H            0.47065948230254        5.24618802766723        0.63778219376872
H            2.03245528372653       -5.27297612199683        2.20140618476623
H            3.37411399643247        5.44655098350330       -0.58500366743308
H            4.94157201582994       -4.95247138010806        1.18469332561501
H            5.93101605539994        4.62997793389547        0.59787949231528
H            6.29880015875436        1.72739890066433       -0.13057537039333
H            6.65437130568848       -0.60758113873029        0.29343162167483
H            7.08854375302224       -3.09915092893300        1.94103899698764
60
 energy: -61.505934409415 gnorm: 0.001482619295 xtb: 6.7.1 (edcfbbe)
B           -6.50986264847568        2.19067495002275        0.79037858087897
B           -6.25242996709694        0.60767863910061        1.37756411981517
B           -5.17792166950721        3.27484968061802        0.92245857900299
B           -4.94069853174644        1.60443385056374        1.04039995692086
B           -4.69175630753587       -0.06311958916193        1.25568902816336
B           -5.74944522231088       -2.69098889163628        2.01699289156461
B           -5.51778842735001       -4.38592881764101        1.98300782477451
B           -4.44552910779750       -1.69008303343665        1.56212040895871
B           -4.19432303732714       -3.32746903394375        1.94503324792660
B           -3.93720464910553       -4.93803187429993        2.38735185798566
B           -3.60777734497922        2.64752737121217        0.83497911240557
B           -3.36457260278785        0.96462739490286        1.02882858064637
B           -2.29689483272331        3.61464224882202        0.37247065399293
B           -2.04413737481389        2.00006597968216        0.80417419876646
B           -1.79037064593667        0.36705073845413        1.19590298793704
B           -2.87033181546981       -2.31012786097025        1.61761356087729
B           -2.61221488994159       -3.95943004759956        1.99175495853109
B           -1.54328472526242       -1.26887079626147        1.49066740158949
B           -1.30082089546688       -2.94364416194999        1.64893644178409
B           -1.06232178433579       -4.61288670247542        1.76808145977627
B           -0.71781923568862        3.04070879144647        0.60044695441981
B           -0.46713347864863        1.37848444936899        0.89872423131347
B            0.61559295455181        4.08247454022639        0.54627773198928
B            0.85772709280694        2.41954205178329        0.70683636331207
B            1.10072078985630        0.74804225717198        0.88137566247849
B            0.02709655892442       -1.89840497235908        1.47773825129132
B            0.27355809323533       -3.57492594609694        1.69422649822976
B            1.34743010575069       -0.88897381903921        1.17005548922371
B            1.59825684667290       -2.53499241489063        1.49053146597328
B            1.84835030131279       -4.16673358409993        1.84661726305571
B            2.17050734923587        3.43284294849007        0.34636930825893
B            2.42873882336634        1.78411551374752        0.72523255905629
B            3.49408984581115        4.41444566253224       -0.03589730783804
B            3.74958066924343        2.79867314258364        0.38229467675113
B            4.00050334015159        1.15866286934898        0.75334646922827
B            2.92268895918307       -1.49274354078489        1.30304155146197
B            3.16381604755869       -3.18300202540933        1.44862321404540
B            4.24637111321682       -0.47127541026190        1.04342762261924
B            4.49370036037519       -2.14087712371944        1.24530212762340
B            4.73121141762043       -3.80979396134356        1.36209673176125
B            5.07659260197587        3.85972023447643        0.36619093586433
B            5.30701671856071        2.16366143052593        0.30978188291665
B            5.80653552470629       -1.14679496970373        0.89182210044554
B            6.06698349813293       -2.72558452632870        1.49991539425679
H           -7.53631001487078        2.56906280093727        0.36496152829252
H           -7.11282796311675        0.05816582678240        1.94833839046914
H           -5.38625503033871        4.41974048878862        1.08670019447367
H           -6.74494803815788       -2.25191614149214        2.44635996061168
H           -6.37620952583910       -5.15585913409734        1.76537453438431
H           -3.81496427802630       -5.96396022721277        2.94718873044743
H           -2.48173261352772        4.68032365109533       -0.08911859630359
H           -0.92101273296318       -5.77646033230677        1.67322515736537
H            0.47116700454262        5.24598786449131        0.63730012945490
H            2.03251011759519       -5.27102320390060        2.20750348978073
H            3.37415926208550        5.44664204365575       -0.58492306331738
H            4.94160276323434       -4.95233272608295        1.18523277423393
H            5.93126182175687        4.62938041781312        0.59841272123081
H            6.29911556544824        1.72775291252826       -0.13090277652395
H            6.65426523478418       -0.60802158778177        0.29220099826859
H            7.08873806945207       -3.09911472488478        1.94024691709574
60
 energy: -61.505934769789 gnorm: 0.000571551767 xtb: 6.7.1 (edcfbbe)
B           -6.50988120098192        2.19068844641020        0.79029078432280
B           -6.25242439025855        0.60768107368553        1.37758173735003
B           -5.17787943335411        3.27488396245353        0.92288654587325
B           -4.94071640792517        1.60443233671446        1.04037565879498
B           -4.69175682874333       -0.06314198258165        1.25555813868581
B           -5.74943857926173       -2.69102181984364        2.01681469025470
B           -5.51783089358912       -4.38599367230154        1.98276584055298
B           -4.44552954586818       -1.69009073382080        1.56203081469121
B           -4.19434721485174       -3.32752197884249        1.94479960211472
B           -3.93720690270472       -4.93806429022940        2.38709801267047
B           -3.60775953707559        2.64756354556051        0.83519164471749
B           -3.36455584703853        0.96462339029452        1.02881672934456
B           -2.29688083235534        3.61467487886332        0.37269111473359
B           -2.04410888899290        2.00012818518804        0.80451959093679
B           -1.79037069690313        0.36703800872102        1.19584127659198
B           -2.87033492343329       -2.31017758969103        1.61728229918134
B           -2.61222139637619       -3.95945961748560        1.99161438895779
B           -1.54329577393342       -1.26891745650784        1.49041804718813
B           -1.30080847311752       -2.94363224425958        1.64898820549987
B           -1.06231557829442       -4.61287806618953        1.76811482974813
B           -0.71781263989180        3.04073693248866        0.60066002287407
B           -0.46713605321780        1.37848894274150        0.89876261459684
B            0.61560053320959        4.08247484026747        0.54640410339839
B            0.85770062551439        2.41949085195978        0.70660014178582
B            1.10071198842594        0.74805155839235        0.88144141660436
B            0.02707394138930       -1.89845649305379        1.47744332807986
B            0.27354438000604       -3.57493288792510        1.69413291430582
B            1.34741129873902       -0.88900511564066        1.16993165323826
B            1.59828054596048       -2.53478548336690        1.49157134194486
B            1.84838709584497       -4.16664548859881        1.84711053118126
B            2.17050405604900        3.43286110819241        0.34647273641971
B            2.42871992970302        1.78410301146333        0.72523556927288
B            3.49407275224914        4.41441724544422       -0.03593884792665
B            3.74959286421282        2.79866391420074        0.38221506620028
B            4.00051440950821        1.15865179646984        0.75329724984852
B            2.92265911035273       -1.49278314728959        1.30280232263025
B            3.16379709063203       -3.18303769303983        1.44850860035777
B            4.24637318126687       -0.47130747670904        1.04327523787131
B            4.49370890854086       -2.14088807222072        1.24528508773711
B            4.73119310512517       -3.80980237386379        1.36207848424922
B            5.07662426957241        3.85973114240654        0.36613799626062
B            5.30699355269565        2.16363267660629        0.30966154225318
B            5.80648974776982       -1.14687577144311        0.89140255915217
B            6.06701241710623       -2.72564563342245        1.49966670665575
H           -7.53619307736588        2.56917524170788        0.36464882819797
H           -7.11297812737277        0.05798975844556        1.94812789751991
H           -5.38617257620293        4.41978668488207        1.08744908846288
H           -6.74485380720717       -2.25194688902320        2.44653717447595
H           -6.37611083341962       -5.15589554739779        1.76464290009766
H           -3.81493821094161       -5.96404759346967        2.94694030573752
H           -2.48166622781830        4.68042053306109       -0.08879323344482
H           -0.92092227116048       -5.77641590858561        1.67330225502695
H            0.47114600390550        5.24605553283773        0.63720958819801
H            2.03257894012392       -5.27035500164863        2.20960736556432
H            3.37406383350655        5.44647961910270       -0.58525401824667
H            4.94153226351274       -4.95241291127782        1.18556942465264
H            5.93127094278354        4.62930116926481        0.59852393712822
H            6.29908806846055        1.72774502254985       -0.13111887619531
H            6.65407850742463       -0.60821803354600        0.29146363510511
H            7.08871226606640       -3.09900486710055        1.94018951651739
