60
 energy: -61.502085057822 gnorm: 0.121763438730 xtb: 6.7.1 (edcfbbe)
B           -6.10263040000000        3.11152410000000        0.38042007000000
B           -5.95556731000000        1.42309519000000        0.17027152000000
B           -4.72316383000000        4.06306209000000        0.02449340000000
B           -4.57720047000000        2.39084403000000        0.22011988000000
B           -4.42623788000000        0.70602612000000        0.35095829000000
B           -5.65682706000000       -1.95211252000000        0.31664813000000
B           -5.50898394000000       -3.60956189000000        0.71637301000000
B           -4.27877457000000       -0.96356111000000        0.43041137000000
B           -4.13139443000000       -2.65294507000000        0.46880849000000
B           -3.98132255000000       -4.33574851000000        0.44150840000000
B           -3.18619853000000        3.36774781000000        0.16707321000000
B           -3.03861272000000        1.67586743000000        0.29535993000000
B           -1.80407425000000        4.33444244000000        0.32716868000000
B           -1.65662992000000        2.65089266000000        0.25972342000000
B           -1.50748570000000        0.96024876000000        0.22293999000000
B           -2.74247364000000       -1.67369059000000        0.50247191000000
B           -2.59058011000000       -3.37252941000000        0.48605996000000
B           -1.35950304000000       -0.71405418000000        0.32017817000000
B           -1.21086605000000       -2.39183604000000        0.52876005000000
B           -1.06288650000000       -4.06357123000000        0.72247630000000
B           -0.27041246000000        3.62612850000000        0.20321305000000
B           -0.12092049000000        1.93063369000000        0.23190725000000
B            1.11406979000000        4.57909317000000        0.00857736000000
B            1.26322692000000        2.90599466000000        0.19523891000000
B            1.41163049000000        1.22159936000000        0.29567373000000
B            0.17526933000000       -1.42448461000000        0.35007252000000
B            0.32488545000000       -3.10538533000000        0.62187665000000
B            1.55955806000000       -0.45362268000000        0.36312462000000
B            1.70872474000000       -2.13571790000000        0.49976134000000
B            1.85709193000000       -3.80922858000000        0.67448044000000
B            2.64590302000000        3.88405963000000        0.19441991000000
B            2.79732424000000        2.18717488000000        0.20370026000000
B            4.03307452000000        4.84849933000000        0.30288883000000
B            4.18347657000000        3.16679881000000        0.27423660000000
B            4.33097781000000        1.47634513000000        0.28138035000000
B            3.09360653000000       -1.16065495000000        0.45474437000000
B            3.24116990000000       -2.85813800000000        0.46701588000000
B            4.47803782000000       -0.19565688000000        0.30713946000000
B            4.62861221000000       -1.88354084000000        0.36789460000000
B            4.77483511000000       -3.56493253000000        0.38407409000000
B            5.56404973000000        4.12575202000000        0.02619539000000
B            5.71143758000000        2.46368152000000        0.40417877000000
B            6.00860963000000       -0.92519523000000        0.21590938000000
B            6.15817510000000       -2.58323437000000        0.63021803000000
H           -7.09393226000000        3.62540974000000        0.74569176000000
H           -6.88187870000000        0.81020324000000       -0.20008446000000
H           -4.86879357000000        5.17193403000000       -0.33885141000000
H           -6.67269078000000       -1.56010037000000       -0.11475676000000
H           -6.40951648000000       -4.23930213000000        1.13544185000000
H           -3.92869372000000       -5.47702952000000        0.16256269000000
H           -1.91448964000000        5.48877399000000        0.52586487000000
H           -0.97418755000000       -5.20036010000000        1.00941037000000
H            1.01302174000000        5.73158783000000       -0.20520496000000
H            1.96765729000000       -4.96874611000000        0.83888960000000
H            3.98170359000000        5.98061520000000        0.61764687000000
H            4.91608998000000       -4.69583158000000        0.09042295000000
H            6.45832931000000        4.77548195000000       -0.36906826000000
H            6.70538291000000        2.06991781000000        0.88916924000000
H            6.93250600000000       -0.36381645000000       -0.23936557000000
H            7.16293560000000       -3.04298336000000        1.03164532000000
60
 energy: -61.505084197978 gnorm: 0.036429157332 xtb: 6.7.1 (edcfbbe)
B           -6.10013031497059        3.11191462442484        0.40314114176380
B           -5.95406405756408        1.42552507617071        0.15382188453620
B           -4.72347370409173        4.05932380220530        0.00167244205537
B           -4.57841442422272        2.39084272064704        0.21894453720820
B           -4.42615292324244        0.70468937534597        0.36838642597390
B           -5.65466476589568       -1.95582281876419        0.29859142839717
B           -5.50670173360617       -3.60715692810160        0.73888455133417
B           -4.27917974090654       -0.96059488067123        0.44662978516746
B           -4.13236220821955       -2.65326412942125        0.46501585704131
B           -3.98232012338575       -4.33424544271666        0.41566037022295
B           -3.18593071255742        3.37114463807323        0.16457260631372
B           -3.03762285165179        1.67353234713468        0.30082340897962
B           -1.80366471860481        4.33364319485873        0.35001911111722
B           -1.65676970902998        2.65092445077842        0.26412098581147
B           -1.50758554547096        0.95854085517945        0.21779913213851
B           -2.74197853289206       -1.67074894822911        0.50523330638855
B           -2.58970401390056       -3.37602299180288        0.48087663881477
B           -1.35978889346297       -0.71298654315298        0.31442395930574
B           -1.21086799661264       -2.39136153581244        0.53253904178977
B           -1.06310873182697       -4.06100429059712        0.74066376235150
B           -0.27091215477127        3.62922986856784        0.19892426045147
B           -0.12086288549195        1.92791079090808        0.22932889079921
B            1.11389977619736        4.57631717231731       -0.01686230814014
B            1.26348507833901        2.90560112818766        0.18779150964001
B            1.41182344960680        1.22056472076833        0.30615428319088
B            0.17489725862397       -1.42217131484888        0.34591403479048
B            0.32506299458885       -3.10737015509986        0.63462322284120
B            1.55953914134751       -0.45149924432272        0.37292079238778
B            1.70886383753909       -2.13531805723657        0.50418561662913
B            1.85701526728180       -3.80741627551447        0.68665179277345
B            2.64514740737417        3.88743089264112        0.19321994723409
B            2.79681191938127        2.18475942331531        0.21006106652441
B            4.03367436485253        4.84698561495956        0.32723506658663
B            4.18448599317022        3.16763253651722        0.28545998573730
B            4.33129578053498        1.47463951020439        0.29177309004129
B            3.09263998754217       -1.15794744325864        0.45442453547666
B            3.24110075593161       -2.86182522203154        0.45731238281565
B            4.47797204258788       -0.19334888740867        0.30467245014120
B            4.62949048949112       -1.88395190370225        0.35428925652048
B            4.77515091229560       -3.56346425133262        0.35723778529523
B            5.56171118063991        4.12338147258715        0.00578443534627
B            5.70895153267451        2.46775381610081        0.43166664434593
B            6.00650015047288       -0.92951739145537        0.18635000526580
B            6.15575358741322       -2.58085308043046        0.65111842230001
H           -7.09177192659472        3.62705760342144        0.76613083532226
H           -6.87859500402116        0.81234064325892       -0.21869044096473
H           -4.87082916289853        5.16873988169117       -0.35929827343913
H           -6.66989029166637       -1.56453067243394       -0.13385973293352
H           -6.40621598374894       -4.23755469776531        1.15752617108401
H           -3.93107581003874       -5.47625471358645        0.13964686939880
H           -1.91466890892343        5.48908241382543        0.54034170185204
H           -0.97470460033772       -5.19904250139618        1.02466153470010
H            1.01359612293699        5.72957492368985       -0.22630391288425
H            1.96824707105779       -4.96765855259467        0.84732653908980
H            3.98349646564451        5.98099029753959        0.63496984923624
H            4.91939055604410       -4.69516811343837        0.06901779461661
H            6.45516854112406        4.77209750260591       -0.39448910688645
H            6.70228041597714        2.07028660586060        0.91120705016714
H            6.93152872107770       -0.36848909972415       -0.26581027627398
H            7.15947597885944       -3.04000476693547        1.05512592220929
60
 energy: -61.505498724856 gnorm: 0.022177751008 xtb: 6.7.1 (edcfbbe)
B           -6.10111144187165        3.11254796073953        0.40520297135571
B           -5.95441422367802        1.42609424831675        0.15656419991384
B           -4.72384281969594        4.05916402989182       -0.00237160022510
B           -4.57813576725239        2.39070905405513        0.22084233735706
B           -4.42640657465034        0.70433426579367        0.36762872996496
B           -5.65488224829626       -1.95622144400610        0.29968309897158
B           -5.50746756137625       -3.60785350591061        0.73948981902113
B           -4.27943643507738       -0.96041804388704        0.44542807916014
B           -4.13208263757120       -2.65309369912873        0.46402570654487
B           -3.98253348301946       -4.33453698224296        0.40919560974484
B           -3.18529350841214        3.37140429064773        0.16232281443258
B           -3.03821589046079        1.67365350026880        0.30648907389905
B           -1.80391724829435        4.33397175814545        0.35689177696728
B           -1.65682241755708        2.65124299632655        0.26534990951795
B           -1.50767660286293        0.95863178492676        0.21893919501533
B           -2.74256468397101       -1.67048614654466        0.50934428474492
B           -2.58886318149113       -3.37649934741479        0.47497693289207
B           -1.35985173781872       -0.71308879764481        0.31357657018748
B           -1.21083027437472       -2.39133792442340        0.53607415729500
B           -1.06346203407065       -4.06027672323226        0.75166844836910
B           -0.27095410229783        3.62948244965198        0.19731889519279
B           -0.12085645387775        1.92781696558837        0.22852894472109
B            1.11411018481029        4.57562028023676       -0.02825840753911
B            1.26344774904801        2.90576787742068        0.18670064564858
B            1.41186784022185        1.22095821053124        0.31231132315034
B            0.17490130773831       -1.42222913692003        0.34314673060860
B            0.32512223798191       -3.10661374281096        0.64697199824431
B            1.55963446723094       -0.45122079231212        0.37828552942120
B            1.70891098735543       -2.13535118471151        0.50661250509366
B            1.85741915207313       -3.80703966253471        0.69320001917023
B            2.64439865663971        3.88780238268860        0.19488409936248
B            2.79739389391480        2.18500524747376        0.21541948997075
B            4.03388952927290        4.84746108417864        0.33208308084155
B            4.18414304408858        3.16764047746832        0.29136681942164
B            4.33159624221125        1.47481014326545        0.30113140967912
B            3.09324793517704       -1.15758969920370        0.45807317727951
B            3.24031505496570       -2.86250628199311        0.44753983148914
B            4.47821066920487       -0.19305838904024        0.30208743212591
B            4.62905130696044       -1.88389023277875        0.34749809216154
B            4.77530789383393       -3.56373720729829        0.34676620283368
B            5.56271513014197        4.12421288450060        0.00818736978714
B            5.70901942974749        2.46840522745265        0.43821917896744
B            6.00647882282125       -0.92984839873789        0.18018261887747
B            6.15683126713769       -2.58158247164600        0.64751920239007
H           -7.08725351419792        3.62815190007538        0.77748804761149
H           -6.87386014456397        0.81553304705711       -0.23026254107239
H           -4.87455213746537        5.16325784549497       -0.37624090547784
H           -6.66453191184858       -1.56891940191939       -0.14740614859191
H           -6.40043134046685       -4.23584885270971        1.17071982128729
H           -3.93596122597928       -5.47269227599938        0.11905785092759
H           -1.91465144569416        5.48788821049702        0.55362546660788
H           -0.97641807481861       -5.19661716624891        1.04247632329250
H            1.01423524139964        5.72640960207325       -0.24973288718399
H            1.96896925178533       -4.96635713018632        0.85919977842271
H            3.98670487658138        5.97824763477810        0.64925328083063
H            4.92420523303287       -4.69100574532218        0.04619964915440
H            6.45080768081680        4.76755185095552       -0.40844003615201
H            6.69781766545929        2.07350903096296        0.92651648413850
H            6.92693738379002       -0.37501008415360       -0.28737900158085
H            7.15403533756983       -3.03649272050140        1.06738658375713
60
 energy: -61.505735447454 gnorm: 0.014941851874 xtb: 6.7.1 (edcfbbe)
B           -6.10075936773829        3.11239526679824        0.40649001093344
B           -5.95422129645435        1.42617534673080        0.15911700714273
B           -4.72358098483400        4.05868020662990       -0.00547170634311
B           -4.57787370393941        2.39066138254301        0.22320524043542
B           -4.42630920242011        0.70430962244897        0.36766614444139
B           -5.65460082624414       -1.95613614678829        0.30074597840312
B           -5.50705234347621       -3.60776447784539        0.73894323529400
B           -4.27930809949045       -0.96043146705100        0.44581925707155
B           -4.13173447380536       -2.65293849734174        0.46406845553617
B           -3.98208784300764       -4.33441828907188        0.40276704633489
B           -3.18493385456501        3.37117981889300        0.16089260247899
B           -3.03832188647301        1.67397594193293        0.31264918065755
B           -1.80397087187616        4.33393118755817        0.35961740038045
B           -1.65671804979678        2.65134833750787        0.26647653652425
B           -1.50761769201127        0.95902709999539        0.22412053029950
B           -2.74260329012898       -1.67029548126272        0.51424235082826
B           -2.58836320165671       -3.37638394613387        0.47258913181420
B           -1.35974074018846       -0.71312512767370        0.31523839907443
B           -1.21063752907402       -2.39107509311357        0.53997413568293
B           -1.06353766342528       -4.05918025465216        0.76225678026480
B           -0.27088408034908        3.62915388893790        0.19701736926267
B           -0.12082515236958        1.92798801572108        0.22950937409997
B            1.11422356695217        4.57482915353158       -0.03467636696984
B            1.26332598309803        2.90578876101503        0.18743364055775
B            1.41181650916276        1.22135472431626        0.31623299585197
B            0.17495945166128       -1.42245272723977        0.33994086278551
B            0.32520161030718       -3.10534460214720        0.65783499965072
B            1.55965190712768       -0.45117053906076        0.38148316977736
B            1.70883659265036       -2.13521528395274        0.50817483314741
B            1.85768734791543       -3.80634220242180        0.69895538189501
B            2.64404975718587        3.88781468869351        0.19759947646037
B            2.79752781836804        2.18541694445975        0.22197399881460
B            4.03357217009590        4.84750424688122        0.33498533541350
B            4.18387204257571        3.16768433771524        0.29593893257045
B            4.33153100353103        1.47514176107025        0.30749569277234
B            3.09343449225101       -1.15730730203382        0.46388245924710
B            3.23981975557982       -2.86269009357339        0.43750724327460
B            4.47820583838591       -0.19278515673526        0.30609996084103
B            4.62864889460364       -1.88377874523461        0.34278368575911
B            4.77481871248854       -3.56367118241073        0.33534870675927
B            5.56246990667743        4.12423990499439        0.01245277451105
B            5.70877886003502        2.46839724226959        0.44292082353489
B            6.00607266526876       -0.92954682568965        0.17619007356185
B            6.15660027609815       -2.58184646743205        0.64135426247354
H           -7.08088485972643        3.63020585769834        0.79118693107343
H           -6.86820301071038        0.81918951638710       -0.24599551795534
H           -4.87873039367362        5.15595610526062       -0.39774045894715
H           -6.65735176137089       -1.57420413086478       -0.16655612796313
H           -6.39226424212770       -4.23465134191432        1.18690295078261
H           -3.94170705454663       -5.46750131974474        0.09147792184695
H           -1.91420981983627        5.48574544997643        0.56888117128679
H           -0.97892678416027       -5.19252165083237        1.06670365757064
H            1.01499255779508        5.72154123138107       -0.27891015409981
H            1.97021313865906       -4.96408656716569        0.87691072939833
H            3.98971616242708        5.97418903343110        0.66682353783957
H            4.92894112869175       -4.68482826858812        0.01426578946874
H            6.44498374115659        4.76258750630550       -0.42368950759988
H            6.69246956603015        2.07801880996340        0.94451868712590
H            6.91944008376709       -0.38309876654719       -0.31590931121908
H            7.14654288892989       -3.03377638652437        1.08084236808428
60
 energy: -61.505806596139 gnorm: 0.008401544166 xtb: 6.7.1 (edcfbbe)
B           -6.10066558814094        3.11237491645108        0.40889007919792
B           -5.95425829601888        1.42599066032425        0.15723877475234
B           -4.72360882141045        4.05843267379251       -0.00823339062616
B           -4.57814039330079        2.39086696736562        0.22374678893322
B           -4.42636995424910        0.70459273925708        0.37033907980603
B           -5.65457088017208       -1.95629230015101        0.29850648788887
B           -5.50692981635233       -3.60768396671086        0.74042840637578
B           -4.27932658802109       -0.96055303158894        0.44845684865096
B           -4.13187354418655       -2.65320325403993        0.46428093460916
B           -3.98195752077920       -4.33457340243215        0.39881643356768
B           -3.18534829216580        3.37119554076175        0.16087311441194
B           -3.03814662226305        1.67428599310239        0.31605754950106
B           -1.80395499640451        4.33408005462298        0.35878068101530
B           -1.65673878095479        2.65147150662236        0.26801376820869
B           -1.50762702099415        0.95939180798120        0.23007066946615
B           -2.74236670184641       -1.67035054162130        0.51670850612173
B           -2.58871031135109       -3.37640456365481        0.47524386214702
B           -1.35970589516117       -0.71301690922293        0.31893534701987
B           -1.21057739505771       -2.39102345635311        0.54245601723937
B           -1.06338379616598       -4.05890306604888        0.76647172591010
B           -0.27081711900065        3.62925791015859        0.19793564318702
B           -0.12078762584430        1.92827648085866        0.23213743713147
B            1.11429815419430        4.57482466207728       -0.03480061381077
B            1.26342633052319        2.90585382399434        0.18720686910018
B            1.41190920010990        1.22140922908378        0.31534527945334
B            0.17503234420611       -1.42261342672224        0.33973483402415
B            0.32533151376143       -3.10531785523010        0.65878339639690
B            1.55976213153717       -0.45124173309552        0.38169123946431
B            1.70897005224230       -2.13524044767022        0.50912230991184
B            1.85786707484156       -3.80624414378995        0.70116508994842
B            2.64452310221847        3.88810859137590        0.20019716367719
B            2.79744923478728        2.18572982485970        0.22528282235771
B            4.03367637431366        4.84772459488830        0.33780719090351
B            4.18420648291622        3.16804118451198        0.29802850318965
B            4.33165991591516        1.47544064667162        0.30898318258725
B            3.09341317481316       -1.15731560777465        0.46758540398294
B            3.24026396089318       -2.86282159508982        0.43420806580932
B            4.47845398769408       -0.19266763688168        0.31279955673529
B            4.62894366742857       -1.88397026676236        0.34144161412638
B            4.77476820280785       -3.56383808775232        0.32684576465645
B            5.56242877641989        4.12422393137911        0.01240532793233
B            5.70902209772818        2.46843306200365        0.44569596120311
B            6.00621727096102       -0.92942875350117        0.17393898308439
B            6.15664029768730       -2.58200196823471        0.63941660422552
H           -7.07756613035508        3.63182984575059        0.79972891744183
H           -6.86553524727909        0.82104596370020       -0.25701180271295
H           -4.88076568655003        5.15146681721148       -0.41126073236948
H           -6.65307861773885       -1.57721991337153       -0.18029826640120
H           -6.38766181232665       -4.23476221653389        1.19685916204747
H           -3.94448939066715       -5.46388670632328        0.07359365458380
H           -1.91402411215326        5.48425155593817        0.57723627950520
H           -0.98059371112676       -5.18912256892273        1.08309135617610
H            1.01561858403474        5.71770963340505       -0.29756578362744
H            1.97166556013463       -4.96201986339350        0.89101116290442
H            3.99066607753437        5.97221017539597        0.67723375695065
H            4.93048098601452       -4.68072790596413       -0.00855654305140
H            6.44182432670998        4.76113662334712       -0.43156437563677
H            6.69021733906036        2.08077787601999        0.95482415980088
H            6.91344649202307       -0.38720946812788       -0.33479974781747
H            7.14184230452612       -3.03491758594710        1.08799955873152
60
 energy: -61.505827098977 gnorm: 0.002942678770 xtb: 6.7.1 (edcfbbe)
B           -6.10063948976567        3.11234577282254        0.40948654698074
B           -5.95406754011477        1.42587483823789        0.15609264661415
B           -4.72350239798400        4.05833386480207       -0.00823881862800
B           -4.57795797906327        2.39078685811449        0.22277907405116
B           -4.42621683165687        0.70458555394783        0.36994182948072
B           -5.65437559460117       -1.95633434928795        0.29722844274680
B           -5.50690457459280       -3.60763432638247        0.74110890380286
B           -4.27915650157166       -0.96065857349809        0.44728957321386
B           -4.13170623700165       -2.65323171766935        0.46342794003465
B           -3.98186343567763       -4.33450123943873        0.39966134357210
B           -3.18532429500985        3.37106950573796        0.16093938969545
B           -3.03800440264761        1.67431905315691        0.31720687217121
B           -1.80386585660909        4.33401720300386        0.35863687102683
B           -1.65668935976351        2.65144961714585        0.26992019338367
B           -1.50757077880088        0.95948368305055        0.23289893975010
B           -2.74223445628281       -1.67037101771198        0.51669220476194
B           -2.58873858964171       -3.37629207629837        0.47614604005650
B           -1.35964924725911       -0.71284554192150        0.32138349272214
B           -1.21053925202312       -2.39092933239371        0.54333217854028
B           -1.06324705499646       -4.05893570276105        0.76566377603272
B           -0.27076715445218        3.62934951790666        0.19936875164431
B           -0.12074815106270        1.92830798381588        0.23414973831745
B            1.11429036261212        4.57482386329218       -0.03382863360376
B            1.26348636466154        2.90567910872189        0.18525489804695
B            1.41194962997837        1.22123924387694        0.31349477692661
B            0.17506607853596       -1.42252208527566        0.34080543274678
B            0.32539314356271       -3.10571640257104        0.65503472433862
B            1.55977812521747       -0.45123508906704        0.38113284841349
B            1.70902934488295       -2.13514845051567        0.51009249246870
B            1.85785320241904       -3.80620984577342        0.70116229894738
B            2.64458509299046        3.88806654856182        0.20210880718413
B            2.79738881856858        2.18566757062132        0.22457118903045
B            4.03369888939626        4.84764674123444        0.33929703901858
B            4.18413120781664        3.16800691727699        0.29873424934740
B            4.33159057911926        1.47544477375336        0.30908491127760
B            3.09336206173877       -1.15733461372845        0.46791175160068
B            3.24036474673461       -2.86266302176826        0.43541958751362
B            4.47839135771365       -0.19272720109097        0.31348213983781
B            4.62885769863876       -1.88398659307999        0.34122177623192
B            4.77470620347700       -3.56376908950560        0.32518583380955
B            5.56242322618975        4.12421007969491        0.01149690837064
B            5.70899007396044        2.46836197865421        0.44532433064465
B            6.00615467486026       -0.92940886061507        0.17448525917169
B            6.15670764741909       -2.58203756800625        0.63959197651000
H           -7.07761027737892        3.63167931914863        0.80043986706951
H           -6.86551875313295        0.82155490181103       -0.25864163193426
H           -4.88113572325181        5.15055932277886       -0.41269701329426
H           -6.65239259460610       -1.57801801527113       -0.18286901625963
H           -6.38756515970000       -4.23468091913284        1.19765067064830
H           -3.94485862690712       -5.46264555256468        0.07121979550887
H           -1.91450049681017        5.48390236152235        0.57871454632986
H           -0.98086970202672       -5.18778271266459        1.08702818855338
H            1.01601363045857        5.71604678362366       -0.30298659143774
H            1.97250858401077       -4.96088532918970        0.89712027104963
H            3.99098450727997        5.97228655627421        0.67844555719546
H            4.93053500371384       -4.67932803158561       -0.01408060934296
H            6.44163253399700        4.76204688091066       -0.43080563522789
H            6.69052437775720        2.08130867634396        0.95491164971799
H            6.91137727900204       -0.38758891938819       -0.33771035534362
H            7.14089041767912       -3.03716985168654        1.08763984896231
60
 energy: -61.505839179960 gnorm: 0.002778513403 xtb: 6.7.1 (edcfbbe)
B           -6.10053920749064        3.11224938951742        0.40934678446855
B           -5.95401573434670        1.42584259973733        0.15568623029266
B           -4.72345423809835        4.05834649052871       -0.00774620696829
B           -4.57791201482331        2.39070135744944        0.22131778198297
B           -4.42621263553049        0.70450678179756        0.36905869446453
B           -5.65430822468721       -1.95641696229530        0.29610686013527
B           -5.50681178593124       -3.60758290363481        0.74124315701641
B           -4.27915068997446       -0.96079875963049        0.44531464083847
B           -4.13167187297688       -2.65335371432417        0.46161664885442
B           -3.98187791137827       -4.33451626935453        0.40060798598443
B           -3.18525995308907        3.37102820431418        0.16101516289244
B           -3.03800940377513        1.67434531388165        0.31857830045334
B           -1.80383920310507        4.33402469569128        0.35931205013394
B           -1.65665585053353        2.65151180572877        0.27265227158466
B           -1.50754553867409        0.95958962757599        0.23552886319957
B           -2.74225016434964       -1.67042577956874        0.51636120472721
B           -2.58869809087972       -3.37630672792307        0.47607882935251
B           -1.35962636762450       -0.71271864812119        0.32372536584914
B           -1.21053087690976       -2.39085166608166        0.54483163989172
B           -1.06319777567223       -4.05909324115192        0.76489230424916
B           -0.27071952152682        3.62946760526071        0.20124099068349
B           -0.12071296132214        1.92837398224242        0.23649116859355
B            1.11430687163713        4.57483136885175       -0.03367349586690
B            1.26353031415186        2.90547695676138        0.18206916280917
B            1.41200697554914        1.22115039942233        0.31274121231288
B            0.17509917779608       -1.42248148749104        0.34164809003397
B            0.32543926349525       -3.10612594721062        0.65174238963533
B            1.55981982034203       -0.45124669342560        0.38084770695547
B            1.70908668359193       -2.13504964147867        0.51194722173985
B            1.85789552074457       -3.80619280575983        0.70211736679458
B            2.64457185898757        3.88810938536516        0.20441205474439
B            2.79745372704064        2.18560555878289        0.22373636879847
B            4.03373106541341        4.84759077054181        0.34049744915071
B            4.18415524431396        3.16802951532195        0.29995815857155
B            4.33163729000505        1.47541218897136        0.30904049887426
B            3.09342690644497       -1.15740703147895        0.46701934716550
B            3.24042367487332       -2.86265376591218        0.43619065672245
B            4.47841440667422       -0.19279989597034        0.31254929971322
B            4.62886516540420       -1.88409989988095        0.33967042178069
B            4.77472907262954       -3.56378110427258        0.32405578662205
B            5.56233622505234        4.12419210869588        0.01197976230141
B            5.70904936967918        2.46830220166779        0.44468027550630
B            6.00619603411353       -0.92946846555447        0.17449952978868
B            6.15667743561160       -2.58206836238456        0.63886987556568
H           -7.07831297222379        3.63104771384967        0.79922390718903
H           -6.86584979998049        0.82192366820135       -0.25863008439243
H           -4.88117637085011        5.15017367339153       -0.41259025891400
H           -6.65242961954777       -1.57882786258432       -0.18383938325701
H           -6.38859746745763       -4.23410955887355        1.19638657003925
H           -3.94495674067259       -5.46182509873955        0.07054629118055
H           -1.91510070998220        5.48377884316420        0.57964638442493
H           -0.98088429149960       -5.18658918208823        1.09026593366153
H            1.01629962627915        5.71419978728937       -0.30920913218997
H            1.97313708530165       -4.95952160439901        0.90494133578777
H            3.99142272309165        5.97267210606328        0.67827273910986
H            4.93071472413689       -4.67817703448813       -0.01785338777743
H            6.44196809530838        4.76340860926188       -0.42737325098647
H            6.69126502680957        2.08137694411309        0.95336894969647
H            6.91036684343014       -0.38765656688549       -0.33849593571618
H            7.14072611700436       -3.03925992247820        1.08503952374430
60
 energy: -61.505847150427 gnorm: 0.001530702185 xtb: 6.7.1 (edcfbbe)
B           -6.10058186958537        3.11223865226562        0.40942543372262
B           -5.95400671326697        1.42585129718850        0.15582311079797
B           -4.72342220911344        4.05837794059685       -0.00728251696013
B           -4.57790388110434        2.39061046252056        0.22024143080951
B           -4.42622738731032        0.70447044332777        0.36939876071715
B           -5.65428148309381       -1.95646481891502        0.29519536405452
B           -5.50683184270080       -3.60767034875165        0.74094602612601
B           -4.27917511194079       -0.96085999699249        0.44457916456579
B           -4.13166696590143       -2.65345420151759        0.45968672695818
B           -3.98188122873221       -4.33453684019319        0.40046914265123
B           -3.18521892825542        3.37105667240639        0.16153275837435
B           -3.03801203659140        1.67435282420439        0.31996780012250
B           -1.80382885468554        4.33401742886925        0.36016198132067
B           -1.65663778214172        2.65159379565589        0.27536909670959
B           -1.50754143247929        0.95968219139155        0.23738483386665
B           -2.74225940961083       -1.67046778346603        0.51592880414033
B           -2.58864667727258       -3.37637657704694        0.47562688109662
B           -1.35961854736848       -0.71269649936054        0.32479977975747
B           -1.21053036917944       -2.39076538325543        0.54660137968356
B           -1.06319591299376       -4.05917295115349        0.76453413156809
B           -0.27068893880709        3.62950486164818        0.20290227237757
B           -0.12070560734358        1.92845209556798        0.23873891066389
B            1.11430728461228        4.57475766452226       -0.03397336226979
B            1.26352561435835        2.90524865258395        0.17840103662336
B            1.41201365008228        1.22116506246520        0.31346358370552
B            0.17510788011254       -1.42252904156411        0.34131472436457
B            0.32545084280942       -3.10629221774301        0.65025890427749
B            1.55982857987710       -0.45130621615435        0.38051067740273
B            1.70909905678151       -2.13492391078590        0.51443707291328
B            1.85793319504168       -3.80603970948636        0.70422760961097
B            2.64451752883993        3.88818161207290        0.20620577445045
B            2.79747170344001        2.18556824687891        0.22395631037925
B            4.03373105925628        4.84756858637194        0.34137774531091
B            4.18416333417999        3.16802511577498        0.30114510158390
B            4.33166000275458        1.47532007734069        0.30808984116702
B            3.09344171692251       -1.15750065348124        0.46547843916191
B            3.24038996264314       -2.86274012709502        0.43589438515640
B            4.47841596854966       -0.19283570682510        0.31157323004025
B            4.62882439516375       -1.88420428541197        0.33752101165050
B            4.77468557657552       -3.56383768993340        0.32300071912079
B            5.56239169461057        4.12430247233577        0.01328374875360
B            5.70908795300511        2.46822034981272        0.44456079825277
B            6.00617221585624       -0.92952489506311        0.17367936550169
B            6.15674895441779       -2.58220262518862        0.63750356050769
H           -7.07919132935049        3.63070198690424        0.79749145719304
H           -6.86605682549346        0.82212152422319       -0.25839627331635
H           -4.88099368319584        5.15001820071629       -0.41260780441820
H           -6.65272905498076       -1.57969777238414       -0.18466943648153
H           -6.38998425022570       -4.23360924951243        1.19414001606473
H           -3.94494123044755       -5.46138582886338        0.06918852584134
H           -1.91534367102734        5.48370263678919        0.58077665134484
H           -0.98097516101262       -5.18554533173247        1.09346809887031
H            1.01638826035631        5.71217140636116       -0.31702213327483
H            1.97353253357831       -4.95791920505307        0.91473789463136
H            3.99166107935135        5.97294030195608        0.67832381169241
H            4.93096847671922       -4.67730846345035       -0.02121419456958
H            6.44260088551085        4.76478052962618       -0.42312289702072
H            6.69168100041938        2.08088955052004        0.95230302130795
H            6.91030302247158       -0.38784378685511       -0.33909471867218
H            7.14141931691499       -3.04031747566313        1.08131650001802
60
 energy: -61.505851984767 gnorm: 0.001171833276 xtb: 6.7.1 (edcfbbe)
B           -6.10060808592631        3.11224229354641        0.40966240437494
B           -5.95407602939389        1.42592407082109        0.15707950351116
B           -4.72344484245422        4.05850697876346       -0.00620201797755
B           -4.57793174641754        2.39055715275050        0.21982539503573
B           -4.42625928303776        0.70451644612633        0.37079949575241
B           -5.65434758617784       -1.95641273406173        0.29494569966738
B           -5.50686547276034       -3.60786276296959        0.73928410233777
B           -4.27921388285650       -0.96086473605491        0.44488349179241
B           -4.13170277943698       -2.65353485407123        0.45763612110170
B           -3.98190001566043       -4.33460093030279        0.39957356600771
B           -3.18522513130153        3.37115036604514        0.16292205711467
B           -3.03806234288983        1.67438639415489        0.32135728430444
B           -1.80383964490550        4.33404487705351        0.36095389250284
B           -1.65666658163762        2.65169968334223        0.27803232857313
B           -1.50758486048208        0.95974350953535        0.23804432424081
B           -2.74231978556244       -1.67054612319912        0.51508795945110
B           -2.58862672191843       -3.37646553190907        0.47449964878527
B           -1.35964891810319       -0.71278325292690        0.32391610498283
B           -1.21057087152630       -2.39066190730206        0.54866419938307
B           -1.06325990686366       -4.05920964511043        0.76447152613621
B           -0.27068101895015        3.62951422002432        0.20389169887478
B           -0.12073371011849        1.92854480233366        0.24075960444110
B            1.11431072419205        4.57464508765430       -0.03515033981951
B            1.26351153177253        2.90495063566886        0.17311661757163
B            1.41198519336197        1.22126524983184        0.31529194960906
B            0.17507809529389       -1.42264202565670        0.33970937067664
B            0.32542376415383       -3.10626033442899        0.65054635777690
B            1.55980454354002       -0.45138124815147        0.38013293956986
B            1.70910112580244       -2.13472324592666        0.51829736599120
B            1.85797177347919       -3.80573883310589        0.70781810484304
B            2.64443947141103        3.88823752149644        0.20718299425525
B            2.79748493810986        2.18564282542943        0.22585417674945
B            4.03369788438199        4.84760067149022        0.34210255230019
B            4.18415082912103        3.16801699130902        0.30269670338432
B            4.33165776302299        1.47526010982669        0.30752417045347
B            3.09344454611360       -1.15765806133618        0.46304462607560
B            3.24027082574678       -2.86286704720403        0.43465864597784
B            4.47838865284850       -0.19290453739606        0.30987328697419
B            4.62874742965600       -1.88430676576354        0.33471524297096
B            4.77458141214763       -3.56398271601514        0.32178803484574
B            5.56241214979968        4.12444255226515        0.01564279085174
B            5.70911040014356        2.46810762758507        0.44496731566936
B            6.00610705570311       -0.92954956230641        0.17216626581153
B            6.15674317075393       -2.58241367892669        0.63512596962632
H           -7.08021163410919        3.63091445780529        0.79486758415961
H           -6.86608499160857        0.82204085945681       -0.25724244793004
H           -4.88067280104287        5.15021769553633       -0.41193680726068
H           -6.65323475404061       -1.58011200286622       -0.18472229804442
H           -6.39146594861464       -4.23382598696420        1.18966477054829
H           -3.94465762447074       -5.46142934321610        0.06761000774973
H           -1.91507983896309        5.48369145214423        0.58200941710423
H           -0.98136131461806       -5.18482706484591        1.09606045513249
H            1.01633149088895        5.70978492789167       -0.32726530150597
H            1.97398719423440       -4.95572475579514        0.92816695720453
H            3.99128530446862        5.97319675647857        0.67836945425363
H            4.93091581852107       -4.67712615823269       -0.02361975248975
H            6.44359834912766        4.76607204839425       -0.41762929975310
H            6.69163393898571        2.07950314745152        0.95168845413547
H            6.91135741030793       -0.38783674356868       -0.33902802694280
H            7.14324968875866       -3.04030577259809        1.07537337108019
60
 energy: -61.505853211851 gnorm: 0.000666326267 xtb: 6.7.1 (edcfbbe)
B           -6.10063637797560        3.11228168738541        0.41000762601737
B           -5.95410794030176        1.42595932688819        0.15760092546904
B           -4.72346533396613        4.05852868373934       -0.00586424751227
B           -4.57796950096914        2.39062929914744        0.22060160636524
B           -4.42627140079902        0.70456175287284        0.37111554536362
B           -5.65437894828431       -1.95637048699360        0.29527362877200
B           -5.50690610466401       -3.60789091733147        0.73887336205252
B           -4.27923131870866       -0.96082036273424        0.44562370871880
B           -4.13173257429900       -2.65350002772128        0.45827258927825
B           -3.98189291918381       -4.33458481699409        0.39896736567273
B           -3.18525939388941        3.37117035013248        0.16315553797368
B           -3.03805716211304        1.67438641968665        0.32079651703332
B           -1.80383801575890        4.33404776908456        0.36060014178835
B           -1.65666917658830        2.65166864385545        0.27703846995428
B           -1.50759154454576        0.95969116197570        0.23673125404986
B           -2.74231319575205       -1.67055245493514        0.51475363751781
B           -2.58866121236506       -3.37643689241608        0.47434548871886
B           -1.35965780970680       -0.71282996699978        0.32259668947544
B           -1.21057750782270       -2.39068493026673        0.54793954267213
B           -1.06328068703173       -4.05918066434711        0.76442743089052
B           -0.27069709002321        3.62948641857994        0.20314375289416
B           -0.12075145095944        1.92852584029941        0.23989125330464
B            1.11428887477062        4.57461779458713       -0.03551738959971
B            1.26348446954080        2.90495836001811        0.17332005785814
B            1.41195677693451        1.22129807320373        0.31563085871244
B            0.17505966294466       -1.42265511466694        0.33914909768654
B            0.32539591464358       -3.10617050667446        0.65120016907872
B            1.55977547244992       -0.45136694564844        0.38007189838797
B            1.70906423864747       -2.13470556834370        0.51816597238516
B            1.85793666623327       -3.80572397035068        0.70763489361834
B            2.64444351851074        3.88820060432951        0.20623926451974
B            2.79743862406442        2.18569448791263        0.22654817679957
B            4.03365130830125        4.84759279526954        0.34150868744706
B            4.18413994619952        3.16802518424500        0.30226396056633
B            4.33162386620967        1.47530243046177        0.30803408389585
B            3.09339468894417       -1.15764429272422        0.46319837383997
B            3.24025614791284       -2.86285151365199        0.43441708933798
B            4.47836939439653       -0.19287721861902        0.31041200592127
B            4.62875265544223       -1.88426067494680        0.33560176382923
B            4.77454258256859       -3.56395102610457        0.32225830727969
B            5.56243065610637        4.12444759645497        0.01557493579077
B            5.70906545538692        2.46813645200044        0.44536549231863
B            6.00608577290354       -0.92951367834362        0.17218278945943
B            6.15673461689216       -2.58242438700193        0.63507415422939
H           -7.07999155692095        3.63129697954620        0.79538383552084
H           -6.86598326615410        0.82184502548709       -0.25661736471725
H           -4.88070458437058        5.15047328401698       -0.41112137052108
H           -6.65314372739740       -1.57923124732867       -0.18408467156853
H           -6.39094884920364       -4.23460418228040        1.18931659509728
H           -3.94450358258964       -5.46184089853057        0.06805362443794
H           -1.91482356598503        5.48372301223542        0.58164957244296
H           -0.98147933001753       -5.18540920756626        1.09419970672959
H            1.01635309663233        5.71012179655239       -0.32627359729835
H            1.97403683604705       -4.95573459771461        0.92748958807909
H            3.99087962296797        5.97307865176747        0.67812813524499
H            4.93049609247572       -4.67783009684180       -0.02156521590192
H            6.44360031701087        4.76550215497282       -0.41848897028542
H            6.69138971761576        2.07962191918678        0.95244190110197
H            6.91179733721431       -0.38761198240191       -0.33844470460853
H            7.14352514837877       -3.03975227541529        1.07526653641363
