60
 energy: -61.502699058885 gnorm: 0.128720120225 xtb: 6.7.1 (edcfbbe)
B           -5.06792787000000        4.65609402000000        0.44933835000000
B           -5.41171274000000        2.99225708000000        0.25581710000000
B           -3.47399952000000        5.16277798000000        0.05934310000000
B           -3.81372321000000        3.52518582000000        0.30893559000000
B           -4.15245854000000        1.87202285000000        0.48631831000000
B           -6.09408311000000       -0.32500940000000        0.44089733000000
B           -6.42913581000000       -1.94595880000000        0.89112897000000
B           -4.49091770000000        0.23074266000000        0.58485833000000
B           -4.83455227000000       -1.42999786000000        0.63299289000000
B           -5.17367068000000       -3.08549390000000        0.62211741000000
B           -2.20107012000000        4.06076006000000        0.24777117000000
B           -2.54511498000000        2.40026646000000        0.40599997000000
B           -0.59933610000000        4.59246645000000        0.38721240000000
B           -0.94133408000000        2.93668308000000        0.35289869000000
B           -1.28403019000000        1.27344603000000        0.34183751000000
B           -3.22331390000000       -0.89013647000000        0.65410278000000
B           -3.56517991000000       -2.55999459000000        0.68781962000000
B           -1.62303670000000       -0.37146849000000        0.46166900000000
B           -1.96171223000000       -2.01550903000000        0.72431016000000
B           -2.29957202000000       -3.65255068000000        0.97055813000000
B            0.66626270000000        3.47116843000000        0.28169563000000
B            0.32311907000000        1.80654822000000        0.36294796000000
B            2.26570127000000        3.98069845000000        0.05697009000000
B            1.92879745000000        2.34232061000000        0.30786276000000
B            1.58763129000000        0.68893914000000        0.45372592000000
B           -0.35673982000000       -1.49123830000000        0.51977924000000
B           -0.69570469000000       -3.13781469000000        0.83668665000000
B            1.24807814000000       -0.95842722000000        0.52271676000000
B            0.90774175000000       -2.61068086000000        0.68157023000000
B            0.57009341000000       -4.25106611000000        0.90598158000000
B            3.53397884000000        2.88109425000000        0.28313556000000
B            3.19228795000000        1.21453850000000        0.35324894000000
B            5.13956968000000        3.40944058000000        0.40495623000000
B            4.80100941000000        1.75406977000000        0.38168187000000
B            4.45701750000000        0.09402003000000        0.43570184000000
B            2.51443950000000       -2.07479577000000        0.62798191000000
B            2.16868315000000       -3.74216096000000        0.67816107000000
B            4.11783701000000       -1.54998867000000        0.48002804000000
B            3.77759368000000       -3.20824825000000        0.57862485000000
B            3.43479682000000       -4.86096651000000        0.60142717000000
B            6.39818184000000        2.27189603000000        0.12327014000000
B            6.06285598000000        0.64515837000000        0.53928407000000
B            5.37441749000000       -2.68972575000000        0.40890003000000
B            5.04158275000000       -4.31161541000000        0.87079706000000
H           -5.85283462000000        5.42672416000000        0.84142504000000
H           -6.45774968000000        2.66269545000000       -0.13917870000000
H           -3.30880938000000        6.22986332000000       -0.38938650000000
H           -6.93093821000000        0.30640970000000       -0.07125096000000
H           -7.45394791000000       -2.27206582000000        1.34618457000000
H           -5.45003473000000       -4.17606795000000        0.30162023000000
H           -0.37453760000000        5.73101474000000        0.53667179000000
H           -2.53927896000000       -4.74161998000000        1.33009064000000
H            2.49760250000000        5.09819586000000       -0.20363173000000
H            0.34469138000000       -5.38476073000000        1.09712992000000
H            5.41410799000000        4.49263577000000        0.75285430000000
H            3.25769791000000       -5.97323029000000        0.28293105000000
H            7.41752257000000        2.61863637000000       -0.32838331000000
H            6.89972441000000       -0.01555219000000        1.01207461000000
H            6.40974584000000       -2.43380970000000       -0.06738264000000
H            5.84770111000000       -5.00458907000000        1.35593119000000
60
 energy: -61.505876010133 gnorm: 0.043072175792 xtb: 6.7.1 (edcfbbe)
B           -5.06518761756593        4.65571009988285        0.47101106494110
B           -5.40943982500404        2.99403997557843        0.24387248845111
B           -3.47537949889785        5.15853360079508        0.03860364292532
B           -3.81479464346618        3.52492214283646        0.30343343244037
B           -4.15299263133431        1.86952226914633        0.48429481485366
B           -6.09280225724604       -0.32992759771646        0.42441734052821
B           -6.42604724977711       -1.94406856179459        0.91136120873372
B           -4.49068479510867        0.23249166603172        0.58333365820079
B           -4.83533081587685       -1.43062210961668        0.62531747470369
B           -5.17390763260403       -3.08418934868370        0.59812799495244
B           -2.19993422705709        4.06330978730155        0.23921653892492
B           -2.54475619430854        2.39777245857556        0.41441943314835
B           -0.59922856243577        4.59160078348319        0.40365685773158
B           -0.94137294919753        2.93658512434292        0.35655546939020
B           -1.28446247564034        1.27196588301971        0.34305394885807
B           -3.22182589477970       -0.88704193314144        0.66450410701563
B           -3.56521282590900       -2.56449484349966        0.67540037536804
B           -1.62288201930929       -0.37040763240540        0.46126461503058
B           -1.96134347853934       -2.01496129518825        0.73027450082425
B           -2.29904787164528       -3.64967003028754        0.98723796395695
B            0.66683614606841        3.47411282354894        0.27952531875727
B            0.32242435407916        1.80350965855535        0.35761178816111
B            2.26485921598628        3.97754101489422        0.03591221734392
B            1.92893204822406        2.34134849319475        0.29747206080139
B            1.58746516720513        0.68731377429116        0.45469650158683
B           -0.35635667140999       -1.48933014868107        0.51402846665209
B           -0.69607483063076       -3.13970965492352        0.84926601425136
B            1.24889847355503       -0.95593249246345        0.54045133524969
B            0.90810051559385       -2.61016317179687        0.68970770053483
B            0.57062538951825       -4.24924532921818        0.91700212345454
B            3.53433336477918        2.88468944167169        0.28682575563148
B            3.19103292355749        1.21179629439383        0.35117865914192
B            5.13969535777963        3.40775874607067        0.42789301706787
B            4.80228929210165        1.75459025511657        0.39451828423591
B            4.45680358109443        0.09225804222407        0.44597034175104
B            2.51454402474891       -2.07150516575366        0.63654556955255
B            2.16761014292184       -3.74622883514981        0.66542567663942
B            4.11854372956063       -1.54792795568885        0.47851400317204
B            3.77831576804117       -3.20926389046402        0.56420152285351
B            3.43585507462531       -4.85988045279423        0.57626949143554
B            6.39503545547063        2.27004810218124        0.10385986258060
B            6.06168064708687        0.64989539104717        0.56185136943631
B            5.37114650081240       -2.69402416731173        0.38133943744546
B            5.03971493239433       -4.30824497552995        0.89150333894368
H           -5.85567388601469        5.43438779489773        0.85112663711669
H           -6.46128827698230        2.66561259530839       -0.14549690980070
H           -3.30882891789261        6.23731303243907       -0.39335814689823
H           -6.93757186372399        0.30664616400150       -0.07482785447323
H           -7.45835423390923       -2.27575808756539        1.35862457839244
H           -5.45512671919337       -4.18293433836388        0.29450983356602
H           -0.37363900679946        5.73488043924225        0.54913295454531
H           -2.54166592730481       -4.74397354541994        1.34002988509523
H            2.49835651305355        5.10001342102983       -0.21962945221097
H            0.34542686137797       -5.38778249538537        1.10167304922504
H            5.41775098023787        4.50065225992076        0.75579231304316
H            3.25851090944078       -5.98072658631926        0.27275180849087
H            7.42153954382984        2.62060422300733       -0.34162914463018
H            6.90315765592822       -0.01235965745178        1.03314242161141
H            6.41326510109885       -2.43736872395459       -0.08711831147305
H            5.85247723939239       -5.00945594146109        1.36511146074086
60
 energy: -61.506123274643 gnorm: 0.028768653358 xtb: 6.7.1 (edcfbbe)
B           -5.06612949899569        4.65661282651798        0.47176508592724
B           -5.40977646051878        2.99462249877688        0.24569904384135
B           -3.47578969230835        5.15862965130243        0.03519486318585
B           -3.81461568179662        3.52445923179342        0.30132854932713
B           -4.15345744862021        1.86886761088957        0.47912887552014
B           -6.09330022772337       -0.33041375386173        0.42487956542880
B           -6.42731699134151       -1.94487303063682        0.90979391261682
B           -4.49094027931581        0.23236229198746        0.57833792795505
B           -4.83507761538618       -1.43088355841047        0.62216817838715
B           -5.17423825032382       -3.08488861754362        0.59204767810705
B           -2.19922265724594        4.06293186683695        0.23298546898962
B           -2.54523917368121        2.39800779678137        0.41828252621065
B           -0.59938335938035        4.59205252807050        0.40754482046256
B           -0.94133498597615        2.93671137634945        0.35536453758670
B           -1.28440461145374        1.27212968837531        0.34667643078484
B           -3.22224333178733       -0.88664511742305        0.66971654836227
B           -3.56449145571229       -2.56541336726746        0.66989239474110
B           -1.62281747456586       -0.37041601708362        0.46400225285154
B           -1.96131954686496       -2.01497827912451        0.73440928719237
B           -2.29923956856570       -3.64921659013441        0.99502069459374
B            0.66695752032862        3.47421164937680        0.27759721048630
B            0.32248590929194        1.80314753181960        0.35429113663910
B            2.26515334771297        3.97696509156622        0.02841429728797
B            1.92903321353492        2.34126890608239        0.29446978157114
B            1.58766909733452        0.68737962080286        0.45616643967850
B           -0.35625648320182       -1.48962126121171        0.51145319955151
B           -0.69575723512602       -3.13906070877518        0.85998331347828
B            1.24915533314679       -0.95575877602644        0.54571028265990
B            0.90825707953327       -2.61023843097771        0.69335863697119
B            0.57114152791450       -4.24929557242613        0.92195533627647
B            3.53383801840602        2.88524534796597        0.29017120092277
B            3.19170379995097        1.21155031427350        0.35166590763916
B            5.14024269018459        3.40818916813729        0.42965645256532
B            4.80208286324027        1.75473352464569        0.40080608631748
B            4.45728964095749        0.09223513265871        0.45253240307635
B            2.51536998771465       -2.07117422322426        0.64419165298511
B            2.16674830407187       -3.74693568312481        0.65570072534437
B            4.11902949110625       -1.54780994462974        0.47833126924642
B            3.77807521875126       -3.20939998901325        0.55795203001319
B            3.43609919261245       -4.86058560428628        0.56926017093790
B            6.39667194571416        2.27056602114416        0.10668577132258
B            6.06221440127810        0.65042763667507        0.56727778276625
B            5.37143452397857       -2.69445641712376        0.37808045373843
B            5.04090461775897       -4.30988749135294        0.88615416994514
H           -5.85442502901106        5.43811778671275        0.85086888640074
H           -6.46138325754916        2.66843441814273       -0.14740152166291
H           -3.31161751205242        6.23983083402440       -0.39408388641416
H           -6.93932443158840        0.30573436356448       -0.07341210231412
H           -7.45736760992881       -2.27952083654417        1.36015702111088
H           -5.45913409144100       -4.18368016695173        0.28875307999333
H           -0.37347246952376        5.73535228530559        0.56154943130739
H           -2.54344061223880       -4.74319304790455        1.35048379542166
H            2.49854886423125        5.09821360780679       -0.23733034744470
H            0.34610675896313       -5.38813555188431        1.11096586967424
H            5.42087424834848        4.50217003489742        0.75412980341970
H            3.26256388683338       -5.98224939361723        0.26327773102402
H            7.42169119661540        2.62128404114510       -0.34171906175590
H            6.90233712369447       -0.00665144961285        1.05011327636098
H            6.41004636641931       -2.44093618042040       -0.10106088943411
H            5.85280398359658       -5.01189883383576        1.35936647082025
60
 energy: -61.506238369176 gnorm: 0.010282426763 xtb: 6.7.1 (edcfbbe)
B           -5.06586716280343        4.65615105622991        0.46980704711266
B           -5.40958008827133        2.99438645640553        0.24716438778700
B           -3.47548938560774        5.15830363667266        0.03438917199154
B           -3.81439721085870        3.52417029299746        0.30060279715668
B           -4.15327150170370        1.86877489371859        0.47890904323181
B           -6.09300078282223       -0.33022498502788        0.42665570583306
B           -6.42696944740443       -1.94510991947407        0.90681604340939
B           -4.49071584873561        0.23225511712368        0.57885830096225
B           -4.83476054558485       -1.43094579677934        0.62149280420020
B           -5.17372611456315       -3.08506006277644        0.59005296892939
B           -2.19903041278285        4.06232343068431        0.22981675813251
B           -2.54516494067449        2.39810414163799        0.41977124706421
B           -0.59941586307114        4.59187408629598        0.40793644419710
B           -0.94125466555579        2.93649028594145        0.35374531875331
B           -1.28422460048905        1.27232758318275        0.34986199891424
B           -3.22217487226068       -0.88672572292558        0.67071719173615
B           -3.56410275125253       -2.56534128118817        0.66877096211646
B           -1.62266783071295       -0.37049202135257        0.46552672850435
B           -1.96113837986638       -2.01483468435437        0.73641266328698
B           -2.29906448171877       -3.64873658106641        0.99866656967972
B            0.66692977583084        3.47371308549610        0.27655309785918
B            0.32255981042101        1.80306665753891        0.35296631283381
B            2.26517556590662        3.97650641733964        0.02648859391994
B            1.92894975136975        2.34108782338548        0.29363150103340
B            1.58769247833118        0.68745379374854        0.45615161560312
B           -0.35620470538135       -1.48987847222465        0.50993995301809
B           -0.69546039201036       -3.13823797526787        0.86515113820389
B            1.24913600688084       -0.95588453513901        0.54589454669271
B            0.90827314386227       -2.61008640838696        0.69481660912844
B            0.57138025481196       -4.24897435815992        0.92435382068394
B            3.53361243801620        2.88513196604063        0.29220788412228
B            3.19180921599197        1.21164351467050        0.35344608703860
B            5.13994135091898        3.40818620258599        0.42830869257512
B            4.80187726427336        1.75483740141859        0.40430902445857
B            4.45725606494651        0.09240353812685        0.45442917424998
B            2.51549601190209       -2.07100866641698        0.64856067801642
B            2.16648359750502       -3.74690425079746        0.65067858099515
B            4.11904388044424       -1.54763214067885        0.48244033752539
B            3.77784184253491       -3.20937799880624        0.55525488039631
B            3.43574273614430       -4.86054974707822        0.56548513117745
B            6.39651844684313        2.27053319758665        0.11081738723786
B            6.06198603370589        0.65035035279628        0.57021019535415
B            5.37137600552918       -2.69406129676841        0.37786155681151
B            5.04065751087703       -4.31023393763617        0.88019421724980
H           -5.85271482999330        5.44021255616122        0.84871034578064
H           -6.46039871606920        2.66944081353250       -0.15035835178836
H           -3.31335698359912        6.24026923200966       -0.39526454375896
H           -6.93891623533770        0.30566470476684       -0.07287107517351
H           -7.45553803870975       -2.28245372900111        1.36019645349555
H           -5.46052160991448       -4.18303106589043        0.28349919728496
H           -0.37346380571812        5.73453265690532        0.57211210407456
H           -2.54425949322756       -4.74141614988696        1.35930192009859
H            2.49846294339115        5.09542502003928       -0.25229747210366
H            0.34695915992039       -5.38730627809254        1.12099517681543
H            5.42208324249736        4.50240071300535        0.75228336800658
H            3.26504120856975       -5.98178913097596        0.25409443662285
H            7.42120108771801        2.62168362261263       -0.33956275109037
H            6.90002897544682       -0.00188136805184        1.06499673019615
H            6.40541791051947       -2.44299319017959       -0.11385414128141
H            5.85193109159045       -5.01430570627332        1.35265534363695
60
 energy: -61.506296299214 gnorm: 0.006234480545 xtb: 6.7.1 (edcfbbe)
B           -5.06570384072363        4.65585951926813        0.46854597252794
B           -5.40957798038136        2.99413774700602        0.24676688718981
B           -3.47537476860434        5.15802667947172        0.03245947429512
B           -3.81451511366449        3.52425835204671        0.30015030044885
B           -4.15315644336738        1.86903290403929        0.48196132855325
B           -6.09292531667442       -0.33015394346211        0.42746780420875
B           -6.42670761301676       -1.94524279233498        0.90572653076133
B           -4.49064874851161        0.23228520997127        0.58225506364105
B           -4.83485697158556       -1.43111348080427        0.62164139070042
B           -5.17346884674372       -3.08531342564363        0.58791466035913
B           -2.19924522495501        4.06220519945245        0.22761849535880
B           -2.54497704179274        2.39817594761717        0.42068297052023
B           -0.59937713919074        4.59184111090451        0.40849246408795
B           -0.94123361270237        2.93640663783903        0.35266274646054
B           -1.28413071982803        1.27253816829316        0.35300541022453
B           -3.22202472042913       -0.88695628349749        0.67028838697116
B           -3.56426742829243       -2.56536578873847        0.66936540105254
B           -1.62260846086808       -0.37056496221609        0.46634992797730
B           -1.96102648996693       -2.01477555355803        0.73816119396898
B           -2.29885408380784       -3.64844612929034        1.00196923733811
B            0.66698232972443        3.47357505537228        0.27564362850691
B            0.32263953131776        1.80308867618918        0.35255653387367
B            2.26522294553723        3.97618932233971        0.02431378871703
B            1.92901878894333        2.34091894622548        0.29163662198794
B            1.58778325287844        0.68741309269874        0.45498830549868
B           -0.35615814050750       -1.49009074609399        0.50935178212601
B           -0.69529012854569       -3.13798561702967        0.86778451655575
B            1.24920142490565       -0.95603109435683        0.54545735443009
B            0.90841065274882       -2.61001102901663        0.69692401599995
B            0.57159960651711       -4.24876809319233        0.92714668313258
B            3.53395941767029        2.88524699902417        0.29413332698269
B            3.19186395452948        1.21188590446717        0.35642478466827
B            5.13990753052512        3.40832344550016        0.42836035434419
B            4.80218200795485        1.75522262066596        0.40902302059830
B            4.45741988347405        0.09263400786899        0.45626012335429
B            2.51550791930539       -2.07097699881177        0.65121102003496
B            2.16672851756602       -3.74720287101840        0.64733132627960
B            4.11928381339766       -1.54746428129362        0.48850011017355
B            3.77795837343551       -3.20974585667594        0.55180958164929
B            3.43557294046942       -4.86076895143673        0.55938944387286
B            6.39646135360117        2.27046132458600        0.11376425976248
B            6.06201548234161        0.65049298770459        0.57554811487483
B            5.37149042841097       -2.69397672773740        0.37563917983410
B            5.04052870704452       -4.31051504301743        0.87558774488604
H           -5.85127772212885        5.44204752151961        0.84633288889077
H           -6.45862757084831        2.66919797416806       -0.15587938076050
H           -3.31451660945180        6.23984306653831       -0.39820687733251
H           -6.93748637916754        0.30624352373811       -0.07377690858495
H           -7.45373326239238       -2.28504681939086        1.36126363986822
H           -5.46062733692067       -4.18190499881864        0.27649796743167
H           -0.37383652954365        5.73299183157407        0.58510680169038
H           -2.54473905055041       -4.73871233417638        1.36987971467933
H            2.49832053811370        5.09125660536275       -0.27115522515105
H            0.34860216001668       -5.38561779137320        1.13491819181040
H            5.42253705119814        4.50290060581036        0.75090033129205
H            3.26671657756308       -5.98063203946484        0.24138997815013
H            7.42094870649495        2.62223745888975       -0.33707603256228
H            6.89645961056376        0.00319424521674        1.08390311340450
H            6.39918979220135       -2.44443430860794       -0.13107401880622
H            5.85047310671287       -5.01808794031172        1.34546645719033
60
 energy: -61.506320373359 gnorm: 0.003978863793 xtb: 6.7.1 (edcfbbe)
B           -5.06577187510399        4.65588481231866        0.46794336919653
B           -5.40947322091314        2.99400919392374        0.24575571730433
B           -3.47532046156116        5.15784373989631        0.03117388982835
B           -3.81438133841261        3.52419501126593        0.29995991039909
B           -4.15301132321748        1.86910249834554        0.48350392301143
B           -6.09282838532149       -0.33021803214833        0.42773967600295
B           -6.42672672053988       -1.94528610136284        0.90639260565594
B           -4.49051475671374        0.23227550107996        0.58306358191447
B           -4.83471375205276       -1.43113618120106        0.62205748152154
B           -5.17337561500648       -3.08535617122690        0.58734201589674
B           -2.19920763328586        4.06212164966602        0.22700975507929
B           -2.54484409235675        2.39816409400207        0.42145373241835
B           -0.59928881231771        4.59179875683764        0.41023720710143
B           -0.94117422654898        2.93640653108298        0.35362366670654
B           -1.28405086945235        1.27259901516226        0.35470048628282
B           -3.22188520475927       -0.88699350427975        0.67041514404362
B           -3.56422369356031       -2.56534682808089        0.67008698893366
B           -1.62252951185177       -0.37054445582371        0.46668294646484
B           -1.96091779778130       -2.01470715728890        0.73917929632780
B           -2.29867253414596       -3.64829059827206        1.00346139822937
B            0.66707943312024        3.47366006464401        0.27592070400664
B            0.32269303340696        1.80306914734528        0.35328377934440
B            2.26518916579653        3.97583358212089        0.02178584674727
B            1.92906050547981        2.34064150306900        0.28838272433945
B            1.58782050645533        0.68728895280525        0.45399491291812
B           -0.35610009810886       -1.49010981184967        0.50904161613730
B           -0.69524746346345       -3.13819960873176        0.86686288022215
B            1.24926108522426       -0.95605005618071        0.54505529879123
B            0.90855510555878       -2.60985932241028        0.69923118804619
B            0.57174923277103       -4.24852387249718        0.92943083323100
B            3.53403319017003        2.88531840618645        0.29569408790727
B            3.19188707551215        1.21197907146420        0.35822166971347
B            5.13992879327244        3.40838713877342        0.42948857940635
B            4.80215029960819        1.75546659726397        0.41318951355424
B            4.45745282249467        0.09277641209288        0.45850231301186
B            2.51551298453082       -2.07100475362685        0.65106957266801
B            2.16681352154915       -3.74726120439372        0.64624406442799
B            4.11932012993108       -1.54740023626262        0.49015471588649
B            3.77784167135675       -3.20990655745051        0.54827601362161
B            3.43550331660625       -4.86085253067501        0.55501780299446
B            6.39670361861960        2.27052350412166        0.11535169101321
B            6.06195219567024        0.65070498377685        0.57973803036368
B            5.37142722668159       -2.69398040644476        0.37373399437122
B            5.04070481588939       -4.31082929944494        0.87317010723719
H           -5.85112285952564        5.44278412611115        0.84395629824781
H           -6.45690496861404        2.66861438284046       -0.16070771700745
H           -3.31506989351734        6.23927013750426       -0.40022787006691
H           -6.93650109662608        0.30646631889303       -0.07452498708277
H           -7.45316098381408       -2.28581107138292        1.36211550275410
H           -5.46051910440400       -4.18077894946531        0.27228376821147
H           -0.37468050231718        5.73162590026418        0.59534800827790
H           -2.54490320447687       -4.73650450473050        1.37698433775454
H            2.49824452895981        5.08732304984108       -0.28672562926397
H            0.35053553562626       -5.38374720945479        1.14756409624562
H            5.42294593776633        4.50338818885790        0.74996190408150
H            3.26796494477610       -5.97942923883446        0.23207551655800
H            7.42142554254333        2.62291801713963       -0.33382904767465
H            6.89350628467134        0.00684070616945        1.09730765983950
H            6.39443358412182       -2.44539980434328       -0.14321011509846
H            5.84943902160019       -5.02152673700250        1.33976545194404
60
 energy: -61.506332502231 gnorm: 0.001458622580 xtb: 6.7.1 (edcfbbe)
B           -5.06579464402749        4.65584283861740        0.46713613120616
B           -5.40945099509225        2.99400046754158        0.24474908055536
B           -3.47529533732916        5.15787573637743        0.03121439592368
B           -3.81436213311411        3.52420011640975        0.29965757371853
B           -4.15304977734584        1.86906070224246        0.48286417535160
B           -6.09285158108674       -0.33027567251089        0.42766426724460
B           -6.42667718314021       -1.94519926703841        0.90734605443398
B           -4.49055232523264        0.23222069550064        0.58190288762968
B           -4.83472952093019       -1.43113747746215        0.62218353484059
B           -5.17345067651839       -3.08528618439469        0.58825657134975
B           -2.19913250463260        4.06218300171127        0.22760775090113
B           -2.54487944917115        2.39819827201632        0.42191072222234
B           -0.59924672986198        4.59187973030771        0.41208039975411
B           -0.94112580755432        2.93656308295161        0.35617670571206
B           -1.28403357219012        1.27266466735800        0.35563493381624
B           -3.22192662273423       -0.88698655914601        0.67034257631667
B           -3.56419860132455       -2.56535490099657        0.67048527785449
B           -1.62251406277662       -0.37047478955730        0.46731736840345
B           -1.96091067769998       -2.01468436400816        0.73968995332111
B           -2.29867109557405       -3.64839164325882        1.00314031297238
B            0.66716052495457        3.47382852470935        0.27731276087604
B            0.32272745742337        1.80315356573014        0.35485194195864
B            2.26518686719065        3.97569271195022        0.02033303599882
B            1.92905787837043        2.34039396658940        0.28488429704435
B            1.58785355526306        0.68725703387893        0.45401142924963
B           -0.35609157032415       -1.49011893207774        0.50871541154285
B           -0.69529229896246       -3.13855560048561        0.86443574944680
B            1.24929276767453       -0.95607223964375        0.54463697373155
B            0.90864151035018       -2.60971258318627        0.70152297476043
B            0.57184573721011       -4.24839551265334        0.93124625310941
B            3.53403201736490        2.88539882232091        0.29679880042869
B            3.19196845205326        1.21200075968495        0.35881545628595
B            5.13997460175946        3.40841061957752        0.43029172790910
B            4.80217691521515        1.75560330913365        0.41555391387090
B            4.45751454290745        0.09277494675286        0.45913440821695
B            2.51555895817074       -2.07116602842209        0.64901705704434
B            2.16681940042155       -3.74728925278044        0.64630652459226
B            4.11934787679777       -1.54748418711471        0.48876287333726
B            3.77778464824956       -3.21008338534588        0.54530840913948
B            3.43550459918702       -4.86091370801235        0.55348240386321
B            6.39676938802368        2.27060582581761        0.11682782883927
B            6.06196624301969        0.65076739359437        0.58140485309728
B            5.37143508505076       -2.69405366039165        0.37250109206842
B            5.04074135451045       -4.31094009578921        0.87166052671653
H           -5.85175113518919        5.44258779558184        0.84156270120063
H           -6.45584454862257        2.66831045042654       -0.16368874728825
H           -3.31490960779081        6.23888464597649       -0.40056790141112
H           -6.93656492417954        0.30610275764783       -0.07464713744495
H           -7.45347018715132       -2.28494653148613        1.36233965195774
H           -5.46038300454341       -4.18004056928007        0.27145165341306
H           -0.37537244813381        5.73074333474085        0.60102586986115
H           -2.54462327903967       -4.73539341548657        1.37956497110677
H            2.49792697009986        5.08431240744319       -0.29683267000504
H            0.35206938684981       -5.38194710500082        1.15791304970927
H            5.42314246589933        4.50354576413696        0.74954542193769
H            3.26875327000846       -5.97846183284659        0.22751115192602
H            7.42233491243781        2.62363059457215       -0.32944909004207
H            6.89193041820048        0.00865624157362        1.10290183918423
H            6.39233522988074       -2.44623299353418       -0.14820482041009
H            5.84931637672869       -5.02352550096326        1.33515858964911
60
 energy: -61.506340144745 gnorm: 0.002323649633 xtb: 6.7.1 (edcfbbe)
B           -5.06591930526996        4.65586421424113        0.46652216574765
B           -5.40941259666962        2.99397184021545        0.24324638261640
B           -3.47524169859907        5.15801484357830        0.03222906725401
B           -3.81436742571529        3.52417661554735        0.29924508363793
B           -4.15310647297302        1.86897069636901        0.48163763928600
B           -6.09287346869901       -0.33029330490504        0.42695533392700
B           -6.42673731436209       -1.94510712525956        0.90828186191253
B           -4.49061330058903        0.23216385788009        0.58017495112820
B           -4.83477319105512       -1.43111932554230        0.62158051486062
B           -5.17357486848884       -3.08515251724919        0.58954783922707
B           -2.19906034342832        4.06233831901114        0.22919087802503
B           -2.54491147037052        2.39819301174605        0.42222688691185
B           -0.59922524527150        4.59192281594743        0.41385971706009
B           -0.94107437281437        2.93681811833920        0.36067389284946
B           -1.28403508661431        1.27275672865686        0.35641674623777
B           -3.22197722997716       -0.88701779443440        0.66918514577887
B           -3.56421902879501       -2.56539313040914        0.67009294977570
B           -1.62252984980622       -0.37041522036734        0.46778730384871
B           -1.96094581257076       -2.01465598580968        0.73981928674918
B           -2.29875460506039       -3.64860655954028        1.00119895815858
B            0.66719819982897        3.47396088401275        0.27965300059532
B            0.32273462554048        1.80332223197097        0.35742676999645
B            2.26513967990426        3.97566263018374        0.02017008663658
B            1.92894530152461        2.34003189890940        0.27996976989650
B            1.58783531334215        0.68732667905445        0.45513196713867
B           -0.35613587811965       -1.49015215263326        0.50785657764934
B           -0.69539539690569       -3.13887448247878        0.86133167477889
B            1.24924289222750       -0.95613210130216        0.54383151133596
B            0.90867263473644       -2.60942931387302        0.70505751548381
B            0.57189359398163       -4.24812444033420        0.93377931911291
B            3.53397194915266        2.88547006695514        0.29777781032727
B            3.19193838736262        1.21196912755365        0.35886096476292
B            5.13995153475598        3.40836927898876        0.43088150347862
B            4.80214169388071        1.75559718498277        0.41635228936243
B            4.45746070844806        0.09260695953464        0.45726244686514
B            2.51547997683850       -2.07137075865606        0.64558987348873
B            2.16673261423380       -3.74731765578577        0.64667501280635
B            4.11927523509459       -1.54759896918424        0.48614233004963
B            3.77766038810488       -3.21022153774340        0.54256200788897
B            3.43543172217227       -4.86094743260513        0.55353572690002
B            6.39687205204910        2.27076747990148        0.11831946210411
B            6.06192251030443        0.65065050411620        0.58125084553647
B            5.37133518192488       -2.69413287376848        0.37115116534120
B            5.04075788213942       -4.31108271324636        0.87051018258739
H           -5.85315236323114        5.44203945319904        0.83892000290252
H           -6.45546572171897        2.66853647916653       -0.16588137846535
H           -3.31412032252787        6.23889332182476       -0.39937334229016
H           -6.93784067060870        0.30523284471716       -0.07422311078343
H           -7.45455152729953       -2.28292863526153        1.36202472890724
H           -5.46024885536623       -4.17987475040634        0.27279529513265
H           -0.37563080695439        5.73019368054420        0.60428301684965
H           -2.54400564575069       -4.73518763508759        1.37863500515631
H            2.49703253906258        5.08141422290432       -0.30544867805064
H            0.35343148466370       -5.37951083921291        1.17093906531756
H            5.42303435045124        4.50347218871049        0.74991199956387
H            3.26909554947061       -5.97773253558104        0.22552072781422
H            7.42408888475988        2.62475313813092       -0.32293332196307
H            6.89134195054059        0.00890335616838        1.10305306468843
H            6.39259535998317       -2.44723684088560       -0.14823068813858
H            5.85069878913272       -5.02452125149912        1.32981710424265
60
 energy: -61.506342806107 gnorm: 0.001041463888 xtb: 6.7.1 (edcfbbe)
B           -5.06589809307104        4.65583687469480        0.46671332558312
B           -5.40944401838197        2.99398633661638        0.24334909951849
B           -3.47525092537593        5.15809574143810        0.03272603791905
B           -3.81438962626618        3.52417624149542        0.29926176747349
B           -4.15312770324078        1.86899065079294        0.48172159400008
B           -6.09290508619774       -0.33025910157584        0.42674942495109
B           -6.42673460815404       -1.94514241864596        0.90768780522594
B           -4.49064277927622        0.23214986904773        0.57997122590963
B           -4.83480355701984       -1.43113806183204        0.62104045230455
B           -5.17359696391706       -3.08518326971022        0.58923916399086
B           -2.19907190005535        4.06235068053775        0.22942035933300
B           -2.54494108772304        2.39821471706081        0.42236417581422
B           -0.59924394849344        4.59193247674419        0.41367206843141
B           -0.94109077256499        2.93686882847296        0.36151793873356
B           -1.28405559813835        1.27277476896969        0.35640235463848
B           -3.22202429559875       -0.88705210980390        0.66878008062995
B           -3.56423862810705       -2.56541608288573        0.66942706817582
B           -1.62255965699079       -0.37044658533101        0.46738760472353
B           -1.96098091719595       -2.01466085837783        0.73973379731702
B           -2.29881104663728       -3.64865356707522        1.00071581050906
B            0.66717682690246        3.47394006235498        0.27958484048761
B            0.32271940934465        1.80334327228238        0.35760799568126
B            2.26513357971755        3.97569627454696        0.02029189891559
B            1.92890882049479        2.33993774311252        0.27862629998514
B            1.58782134299526        0.68735708861973        0.45537045662604
B           -0.35615799873109       -1.49017677517682        0.50755185327099
B           -0.69541553074443       -3.13881291684729        0.86169560581151
B            1.24921829340231       -0.95614390197824        0.54381517029700
B            0.90868259130783       -2.60933904103525        0.70625433259549
B            0.57189620853901       -4.24803955285036        0.93459969326358
B            3.53393954766221        2.88547112147183        0.29787482483934
B            3.19193530839232        1.21197995432238        0.35893978506300
B            5.13993901710037        3.40838071529950        0.43101948630353
B            4.80212577114006        1.75555827035334        0.41608775424873
B            4.45744301832375        0.09259700233704        0.45705037521581
B            2.51545903697935       -2.07140124559992        0.64535125389143
B            2.16667562873653       -3.74732487819033        0.64641189241214
B            4.11923498881821       -1.54763167555041        0.48563407099735
B            3.77764054210729       -3.21021931633486        0.54255177812191
B            3.43538241153559       -4.86097984284842        0.55364664087325
B            6.39680794049900        2.27078414385562        0.11848109011233
B            6.06192279469968        0.65058305482062        0.58061057172427
B            5.37130897028754       -2.69413127190383        0.37108024008837
B            5.04067062551150       -4.31110741368912        0.87019305586972
H           -5.85336543672664        5.44199967553832        0.83901016083645
H           -6.45580586094754        2.66882152213907       -0.16536627292310
H           -3.31399609358139        6.23920635595922       -0.39851733569430
H           -6.93820891735178        0.30524861468838       -0.07397265057675
H           -7.45469625305085       -2.28282585085295        1.36150873387813
H           -5.46028951051042       -4.18027400636646        0.27343288496088
H           -0.37536915927132        5.73044736347302        0.60352309639628
H           -2.54417326640381       -4.73570301340493        1.37700580197719
H            2.49681996131558        5.08146151286277       -0.30577232882083
H            0.35347054103970       -5.37907535339609        1.17365194575107
H            5.42289996436832        4.50350187837232        0.75039935329257
H            3.26870082429878       -5.97801836761354        0.22626443200127
H            7.42431622382270        2.62494004112403       -0.32220391796513
H            6.89189517376980        0.00788862278328        1.10063630620176
H            6.39377409648045       -2.44709070386821       -0.14618248876039
H            5.85138289013242       -5.02404750344344        1.32913206756734
60
 energy: -61.506344343054 gnorm: 0.001088234792 xtb: 6.7.1 (edcfbbe)
B           -5.06592860548024        4.65586467651850        0.46740464353887
B           -5.40950374681497        2.99404075668800        0.24418063600291
B           -3.47526566769372        5.15821176172173        0.03383832246515
B           -3.81446153910867        3.52421085512696        0.29943581516385
B           -4.15316543015975        1.86905655095178        0.48227231654016
B           -6.09294149141325       -0.33019497805025        0.42624945779650
B           -6.42684020478719       -1.94527402648338        0.90606531118812
B           -4.49069829443351        0.23216131462778        0.58027038207676
B           -4.83488027375140       -1.43117859770723        0.62007791713539
B           -5.17359590907394       -3.08523805715919        0.58810068858671
B           -2.19914276139702        4.06236846222327        0.22961177318252
B           -2.54497864659566        2.39824883288989        0.42267703723255
B           -0.59929236558253        4.59192870004114        0.41277166657464
B           -0.94112593702640        2.93694390871520        0.36296219394381
B           -1.28410571096893        1.27279523020248        0.35612352116072
B           -3.22209049884648       -0.88712464803336        0.66790387969195
B           -3.56431482690541       -2.56545431573143        0.66803082298722
B           -1.62262362729763       -0.37051185672262        0.46631434714572
B           -1.96105062341824       -2.01469010719893        0.73919149465632
B           -2.29892234298956       -3.64875264285541        0.99952521060951
B            0.66711345873562        3.47388413940879        0.27915757889148
B            0.32266461889771        1.80337478851995        0.35772545001456
B            2.26508635347529        3.97573288980985        0.02045591747471
B            1.92880134410733        2.33972649699431        0.27574450567704
B            1.58776736121426        0.68742818862878        0.45591874247058
B           -0.35622121952346       -1.49023596080469        0.50669259973002
B           -0.69546978178542       -3.13867249183372        0.86244436279530
B            1.24913937526615       -0.95616141798564        0.54352277577192
B            0.90867157246134       -2.60911265288880        0.70881334927622
B            0.57188428057127       -4.24783649606757        0.93631336108875
B            3.53388232738750        2.88549321389272        0.29811173892171
B            3.19186911167243        1.21204008279181        0.35946493690528
B            5.13983274060917        3.40838819861457        0.43128322417454
B            4.80209332544840        1.75550621134899        0.41546598203876
B            4.45736879487788        0.09260550831390        0.45672186642829
B            2.51536356338529       -2.07142892643473        0.64505208670644
B            2.16657190028010       -3.74734146426402        0.64577412439788
B            4.11916598567430       -1.54763903328386        0.48560515877979
B            3.77761413097272       -3.21017441044785        0.54325922575901
B            3.43525050886171       -4.86098293107953        0.55366638298329
B            6.39673822602894        2.27084332315545        0.11874469421212
B            6.06188067357339        0.65049054144466        0.57953284915887
B            5.37125314565181       -2.69410317766378        0.37104941728818
B            5.04054768037763       -4.31120602875839        0.86940125914869
H           -5.85350610008201        5.44202958366952        0.83993869732283
H           -6.45642941899292        2.66919798935384       -0.16375739702713
H           -3.31382166635271        6.23984990876396       -0.39655824150165
H           -6.93834498129527        0.30579989197851       -0.07387058718157
H           -7.45474110628571       -2.28327735166944        1.36021061062095
H           -5.46021014833047       -4.18111020095076        0.27420336562156
H           -0.37489207508951        5.73094691356638        0.60176841983935
H           -2.54477668844354       -4.73693157487300        1.37289517248814
H            2.49666745753613        5.08156099458758       -0.30677388609735
H            0.35386543784828       -5.37802563758727        1.18048905365287
H            5.42252934148768        4.50349639002656        0.75165153023185
H            3.26756953266610       -5.97863385866363        0.22783806350397
H            7.42442012124595        2.62515465397269       -0.32174285009712
H            6.89334109821082        0.00559578855929        1.09527240061234
H            6.39608896188161       -2.44627820649630       -0.14203283531597
H            5.85231236951862       -5.02317890541418        1.32830136555431
60
 energy: -61.506344935039 gnorm: 0.000617478600 xtb: 6.7.1 (edcfbbe)
B           -5.06590287080342        4.65586193092090        0.46757756661103
B           -5.40950136482461        2.99405733959521        0.24421426836164
B           -3.47529651959389        5.15819977489629        0.03354270341819
B           -3.81443292248451        3.52420863588951        0.29952806324634
B           -4.15314688117859        1.86906457044090        0.48253554309770
B           -6.09294358345059       -0.33022133526809        0.42626779897901
B           -6.42681573900620       -1.94525891518418        0.90621418635525
B           -4.49067545283150        0.23216983762520        0.58037508240684
B           -4.83484780942180       -1.43116372915050        0.62038510516089
B           -5.17361387096411       -3.08524451814348        0.58797784950198
B           -2.19913371803634        4.06235910281453        0.22951817684289
B           -2.54496807778896        2.39824670433685        0.42268616715024
B           -0.59927948969973        4.59193076482102        0.41292080441194
B           -0.94112255771297        2.93693330846591        0.36266653916870
B           -1.28409929898638        1.27279263758792        0.35618418921298
B           -3.22207069763608       -0.88710302011214        0.66815397338128
B           -3.56429989525626       -2.56544598038995        0.66825954203641
B           -1.62261025516937       -0.37049062825137        0.46649265345040
B           -1.96103936582399       -2.01471317479184        0.73894336645245
B           -2.29889598191332       -3.64875736930077        0.99952860450840
B            0.66712714316455        3.47390672550635        0.27918656175692
B            0.32267434358010        1.80336838935082        0.35767754593530
B            2.26508883194722        3.97570547947027        0.02018996290832
B            1.92882374679365        2.33975206154704        0.27607243227929
B            1.58777798049548        0.68740956644079        0.45572389265368
B           -0.35620427645566       -1.49022490881911        0.50676890188202
B           -0.69546296774836       -3.13873625513376        0.86201471116331
B            1.24916152268223       -0.95615000389406        0.54356715603076
B            0.90868602726655       -2.60913195084378        0.70855897853819
B            0.57189605676952       -4.24784712157689        0.93619877970295
B            3.53388964547701        2.88549632740477        0.29808703767124
B            3.19188432198897        1.21204884171045        0.35955088000877
B            5.13987933020569        3.40841807608833        0.43131057309222
B            4.80208305499001        1.75553146350883        0.41564939788246
B            4.45738523592110        0.09262631090445        0.45706200942177
B            2.51538561193624       -2.07141680973581        0.64509897014847
B            2.16659882206202       -3.74733196552476        0.64585854154046
B            4.11918097238040       -1.54761495001973        0.48583773976138
B            3.77762179085418       -3.21015768097066        0.54339139018085
B            3.43530068257227       -4.86099157645563        0.55335390570977
B            6.39674502846634        2.27083034594974        0.11860817797007
B            6.06189018964519        0.65054647961138        0.57996872581328
B            5.37126570255686       -2.69409180052396        0.37114946806821
B            5.04058517107870       -4.31117818419991        0.86950200891241
H           -5.85321887848185        5.44208920651928        0.84034225871782
H           -6.45619287051254        2.66898875312588       -0.16398411789723
H           -3.31397348784194        6.23968430004206       -0.39698132687428
H           -6.93793870374166        0.30592211209600       -0.07424273880932
H           -7.45455719600101       -2.28351079538953        1.36035654333958
H           -5.46020415861078       -4.18083680678408        0.27347921550355
H           -0.37510405500507        5.73073346991476        0.60245593550409
H           -2.54465097191256       -4.73674170422641        1.37327257482319
H            2.49678121410221        5.08132926797787       -0.30738418091219
H            0.35405943812676       -5.37797071674219        1.18057272529497
H            5.42263087048071        4.50347307144067        0.75149444815668
H            3.26778663902956       -5.97853007932609        0.22745123689572
H            7.42411654995983        2.62499324393718       -0.32258642806491
H            6.89306638885902        0.00614462290565        1.09654517434975
H            6.39523916296070       -2.44613415092641       -0.14329212083494
H            5.85160555254093       -5.02359980116188        1.32890277802106
