60
 energy: -61.503423737506 gnorm: 0.132264906514 xtb: 6.7.1 (edcfbbe)
B           -6.01112674000000        3.23131581000000        0.36886428000000
B           -5.92933124000000        1.54205578000000        0.09595275000000
B           -4.59880433000000        4.13476860000000       -0.00221468000000
B           -4.51544036000000        2.45619738000000        0.18032604000000
B           -4.42792891000000        0.76576872000000        0.28836974000000
B           -5.75888042000000       -1.84393949000000        0.20793812000000
B           -5.67183995000000       -3.51084728000000        0.59393793000000
B           -4.34362246000000       -0.90997234000000        0.34156559000000
B           -4.26073431000000       -2.60383979000000        0.35232861000000
B           -4.17473281000000       -4.29083486000000        0.28156639000000
B           -3.08854727000000        3.38087904000000        0.15116737000000
B           -3.00469199000000        1.68197553000000        0.22593361000000
B           -1.66952963000000        4.29092754000000        0.31600977000000
B           -1.58667553000000        2.60501015000000        0.22210645000000
B           -1.50241439000000        0.90932549000000        0.10381217000000
B           -2.83553580000000       -1.68086482000000        0.33427513000000
B           -2.74826304000000       -3.38077458000000        0.37684920000000
B           -1.41779384000000       -0.77121476000000        0.15876892000000
B           -1.33213578000000       -2.45610490000000        0.37220237000000
B           -1.24585106000000       -4.13088364000000        0.59546151000000
B           -0.16499540000000        3.52688462000000        0.14807423000000
B           -0.07997857000000        1.82724765000000        0.15749934000000
B            1.25354659000000        4.42794650000000       -0.06313951000000
B            1.33986606000000        2.74905926000000        0.10546913000000
B            1.42515316000000        1.06068410000000        0.23247363000000
B            0.08941175000000       -1.53618238000000        0.26923664000000
B            0.17524705000000       -3.23263618000000        0.37489504000000
B            1.50972849000000       -0.61902343000000        0.29244162000000
B            1.59480139000000       -2.31187696000000        0.29170277000000
B            1.67817730000000       -3.99884293000000        0.23658671000000
B            2.75851444000000        3.67482164000000        0.14487152000000
B            2.84556644000000        1.97235132000000        0.09951883000000
B            4.18245614000000        4.58349851000000        0.23875174000000
B            4.26835915000000        2.89712882000000        0.14521851000000
B            4.35097957000000        1.20140920000000        0.10043360000000
B            3.01500056000000       -1.39048450000000        0.22271504000000
B            3.09900249000000       -3.08586254000000        0.38356824000000
B            4.43541814000000       -0.47432248000000        0.16259262000000
B            4.52315920000000       -2.16240796000000        0.32419852000000
B            4.60639012000000       -3.83769841000000        0.54381438000000
B            5.68271370000000        3.80613961000000       -0.08147034000000
B            5.76905161000000        2.13639329000000        0.27575318000000
B            5.93943318000000       -1.24775947000000        0.39625682000000
B            6.02242412000000       -2.93866617000000        0.16142236000000
H           -6.96420168000000        3.76284480000000        0.78161339000000
H           -6.85760924000000        0.98532808000000       -0.33411666000000
H           -4.71032976000000        5.21541033000000       -0.43285585000000
H           -6.73307700000000       -1.41721270000000       -0.26589545000000
H           -6.57052684000000       -4.10310500000000        1.04367684000000
H           -4.17248052000000       -5.40569191000000       -0.06919631000000
H           -1.72959731000000        5.43517930000000        0.54849813000000
H           -1.19127195000000       -5.25841427000000        0.89964027000000
H            1.20289767000000        5.55775730000000       -0.36150219000000
H            1.74198005000000       -5.15118147000000        0.04577986000000
H            4.18772884000000        5.69890384000000        0.58729403000000
H            4.72133299000000       -4.91592434000000        0.98083132000000
H            6.57768760000000        4.41246648000000       -0.52066766000000
H            6.74021349000000        1.69798972000000        0.74757968000000
H            6.86275360000000       -0.67821285000000        0.82046473000000
H            6.97458900000000       -3.48358200000000       -0.23674768000000
60
 energy: -61.506393720048 gnorm: 0.045262357344 xtb: 6.7.1 (edcfbbe)
B           -6.00800342879760        3.23095581287896        0.38716059332041
B           -5.92745886227851        1.54499472759961        0.08417435546950
B           -4.59909572906361        4.13128275013395       -0.02286674392901
B           -4.51634849686847        2.45597279356734        0.17211182589844
B           -4.42761594550860        0.76349264334732        0.28487963292649
B           -5.75659873149371       -1.84754749821421        0.19441744691853
B           -5.66889915115730       -3.50883164658028        0.61262358120184
B           -4.34354412373964       -0.90783224281339        0.33929442035345
B           -4.26163940520865       -2.60428031694326        0.34399618897862
B           -4.17534569008270       -4.28877210198708        0.26097122798303
B           -3.08776724411963        3.38409382496037        0.13816328737327
B           -3.00347755266947        1.67943453781966        0.23359295409412
B           -1.66891956401813        4.28948835234286        0.33072400811529
B           -1.58651713925744        2.60497146513191        0.22484240755875
B           -1.50221135640754        0.90812963494598        0.11107129340485
B           -2.83461044587671       -1.67764806335888        0.34322826227009
B           -2.74717123723867       -3.38471812073285        0.36473717480048
B           -1.41774283416302       -0.76950915775789        0.16645035239363
B           -1.33198424201097       -2.45574675941851        0.37794355827474
B           -1.24549049173834       -4.12825463519885        0.61191690644789
B           -0.16502760965142        3.53001102155868        0.14471566971273
B           -0.07968044303178        1.82444341213461        0.15554816814073
B            1.25363459531921        4.42561832253351       -0.08063117719925
B            1.34036946547821        2.74850673480019        0.09501382185321
B            1.42565429565688        1.05937454854919        0.23661137092777
B            0.08942458278547       -1.53348884552376        0.26815519791370
B            0.17551801641988       -3.23589691842738        0.37368099103558
B            1.51007774451811       -0.61740971494416        0.29579965067235
B            1.59527490350262       -2.31205651566918        0.28198123161621
B            1.67808138691394       -3.99781050543552        0.21982874492286
B            2.75778842130577        3.67830887217996        0.14686231091764
B            2.84512816214116        1.96934309664945        0.09460301123980
B            4.18353697710562        4.58123145277393        0.25763801533296
B            4.26971043688155        2.89745544414544        0.14948545325619
B            4.35162583272520        1.19961183154869        0.11123990726508
B            3.01422050871553       -1.38804785833355        0.21540470027913
B            3.09863960355686       -3.08923116460142        0.38689001947023
B            4.43580106905436       -0.47179229719046        0.17206285752415
B            4.52451119358901       -2.16231901763940        0.32858299392432
B            4.60713768691369       -3.83397487175118        0.56270566841802
B            5.68019908229608        3.80412082495393       -0.10360287310793
B            5.76721911891261        2.13994197570558        0.28695868329343
B            5.93793940766451       -1.25075718865829        0.40679655321409
B            6.01974886385591       -2.93864986885074        0.13890767201110
H           -6.96932961441772        3.76921905439516        0.78859114364410
H           -6.86430094119448        0.98680023602345       -0.33607087742057
H           -4.71237177629208        5.22651318480777       -0.42993158545717
H           -6.74094980089023       -1.41831998724293       -0.26656849650604
H           -6.57419401135187       -4.11100777412799        1.05166791604016
H           -4.17545947719256       -5.41618949632450       -0.06616721202662
H           -1.73025224124003        5.43894423392331        0.56219232601353
H           -1.19194653811407       -5.26198770419560        0.91233904392029
H            1.20130077025069        5.56313217692225       -0.36746064255124
H            1.74236645959103       -5.15610949037399        0.03760965023628
H            4.18779746533439        5.70724389318275        0.58915715377223
H            4.72320234960250       -4.92432988736229        0.98198372166411
H            6.58172901571988        4.42017127129159       -0.53115536894416
H            6.74475696930014        1.69957101849422        0.75222434818566
H            6.86729561657078       -0.68009836341277        0.82644529179864
H            6.97989988339335       -3.49045713623132       -0.24702544885769
60
 energy: -61.506575462061 gnorm: 0.030774739926 xtb: 6.7.1 (edcfbbe)
B           -6.00921191058870        3.23168435460019        0.38647718520822
B           -5.92795677318971        1.54547082369482        0.08520057403199
B           -4.59954545280857        4.13153312791118       -0.02626830408382
B           -4.51607473398999        2.45567644521896        0.16862007232953
B           -4.42797735770753        0.76299813801781        0.27898727726185
B           -5.75705580793627       -1.84805865864691        0.19589787720918
B           -5.67001572739783       -3.50972716005656        0.61218360745943
B           -4.34391391640240       -0.90779660917591        0.33345290373683
B           -4.26135969260848       -2.60423568734948        0.34061077286899
B           -4.17568696826764       -4.28933734015625        0.25804832273106
B           -3.08704275964956        3.38424570266548        0.13053281423850
B           -3.00399051685090        1.67947398508753        0.23702616067188
B           -1.66914016549939        4.28983692406597        0.33416082256813
B           -1.58649950178905        2.60526219038407        0.22418036766590
B           -1.50216462034598        0.90838030990730        0.11817718468092
B           -2.83510265907683       -1.67749444064434        0.34780066036309
B           -2.74637310332599       -3.38531025920220        0.35786588715530
B           -1.41769054979626       -0.76932096450220        0.17408749223736
B           -1.33190119385052       -2.45596902304701        0.37982697846488
B           -1.24565843193021       -4.12834130647973        0.61639308281089
B           -0.16494206790701        3.53028548995378        0.14259766246535
B           -0.07952560523326        1.82434851600296        0.15415032091395
B            1.25402318133023        4.42573102864599       -0.08593199975824
B            1.34047606994610        2.74855474068967        0.09023044590541
B            1.42583574353171        1.05929431382818        0.23208935396517
B            0.08958843212160       -1.53345961393695        0.26768760525694
B            0.17568608414212       -3.23624195214291        0.37336147456374
B            1.51027879968709       -0.61762032602008        0.29107254395941
B            1.59542863100606       -2.31240763728742        0.27800398315259
B            1.67851413464626       -3.99824621031983        0.21504286483416
B            2.75725379827836        3.67872386424821        0.14831583439204
B            2.84589208204128        1.96925632834272        0.09233028968559
B            4.18409602465967        4.58174860694648        0.25875376737456
B            4.26963231494832        2.89735809578614        0.15102623691421
B            4.35224646336411        1.19965282532608        0.12011570831110
B            3.01498103985195       -1.38806813415535        0.21226388993542
B            3.09817154518811       -3.08952020264182        0.38924781622487
B            4.43639342586020       -0.47115011042206        0.18032264041878
B            4.52443891736743       -2.16207824050714        0.33043736687884
B            4.60779706963141       -3.83432868695333        0.56371478452167
B            5.68156983561613        3.80486217699437       -0.10492364485934
B            5.76789200732288        2.14060883903727        0.28659307381151
B            5.93869230782035       -1.25134118969869        0.40620364236941
B            6.02117202364774       -2.93932184481216        0.13721203325897
H           -6.96992002607163        3.77337463315319        0.78556348767324
H           -6.86664647191758        0.98876949239333       -0.33482836165168
H           -4.71519704672172        5.23132159468123       -0.42389755758332
H           -6.74371746607340       -1.41953621940920       -0.26279950296365
H           -6.57372908901066       -4.11619229992308        1.04947445033098
H           -4.17883723793837       -5.42046409260305       -0.06046683636062
H           -1.73058700969385        5.43880347775169        0.57477972958594
H           -1.19252125388727       -5.26151600755203        0.92411604722921
H            1.20072276940799        5.56476607792193       -0.37175061269760
H            1.74231851292864       -5.15744727381851        0.03046788130348
H            4.18958083928207        5.70969376330261        0.58749006117321
H            4.72571746507942       -4.92705624069859        0.97897557182450
H            6.58153493886486        4.42420711344098       -0.53172459723608
H            6.74648844472255        1.70233303080659        0.75286536088182
H            6.86899651448276       -0.68325353466901        0.82892940194655
H            6.98020146068919       -3.49411074397491       -0.24787161756214
60
 energy: -61.506648621282 gnorm: 0.008015596220 xtb: 6.7.1 (edcfbbe)
B           -6.00885640806011        3.23136796826485        0.38405997304166
B           -5.92772742416035        1.54520289794926        0.08604187570796
B           -4.59920113541037        4.13143978317747       -0.02607415458361
B           -4.51585647624830        2.45553834298241        0.16797897554217
B           -4.42779850584819        0.76304303125810        0.27871267441602
B           -5.75685309641277       -1.84775886791858        0.19752713778602
B           -5.66964472170482       -3.50956323981433        0.61018115415650
B           -4.34371457592728       -0.90787552974378        0.33340669526297
B           -4.26112590053245       -2.60415551106297        0.34017888535752
B           -4.17529864980465       -4.28924607821398        0.25853588180330
B           -3.08686774725715        3.38382764035720        0.12820834420866
B           -3.00393573844007        1.67957222734386        0.23754257907812
B           -1.66911662308610        4.28966096702923        0.33395431818305
B           -1.58641009168540        2.60514384268548        0.22287979525003
B           -1.50208112488521        0.90855502249362        0.12141202052543
B           -2.83501897397286       -1.67755874641746        0.34882556400945
B           -2.74619123903891       -3.38505684269283        0.35586192489338
B           -1.41759275867693       -0.76930118812569        0.17748780811482
B           -1.33178949684320       -2.45587752766969        0.37978400606216
B           -1.24560569123991       -4.12817790207053        0.61641253793723
B           -0.16491049219259        3.52983968437603        0.14185396325756
B           -0.07950877751078        1.82441837044747        0.15340347769204
B            1.25402201404587        4.42557396996125       -0.08609602280610
B            1.34037856499679        2.74840225087291        0.08910353451692
B            1.42575846305674        1.05925811575887        0.22831251641944
B            0.08963219997913       -1.53357092181008        0.26733343369029
B            0.17571807635389       -3.23581977081605        0.37334225134028
B            1.51022116526544       -0.61784277855038        0.28719734795764
B            1.59534608531245       -2.31232443249432        0.27711190236351
B            1.67852884940259       -3.99808595459899        0.21499812247125
B            2.75712702097336        3.67841992592548        0.14852074372107
B            2.84586514543642        1.96932567987390        0.09221804120380
B            4.18375388206513        4.58164885230611        0.25733730679511
B            4.26943628513959        2.89725050827089        0.15092822503870
B            4.35208852683995        1.19976436428672        0.12098053939429
B            3.01497866349952       -1.38812200462219        0.21200020586300
B            3.09804461502767       -3.08916385989239        0.38987004162890
B            4.43625397851455       -0.47118267173991        0.18111417769106
B            4.52425540069095       -2.16194217220939        0.33071622193546
B            4.60750060734741       -3.83433102027690        0.56212651729220
B            5.68125919537698        3.80461550241312       -0.10351043560478
B            5.76768195441732        2.14036315435021        0.28592869994565
B            5.93847710543368       -1.25109809078634        0.40557742856431
B            6.02085741941181       -2.93894976362360        0.13847694969761
H           -6.96940380106170        3.77525085525227        0.78229278862304
H           -6.86651546866050        0.98915979823671       -0.33561301883973
H           -4.71592763091729        5.23266648817694       -0.42059738275201
H           -6.74383908491631       -1.41948742464954       -0.26160124738343
H           -6.57273183377005       -4.11848136535371        1.04696492905943
H           -4.17968670411587       -5.42145719814672       -0.05754021396866
H           -1.73053198564517        5.43744373894888        0.58287112273956
H           -1.19266100093420       -5.25980340006260        0.93187090367759
H            1.20055853093092        5.56446205682648       -0.37446232688356
H            1.74207932601061       -5.15705172136244        0.02568460158898
H            4.19029233611744        5.70981452805954        0.58667696568347
H            4.72654371016712       -4.92743738622240        0.97708749926480
H            6.58068142371229        4.42540017225230       -0.53100443440721
H            6.74647606134009        1.70344671557578        0.75396291339188
H            6.86880137482480       -0.68453484083681        0.83140480218522
H            6.97942093726902       -3.49531424392873       -0.24725874880141
60
 energy: -61.506667475774 gnorm: 0.004251738965 xtb: 6.7.1 (edcfbbe)
B           -6.00877737678837        3.23123558337924        0.38306053614295
B           -5.92776635538980        1.54505947896093        0.08535813502971
B           -4.59918828683197        4.13140201176543       -0.02682237276481
B           -4.51605947017578        2.45563062053136        0.16781597831855
B           -4.42782288672550        0.76316203531891        0.28058448240414
B           -5.75689113192271       -1.84772153080237        0.19767753714127
B           -5.66951965114602       -3.50950861905175        0.60986617343193
B           -4.34371891273901       -0.90790114406553        0.33572381655261
B           -4.26128927999651       -2.60431589727160        0.34025943650261
B           -4.17523951683578       -4.28930579101982        0.25802648769989
B           -3.08710634852779        3.38379778859329        0.12680553177645
B           -3.00387530115577        1.67963162149430        0.23766218326678
B           -1.66911169046836        4.28963963725594        0.33444752676248
B           -1.58645589358679        2.60513254902925        0.22190998815064
B           -1.50212135405046        0.90864656267519        0.12365459002911
B           -2.83493222609564       -1.67761457145393        0.34936968947662
B           -2.74638640322231       -3.38517165319153        0.35479048329301
B           -1.41762168997079       -0.76927297333407        0.17984046306066
B           -1.33180078720447       -2.45588779581502        0.38006959276730
B           -1.24555348524261       -4.12812083582585        0.61717383083439
B           -0.16493791612030        3.52982340370421        0.14129662897885
B           -0.07953817339661        1.82446438279839        0.15277680582655
B            1.25397475374698        4.42556059348395       -0.08666890786548
B            1.34037965134744        2.74839798611253        0.08822481069359
B            1.42575797620270        1.05921509855399        0.22575542233750
B            0.08962798212637       -1.53365708096668        0.26700859896088
B            0.17573201728216       -3.23582333941807        0.37335500734822
B            1.51023349956760       -0.61796726079747        0.28456410695972
B            1.59537469758232       -2.31237358044020        0.27614897416929
B            1.67851836775840       -3.99810455542954        0.21429741517445
B            2.75730681342351        3.67848885588299        0.14843626086769
B            2.84577681262771        1.96938555722121        0.09239216343233
B            4.18369509823145        4.58169015461122        0.25708301329331
B            4.26959196732606        2.89738713528992        0.15060476257538
B            4.35210196280087        1.19984393393356        0.11992400795702
B            3.01491367149447       -1.38814873920521        0.21214821449461
B            3.09826280279152       -3.08917826590434        0.39005989131201
B            4.43628679766667       -0.47129829348968        0.18002863263258
B            4.52444550227726       -2.16202889112160        0.33080985513618
B            4.60749383933435       -3.83436238915878        0.56165740985837
B            5.68112546709052        3.80450412341567       -0.10381704020931
B            5.76767320556107        2.14034218140423        0.28648368090491
B            5.93847790629445       -1.25096723785085        0.40631919972788
B            6.02074739577119       -2.93880970097731        0.13804724834707
H           -6.96922748512108        3.77658797471975        0.77988487581821
H           -6.86568210436423        0.98886933745435       -0.33818264392605
H           -4.71596557302917        5.23349434936624       -0.41871753877142
H           -6.74336689582191       -1.41891955814763       -0.26214347228258
H           -6.57218446285454       -4.12007037180463        1.04555431260081
H           -4.17970486312757       -5.42197410126365       -0.05616658449885
H           -1.73053995487991        5.43574583785567        0.59150333406617
H           -1.19285162371851       -5.25764396361855        0.94056921023641
H            1.20061969685474        5.56366323238484       -0.37838610082755
H            1.74198939030044       -5.15624539085973        0.01941832126648
H            4.19063364267032        5.70974540069792        0.58679473551891
H            4.72691947102122       -4.92761063982539        0.97609996127828
H            6.58025842559571        4.42584128897999       -0.53147617369176
H            6.74600357761593        1.70394754372678        0.75619557647221
H            6.86798408511145       -0.68512933738527        0.83521334698684
H            6.97896638303542       -3.49589875110524       -0.24786907303602
60
 energy: -61.506677374318 gnorm: 0.002279769735 xtb: 6.7.1 (edcfbbe)
B           -6.00891917815695        3.23122253882362        0.38207586480681
B           -5.92774601374240        1.54497657430022        0.08441083013729
B           -4.59919645015179        4.13134179924824       -0.02759854328354
B           -4.51603452488723        2.45561919272231        0.16781666549619
B           -4.42778888632317        0.76319132906168        0.28185450757682
B           -5.75687195150222       -1.84775584567663        0.19786912557531
B           -5.66958723401939       -3.50959216944183        0.60977809502262
B           -4.34366821454672       -0.90787465016837        0.33739720217665
B           -4.26123641549732       -2.60434512132996        0.34046736359607
B           -4.17520016212495       -4.28934777990912        0.25765649430511
B           -3.08713316571328        3.38373525899551        0.12541991488099
B           -3.00384435364642        1.67963272176142        0.23797393200149
B           -1.66907953629344        4.28956105508795        0.33613857985165
B           -1.58647778091045        2.60510709617712        0.22147384773625
B           -1.50213153039383        0.90868487303118        0.12563892525065
B           -2.83487788457427       -1.67760642836559        0.35010950170113
B           -2.74637007460980       -3.38523346797168        0.35376253350963
B           -1.41762473312807       -0.76920847179141        0.18195670000769
B           -1.33178701650110       -2.45583767505405        0.38116629503536
B           -1.24547889667533       -4.12792242891955        0.61920228578361
B           -0.16496649043289        3.52986406255197        0.14085433929453
B           -0.07955794515470        1.82442127076808        0.15205030782351
B            1.25390867589655        4.42545093558330       -0.08807010610784
B            1.34036309091351        2.74835166568673        0.08694028859488
B            1.42574196493962        1.05913208087368        0.22349213713564
B            0.08962526000322       -1.53366350448630        0.26655542710815
B            0.17575297618068       -3.23587980906242        0.37342678639662
B            1.51022612817679       -0.61803620705340        0.28221775119805
B            1.59538229681142       -2.31242375550315        0.27440368941278
B            1.67848451023266       -3.99808701072109        0.21255369813084
B            2.75729189215253        3.67850726428601        0.14855198400565
B            2.84572459532419        1.96937952200958        0.09200265629232
B            4.18366735556046        4.58170474543816        0.25693624528011
B            4.26953601308635        2.89739487614393        0.15020510596916
B            4.35206387463077        1.19985837389194        0.11943250252983
B            3.01488145942321       -1.38814463456272        0.21176352758235
B            3.09828076953583       -3.08915299971721        0.39035852863146
B            4.43625904882086       -0.47131573765035        0.17949324789015
B            4.52441415828721       -2.16201143558744        0.33088442577348
B            4.60751857019323       -3.83436995652700        0.56116007747636
B            5.68117218236427        3.80452776009413       -0.10452330918150
B            5.76763075012550        2.14039867070982        0.28697989171439
B            5.93845055261571       -1.25091591935830        0.40709843636578
B            6.02083314980381       -2.93880264742496        0.13726737326605
H           -6.96946869903386        3.77777780698071        0.77679922786633
H           -6.86447654519920        0.98871183556507       -0.34180749195902
H           -4.71615280396449        5.23442821731081       -0.41633421528046
H           -6.74269227152793       -1.41850512054385       -0.26302095462571
H           -6.57199736592220       -4.12158020853328        1.04379546667538
H           -4.17988984834521       -5.42256098862014       -0.05424185161840
H           -1.73080169559458        5.43366681425137        0.60227767868660
H           -1.19332830998705       -5.25492722775012        0.95179470680639
H            1.20090671457697        5.56259951690371       -0.38387174592625
H            1.74216236970317       -5.15515697008755        0.01083377676325
H            4.19118514252635        5.70972411056186        0.58673067422655
H            4.72753726632734       -4.92791657685661        0.97458253980888
H            6.58013787934051        4.42612069757650       -0.53200689412090
H            6.74527873768033        1.70460198605635        0.75884565061314
H            6.86677376122064       -0.68592414231096        0.83995338629287
H            6.97883059210660       -3.49629176146792       -0.24843274795917
60
 energy: -61.506680788757 gnorm: 0.000932351036 xtb: 6.7.1 (edcfbbe)
B           -6.00896950396992        3.23117855213244        0.38133961901192
B           -5.92774770998008        1.54496031212780        0.08375386669376
B           -4.59921333815667        4.13135510682005       -0.02733710499810
B           -4.51602148596946        2.45561678185277        0.16811563586916
B           -4.42781698289007        0.76314924406178        0.28153743522755
B           -5.75687469407279       -1.84781563185145        0.19797832381920
B           -5.66958972803067       -3.50961373730699        0.60970570098389
B           -4.34368926635716       -0.90788067413611        0.33728510965958
B           -4.26120902620780       -2.60435178238688        0.34083099107685
B           -4.17519472927555       -4.28937544847079        0.25823220933920
B           -3.08708131407810        3.38373656976388        0.12540150226338
B           -3.00389673039001        1.67961828249570        0.23798295728624
B           -1.66906981154451        4.28954150279763        0.33773826434524
B           -1.58647633239933        2.60512348614765        0.22217900752455
B           -1.50213707964046        0.90868457341258        0.12615064439301
B           -2.83491737993592       -1.67761651891692        0.35026756696852
B           -2.74629432098215       -3.38525031801872        0.35395242418067
B           -1.41762690199200       -0.76919947818978        0.18248366814822
B           -1.33176479938740       -2.45578010350094        0.38280305111513
B           -1.24544147139637       -4.12778902199890        0.62111711924695
B           -0.16497604846049        3.52990788047331        0.14094691422879
B           -0.07956189467955        1.82439399260653        0.15172945900370
B            1.25388644067481        4.42541137797404       -0.08899286916826
B            1.34035112626789        2.74832857099458        0.08611939798106
B            1.42574641165640        1.05909155058667        0.22257484250201
B            0.08962869506734       -1.53366809288191        0.26630487436477
B            0.17576983048221       -3.23592648854697        0.37355392018332
B            1.51023536594266       -0.61806302637640        0.28136900251711
B            1.59537860122956       -2.31248703229323        0.27274430910876
B            1.67847578968060       -3.99811621135968        0.21104040978957
B            2.75723664894300        3.67851716231770        0.14860706528042
B            2.84576707386408        1.96936774387980        0.09147925161204
B            4.18368200485070        4.58171261279271        0.25651275120497
B            4.26951785020031        2.89739101394769        0.14996611045687
B            4.35209207407984        1.19985321072450        0.11962531346257
B            3.01493510783020       -1.38815629038247        0.21131598540118
B            3.09823925647798       -3.08916574476474        0.39026807608981
B            4.43629110765008       -0.47128578782170        0.17965846505758
B            4.52440530461262       -2.16200594198407        0.33087771517982
B            4.60755589094042       -3.83441818795302        0.56045423576131
B            5.68116624066314        3.80453224457844       -0.10470594984927
B            5.76763817389608        2.14044650518957        0.28697372331662
B            5.93846128775402       -1.25093108353352        0.40745197673560
B            6.02085380816962       -2.93878086471708        0.13707989906070
H           -6.96989469097539        3.77785900040356        0.77469540110011
H           -6.86355400853078        0.98885612346652       -0.34455246859039
H           -4.71609904929766        5.23479157597464       -0.41462044666306
H           -6.74215669218223       -1.41862632210460       -0.26394143415178
H           -6.57220750889890       -4.12180878197001        1.04272939364593
H           -4.17985618890134       -5.42270390996499       -0.05275262898470
H           -1.73098060639666        5.43236328295040        0.60834489557307
H           -1.19361745117440       -5.25308587952491        0.95891656453588
H            1.20112389710280        5.56176526172344       -0.38757087806042
H            1.74233468628156       -5.15426852371216        0.00470912343997
H            4.19135743100285        5.70968069825010        0.58617840297096
H            4.72774188283259       -4.92811756880078        0.97317232524247
H            6.58024605291157        4.42592978502971       -0.53200563893236
H            6.74470712152879        1.70498056031288        0.76019367996010
H            6.86580919195025       -0.68644368366873        0.84290802882475
H            6.97893815160990       -3.49610842865065       -0.24837485134654
