{
  "target": "dE_int",
  "features": [
    "MW",
    "TPSA",
    "alpha",
    "charge"
  ],
  "n": 26,
  "p": 4,
  "Q2_CV": 0.23365140454346267,
  "RMSE": 30.656505008810072,
  "MAE": 17.438507097823834,
  "Q2_folds": [
    0.03869311956488197,
    0.06856958297095428,
    0.22212546350817575,
    -14.711123486268795,
    -0.7613600322005369
  ],
  "alpha_final": 1.0,
  "coef_std": {
    "MW": 2.7908,
    "TPSA": -17.7355,
    "alpha": -13.3114,
    "charge": -22.2915
  },
  "Y_scrambling": {
    "n": 1000,
    "mean_Q2": -0.1251046006104348,
    "p": 0.003996003996003996
  },
  "AD": {
    "h_star": 0.5769230769230769,
    "n_inside": 24,
    "outside": [
      "Chrysamine G",
      "Anle138b"
    ]
  },
  "excluded_not_intact": [
    "Congo Red",
    "Tideglusib"
  ]
}
