[01/28] Azure A                -99.079 physisorption intact=True
[02/28] Methylene Blue         -95.015 physisorption intact=True
[03/28] Toluidine Blue O       -97.638 physisorption intact=True
[04/28] Hydromethylthionine    -28.317 physisorption intact=True
[05/28] Thioflavin-T           -69.654 physisorption intact=True
[06/28] FDDNP                  -44.568 physisorption intact=True
[07/28] EGCG                   -52.65 physisorption intact=True
[08/28] Resveratrol            -35.11 physisorption intact=True
[09/28] Curcumin               -54.179 physisorption intact=True
[10/28] Quercetin              -57.768 physisorption intact=True
[11/28] Chrysamine G           -187.489 chemisorption intact=True
[12/28] Myricetin              -58.472 physisorption intact=True
[13/28] Baicalein              -52.912 physisorption intact=True
[14/28] Congo Red              -232.496 chemisorption intact=False
[15/28] Fisetin                -54.27 physisorption intact=True
[16/28] Luteolin               -55.552 physisorption intact=True
[17/28] Apigenin               -49.597 physisorption intact=True
[18/28] Honokiol               -31.872 physisorption intact=True
[19/28] Anle138b               -31.559 physisorption intact=True
[20/28] Rosmarinic Acid        -55.277 physisorption intact=True
[21/28] Tideglusib             -119.986 chemisorption intact=False
[22/28] Bexarotene             -27.194 physisorption intact=True
[23/28] Donepezil              -35.435 physisorption intact=True
[24/28] Rivastigmine           -20.291 physisorption intact=True
[25/28] Memantine              -11.115 physisorption intact=True
[26/28] AZD1080                -33.057 physisorption intact=True
[27/28] Galantamine            -26.857 physisorption intact=True
[28/28] Tacrine                -25.076 physisorption intact=True
