60
 energy: -61.499370883369 gnorm: 0.121189190815 xtb: 6.7.1 (edcfbbe)
B           -6.15002179000000        2.61655595000000        1.48176041000000
B           -6.03801782000000        0.96494091000000        1.04957984000000
B           -4.78895396000000        3.59886912000000        1.14087580000000
B           -4.64790578000000        1.91510625000000        1.12860783000000
B           -4.50459059000000        0.22430712000000        1.08732810000000
B           -5.76576541000000       -2.40785994000000        0.83317553000000
B           -5.60645743000000       -4.10167643000000        1.01248129000000
B           -4.37019263000000       -1.44463381000000        0.96459566000000
B           -4.24243389000000       -3.12468656000000        0.76269467000000
B           -4.11618773000000       -4.79099535000000        0.51295620000000
B           -3.25367905000000        2.88740750000000        1.08958283000000
B           -3.11072995000000        1.18645378000000        1.07897913000000
B           -1.85507425000000        3.82842309000000        1.22895475000000
B           -1.72779204000000        2.15929070000000        1.00392848000000
B           -1.60022465000000        0.48335461000000        0.78031590000000
B           -2.84296978000000       -2.16054692000000        0.81112397000000
B           -2.71548245000000       -3.84306606000000        0.55182464000000
B           -1.46674188000000       -1.18947442000000        0.64304855000000
B           -1.32397524000000       -2.87944475000000        0.61250144000000
B           -1.18282644000000       -4.56189154000000        0.57029848000000
B           -0.33168494000000        3.12207207000000        1.04445254000000
B           -0.21041929000000        1.44671487000000        0.73287566000000
B            1.05624109000000        4.08060629000000        0.99487824000000
B            1.18680133000000        2.40691018000000        0.81767083000000
B            1.31457766000000        0.73082031000000        0.59960298000000
B            0.05539076000000       -1.90006069000000        0.44339616000000
B            0.20537761000000       -3.60251266000000        0.49332415000000
B            1.44660442000000       -0.94040187000000        0.44496019000000
B            1.58460231000000       -2.62659752000000        0.35233858000000
B            1.72575313000000       -4.30945124000000        0.30527297000000
B            2.56290143000000        3.38688215000000        0.65542146000000
B            2.71325283000000        1.68356810000000        0.68396415000000
B            3.94656498000000        4.34720278000000        0.51628520000000
B            4.09197210000000        2.66391294000000        0.50579497000000
B            4.23320566000000        0.97198278000000        0.47141345000000
B            2.97812517000000       -1.66105741000000        0.37965742000000
B            3.09987413000000       -3.34167259000000        0.10235048000000
B            4.36563520000000       -0.69517275000000        0.32477298000000
B            4.49536293000000       -2.37339042000000        0.10720341000000
B            4.61711735000000       -4.03807542000000       -0.15718245000000
B            5.49202773000000        3.61214892000000        0.66796863000000
B            5.60164595000000        1.96195646000000        0.23313217000000
B            5.87132307000000       -1.40717133000000       -0.03552388000000
B            6.02889807000000       -3.10210603000000        0.13296783000000
H           -7.13171469000000        3.07694409000000        1.92167048000000
H           -6.98345177000000        0.42745671000000        0.61873511000000
H           -4.95154199000000        4.72686483000000        0.85243309000000
H           -6.80155381000000       -1.96649289000000        0.51219017000000
H           -6.46753132000000       -4.77745485000000        1.43620618000000
H           -4.10676746000000       -5.88450765000000        0.08469237000000
H           -1.94616185000000        4.97523592000000        1.46509799000000
H           -1.08692285000000       -5.72789283000000        0.67570014000000
H            0.98589469000000        5.23201635000000        1.21215226000000
H            1.83801821000000       -5.47848075000000        0.32515371000000
H            3.88158573000000        5.48721411000000        0.24072449000000
H            4.73359796000000       -5.11233032000000       -0.61737036000000
H            6.41839822000000        4.23382019000000        1.02983605000000
H            6.55709363000000        1.57938951000000       -0.32233985000000
H            6.75563223000000       -0.79687625000000       -0.49777181000000
H            7.04808481000000       -3.61968750000000        0.39603437000000
60
 energy: -61.502304657757 gnorm: 0.036833499579 xtb: 6.7.1 (edcfbbe)
B           -6.14583794100132        2.61409152800488        1.50391091629049
B           -6.03755967424377        0.96925448888201        1.03036877175839
B           -4.79139859990531        3.59766261737086        1.11366004023897
B           -4.64940228761386        1.91563915969721        1.11990943286169
B           -4.50418461061217        0.22194470027680        1.09320380730345
B           -5.76513418849711       -2.40940827914416        0.81251867318757
B           -5.60212701397137       -4.10200045544978        1.03544286637797
B           -4.36977188741858       -1.44340466736999        0.97412948637511
B           -4.24367528605488       -3.12448745579372        0.75694350645208
B           -4.11925104118247       -4.78622021587612        0.48692208951151
B           -3.25444840098511        2.89166707153322        1.07542984642379
B           -3.10962083250461        1.18358060722665        1.08141230280933
B           -1.85411602580582        3.82615221665626        1.24105475925112
B           -1.72756265523551        2.15894007180862        1.00653835676011
B           -1.60019885308682        0.48190771524477        0.78088151153281
B           -2.84194455732995       -2.15816972586216        0.81756714441792
B           -2.71519544576746       -3.84578357548485        0.54408088403642
B           -1.46678713422850       -1.18840809425235        0.64560377169063
B           -1.32348070803206       -2.87965694624258        0.61823184777664
B           -1.18175694723867       -4.56158220326277        0.58584811515919
B           -0.33113214833311        3.12392295796666        1.05531126839656
B           -0.21074039794857        1.44453741634743        0.72630767047393
B            1.05714806597039        4.07881630891041        1.00381025308466
B            1.18690888389048        2.40685031318789        0.81663637442475
B            1.31469252216826        0.72973573438692        0.59616832594091
B            0.05495760620050       -1.89732808857701        0.44070479782700
B            0.20651755948711       -3.60608345950277        0.50488581118271
B            1.44699660452833       -0.93928777699162        0.44784735406710
B            1.58535820386216       -2.62702384004259        0.35960727475388
B            1.72667087730860       -4.30909965048574        0.31588918904447
B            2.56121867112417        3.39072011798231        0.64486623113282
B            2.71291932192337        1.68065474190509        0.68622912238551
B            3.94581863825802        4.34595630141918        0.49201662889052
B            4.09252302093763        2.66432586900302        0.50148640455510
B            4.23410384324121        0.96974798651479        0.47665621266624
B            2.97799932531416       -1.65920828430301        0.39061888046329
B            3.09877000376862       -3.34410940380406        0.09209844386778
B            4.36643927266007       -0.69383135314624        0.33278742186818
B            4.49587162590024       -2.37291198844871        0.10122005032292
B            4.61571781527702       -4.03292947634824       -0.18298303992556
B            5.49163087415188        3.60890447915066        0.69374027192421
B            5.59793447537384        1.96616105381656        0.21506386865454
B            5.86806252621591       -1.40898140008827       -0.05465765481326
B            6.02822091960599       -3.10302563074998        0.15721368115604
H           -7.12496095539204        3.07768346715278        1.95566886454923
H           -6.98651251095943        0.43033809828644        0.60733883889967
H           -4.95788735807809        4.72817492534448        0.83630338240065
H           -6.80233290657676       -1.96820200161790        0.49644547261268
H           -6.46469397646158       -4.77976254044020        1.45593704841935
H           -4.11188741069611       -5.88333619140900        0.06511119270230
H           -1.94637785644210        4.97400854149102        1.47891640583302
H           -1.08730445562106       -5.72924990948670        0.68785902452303
H            0.98671323540268        5.23086786601607        1.22789879468658
H            1.83982331199120       -5.47944043613600        0.33420427891067
H            3.88385911346430        5.48847491249671        0.22228848296060
H            4.73558621862484       -5.11160039973834       -0.63450372443355
H            6.41838337006520        4.23437505798135        1.05350571009751
H            6.55700438271496        1.58426723921980       -0.33628854656954
H            6.75517163094370       -0.79931458774701       -0.51389647600811
H            7.04804980684936       -3.62275568747900        0.42078428785642
60
 energy: -61.502735920277 gnorm: 0.024166900063 xtb: 6.7.1 (edcfbbe)
B           -6.14650114693430        2.61444893289714        1.50624340778976
B           -6.03804513655063        0.96977658800585        1.02985679342173
B           -4.79250558364832        3.59818125681772        1.10369072207768
B           -4.64946055962094        1.91578672580067        1.11521410597786
B           -4.50477272798861        0.22196942093621        1.08839276552705
B           -5.76540503526360       -2.40991540992995        0.81106890832975
B           -5.60305980626110       -4.10264868217232        1.03456872214706
B           -4.37043330480110       -1.44280645068046        0.96922567847910
B           -4.24365656367088       -3.12409538426145        0.75352803857844
B           -4.12004941304093       -4.78572793309402        0.47914494612569
B           -3.25456313818518        2.89283951671973        1.06324005790228
B           -3.11000478082081        1.18324574095598        1.08359333560300
B           -1.85404445430620        3.82567029291761        1.24729840760713
B           -1.72758159468758        2.15915499779760        1.00650993521967
B           -1.60020402769011        0.48185852471800        0.78153248619801
B           -2.84206676496765       -2.15846443330574        0.82324441240127
B           -2.71488562387965       -3.84549557696532        0.53688854057854
B           -1.46660214781039       -1.18870289503553        0.64826513741955
B           -1.32312407319843       -2.88013117833009        0.62217284904969
B           -1.18132783505078       -4.56225290629406        0.59576658483272
B           -0.33049761170152        3.12333968916480        1.06373020500319
B           -0.21127647060545        1.44497074401636        0.71881799547707
B            1.05806373212548        4.07838590645679        1.01084569751865
B            1.18676038440787        2.40719619869389        0.81510971708886
B            1.31473207325254        0.72981584479133        0.59560544791127
B            0.05478796603010       -1.89707171096614        0.43788882954674
B            0.20751189600255       -3.60693056713154        0.51663186468521
B            1.44736748969695       -0.93958340439219        0.45096325489344
B            1.58589089533511       -2.62762894272470        0.36536832429250
B            1.72762226285529       -4.30964907581201        0.32240459826623
B            2.55961145797694        3.39163388003999        0.63492415861746
B            2.71367331492764        1.68049076644665        0.68807029119792
B            3.94559387832089        4.34648645605713        0.48458076335387
B            4.09210977656446        2.66435887571253        0.49885997351881
B            4.23398620426768        0.96990959001314        0.47143012145562
B            2.97930006281969       -1.65963991244244        0.39936075392597
B            3.09738509779217       -3.34379280575101        0.08398140920488
B            4.36647846670357       -0.69327506132684        0.32999728502313
B            4.49540601067536       -2.37253278074782        0.09862591853038
B            4.61549791551770       -4.03227032524467       -0.19022350216726
B            5.49254199264397        3.60953886294456        0.69515994195250
B            5.59823988095642        1.96681252839188        0.21455556892811
B            5.86840777357737       -1.40946590985805       -0.05536465065890
B            6.02930796670441       -3.10358705639102        0.15821444235394
H           -7.11491904846815        3.07717430778591        1.98203356883595
H           -6.98554246429227        0.43367755197621        0.60139583345653
H           -4.96525082774943        4.72579433551332        0.82088771856729
H           -6.79962027925315       -1.97083266077585        0.48516055349188
H           -6.45889708277217       -4.78016859479662        1.46568059686326
H           -4.11861327917268       -5.87879113198757        0.04750609390399
H           -1.94702435198574        4.97165016437218        1.49551399251502
H           -1.08794412700998       -5.72975651232553        0.70304416688815
H            0.98931816329201        5.22896826837751        1.24600251968868
H            1.84171619951621       -5.48009460636248        0.34634788933541
H            3.88859700276629        5.48659505903759        0.20494322102571
H            4.73898613436119       -5.10699501795806       -0.64943980149729
H            6.41393182007223        4.23318320393717        1.06860619745670
H            6.55401833547922        1.58907134885956       -0.34450718715944
H            6.75144673328937       -0.80273410991348       -0.52516756582660
H            7.04337603345699       -3.62418470317813        0.43776396726913
60
 energy: -61.502955202526 gnorm: 0.014504784047 xtb: 6.7.1 (edcfbbe)
B           -6.14605449160859        2.61428985474272        1.50598355162565
B           -6.03778665445544        0.96959374898700        1.03113748882809
B           -4.79269973060202        3.59831976923977        1.09556381920110
B           -4.64930141543102        1.91582000344033        1.11274307808237
B           -4.50483738692707        0.22218447140236        1.08583070186303
B           -5.76520993175675       -2.40973588474616        0.80950415161705
B           -5.60309972501820       -4.10215526404639        1.03047082102715
B           -4.37052426458584       -1.44262377750083        0.96640147532441
B           -4.24351302191465       -3.12374239078444        0.75077270552124
B           -4.12004813059081       -4.78491433782776        0.47226256460509
B           -3.25479804905575        2.89318828147841        1.05371926064080
B           -3.10995712656200        1.18323339063629        1.08511925162634
B           -1.85383712724423        3.82497508340520        1.25186576242394
B           -1.72754176618086        2.15922079022101        1.00544650060588
B           -1.60013441156208        0.48199651025221        0.78144355013799
B           -2.84177070062159       -2.15880349237564        0.82754950060741
B           -2.71470915331720       -3.84491496523589        0.53291992568790
B           -1.46635482374080       -1.18896945168391        0.64978039779394
B           -1.32278775022078       -2.88020430646239        0.62463840677113
B           -1.18074342655929       -4.56240053123303        0.60480325992791
B           -0.33005279485331        3.12234354761469        1.06905941603174
B           -0.21194202666237        1.44573884824156        0.71006404640349
B            1.05880850312668        4.07747483192659        1.01855059013295
B            1.18642527330554        2.40736130591574        0.81287080825754
B            1.31461800277973        0.72999650400331        0.59516519452927
B            0.05457305220188       -1.89695816771247        0.43419466357370
B            0.20827735857790       -3.60688093463882        0.52646076728665
B            1.44752775090960       -0.93989712095833        0.45325763265894
B            1.58626036874925       -2.62793688761584        0.37104165655161
B            1.72830504431675       -4.30978772474829        0.32918956933185
B            2.55861542020887        3.39184708011630        0.62795978151461
B            2.71380600938888        1.68060247209481        0.68886784675593
B            3.94464621391506        4.34662566255491        0.47745132860428
B            4.09167383234770        2.66436741745834        0.49706414535628
B            4.23366536694245        0.97020281312840        0.46874532487149
B            2.98000635660702       -1.66014500696609        0.40687202745896
B            3.09665932265777       -3.34317921918445        0.08017654314701
B            4.36637759127138       -0.69323817938421        0.33004852319030
B            4.49498805846648       -2.37226519803395        0.09742322303066
B            4.61467550959876       -4.03154965256604       -0.19531779462315
B            5.49195686891254        3.60962331901128        0.69277801819345
B            5.59805732542568        1.96671968820738        0.21456816128324
B            5.86820457358756       -1.40938910984269       -0.05516902387369
B            6.02888980212961       -3.10317870686310        0.15683993097339
H           -7.10148258584039        3.07652053427157        2.01130953119019
H           -6.98282749775921        0.43671847861485        0.59310563884997
H           -4.97230468335513        4.72201761666416        0.80148989435970
H           -6.79570913277615       -1.97291438842133        0.46900413276152
H           -6.45111685043884       -4.78100729987776        1.47516963502065
H           -4.12563072247986       -5.87199527213563        0.02478816275524
H           -1.94772466547632        4.96787705458660        1.51685533460856
H           -1.08851099879816       -5.72944102139077        0.72341289438966
H            0.99334455987750        5.22576139428580        1.26976359339850
H            1.84423282432827       -5.48037139618904        0.36404415917527
H            3.89300732855459        5.48344737607368        0.18249926003421
H            4.74161419839306       -5.10049337164592       -0.66760217552845
H            6.40710703296350        4.23207948497677        1.08445131199859
H            6.54900267522326        1.59355256857887       -0.35613260250128
H            6.74515919851754       -0.80551029461821       -0.54050115398486
H            7.03631328310982       -3.62633670744170        0.45697983891352
60
 energy: -61.503029286366 gnorm: 0.006453386274 xtb: 6.7.1 (edcfbbe)
B           -6.14588798386946        2.61413990202103        1.50743247071281
B           -6.03793248663206        0.96956949686975        1.03076705616922
B           -4.79296122969106        3.59855397057259        1.09199702472178
B           -4.64948441916199        1.91594774388001        1.11393553997859
B           -4.50481131334183        0.22227300707529        1.08763169536411
B           -5.76556262797318       -2.40938818236489        0.80569579348806
B           -5.60323549833590       -4.10198723059627        1.02893185650507
B           -4.37050049185022       -1.44291848623505        0.96767905411939
B           -4.24382022782296       -3.12384406615318        0.74936988741831
B           -4.12029727768302       -4.78455438453369        0.46754825445578
B           -3.25529691690761        2.89321516501913        1.05293536729049
B           -3.10986224738315        1.18349066777683        1.08495129899606
B           -1.85374342518818        3.82492465844027        1.25323573877735
B           -1.72761156920833        2.15932152502790        1.00523865358589
B           -1.60021221539907        0.48214464375232        0.78088103293552
B           -2.84164507513292       -2.15892374015863        0.82734636168786
B           -2.71495252177759       -3.84514478046711        0.53465175966480
B           -1.46639900386447       -1.18899479908915        0.64936736254963
B           -1.32282269171121       -2.88021380105755        0.62468697501370
B           -1.18041306395273       -4.56254946149349        0.60881026155730
B           -0.33019274725732        3.12251975556673        1.06742454637175
B           -0.21223774400617        1.44620252947592        0.70663234959239
B            1.05915876482077        4.07711331564969        1.02321932981612
B            1.18634606090915        2.40758379385853        0.81160966581247
B            1.31456935785645        0.73019132248371        0.59422596415162
B            0.05451834799481       -1.89706584354822        0.43299116882344
B            0.20836439438015       -3.60682968833998        0.52786416820009
B            1.44755825205753       -0.93992468203635        0.45307367113101
B            1.58657229296273       -2.62814402585393        0.37414360296997
B            1.72868238831682       -4.31005921271130        0.33397340968832
B            2.55904308332745        3.39195959837133        0.62840026347490
B            2.71354003403065        1.68096436760156        0.68746652809793
B            3.94415820749661        4.34698672957187        0.47223567967763
B            4.09185399359131        2.66467495627527        0.49666720741619
B            4.23386631803277        0.97039044096277        0.47015883539420
B            2.97996722629535       -1.66028533384595        0.40780181750146
B            3.09734247102887       -3.34337480217024        0.08300370312653
B            4.36669464864283       -0.69356064516737        0.33255304061865
B            4.49525319451214       -2.37241644416902        0.09748283972923
B            4.61446843141273       -4.03139978112808       -0.19751033941312
B            5.49182699237241        3.60978470099301        0.69167263015939
B            5.59794646643745        1.96683025953221        0.21213198766395
B            5.86812119745076       -1.40913165757258       -0.05715205066014
B            6.02895297909681       -3.10303558116751        0.15765767879087
H           -7.09332385832906        3.07579453593165        2.02705759080070
H           -6.98064640973678        0.43755077502649        0.58652139897159
H           -4.97465141672484        4.71955464473669        0.78909628448640
H           -6.79335736241522       -1.97304790614206        0.45599399681161
H           -6.44703399329156       -4.78191344749082        1.47986915711271
H           -4.12870021964458       -5.86700176553406        0.00898558912377
H           -1.94806350518812        4.96471328755051        1.53113805376563
H           -1.08866507534267       -5.72850862050594        0.73793417228545
H            0.99660192513311        5.22276101183017        1.28667404373927
H            1.84636692550569       -5.48010443731996        0.37874296842543
H            3.89392779105005        5.48115339599715        0.16709802695416
H            4.74175746845025       -5.09629205466559       -0.67869528565321
H            6.40301979839490        4.23189901599293        1.09279703473683
H            6.54517040630754        1.59495538842671       -0.36569117874844
H            6.74031705013789       -0.80587861276957       -0.55204604335310
H            7.03214581081718       -3.62791129198264        0.46845905741461
60
 energy: -61.503050402750 gnorm: 0.003271876064 xtb: 6.7.1 (edcfbbe)
B           -6.14582403752820        2.61402904657712        1.50873510342396
B           -6.03790574637107        0.96969521019407        1.03004638189768
B           -4.79293437466511        3.59850495504100        1.09250240110407
B           -4.64927862851177        1.91587053187542        1.11549775962365
B           -4.50474582480917        0.22235016762440        1.08713863660725
B           -5.76560772330359       -2.40916291869114        0.80336541225644
B           -5.60336185249072       -4.10194083153817        1.02833780648276
B           -4.37051463562761       -1.44281467250205        0.96623261648010
B           -4.24381184557108       -3.12369169389749        0.74806106930977
B           -4.12028938614240       -4.78440615151182        0.46668538057964
B           -3.25524215641485        2.89304923842318        1.05477056211126
B           -3.10981921387074        1.18355021595982        1.08445900832399
B           -1.85364408248731        3.82486805403235        1.25347691626574
B           -1.72750604645276        2.15917173269523        1.00663827315514
B           -1.60018764657947        0.48212317681974        0.78097738878826
B           -2.84171411955401       -2.15877362321636        0.82557404196840
B           -2.71490839731560       -3.84517938129592        0.53611834143051
B           -1.46642284456167       -1.18887739874537        0.64894467595055
B           -1.32286940789327       -2.88009875727052        0.62420567904579
B           -1.18030951086775       -4.56244700643377        0.60966836406861
B           -0.33045464659108        3.12295330832298        1.06416811841993
B           -0.21223383813737        1.44617055645166        0.70686624290305
B            1.05926215765507        4.07684921542864        1.02516650546097
B            1.18635809037763        2.40755975731742        0.81173700572066
B            1.31449136733595        0.73022835439011        0.59348323730139
B            0.05452257786088       -1.89701724414112        0.43310598577045
B            0.20816283433046       -3.60673520922745        0.52555540168718
B            1.44744104356004       -0.93976348453091        0.45199299703039
B            1.58667658127589       -2.62814452242136        0.37554732315462
B            1.72882326790491       -4.31007897082245        0.33677357029176
B            2.55924700316476        3.39182564970457        0.63012582177209
B            2.71332385955767        1.68112340837804        0.68576277768136
B            3.94395305323040        4.34703927526634        0.47075880010505
B            4.09169626191957        2.66472569778942        0.49622269018663
B            4.23366008630538        0.97052974958940        0.46900682971749
B            2.97971325398813       -1.66007620119513        0.40567829454908
B            3.09760534584718       -3.34350510572781        0.08540785039590
B            4.36648031714231       -0.69344337643763        0.33124540699878
B            4.49511352817321       -2.37236267111836        0.09721659515038
B            4.61453639831068       -4.03148409645968       -0.19622701509549
B            5.49182325105127        3.60993061634803        0.69076085358713
B            5.59766617497643        1.96698167630731        0.21017453404882
B            5.86791189673503       -1.40904729447974       -0.05835432390488
B            6.02911023634516       -3.10300431429667        0.15896424835987
H           -7.09076815426993        3.07468627512534        2.03090345732523
H           -6.98010014073822        0.43765251642749        0.58455419270283
H           -4.97469053170258        4.71855431411666        0.78620387253241
H           -6.79254439942557       -1.97308424014334        0.45045446217018
H           -6.44681753898510       -4.78178447434253        1.47959403299969
H           -4.12948591991181       -5.86463629496149        0.00339394250556
H           -1.94801480247894        4.96279694570136        1.53768992891345
H           -1.08866781528439       -5.72762970060504        0.74477211402926
H            0.99828536061457        5.22062186526874        1.29553932893475
H            1.84780743798452       -5.47960197783133        0.38835213114379
H            3.89355066124703        5.47993251504447        0.16154462051828
H            4.74176561259867       -5.09485007434728       -0.68050009277047
H            6.40203773179584        4.23184953892772        1.09341380943404
H            6.54368446697860        1.59502243507914       -0.36954239471264
H            6.73857660275699       -0.80605130576730       -0.55613367302276
H            7.03117646751875       -3.62779316626808        0.47194070713018
60
 energy: -61.503060925460 gnorm: 0.001828307260 xtb: 6.7.1 (edcfbbe)
B           -6.14572521262915        2.61393186524601        1.50905356988771
B           -6.03796568321233        0.96986982423750        1.02912520480587
B           -4.79292697243087        3.59848260659935        1.09351003380323
B           -4.64929301656529        1.91589430421286        1.11587220991905
B           -4.50496464987943        0.22249109270360        1.08488760275944
B           -5.76572504791088       -2.40904158563446        0.80144027887606
B           -5.60340627669961       -4.10179211442202        1.02728927008383
B           -4.37078554786045       -1.44259198449224        0.96348107092789
B           -4.24399041613096       -3.12353951476091        0.74603891350330
B           -4.12032759077093       -4.78437151738802        0.46630553009466
B           -3.25518867119451        2.89308674445470        1.05551527878817
B           -3.10993162394893        1.18358230810242        1.08380769619806
B           -1.85359837938317        3.82483457321089        1.25419556917202
B           -1.72734948379356        2.15898784179209        1.00898816780713
B           -1.60013721096247        0.48207030981001        0.78183239124947
B           -2.84189695359658       -2.15864273291267        0.82406271418950
B           -2.71488611117281       -3.84519275258909        0.53617641460064
B           -1.46638657509169       -1.18887541969522        0.64958531388480
B           -1.32285319350950       -2.88010000653848        0.62458121836819
B           -1.18028628860649       -4.56245545338907        0.61042062847110
B           -0.33061495507313        3.12326291014790        1.06224725276735
B           -0.21221998459436        1.44615306568771        0.70727431950752
B            1.05942589570835        4.07669491726610        1.02696806261564
B            1.18642991327436        2.40751071772081        0.81263889892096
B            1.31448054422424        0.73024258859745        0.59339865434827
B            0.05453993455748       -1.89698974887061        0.43339111309704
B            0.20804655409753       -3.60673571623367        0.52414328771168
B            1.44742114300428       -0.93970586346078        0.45180213080788
B            1.58684111966657       -2.62824466178472        0.37755638094259
B            1.72905663509906       -4.31018667874820        0.33960645855539
B            2.55924502971579        3.39187590281030        0.63056419267803
B            2.71324592667006        1.68127127948140        0.68404395260072
B            3.94386041221711        4.34712978438369        0.47001923335886
B            4.09158667898034        2.66488220634225        0.49486375160828
B            4.23347597446635        0.97075432078015        0.46623580967033
B            2.97961222687209       -1.65987342612973        0.40372814207291
B            3.09766897231958       -3.34363262089586        0.08646068187624
B            4.36630644984995       -0.69317494330930        0.32858851870614
B            4.49505620376627       -2.37227699688252        0.09624084135867
B            4.61470552028736       -4.03164603454713       -0.19469763883837
B            5.49165424890889        3.61003899232718        0.68915569275454
B            5.59745704560924        1.96719786504839        0.20829009135042
B            5.86780803402386       -1.40903104254297       -0.05936227436102
B            6.02907955919178       -3.10288181255559        0.15966582513292
H           -7.08996969407605        3.07329085176016        2.03217556842714
H           -6.98060202404423        0.43779869736315        0.58472378800908
H           -4.97434248523712        4.71833485433019        0.78664956708650
H           -6.79250668184208       -1.97357345257638        0.44747708608136
H           -6.44797615112977       -4.78110365704027        1.47718668490638
H           -4.12983883377031       -5.86326494606645        0.00051856318724
H           -1.94760689569931        4.96134200548686        1.54283073041946
H           -1.08857879774441       -5.72697799432488        0.74945915799789
H            0.99936755580579        5.21878027196596        1.30308608355791
H            1.84901431030268       -5.47915610140968        0.39756449818911
H            3.89297477127168        5.47928346046349        0.15896578995384
H            4.74198547019744       -5.09448080247297       -0.67972172559563
H            6.40215832197502        4.23165789620418        1.09119780458805
H            6.54341914776325        1.59513074222077       -0.37125023274435
H            6.73840930906937       -0.80670499808014       -0.55771215611333
H            7.03133615966447       -3.62686038100369        0.47261234541614
60
 energy: -61.503070279403 gnorm: 0.001400870567 xtb: 6.7.1 (edcfbbe)
B           -6.14580333912755        2.61391412822720        1.50901922609638
B           -6.03806691584644        0.97008796844941        1.02741839309092
B           -4.79289379345990        3.59849427580519        1.09465033818373
B           -4.64935829898719        1.91593195084762        1.11547229520622
B           -4.50528536672327        0.22267854522204        1.08155887721747
B           -5.76590371077984       -2.40881596367716        0.79830590123827
B           -5.60364366860086       -4.10166686932153        1.02522219602751
B           -4.37113902691081       -1.44229725220791        0.95987763097959
B           -4.24428148624737       -3.12322630768696        0.74233537704408
B           -4.12038671949311       -4.78426164080816        0.46507604945839
B           -3.25514443781618        2.89324180386634        1.05512132294065
B           -3.11009883860907        1.18364623545654        1.08235534254041
B           -1.85354686474215        3.82470071287412        1.25547081976344
B           -1.72703748840175        2.15862855532189        1.01342927073092
B           -1.60005704456525        0.48203565257683        0.78307704796731
B           -2.84210613240677       -2.15844775386723        0.82204711652867
B           -2.71487860105208       -3.84513529193775        0.53502283788849
B           -1.46629308290792       -1.18894009158232        0.65080048602157
B           -1.32275499115468       -2.88014688883705        0.62596973258714
B           -1.18029040913106       -4.56241175557613        0.61117989621347
B           -0.33076586147330        3.12346695007114        1.06051997846578
B           -0.21229958655733        1.44624569931600        0.70675767191256
B            1.05968605438861        4.07641091085931        1.02974335492979
B            1.18656889100852        2.40736004762696        0.81478109584207
B            1.31444043117588        0.73029645446913        0.59340339624336
B            0.05450870509020       -1.89692330931441        0.43305541221585
B            0.20794235327750       -3.60665876047636        0.52308510899171
B            1.44740017574565       -0.93969329226953        0.45189085244499
B            1.58717133491723       -2.62847567571830        0.38187685858156
B            1.72946305719437       -4.31032910910218        0.34443145991103
B            2.55901586110273        3.39206687675506        0.62972641042296
B            2.71304457499116        1.68150286035073        0.68118201021264
B            3.94361566383086        4.34730902092459        0.46839429839674
B            4.09131336597403        2.66512735451787        0.49191428363487
B            4.23318900262148        0.97107668310790        0.46217887777312
B            2.97944145398221       -1.65958048807163        0.40127557317632
B            3.09763688663952       -3.34377067939357        0.08729369283555
B            4.36607362253047       -0.69280707249209        0.32521284229275
B            4.49491377458440       -2.37207787947393        0.09447738395395
B            4.61485485490407       -4.03185271378193       -0.19286471788601
B            5.49147532327591        3.61038635495461        0.68606000388406
B            5.59706934926210        1.96751454430990        0.20493966668584
B            5.86762783971656       -1.40895466805771       -0.06090944814871
B            6.02915299484838       -3.10276693895839        0.16019390235934
H           -7.09033926968768        3.07114433748259        2.03306787830857
H           -6.98237838264241        0.43795935700156        0.58679556256016
H           -4.97349559997950        4.71896598377803        0.78984638218027
H           -6.79318677689269       -1.97482864776402        0.44416216732224
H           -6.45104076984811       -4.78001731970961        1.47114530810559
H           -4.13022155631205       -5.86185752280350       -0.00328779599885
H           -1.94680888248782        4.95919576752655        1.55137755026191
H           -1.08847526786277       -5.72612427311940        0.75551924286287
H            1.00097464120063        5.21592063794460        1.31563872227094
H            1.85099968876867       -5.47842478583592        0.41443384373585
H            3.89192496719657        5.47894929163438        0.15615820329329
H            4.74222953786716       -5.09493044409597       -0.67710488332932
H            6.40352403991019        4.23159122455104        1.08493796777037
H            6.54421112422421        1.59557618377072       -0.37261783143630
H            6.73958188465490       -0.80816628041522       -0.55851110299802
H            7.03271837582260       -3.62507685324423        0.47116466823362
60
 energy: -61.503073925792 gnorm: 0.001138485032 xtb: 6.7.1 (edcfbbe)
B           -6.14587499572714        2.61398054241844        1.50816609369609
B           -6.03810942030068        0.97003224714278        1.02744162541392
B           -4.79289176750260        3.59856080206617        1.09457038234628
B           -4.64937863001655        1.91592882102922        1.11523892462178
B           -4.50523848484178        0.22265901786357        1.08212404982205
B           -5.76594679675874       -2.40875259535519        0.79806833746651
B           -5.60377944145925       -4.10161130058510        1.02368423297005
B           -4.37110090221680       -1.44235364625547        0.96022976611524
B           -4.24433301767179       -3.12316189675319        0.74154264227758
B           -4.12040748081176       -4.78424208821333        0.46424416367609
B           -3.25520275224947        2.89325423411332        1.05431889092769
B           -3.11017433113670        1.18371497990115        1.08181506084855
B           -1.85353902682405        3.82464149284857        1.25601321760626
B           -1.72696731242845        2.15851975984100        1.01469484938804
B           -1.60012372926574        0.48210502833722        0.78237529409116
B           -2.84213342514201       -2.15848514546581        0.82208511866091
B           -2.71492867199919       -3.84506111975829        0.53420390997985
B           -1.46633746098698       -1.18893423637560        0.65033244166437
B           -1.32271169422211       -2.88021028289168        0.62693686326358
B           -1.18032715720201       -4.56242087947378        0.61104923595561
B           -0.33072968277131        3.12337965479962        1.06107373994869
B           -0.21239717622725        1.44633739306537        0.70566259681647
B            1.05974689630470        4.07634574634595        1.03038650097769
B            1.18666723145253        2.40727455666284        0.81586700156835
B            1.31438661625646        0.73036458134590        0.59279825672635
B            0.05446950452985       -1.89691936287831        0.43249784258055
B            0.20799858929923       -3.60666240291880        0.52402655280600
B            1.44738735339466       -0.93970274978624        0.45173210301654
B            1.58736153315965       -2.62861982043162        0.38408978734566
B            1.72962890868604       -4.31041664621349        0.34636636414805
B            2.55890543783875        3.39211139642217        0.62882844481757
B            2.71300891658435        1.68159156392912        0.68060527583267
B            3.94349672270880        4.34739397271355        0.46762000978187
B            4.09123305494199        2.66516165101097        0.49117558864216
B            4.23318211778603        0.97108750059596        0.46245413599032
B            2.97947946709321       -1.65961098838735        0.40154997490585
B            3.09761803539607       -3.34375494596210        0.08725813428589
B            4.36609361117481       -0.69286707663654        0.32577572612670
B            4.49487876834080       -2.37205774910106        0.09433450086762
B            4.61479195879968       -4.03189536294611       -0.19309600080511
B            5.49133610289596        3.61054770991126        0.68455747177125
B            5.59704762114386        1.96748580667924        0.20449136041916
B            5.86764547898467       -1.40890502970206       -0.06087101630649
B            6.02905874780845       -3.10269741387177        0.15891984037475
H           -7.09139213916620        3.07145564857625        2.03150342383440
H           -6.98268500275476        0.43758654680649        0.58773047099331
H           -4.97308723266783        4.71977984062480        0.79190978093704
H           -6.79340824525377       -1.97483296520504        0.44419254340670
H           -6.45201513565652       -4.78028467863924        1.46772358290326
H           -4.13010938343385       -5.86213921047525       -0.00388735094336
H           -1.94694210146529        4.95872298293788        1.55420491378482
H           -1.08867680386296       -5.72619291172498        0.75567881010562
H            1.00160808365223        5.21539770666357        1.31877176700111
H            1.85179653032159       -5.47819249673096        0.42063161312884
H            3.89168574112436        5.47939149376168        0.15603139311045
H            4.74177937475451       -5.09571105538989       -0.67616658908991
H            6.40426411949013        4.23218329839854        1.08130883459182
H            6.54470491513755        1.59562235685532       -0.37243548366146
H            6.74009495347722       -0.80806995293622       -0.55786087492481
H            7.03338066948523       -3.62509248260369        0.46817988139200
60
 energy: -61.503074909004 gnorm: 0.001400755391 xtb: 6.7.1 (edcfbbe)
B           -6.14600258435071        2.61405103885557        1.50758471200049
B           -6.03805650543077        0.96995770334572        1.02790699329293
B           -4.79283919737976        3.59853206074878        1.09464607821145
B           -4.64938979567683        1.91591944052693        1.11542950379352
B           -4.50518486827800        0.22259452249594        1.08296466123981
B           -5.76595487008760       -2.40873658099605        0.79792751128411
B           -5.60388477585878       -4.10161808690681        1.02292662782251
B           -4.37104223508514       -1.44244902534415        0.96114981656607
B           -4.24436041362084       -3.12318926016646        0.74147062733870
B           -4.12041396382287       -4.78417246663822        0.46361800591121
B           -3.25524049386263        2.89325398231859        1.05392026414412
B           -3.11016647157191        1.18372415096115        1.08153073364185
B           -1.85349905484294        3.82456469254803        1.25644808706311
B           -1.72690174574868        2.15843833387900        1.01536273272724
B           -1.60017249036201        0.48214536779402        0.78165681515740
B           -2.84211154895126       -2.15848835254471        0.82197984834225
B           -2.71496441988963       -3.84504114464776        0.53385224020298
B           -1.46638558238171       -1.18889968083820        0.64958397835901
B           -1.32266487520731       -2.88023830076469        0.62743624932907
B           -1.18035841488247       -4.56241087048812        0.61064538064190
B           -0.33070929862120        3.12331433729233        1.06138770010041
B           -0.21246812141481        1.44638785115544        0.70484315812674
B            1.05974443085918        4.07630619352426        1.03053171012344
B            1.18670971006131        2.40717149480919        0.81673965002952
B            1.31431738313234        0.73039177892106        0.59223707556659
B            0.05441508004648       -1.89690243934341        0.43185965288821
B            0.20802575578136       -3.60667841743637        0.52456080254847
B            1.44733475044548       -0.93969516823165        0.45133085446915
B            1.58745646443424       -2.62871671286341        0.38559677262546
B            1.72973554218516       -4.31048140228398        0.34785396711551
B            2.55886448480251        3.39211675544359        0.62839293787005
B            2.71294157826808        1.68160227700902        0.68027775141397
B            3.94341856591224        4.34737872483878        0.46726571090474
B            4.09123640048533        2.66517538166915        0.49105043108434
B            4.23323333349061        0.97104705165084        0.46302916227786
B            2.97944085776987       -1.65962010722847        0.40156873259739
B            3.09760104551627       -3.34376424642124        0.08724068350146
B            4.36616757407663       -0.69295352315440        0.32664450594242
B            4.49490934898766       -2.37211096364461        0.09454584924261
B            4.61468234270829       -4.03185358890890       -0.19356748260346
B            5.49131650772426        3.61065048173055        0.68377197517648
B            5.59703201423182        1.96742731705178        0.20457691197333
B            5.86761572977637       -1.40890338287331       -0.06082702966612
B            6.02904866199373       -3.10270015502728        0.15798369850465
H           -7.09220406878372        3.07248718139881        2.02918178091739
H           -6.98224754199530        0.43706716206023        0.58784698359877
H           -4.97273588390889        4.72033615929587        0.79364498106456
H           -6.79323052430542       -1.97426107073651        0.44406243439127
H           -6.45223779713595       -4.78086551114963        1.46588101216588
H           -4.12981778258705       -5.86242820032034       -0.00402887739666
H           -1.94715501875906        4.95833104281977        1.55606937102662
H           -1.08889146166045       -5.72635049380050        0.75462671085561
H            1.00202111437597        5.21519258793261        1.31989285150963
H            1.85253357631164       -5.47797095842053        0.42542706177342
H            3.89147912697864        5.47967233457348        0.15630067482526
H            4.74124674585975       -5.09628206194759       -0.67565412800250
H            6.40452405204896        4.23301647993386        1.07888173601141
H            6.54454828380433        1.59533875376578       -0.37253339509623
H            6.73985190467162       -0.80736071675280       -0.55749884496336
H            7.03362709972339       -3.62568991047031        0.46571960843593
60
 energy: -61.503075189474 gnorm: 0.000580443532 xtb: 6.7.1 (edcfbbe)
B           -6.14596423012782        2.61401558407403        1.50757863722521
B           -6.03809263752514        0.96997078864633        1.02783680477057
B           -4.79288008820482        3.59855369783975        1.09451261239690
B           -4.64935825352379        1.91590301253708        1.11552013962863
B           -4.50515202398682        0.22256595902301        1.08320055206972
B           -5.76595401423330       -2.40875265595510        0.79799507734905
B           -5.60388417931501       -4.10161359205175        1.02288274053973
B           -4.37102399438994       -1.44245018683470        0.96115932629917
B           -4.24432571358501       -3.12319676060238        0.74162654320917
B           -4.12043875681108       -4.78419551645112        0.46359153363414
B           -3.25523003426181        2.89323849304621        1.05399938889060
B           -3.11018144877733        1.18371643635021        1.08152123960108
B           -1.85348062739691        3.82453256307775        1.25669621193459
B           -1.72690655978340        2.15842668109048        1.01543989500177
B           -1.60017507033497        0.48213095285100        0.78171442249174
B           -2.84213284581638       -2.15849829279683        0.82190707631849
B           -2.71497256831941       -3.84503916801935        0.53378274326753
B           -1.46640054554675       -1.18890086018586        0.64949465663996
B           -1.32267924574837       -2.88024854649274        0.62737380000641
B           -1.18038057250618       -4.56241338671403        0.61036369887971
B           -0.33071345460854        3.12331739124269        1.06132882118495
B           -0.21246455576786        1.44637573942182        0.70488671383563
B            1.05973956277771        4.07630487874713        1.03048077563724
B            1.18673954683624        2.40715102401689        0.81694031867252
B            1.31432348615372        0.73038751531406        0.59218200737131
B            0.05440678403317       -1.89689974904197        0.43173671661350
B            0.20801905417672       -3.60668888050162        0.52446518343011
B            1.44734024194234       -0.93970033453992        0.45129254771705
B            1.58749301940995       -2.62874722067424        0.38591566910780
B            1.72977423907306       -4.31050957164157        0.34829990205360
B            2.55886953148140        3.39209820959059        0.62845975067263
B            2.71295275702289        1.68159864014454        0.68023907242887
B            3.94343484178713        4.34738745414982        0.46720785468587
B            4.09121625338657        2.66514856468679        0.49115484505093
B            4.23322773899167        0.97101769597416        0.46319454801551
B            2.97944024581337       -1.65961821503069        0.40137473434326
B            3.09759584814384       -3.34377306010131        0.08721078568550
B            4.36614616735775       -0.69295712242306        0.32664187725285
B            4.49488728397642       -2.37211948767706        0.09462813627064
B            4.61468060903686       -4.03186012680889       -0.19376818273975
B            5.49130342642701        3.61060445735669        0.68388484880240
B            5.59704137625265        1.96744078355748        0.20450684622538
B            5.86762720957630       -1.40891604260228       -0.06088712248757
B            6.02900929283015       -3.10267894055550        0.15774295522065
H           -7.09226047772333        3.07293662629003        2.02853472409305
H           -6.98204914125104        0.43711768816420        0.58727673238103
H           -4.97284204365494        4.72040752050996        0.79387353847092
H           -6.79309275913608       -1.97409552890487        0.44400333014992
H           -6.45201593209855       -4.78101004555066        1.46603025713383
H           -4.12982700747545       -5.86251364281694       -0.00380484615544
H           -1.94712331558603        4.95816626098129        1.55668078054000
H           -1.08888331413670       -5.72641687007554        0.75378148440801
H            1.00198333837805        5.21519721014628        1.31975014622217
H            1.85274204406826       -5.47789372563081        0.42693655030521
H            3.89155657536965        5.47969063949623        0.15641402646273
H            4.74129379345107       -5.09634806546846       -0.67561951409099
H            6.40439434894247        4.23322697749501        1.07886299754775
H            6.54431073385112        1.59534869632883       -0.37295286919865
H            6.73963698620726       -0.80718724291447       -0.55763423174826
H            7.03348673487782       -3.62597546308684        0.46530619827361
