60
 energy: -61.504400240416 gnorm: 0.125788349110 xtb: 6.7.1 (edcfbbe)
B           -5.83265294000000        3.39972158000000        0.26233791000000
B           -5.84088086000000        1.71560590000000       -0.06089659000000
B           -4.37001710000000        4.23481958000000       -0.06426887000000
B           -4.37976406000000        2.54913044000000        0.03000139000000
B           -4.38540277000000        0.85333955000000        0.04954788000000
B           -5.85472057000000       -1.67142624000000        0.29225451000000
B           -5.86382445000000       -3.35876718000000        0.01541548000000
B           -4.39294003000000       -0.82422666000000        0.11048665000000
B           -4.40139350000000       -2.51865694000000        0.20497939000000
B           -4.40565829000000       -4.20213575000000        0.34538500000000
B           -2.90516856000000        3.39511938000000        0.09333917000000
B           -2.91416743000000        1.69301677000000        0.09127626000000
B           -1.43962061000000        4.22211992000000        0.26861320000000
B           -1.44792167000000        2.53700027000000        0.13108069000000
B           -1.45518461000000        0.84322447000000        0.02980062000000
B           -2.92936421000000       -1.67673775000000        0.06766066000000
B           -2.93459905000000       -3.37785066000000        0.17181306000000
B           -1.46283429000000       -0.83958557000000        0.06535117000000
B           -1.47052551000000       -2.53336780000000        0.09840031000000
B           -1.47792013000000       -4.22073122000000       -0.00152134000000
B            0.02268748000000        3.38143758000000        0.11971307000000
B            0.01503645000000        1.68018349000000        0.08023243000000
B            1.48974144000000        4.21058871000000       -0.04169894000000
B            1.48317839000000        2.52423191000000        0.08960854000000
B            1.47535804000000        0.83020129000000        0.07075842000000
B            0.00018901000000       -1.68960962000000        0.06382163000000
B           -0.00716529000000       -3.39060162000000        0.11870994000000
B            1.46760241000000       -0.85252763000000        0.02205456000000
B            1.46064635000000       -2.54648749000000        0.09936540000000
B            1.45329650000000       -4.23024592000000        0.28101728000000
B            2.95031644000000        3.36915737000000        0.12221937000000
B            2.94454571000000        1.66728007000000        0.05592042000000
B            4.42002278000000        4.19519919000000        0.27235041000000
B            4.41481115000000        2.51025595000000        0.15471366000000
B            4.40570501000000        0.81489971000000        0.09432977000000
B            2.92944550000000       -1.70231801000000        0.07841082000000
B            2.92059007000000       -3.40429042000000        0.09703611000000
B            4.39802564000000       -0.86276596000000        0.03668378000000
B            4.39234749000000       -2.55863607000000        0.03012945000000
B            4.38207604000000       -4.24468708000000       -0.06549345000000
B            5.87903854000000        3.34799971000000       -0.04217595000000
B            5.87067593000000        1.66369276000000        0.26421869000000
B            5.85527973000000       -1.72562405000000       -0.08700775000000
B            5.84910051000000       -3.40804845000000        0.24589788000000
H           -6.77178113000000        3.97393367000000        0.66178825000000
H           -6.80757798000000        1.22210983000000       -0.49803605000000
H           -4.41540004000000        5.33879858000000       -0.45919235000000
H           -6.81040224000000       -1.15160313000000        0.72238146000000
H           -6.80902367000000       -3.93820071000000       -0.36350114000000
H           -4.45805626000000       -5.30729939000000        0.73765769000000
H           -1.44077329000000        5.38564143000000        0.41524136000000
H           -1.48935317000000       -5.38616535000000       -0.14089887000000
H            1.49838872000000        5.37266038000000       -0.20573922000000
H            1.45467120000000       -5.39115299000000        0.44519549000000
H            4.47346307000000        5.31470612000000        0.61440736000000
H            4.42425373000000       -5.34697535000000       -0.46389083000000
H            6.82140266000000        3.92394908000000       -0.43341601000000
H            6.81475806000000        1.14875936000000        0.72672517000000
H            6.80864068000000       -1.23475320000000       -0.55534302000000
H            6.79391513000000       -3.98445011000000        0.62335972000000
60
 energy: -61.507378390426 gnorm: 0.041053271949 xtb: 6.7.1 (edcfbbe)
B           -5.83026387950131        3.39855243826525        0.27837598520302
B           -5.83898900452037        1.71843164823467       -0.08796331682859
B           -4.37061806762243        4.23202086554179       -0.08988911200227
B           -4.38102794383427        2.54909538288802        0.01513278958824
B           -4.38567476189302        0.85095749162002        0.05089062416487
B           -5.85277079317584       -1.67403269085939        0.31530499115639
B           -5.86159585606632       -3.35781984944048       -0.00644780343709
B           -4.39310305360773       -0.82166212603750        0.12629965474096
B           -4.40246198406695       -2.51858438583514        0.21569443392957
B           -4.40600633199305       -4.19903056307186        0.36731553285669
B           -2.90517879902768        3.39852081875427        0.08595509004655
B           -2.91368424250521        1.69037112687084        0.09314772724131
B           -1.43943060857553        4.22054771972068        0.28587776375475
B           -1.44821298005500        2.53697001744031        0.13091002046271
B           -1.45547333991920        0.84162824069708        0.03913438314059
B           -2.92893724531911       -1.67404742614382        0.06786518364614
B           -2.93462933929229       -3.38118677795479        0.16930984948070
B           -1.46308657623642       -0.83781932792962        0.07124765626482
B           -1.47095506574026       -2.53326394599598        0.08795883063460
B           -1.47787691868880       -4.21939661959737       -0.02395895993206
B            0.02243188644703        3.38478963966038        0.11429965960703
B            0.01477847315073        1.67764581241316        0.07409207890296
B            1.48924895664138        4.20912633220955       -0.06414471656214
B            1.48321619237237        2.52417202760877        0.07556421801759
B            1.47530933570011        0.82851959252972        0.07155752774988
B            0.00001492378444       -1.68698067487194        0.06341413849746
B           -0.00733610955061       -3.39384630201069        0.11841639022253
B            1.46762329830511       -0.85083713943473        0.03460215360832
B            1.46065682327584       -2.54632287327956        0.10645726483810
B            1.45295950128622       -4.22835550003204        0.29999457044061
B            2.94981689577778        3.37253583595130        0.12174249192131
B            2.94368148903225        1.66465084469377        0.05482017803800
B            4.42018732878198        4.19248991218502        0.29358913196942
B            4.41564256720995        2.51039429595646        0.16657157442327
B            4.40559323732009        0.81245912353843        0.10852598186331
B            2.92854369626101       -1.69959125135541        0.08278557674762
B            2.92007829220628       -3.40766783615174        0.08808912902537
B            4.39794699453724       -0.86023154187360        0.03390440808943
B            4.39321969212976       -2.55863846810609        0.01125304442723
B            4.38215640477192       -4.24184894757335       -0.09381600631853
B            5.87655244134044        3.34662901909810       -0.06208995045392
B            5.86832526362400        1.66659461970132        0.28787956126905
B            5.85273397371551       -1.72852232331597       -0.11469313787898
B            5.84651644322144       -3.40670905649243        0.25887469441242
H           -6.77085792126335        3.97528474530385        0.67842349202169
H           -6.80969255622535        1.22452832123806       -0.51868439878476
H           -4.41653856596007        5.34425821008869       -0.46727822566395
H           -6.80927062307401       -1.15419542816853        0.74728603442425
H           -6.80841457743896       -3.94051283235960       -0.38336568454720
H           -4.45923230285410       -5.30925797442883        0.74999156641371
H           -1.44086319899273        5.38619143119820        0.43691391849692
H           -1.48960375943527       -5.38805114402746       -0.15271393544888
H            1.49880847053966        5.37488889023797       -0.21609056486294
H            1.45518681038651       -5.39227176769782        0.46298366814059
H            4.47456235998378        5.31632251623661        0.63148153093782
H            4.42809827233612       -5.35450224333047       -0.46954208918633
H            6.82040652389436        3.92562238744857       -0.45209199528039
H            6.81686440209437        1.15295744024631        0.74500347099774
H            6.81368584495913       -1.23758033347766       -0.57026606025116
H            6.79205576134842       -3.98553366672331        0.64270908562369
60
 energy: -61.507675741691 gnorm: 0.025489468785 xtb: 6.7.1 (edcfbbe)
B           -5.83164053433373        3.39940415737778        0.27299123752171
B           -5.83930373892547        1.71850839237806       -0.09260080831772
B           -4.37107395795385        4.23221330431231       -0.09642961592498
B           -4.38080236709489        2.54875941340051        0.00849423735242
B           -4.38614960133015        0.85066968252536        0.04883306661239
B           -5.85299629042725       -1.67426764196293        0.32162304499291
B           -5.86285267695955       -3.35832020603196       -0.00577534116600
B           -4.39349972348528       -0.82126571832074        0.13396452352439
B           -4.40220581073965       -2.51828092358192        0.22050696035909
B           -4.40639708116395       -4.19928877127097        0.36992820983178
B           -2.90456256452743        3.39873339094719        0.07829080721875
B           -2.91437006809404        1.69035386695611        0.09619223662763
B           -1.43978980737795        4.22063063172267        0.29103573655725
B           -1.44833177111651        2.53729373489969        0.12616947341282
B           -1.45567155842722        0.84168269661958        0.04284740734074
B           -2.92959174436021       -1.67396213995571        0.06918485118498
B           -2.93406428138447       -3.38135714368685        0.16971341830879
B           -1.46326325768410       -0.83785510244573        0.07485800125101
B           -1.47105815694929       -2.53344198902915        0.08581262635097
B           -1.47824408739887       -4.21946853367386       -0.03166732269443
B            0.02231734782407        3.38511674027428        0.10940693731959
B            0.01470156356309        1.67764703671098        0.07031380851945
B            1.48943493021351        4.20921679540473       -0.07232154022803
B            1.48314843742223        2.52440232720163        0.06997282003138
B            1.47532890578548        0.82861837430644        0.07270564474991
B           -0.00007373494108       -1.68691603088381        0.06475421713204
B           -0.00742315246890       -3.39409327875479        0.11763964461186
B            1.46766601074851       -0.85085073057607        0.03922343291888
B            1.46061593532547       -2.54650096127785        0.10705324935174
B            1.45326102364086       -4.22838864969155        0.30494985801447
B            2.94909878162822        3.37279606198813        0.12272643683606
B            2.94418916825449        1.66463467681664        0.05424991399373
B            4.42042801840237        4.19274337621481        0.29777052400507
B            4.41521818794205        2.51015700797170        0.17144664937246
B            4.40587242862470        0.81218013766179        0.11421042340705
B            2.92908591909284       -1.69951682582082        0.08608873411287
B            2.91927788968858       -3.40788950310848        0.07970359294937
B            4.39823508036440       -0.85990184425697        0.03154267509633
B            4.39272445625231       -2.55826584268952        0.00251291279737
B            4.38233726797525       -4.24201542768425       -0.10157061706848
B            5.87763537730086        3.34729956314251       -0.06126905149581
B            5.86847744768413        1.66691225732395        0.29209937533654
B            5.85289307390136       -1.72858833010491       -0.11967445200656
B            5.84775060363956       -3.40753785884155        0.25259579015487
H           -6.76821136580096        3.97477855497429        0.68182771425593
H           -6.80671825684917        1.22730923222900       -0.53354595438245
H           -4.41953563961836        5.34453255604098       -0.47321936288065
H           -6.80574211964011       -1.15908186255626        0.76764551184501
H           -6.80551398279027       -3.93985355100476       -0.39208476737339
H           -4.46222032939618       -5.30692261163566        0.75908482054735
H           -1.44065152831715        5.38457035277424        0.46060711951327
H           -1.48971246945696       -5.38782044364045       -0.16642208877212
H            1.49932283042618        5.37478118327439       -0.22859152330070
H            1.45491275344824       -5.39089035679350        0.48278152157989
H            4.47723466996060        5.31327842107602        0.64749159423907
H            4.43134010834595       -5.35590410341235       -0.47369774282930
H            6.81782361317360        3.92444514177310       -0.46003507161102
H            6.81555056263844        1.15808976716904        0.75719925089361
H            6.81250056889840       -1.23959491052260       -0.57981523857273
H            6.78840484684719       -3.98486181225194        0.64928158659163
60
 energy: -61.507848752217 gnorm: 0.013630653284 xtb: 6.7.1 (edcfbbe)
B           -5.83158636726893        3.39932022875158        0.26644355623517
B           -5.83917536678304        1.71805271535489       -0.09545163231466
B           -4.37089436043099        4.23193092122671       -0.10127034904084
B           -4.38059425465290        2.54849041276073        0.00381232709642
B           -4.38616674378210        0.85065492033641        0.05014474501034
B           -5.85267559292236       -1.67402480156444        0.32605799818676
B           -5.86271498573250       -3.35804560644341       -0.00298727172599
B           -4.39344074138914       -0.82124693470210        0.13654676006709
B           -4.40190372530705       -2.51807658456374        0.22366522087436
B           -4.40609940243233       -4.19921377223231        0.37027216641327
B           -2.90427840907714        3.39850832179413        0.07128937132784
B           -2.91453279840783        1.69039826450108        0.09759407931197
B           -1.44000337100007        4.22035712592081        0.29314805690581
B           -1.44832886904905        2.53732301678751        0.12107549592415
B           -1.45570142043933        0.84179394387669        0.04601266803501
B           -2.92970982465907       -1.67398311342810        0.07066567162224
B           -2.93374998153903       -3.38111884918551        0.17069644113450
B           -1.46326741485224       -0.83798171962851        0.07663791689882
B           -1.47097920771429       -2.53336082829103        0.08505415150680
B           -1.47836099288760       -4.21919091033104       -0.03496086715741
B            0.02221072682641        3.38481467302608        0.10553386551631
B            0.01463671758487        1.67774533120055        0.06758373116501
B            1.48943348325250        4.20900606789311       -0.07574400620406
B            1.48296754340211        2.52436866616469        0.06633675582879
B            1.47523037805043        0.82881730326184        0.07280872439017
B           -0.00011388919849       -1.68695514861153        0.06610272771806
B           -0.00744742118005       -3.39371711844538        0.11656950266395
B            1.46760512623341       -0.85091612567372        0.04254128860635
B            1.46051080166110       -2.54639618783157        0.10666691290169
B            1.45342852092378       -4.22812407567855        0.30590379036447
B            2.94869086836937        3.37264175694199        0.12408126019680
B            2.94420498280356        1.66473134131012        0.05359006145698
B            4.42002101934918        4.19262583646595        0.29996391336133
B            4.41482537296640        2.51001927237850        0.17447488129108
B            4.40574150410095        0.81227230438186        0.11395494815401
B            2.92916760272122       -1.69949168786508        0.08864473272816
B            2.91885272846955       -3.40763813290726        0.07215005493983
B            4.39812930931368       -0.85984667787223        0.03245435172782
B            4.39233406791435       -2.55795157692345       -0.00334765064082
B            4.38196061358371       -4.24173869749221       -0.10644633118850
B            5.87729954763152        3.34727160251718       -0.05919139298610
B            5.86817105747494        1.66675816207558        0.29319207112968
B            5.85265209016460       -1.72811983882988       -0.12216730540545
B            5.84756338299983       -3.40739315400859        0.24598280990569
H           -6.76509696448980        3.97470860188746        0.68307931276779
H           -6.80204015837396        1.22938412903773       -0.55027513599297
H           -4.42162281516101        5.34369993955958       -0.48024604840614
H           -6.80090489181473       -1.16420207133111        0.78943899774541
H           -6.80230320260998       -3.93870487496788       -0.39881575195164
H           -4.46467355118349       -5.30356908136858        0.76888992120573
H           -1.44053805380305        5.38171611583589        0.48679051329200
H           -1.48978310321025       -5.38666068819482       -0.18166678790952
H            1.49983393013837        5.37367065534107       -0.24235842311150
H            1.45498592414874       -5.38826256713255        0.50464197560374
H            4.47957393212483        5.30873088134921        0.66555757283539
H            4.43288824008318       -5.35588446609999       -0.47852695079760
H            6.81489976171872        3.92311436951956       -0.46654859778920
H            6.81285725394074        1.16270282876993        0.76913032821266
H            6.80909141815164       -1.24037844586721       -0.59093669149419
H            6.78403612524804       -3.98458024275660        0.65437066185721
60
 energy: -61.507932230365 gnorm: 0.006624279839 xtb: 6.7.1 (edcfbbe)
B           -5.83153099673160        3.39916742126384        0.26179881952748
B           -5.83929613963770        1.71767674260608       -0.09986784689050
B           -4.37092291062174        4.23166802288585       -0.10779362181974
B           -4.38090707562149        2.54856797954970       -0.00031500609834
B           -4.38628521470665        0.85079389654630        0.05362978943256
B           -5.85258099245822       -1.67385703533166        0.33130318220355
B           -5.86253891116460       -3.35790622776036       -0.00165585521155
B           -4.39351057277183       -0.82145051257230        0.13658799429003
B           -4.40206606486149       -2.51822902647961        0.22715067010873
B           -4.40596505321700       -4.19919635821603        0.37242056901934
B           -2.90468482902887        3.39862095651527        0.06517675376201
B           -2.91449656673266        1.69049567966851        0.09794861698341
B           -1.44020408507426        4.22026312858014        0.29450350738275
B           -1.44845186239577        2.53738568864217        0.11834892305365
B           -1.45577319982275        0.84187574766421        0.04997083052533
B           -2.92962677086585       -1.67409199484984        0.07191762127874
B           -2.93404373682098       -3.38124811751447        0.17256912462337
B           -1.46330573623306       -0.83806693617798        0.07693234571092
B           -1.47101156724606       -2.53340456139783        0.08346797896244
B           -1.47840468681272       -4.21912869680848       -0.03688825061552
B            0.02209892830738        3.38486958335279        0.10280494189763
B            0.01456503469854        1.67789308219579        0.06623377327460
B            1.48938294694500        4.20903812116604       -0.07739709972122
B            1.48293076118345        2.52445154122878        0.06250112304831
B            1.47520291301761        0.82899662554011        0.07166568261044
B           -0.00011348776616       -1.68704063067970        0.06754021445427
B           -0.00742082582304       -3.39369607164938        0.11542180104834
B            1.46763732663796       -0.85092716722870        0.04650259268633
B            1.46059003175045       -2.54634278408384        0.10839260830748
B            1.45358921224953       -4.22804533199194        0.30595957441619
B            2.94892498648470        3.37285346501998        0.12613232479179
B            2.94404044714812        1.66493087176982        0.05274368628668
B            4.41982591184675        4.19260792881233        0.30387948820712
B            4.41497419614843        2.51025894779617        0.17813649549088
B            4.40575560047404        0.81258500815729        0.11162491682071
B            2.92907884895902       -1.69949740553551        0.09051402596793
B            2.91913941481105       -3.40769082040287        0.06576658926684
B            4.39818347666696       -0.85992881534202        0.03510938548618
B            4.39254402600992       -2.55798611446202       -0.00821042036166
B            4.38185883873948       -4.24150965241778       -0.11224850405461
B            5.87692587969698        3.34736832637686       -0.05926976191137
B            5.86817502213782        1.66674107988252        0.29418405535280
B            5.85267705946256       -1.72776511850089       -0.12587750724871
B            5.84740583338430       -3.40713549818300        0.24194209359270
H           -6.76233195809699        3.97618129571840        0.68246106238080
H           -6.79616299138420        1.23039196323177       -0.56978540691621
H           -4.42262538810145        5.34253295896679       -0.48944627810045
H           -6.79506661208819       -1.16876555661038        0.81254096791729
H           -6.79965560226199       -3.93785723508544       -0.40446302926337
H           -4.46631363557561       -5.30029898569197        0.77985789283768
H           -1.44119599565069        5.37743682915645        0.51485974118110
H           -1.49020717188587       -5.38462639329159       -0.20032283807434
H            1.50051560659135        5.37166583306382       -0.25914233993702
H            1.45621543531853       -5.38436472171778        0.52867460128816
H            4.48154803652317        5.30346586368523        0.68582475744313
H            4.43279466404079       -5.35530811961749       -0.48532926556795
H            6.81223562055051        3.92271542311264       -0.47263371004306
H            6.80926532632784        1.16597225213457        0.78119983482172
H            6.80403800696518       -1.23968701873072       -0.60524164948530
H            6.77969739838191       -3.98556362595860        0.65829853357958
60
 energy: -61.507956813601 gnorm: 0.003611683124 xtb: 6.7.1 (edcfbbe)
B           -5.83165013254889        3.39916935835818        0.26150422444197
B           -5.83916960809870        1.71761604942428       -0.10070679593458
B           -4.37089108948578        4.23153052192198       -0.10935590849724
B           -4.38080014779423        2.54852135991522       -0.00075103271346
B           -4.38616688049266        0.85081487020020        0.05322269509222
B           -5.85245787815531       -1.67383583427073        0.33178286930140
B           -5.86253076702254       -3.35800426817292       -0.00188075716413
B           -4.39341472802909       -0.82150969110830        0.13572661441508
B           -4.40191683164701       -2.51819430313614        0.22850401645616
B           -4.40589480019292       -4.19907213985198        0.37413188129992
B           -2.90473284906346        3.39854562203499        0.06477062824626
B           -2.91440984502422        1.69047514222138        0.09855452238481
B           -1.44018752851066        4.22015211506321        0.29543014075782
B           -1.44848076462703        2.53729301381574        0.12126736789442
B           -1.45575062828888        0.84184019706044        0.05108019953839
B           -2.92951792991338       -1.67409351686393        0.07097880555262
B           -2.93402210473067       -3.38118299197157        0.17403384215131
B           -1.46327489347357       -0.83799741146735        0.07599744673195
B           -1.47102785886660       -2.53337267245501        0.08117083088206
B           -1.47833385664246       -4.21904285713746       -0.03746147036241
B            0.02207079825091        3.38496592536804        0.10340564484777
B            0.01454522677717        1.67784763199934        0.06713060727907
B            1.48928477048846        4.20899612880004       -0.07750087622703
B            1.48292780349195        2.52442848661823        0.06055463035028
B            1.47516383063216        0.82895904803086        0.07071133069934
B           -0.00009854330694       -1.68696921061382        0.06757888139711
B           -0.00739573983359       -3.39376985536720        0.11519498805551
B            1.46761575041212       -0.85084382341884        0.04723587399559
B            1.46063783226902       -2.54622829490413        0.11182558245672
B            1.45355291652824       -4.22791836669492        0.30670065163225
B            2.94891644155879        3.37282659414290        0.12736853924161
B            2.94391569031393        1.66496250575922        0.05164438597082
B            4.41976320406405        4.19251555766500        0.30567641016789
B            4.41483554487422        2.51025196740173        0.17984652522694
B            4.40563475891936        0.81267315704185        0.11106931868137
B            2.92898225571414       -1.69944064131599        0.09057165193105
B            2.91917878956477       -3.40758362249197        0.06557142237821
B            4.39806797025885       -0.85992189023843        0.03495709264667
B            4.39243306960165       -2.55791577538368       -0.00851644489735
B            4.38183282570064       -4.24136694738031       -0.11324219797795
B            5.87687855626602        3.34749912908881       -0.06052644615697
B            5.86810636262180        1.66680153376400        0.29337566503603
B            5.85254437214138       -1.72772931838852       -0.12659061005098
B            5.84750693755108       -3.40708897278841        0.24239028882550
H           -6.76236639552628        3.97789153796835        0.67933450434096
H           -6.79416485320900        1.23048647244674       -0.57449384836230
H           -4.42282849068154        5.34206286984258       -0.49186101372318
H           -6.79307245478431       -1.16947028189247        0.81664648117791
H           -6.79965608788795       -3.93832330794031       -0.40341909131192
H           -4.46658839938883       -5.29979379927449        0.78234041688592
H           -1.44218012612209        5.37504573929394        0.52289997892780
H           -1.49080633041677       -5.38329964437906       -0.20846270390527
H            1.50090193494137        5.37034970318005       -0.26657291358754
H            1.45739717790645       -5.38218741920873        0.53665047522025
H            4.48234553802025        5.30170156287940        0.69107912659466
H            4.43266746687665       -5.35483159718276       -0.48714134439171
H            6.81194259961798        3.92380415008826       -0.47247735081533
H            6.80809989080013        1.16602970555187        0.78240375151775
H            6.80200734626221       -1.23941937427086       -0.60974348242556
H            6.77914703133947       -3.98679409737652        0.65699507787363
60
 energy: -61.507978632824 gnorm: 0.003008163805 xtb: 6.7.1 (edcfbbe)
B           -5.83169137831652        3.39911988979966        0.26085140629209
B           -5.83915510393357        1.71764414999334       -0.10115563763816
B           -4.37088288033299        4.23151144384707       -0.10990412963733
B           -4.38078140345973        2.54854406068162       -0.00108457035143
B           -4.38616895528845        0.85082223436255        0.05241776697905
B           -5.85248427161023       -1.67385165977518        0.33120305772018
B           -5.86245989923863       -3.35805935776243       -0.00113653569794
B           -4.39343440563062       -0.82156108829597        0.13465898168138
B           -4.40185281921365       -2.51818365404402        0.23031529157480
B           -4.40585130891417       -4.19900136711843        0.37562528369571
B           -2.90473318979536        3.39851662418707        0.06493549248446
B           -2.91444924993747        1.69048699241237        0.09888463087624
B           -1.44018997146396        4.22012572804124        0.29713469592275
B           -1.44851441432809        2.53724213790929        0.12750745981967
B           -1.45575730159186        0.84184015917131        0.05163366869420
B           -2.92954426531139       -1.67412093390460        0.06946868188423
B           -2.93394549366515       -3.38112539247858        0.17602395150776
B           -1.46328379989449       -0.83795264670485        0.07504846179612
B           -1.47106521359017       -2.53337337634421        0.07689403214596
B           -1.47830360803435       -4.21902785135341       -0.03855694321526
B            0.02205588391393        3.38508531378947        0.10483992035717
B            0.01453436621884        1.67784921696960        0.06859422491643
B            1.48922623375147        4.20903396234061       -0.07803415744408
B            1.48292866301252        2.52444616216700        0.05723695519447
B            1.47516341494126        0.82894445995400        0.06985240786317
B           -0.00008562213947       -1.68692540108408        0.06742135146177
B           -0.00737456956009       -3.39385575432688        0.11518517618763
B            1.46761649933288       -0.85079136076384        0.04715302836820
B            1.46069657776201       -2.54612686068331        0.11816744947469
B            1.45353639073469       -4.22783884341642        0.30852846070786
B            2.94887120632861        3.37282155002632        0.12896535285981
B            2.94392547950133        1.66502328100913        0.05015848342820
B            4.41973960873053        4.19247776907207        0.30717950617134
B            4.41477944074082        2.51027448282891        0.18226234674095
B            4.40563372555958        0.81275703933512        0.11022554023103
B            2.92901544578617       -1.69940631408991        0.08995872559312
B            2.91918514655043       -3.40751762703852        0.06605025766636
B            4.39805811235146       -0.85988989344579        0.03411049335573
B            4.39241506156214       -2.55790705710731       -0.00851437306617
B            4.38184873722988       -4.24132399806420       -0.11306216011911
B            5.87677385688927        3.34757425449138       -0.06093549125938
B            5.86816512175229        1.66689545194414        0.29180370702220
B            5.85252077356837       -1.72775506688910       -0.12692131691130
B            5.84751898184518       -3.40697843946120        0.24252628102502
H           -6.76334791238545        3.98005730092599        0.67314118302426
H           -6.79287986767903        1.23084951057539       -0.57709018661663
H           -4.42324314588423        5.34161549090976       -0.49325829594476
H           -6.79162300485494       -1.16960613794178        0.81747003920374
H           -6.80026838956534       -3.93962802557076       -0.39871407298724
H           -4.46676139729255       -5.29978562993978        0.78322117173043
H           -1.44315911665939        5.37222008952459        0.53154539382957
H           -1.49153702936551       -5.38143696929762       -0.21942964753461
H            1.50116990403700        5.36850284707933       -0.27672145376815
H            1.45831398911656       -5.37943498213610        0.54640540846486
H            4.48335478134797        5.30008814897103        0.69492451552799
H            4.43308936542182       -5.35432523841846       -0.48790783683093
H            6.81214736445551        3.92585379664896       -0.46898837899723
H            6.80754909225931        1.16570705551317        0.78115137195602
H            6.80052988789039       -1.23997574874038       -0.61335453153312
H            6.77958202634446       -3.98830819828431        0.65269920411633
60
 energy: -61.507990733121 gnorm: 0.002033713881 xtb: 6.7.1 (edcfbbe)
B           -5.83177976073281        3.39916125346401        0.26002686690223
B           -5.83915084113942        1.71767722017808       -0.10132682262623
B           -4.37083878389286        4.23158353859737       -0.10935370284383
B           -4.38078237194142        2.54856383744222       -0.00146030599189
B           -4.38618762818611        0.85080493031038        0.05249841499744
B           -5.85251745436388       -1.67384448046802        0.33066768367541
B           -5.86252099345116       -3.35809334221324       -0.00013102947621
B           -4.39345396191044       -0.82155849229796        0.13351829709226
B           -4.40183919167684       -2.51815192594306        0.23133844764132
B           -4.40581046836170       -4.19900421959976        0.37577936627530
B           -2.90468951537977        3.39856875712009        0.06501413246382
B           -2.91446083695354        1.69048147734027        0.09830487860052
B           -1.44017911214322        4.22008758730948        0.29860080937736
B           -1.44850327208805        2.53722714615612        0.13334678704113
B           -1.45576081534820        0.84187962295949        0.05124068316461
B           -2.92955914156411       -1.67409527199967        0.06895722243505
B           -2.93388810036139       -3.38112816092525        0.17675282438412
B           -1.46328791358024       -0.83795953190421        0.07490877058372
B           -1.47108191534730       -2.53335956614425        0.07254235766116
B           -1.47830067685877       -4.21898035837325       -0.03970387223670
B            0.02205679552976        3.38507746014076        0.10559844205986
B            0.01452682998563        1.67787702921845        0.06919516591716
B            1.48920984125130        4.20901456281833       -0.07903258611483
B            1.48290252955044        2.52445088715106        0.05356088268725
B            1.47515878636073        0.82897597871673        0.06977800703624
B           -0.00008265184854       -1.68691237725864        0.06725652779293
B           -0.00737348535571       -3.39381603688672        0.11533161048079
B            1.46760555770088       -0.85080618353573        0.04640119573801
B            1.46070898990858       -2.54604854972900        0.12412928206094
B            1.45352602789131       -4.22773824061870        0.31033363457352
B            2.94882511577117        3.37285908092870        0.12958578551578
B            2.94392835419325        1.66502631408337        0.04958590855753
B            4.41970550583372        4.19249347128855        0.30752704593194
B            4.41476449960935        2.51027241725753        0.18383300760505
B            4.40564631152469        0.81277718680858        0.10889582266080
B            2.92901816446805       -1.69936764541180        0.08895178203735
B            2.91913750455836       -3.40754412157976        0.06625237903234
B            4.39806599002876       -0.85984115270549        0.03385737680009
B            4.39241373319761       -2.55790745627427       -0.00867952027319
B            4.38181983958135       -4.24137115559778       -0.11221211536385
B            5.87682550299481        3.34764269036060       -0.06026012706404
B            5.86820808380315        1.66691516912411        0.29086227004891
B            5.85250678129708       -1.72775800940745       -0.12729244460922
B            5.84759626111634       -3.40697996744194        0.24194382292139
H           -6.76482812779239        3.98106387066233        0.66781697581762
H           -6.79311816300882        1.23122934345970       -0.57677078270119
H           -4.42350931538759        5.34157394341088       -0.49293187938151
H           -6.79158918731274       -1.16912130909577        0.81619414274071
H           -6.80119727794830       -3.94110585254940       -0.39347175440708
H           -4.46672810821750       -5.30013026003612        0.78247036156055
H           -1.44321974832818        5.37070106578234        0.53898850359883
H           -1.49172333736593       -5.38000441463623       -0.22845731962970
H            1.50103787770500        5.36705321899432       -0.28529247470547
H            1.45812206653086       -5.37761114167132        0.55532652752191
H            4.48381539778802        5.29959147880365        0.69619654315384
H            4.43362432827531       -5.35435405588483       -0.48704376534627
H            6.81292209672430        3.92752225069233       -0.46429997539304
H            6.80790201975600        1.16534415384126        0.77918599293455
H            6.80058387972709       -1.24099085491029       -0.61442937010805
H            6.78091363518381       -3.98905707932112        0.64820440919110
60
 energy: -61.507995882010 gnorm: 0.000779930353 xtb: 6.7.1 (edcfbbe)
B           -5.83174820190559        3.39918203935405        0.25962396062579
B           -5.83916569735466        1.71768895371296       -0.10117663145440
B           -4.37082407696992        4.23168172279959       -0.10858015222730
B           -4.38077930090144        2.54855752464563       -0.00189062969417
B           -4.38619674511072        0.85080699485453        0.05225590588166
B           -5.85254431234482       -1.67382871748641        0.33044557546851
B           -5.86253208285007       -3.35805785739403        0.00057065223308
B           -4.39346559459510       -0.82153705793298        0.13352210243128
B           -4.40184605806636       -2.51812192499558        0.23160289653554
B           -4.40580765280959       -4.19907037585007        0.37517524310740
B           -2.90463052533378        3.39860541493087        0.06506438587509
B           -2.91447706464780        1.69049172164671        0.09773327890139
B           -1.44016716302344        4.22008070791282        0.29927156693133
B           -1.44849064888672        2.53721317617877        0.13682737381933
B           -1.45576124369123        0.84191264276082        0.05077567863503
B           -2.92958560556642       -1.67407778699587        0.06948580127816
B           -2.93386062081324       -3.38114866374265        0.17622556647947
B           -1.46328539337635       -0.83797943648355        0.07520201281859
B           -1.47110592829007       -2.53335650162229        0.06937989629159
B           -1.47831790211607       -4.21895853695990       -0.04070864757383
B            0.02206946245545        3.38505253224348        0.10521125643400
B            0.01452983149678        1.67788986211821        0.06879298131689
B            1.48923615058248        4.20898276485795       -0.08017303678260
B            1.48291213785492        2.52444081133426        0.05049517140498
B            1.47516639901969        0.82900323923903        0.07000808700000
B           -0.00007948170986       -1.68692007951973        0.06710555325960
B           -0.00737926088394       -3.39378481660405        0.11535580783933
B            1.46760968213809       -0.85084338001136        0.04599014494292
B            1.46073049831620       -2.54600860345305        0.12780713689586
B            1.45353690201597       -4.22769982340738        0.31135576382100
B            2.94880326055946        3.37287880859640        0.12915899499779
B            2.94396673800666        1.66501636129047        0.04999772826384
B            4.41970364856983        4.19254799630315        0.30712749964936
B            4.41477317034725        2.51024480891380        0.18431467699004
B            4.40566365465958        0.81275765956819        0.10892690355557
B            2.92903847369548       -1.69937852093919        0.08817119453062
B            2.91908240493684       -3.40758156613135        0.06620189588104
B            4.39808485432597       -0.85983930227291        0.03355151515368
B            4.39241136937690       -2.55790259300112       -0.00915305193948
B            4.38180519679748       -4.24145733374595       -0.11159392618289
B            5.87684648637721        3.34762618178804       -0.05929273165305
B            5.86823403786075        1.66688068391469        0.29084410638560
B            5.85251283859856       -1.72774743475830       -0.12756415409922
B            5.84757841132759       -3.40699825410420        0.24126763866922
H           -6.76579160097688        3.98082203155420        0.66581154873408
H           -6.79407506191957        1.23113294254599       -0.57477899832453
H           -4.42331564540426        5.34194450242858       -0.49154654834334
H           -6.79241722797830       -1.16834258859121        0.81421678560528
H           -6.80192299922267       -3.94174901624018       -0.39046372083637
H           -4.46651663055114       -5.30061672929151        0.78097533013254
H           -1.44290898332187        5.37045935993962        0.54311282050803
H           -1.49152826229639       -5.37940249392417       -0.23305716872644
H            1.50083478317358        5.36641181585842       -0.28978668226611
H            1.45775975542321       -5.37696327521746        0.56067175351866
H            4.48351586247105        5.30015808085281        0.69506698260065
H            4.43354624652777       -5.35485055074003       -0.48543575710231
H            6.81377586868203        3.92795616676207       -0.46106758552077
H            6.80847921765612        1.16491106034848        0.77790019133362
H            6.80134878830887       -1.24130340826755       -0.61346430752508
H            6.78208699135630       -3.98895620957051        0.64574346351453
60
 energy: -61.507997527925 gnorm: 0.000788265805 xtb: 6.7.1 (edcfbbe)
B           -5.83172133434989        3.39920702989136        0.25977954844760
B           -5.83917688021578        1.71768520590542       -0.10098486449366
B           -4.37080083711679        4.23170655825327       -0.10776637158013
B           -4.38079214222291        2.54854901168526       -0.00195708154814
B           -4.38619852491307        0.85081675785704        0.05260359773447
B           -5.85254208802345       -1.67382165253742        0.33052621478102
B           -5.86257435968101       -3.35803513208521        0.00066358414095
B           -4.39345790115957       -0.82151949053412        0.13401731441598
B           -4.40187690101406       -2.51813147695699        0.23095663028242
B           -4.40579664745937       -4.19912885279150        0.37401462150028
B           -2.90460085937922        3.39861742571318        0.06516583688896
B           -2.91446008431881        1.69049307584946        0.09736158488432
B           -1.44014057240405        4.22008398617382        0.29909121534842
B           -1.44846557527468        2.53718511371703        0.13814461778470
B           -1.45575084134477        0.84192108385082        0.05049760607060
B           -2.92958047903254       -1.67407028618760        0.07055877891592
B           -2.93387137273610       -3.38118223757998        0.17506407501121
B           -1.46327734868356       -0.83800098199969        0.07597843506364
B           -1.47110690870402       -2.53335323737259        0.06758678859466
B           -1.47832606198761       -4.21894489525243       -0.04138893375324
B            0.02208302305826        3.38501337603877        0.10426377364667
B            0.01453712629569        1.67788227436998        0.06798905175242
B            1.48925837066347        4.20893280046021       -0.08097309679770
B            1.48291563359443        2.52439767378644        0.04848653302530
B            1.47517105764821        0.82900476681037        0.07057177235622
B           -0.00008122847300       -1.68694449468359        0.06705167871033
B           -0.00738864714444       -3.39377224904849        0.11520803789281
B            1.46760774980826       -0.85088114861431        0.04581938899154
B            1.46072771933108       -2.54599457070895        0.12929669891344
B            1.45353237101453       -4.22770964482557        0.31152877124069
B            2.94880835100587        3.37287668167169        0.12821017539082
B            2.94397851242946        1.66498678224429        0.05093894140117
B            4.41969007606133        4.19257763964735        0.30600136730319
B            4.41480855601214        2.51022652789196        0.18353204590569
B            4.40567674820240        0.81271908554114        0.10930627884973
B            2.92902997088113       -1.69941139352253        0.08793970801064
B            2.91905497976749       -3.40762007747561        0.06604319947868
B            4.39809537468969       -0.85987462512232        0.03390851735775
B            4.39242772025481       -2.55791836758378       -0.00938289810148
B            4.38177568577907       -4.24150600444923       -0.11112211830607
B            5.87691750604136        3.34759115152612       -0.05855874321414
B            5.86821216864943        1.66682150325123        0.29162071931452
B            5.85252413382085       -1.72774232365594       -0.12764896127234
B            5.84758212586150       -3.40706363340383        0.24074189900306
H           -6.76597424859288        3.97985249829547        0.66703685167174
H           -6.79515325523578        1.23071415038230       -0.57244964885820
H           -4.42272397735032        5.34243362140291       -0.48975539818403
H           -6.79358645017396       -1.16778309908258        0.81232863437124
H           -6.80233895554754       -3.94139783269363       -0.39023339589334
H           -4.46611599724659       -5.30101800489335        0.77923168215757
H           -1.44248295895342        5.37079822028636        0.54415820511230
H           -1.49124077116879       -5.37940665828273       -0.23425437383677
H            1.50076447257406        5.36637331922337       -0.29091046230119
H            1.45758319701118       -5.37696726616751        0.56279437227897
H            4.48264650545070        5.30131232425205        0.69198242713150
H            4.43292203374355       -5.35543816435791       -0.48369855096886
H            6.81451036978563        3.92726391870676       -0.45992225858875
H            6.80898734275911        1.16469142270955        0.77773472987336
H            6.80221032126436       -1.24089300998128       -0.61154439511049
H            6.78268115644880       -3.98834844554428        0.64542674180212
