60
 energy: -61.499570916838 gnorm: 0.121554206014 xtb: 6.7.1 (edcfbbe)
B           -5.84896311000000        3.38587758000000        0.48868298000000
B           -5.84935673000000        1.70211670000000        0.18381137000000
B           -4.38662630000000        4.22453851000000        0.17033196000000
B           -4.39151275000000        2.53977961000000        0.30079823000000
B           -4.39288743000000        0.84463429000000        0.38203610000000
B           -5.85398944000000       -1.68862435000000        0.18933672000000
B           -5.85857516000000       -3.37039994000000        0.50608330000000
B           -4.39524376000000       -0.83407655000000        0.38002508000000
B           -4.39861342000000       -2.52968369000000        0.31350496000000
B           -4.39837513000000       -4.21547560000000        0.20017620000000
B           -2.91862854000000        3.38927833000000        0.26593374000000
B           -2.92422669000000        1.68754504000000        0.42333324000000
B           -1.45845600000000        4.22374915000000        0.44467110000000
B           -1.46028712000000        2.53623961000000        0.38654899000000
B           -1.46212874000000        0.84278804000000        0.31659100000000
B           -2.92893313000000       -1.68093410000000        0.41918263000000
B           -2.92797676000000       -3.38367375000000        0.28892601000000
B           -1.46444137000000       -0.84089689000000        0.31721144000000
B           -1.46747983000000       -2.53352096000000        0.41449174000000
B           -1.47058796000000       -4.22007936000000        0.49653041000000
B            0.00713454000000        3.38336717000000        0.47152287000000
B            0.00589928000000        1.68382998000000        0.28784304000000
B            1.47246643000000        4.21846662000000        0.50685656000000
B            1.47038773000000        2.53192186000000        0.41525174000000
B            1.46853980000000        0.83875921000000        0.30364666000000
B            0.00116321000000       -1.68625550000000        0.28713703000000
B           -0.00233034000000       -3.38477994000000        0.48428490000000
B            1.46612744000000       -0.84511118000000        0.30748277000000
B            1.46331656000000       -2.53748452000000        0.42875091000000
B            1.46067082000000       -4.22325551000000        0.53691858000000
B            2.93511682000000        3.38168921000000        0.32758420000000
B            2.93419299000000        1.67940364000000        0.43793556000000
B            4.40379426000000        4.21268165000000        0.23087168000000
B            4.40263150000000        2.52750782000000        0.35314898000000
B            4.39841285000000        0.83228764000000        0.41651435000000
B            2.92953533000000       -1.68910446000000        0.44215682000000
B            2.92540547000000       -3.39205821000000        0.34128988000000
B            4.39606886000000       -0.84625211000000        0.41699755000000
B            4.39552548000000       -2.54175947000000        0.36668505000000
B            4.39187458000000       -4.22785806000000        0.25920583000000
B            5.86256210000000        3.36911223000000        0.56658553000000
B            5.86195434000000        1.68633810000000        0.25117289000000
B            5.85713794000000       -1.70524304000000        0.25719786000000
B            5.85320855000000       -3.38619739000000        0.58244848000000
H           -6.80027385000000        3.95883780000000        0.86804740000000
H           -6.81079228000000        1.20428929000000       -0.25889121000000
H           -4.43451089000000        5.34267368000000       -0.18654123000000
H           -6.81518089000000       -1.19234463000000       -0.25599597000000
H           -6.81248786000000       -3.93876942000000        0.88692019000000
H           -4.44732403000000       -5.34052332000000       -0.13595871000000
H           -1.46974771000000        5.39144954000000        0.57115565000000
H           -1.48845592000000       -5.37852072000000        0.69660441000000
H            1.48556687000000        5.38100553000000        0.67298632000000
H            1.47223501000000       -5.37899886000000        0.75199664000000
H            4.46160117000000        5.32516841000000       -0.14180293000000
H            4.44373118000000       -5.34996572000000       -0.08573214000000
H            6.80764321000000        3.93888321000000        0.96494600000000
H            6.82856908000000        1.18898897000000       -0.18107660000000
H            6.82540703000000       -1.21317080000000       -0.17710518000000
H            6.79707926000000       -3.95639627000000        0.98428010000000
60
 energy: -61.502515048339 gnorm: 0.036592142474 xtb: 6.7.1 (edcfbbe)
B           -5.84667147807074        3.38473758519834        0.51330384503788
B           -5.84722840039734        1.70497561030801        0.16389622486578
B           -4.38732711162120        4.22126513571735        0.14452798103025
B           -4.39232319051117        2.53970972904580        0.29456938789901
B           -4.39320534184897        0.84264213052555        0.39112168487329
B           -5.85180014153688       -1.69181944018583        0.16898807794169
B           -5.85633450065004       -3.36924861115438        0.53033229120094
B           -4.39557948203320       -0.83220859984607        0.39160345758856
B           -4.39942402331873       -2.52986132606331        0.30823926745130
B           -4.39897423623560       -4.21265012048209        0.17456204088054
B           -2.91807934900496        3.39232861494684        0.25767996001861
B           -2.92360346662530        1.68476449494112        0.42878442779703
B           -1.45858792300335        4.22255567937171        0.45501385828345
B           -1.46040370383701        2.53602788251911        0.38849207822877
B           -1.46232757136514        0.84136020088614        0.31785228063962
B           -2.92830750191600       -1.67822443336464        0.42715651388603
B           -2.92731492256479       -3.38702028613086        0.28092571950209
B           -1.46463915989536       -0.83966267492143        0.31839878492043
B           -1.46758417221644       -2.53337423007058        0.41890940605687
B           -1.47080488341881       -4.21873105280598        0.51083980597237
B            0.00705392720952        3.38603453722130        0.48140339463613
B            0.00587471447936        1.68112508730160        0.28047892496082
B            1.47250134667802        4.21703052727961        0.51974268489861
B            1.47039314971550        2.53171433420459        0.41721388307160
B            1.46874795347065        0.83735217890407        0.30722313260892
B            0.00113650917947       -1.68384945268385        0.28040617001073
B           -0.00245533818152       -3.38744107887089        0.49750608077779
B            1.46632772728015       -0.84388009591666        0.30988143187874
B            1.46332695698538       -2.53735178027279        0.43288465566221
B            1.46075495919650       -4.22175867380784        0.55205988863063
B            2.93452759497183        3.38486235200306        0.31578308787347
B            2.93330733005751        1.67659131609616        0.44359981864197
B            4.40472777599491        4.20947228220268        0.20446916937489
B            4.40360296473507        2.52744366684653        0.34590960509172
B            4.39859737798032        0.83026419364253        0.42918009338838
B            2.92867542275066       -1.68637088091051        0.44753056249917
B            2.92471996273293       -3.39548867584282        0.33138275989295
B            4.39625375727018       -0.84431474478623        0.43212031958664
B            4.39648711966919       -2.54194049320576        0.36080747685179
B            4.39278513750583       -4.22505983049407        0.23312053515072
B            5.85985621363550        3.36800206145031        0.58856940875414
B            5.85998994830626        1.68931268672547        0.23264406084602
B            5.85511524306596       -1.70849161802260        0.23800663460559
B            5.85057755394511       -3.38501702706061        0.60494212585923
H           -6.79868782805347        3.95956469461724        0.89195567217156
H           -6.81191711730272        1.20827747892695       -0.27468596330288
H           -4.43839836975958        5.34223253033408       -0.20585295004652
H           -6.81544666771842       -1.19593756947673       -0.27295774455858
H           -6.81106885620026       -3.93881315922489        0.91039035628936
H           -4.45128602410916       -5.33944621609924       -0.15704167408430
H           -1.46875692718895        5.39150757096901        0.58272882859094
H           -1.48841546143194       -5.37867958281438        0.70546267175231
H            1.48683121016586        5.38071731491673        0.68779373858350
H            1.47362104765099       -5.37899362446094        0.76206022021404
H            4.46459785372335        5.32605162375600       -0.15810980828368
H            4.44699121650883       -5.34975770587596       -0.10488862376247
H            6.80594908370261        3.93965655442649        0.98580044821416
H            6.82899889093820        1.19191337272711       -0.19546332188070
H            6.82540247058500       -1.21580329676947       -0.19269409786365
H            6.79578727992643       -3.95650304639001        1.00496890833958
60
 energy: -61.502925388101 gnorm: 0.023245453362 xtb: 6.7.1 (edcfbbe)
B           -5.84755378038414        3.38533302961585        0.51412659105083
B           -5.84756290209550        1.70542174737434        0.16354850033464
B           -4.38762105997988        4.22114617503066        0.13699065127935
B           -4.39208898628445        2.53950212640445        0.29131655185439
B           -4.39347608367710        0.84234209074499        0.38768555248032
B           -5.85210796761744       -1.69239375040693        0.16883588658699
B           -5.85723946052386       -3.36986539947937        0.53139989276774
B           -4.39584120800427       -0.83196929698543        0.38895414622279
B           -4.39917840050601       -2.52973995972031        0.30619633376161
B           -4.39921036382202       -4.21265829257366        0.16715539439187
B           -2.91727125004476        3.39245288714653        0.24914143408110
B           -2.92423632719391        1.68462814402258        0.43388205826025
B           -1.45904179472661        4.22261729963773        0.46205261944351
B           -1.46043368217349        2.53621104861435        0.38944624600065
B           -1.46244616696365        0.84137530126769        0.31870636515293
B           -2.92896472059761       -1.67806812367230        0.43469319410519
B           -2.92651087050417       -3.38731441674402        0.27441385731206
B           -1.46475987230780       -0.83976042426229        0.31999979202384
B           -1.46764491655807       -2.53357299025813        0.42227634752037
B           -1.47127879003029       -4.21870591596616        0.51958701530479
B            0.00696711523740        3.38606074018189        0.49019708418378
B            0.00587201698551        1.68097046719854        0.27445320244197
B            1.47283098805868        4.21700118065923        0.52711665766948
B            1.47035890073471        2.53190141943639        0.41796816455799
B            1.46877537917931        0.83735535321756        0.31035002525032
B            0.00112618260333       -1.68384723098833        0.27587558572090
B           -0.00256486311514       -3.38732475984939        0.51089327527162
B            1.46634776868519       -0.84397589940805        0.31296106802568
B            1.46327188932191       -2.53755574439894        0.43640973149556
B            1.46108523220040       -4.22169768086046        0.56036022523061
B            2.93371690481845        3.38506616200799        0.30550437459215
B            2.93384437816830        1.67645494640743        0.44923773108438
B            4.40503530041287        4.20933057808567        0.19627317483295
B            4.40329815913329        2.52718880454264        0.34237352806748
B            4.39880820014287        0.82996857661932        0.42770427008707
B            2.92922174958369       -1.68624698527437        0.45376717812819
B            2.92389189626826       -3.39582241215684        0.32232337656964
B            4.39645063924300       -0.84408287758531        0.43050627015600
B            4.39616237237303       -2.54178435605562        0.35818370438443
B            4.39302613117631       -4.22509105891827        0.22589592038490
B            5.86076599417908        3.36871423369480        0.58795718598793
B            5.86029242842921        1.68972437833030        0.23327729512143
B            5.85539967629847       -1.70902441888325        0.23891985593838
B            5.85148978991856       -3.38574236195538        0.60481220842081
H           -6.79320635505645        3.95910883404474        0.90683138708777
H           -6.80919915342149        1.21250799879105       -0.28487539768797
H           -4.44378333876416        5.33822908474801       -0.22389809640703
H           -6.81191658858263       -1.20015562368001       -0.28427893772685
H           -6.80570820288215       -3.93814668952699        0.92525441598952
H           -4.45664488523724       -5.33505519138913       -0.17701366593184
H           -1.46953487814333        5.39105019939245        0.59716491422083
H           -1.48978172770656       -5.37813721629899        0.71678591517350
H            1.48860604492919        5.37949845730058        0.70547656234940
H            1.47559627290095       -5.37820563756270        0.77388003221598
H            4.46954659100640        5.32326778225990       -0.17253412810955
H            4.45211030091874       -5.34625687362405       -0.12162655966034
H            6.80075532883708        3.93989107613367        0.99694427344905
H            6.82597561870408        1.19528694298642       -0.20438257480135
H            6.82194374608783       -1.21934047877906       -0.20229887920532
H            6.79080215036810       -3.95627089863400        1.01637087550535
60
 energy: -61.503119364628 gnorm: 0.014026593445 xtb: 6.7.1 (edcfbbe)
B           -5.84719846192100        3.38519118396068        0.51187442315169
B           -5.84737926208053        1.70525809496401        0.16405602393320
B           -4.38718343106759        4.22071349380702        0.13025618083161
B           -4.39178848364782        2.53933610916617        0.28897285814819
B           -4.39338507145587        0.84238471803332        0.38687967771700
B           -5.85190632071427       -1.69233566037049        0.16980465038266
B           -5.85690981440612       -3.36967326161173        0.53021987106407
B           -4.39575100545444       -0.83200073735689        0.38888570900282
B           -4.39888548425302       -2.52961256874113        0.30531551582911
B           -4.39874885619476       -4.21233011330290        0.16134124857669
B           -2.91682940629186        3.39210214858475        0.24366796592934
B           -2.92434692752381        1.68470974670734        0.43795313959506
B           -1.45924881507534        4.22229078340651        0.46911059403348
B           -1.46032715262912        2.53615720846173        0.38987622467053
B           -1.46240660895369        0.84149688310349        0.31885543123629
B           -2.92909150982726       -1.67808369180272        0.44124851528085
B           -2.92610697147405       -3.38704777862680        0.27127531875940
B           -1.46472509708812       -0.83992550113222        0.32092406183278
B           -1.46756244456263       -2.53350411091321        0.42460873265720
B           -1.47148661347201       -4.21827822660321        0.52742905324490
B            0.00690093923178        3.38544756778974        0.49673037932233
B            0.00588421277387        1.68104437101529        0.26833493305543
B            1.47290135286698        4.21661895590150        0.53357171810088
B            1.47021006507484        2.53186334787168        0.41803581428852
B            1.46866188626025        0.83746442664270        0.31303665531096
B            0.00112210645256       -1.68402393761101        0.27177318933353
B           -0.00265952787059       -3.38653884633042        0.52152928339837
B            1.46622964561707       -0.84414195472900        0.31579870901034
B            1.46309730963935       -2.53749240180530        0.43926967563980
B            1.46112418387917       -4.22126848415388        0.56753373897125
B            2.93329523995199        3.38470442066352        0.29941731628983
B            2.93386627418033        1.67653695459896        0.45439030463477
B            4.40459820104613        4.20889379495703        0.18900473756374
B            4.40296562425413        2.52700941784374        0.34023502375646
B            4.39865191571724        0.83000741548846        0.42847263958503
B            2.92923026886756       -1.68629489033335        0.46020385945213
B            2.92345055744113       -3.39556464744382        0.31854137185812
B            4.39629352730188       -0.84413177707888        0.43143633964440
B            4.39581212549309       -2.54166131101639        0.35728696653172
B            4.39255622217889       -4.22477620454693        0.21955470619569
B            5.86041187834659        3.36861781363493        0.58461112071552
B            5.86006680945983        1.68951348238947        0.23432233369940
B            5.85514532295228       -1.70894132645454        0.24032328778108
B            5.85111886947304       -3.38562358979868        0.60276702224385
H           -6.78551557576790        3.95929469427360        0.92226254022730
H           -6.80454317987229        1.21618318287292       -0.29856683783653
H           -4.44878139838054        5.33249748033300       -0.24684440359077
H           -6.80651011960245       -1.20414326605315       -0.29906396764654
H           -6.79810368252817       -3.93818279813444        0.94156071644226
H           -4.46174255530074       -5.32888746239528       -0.20160080614325
H           -1.47117712680873        5.38982327209267        0.61655689460033
H           -1.49154496969092       -5.37678180100000        0.73158376629221
H            1.49080808802586        5.37718585048196        0.72825635992630
H            1.47775342942763       -5.37650372753098        0.78937324393360
H            4.47407044561525        5.31898531706971       -0.19103343156278
H            4.45705776851040       -5.34119221975575       -0.14294726444628
H            6.79348319830920        3.94128170900752        1.00790453888610
H            6.82113855881483        1.19808114513048       -0.21716907615855
H            6.81676130624616       -1.22273848226677       -0.21585598686871
H            6.78374509050638       -3.95722011135399        1.02837705168537
60
 energy: -61.503181912576 gnorm: 0.006219230157 xtb: 6.7.1 (edcfbbe)
B           -5.84719942639797        3.38522304471461        0.51140500991708
B           -5.84745774067486        1.70517224364013        0.16214609284099
B           -4.38710058140132        4.22063240901315        0.12549090784239
B           -4.39199444715150        2.53952675559680        0.28807269352727
B           -4.39350327451300        0.84262108982919        0.38929750208368
B           -5.85198756482942       -1.69229066118547        0.16848113347179
B           -5.85691988806363       -3.36959090451481        0.53116888441841
B           -4.39587704937515       -0.83216966001369        0.39174763339647
B           -4.39910606369119       -2.52978565089754        0.30527579504640
B           -4.39868879018129       -4.21230523955206        0.15792638619122
B           -2.91721976694952        3.39218583221104        0.24466620185452
B           -2.92424532149243        1.68491389503103        0.43814012327477
B           -1.45928537549152        4.22229315319576        0.47325960425622
B           -1.46037698878540        2.53623462439200        0.39027142327487
B           -1.46243574933153        0.84158281942619        0.31853590813812
B           -2.92898842727875       -1.67821550952692        0.44261040932674
B           -2.92653804883888       -3.38710050695309        0.27350147079885
B           -1.46476078534561       -0.83999104817190        0.32112243532038
B           -1.46761308031829       -2.53353869703713        0.42514713506900
B           -1.47150834458086       -4.21821515382661        0.53102008523613
B            0.00689523688207        3.38545790523027        0.49689096489859
B            0.00589488251973        1.68122235572670        0.26690809720542
B            1.47286736695124        4.21662025025526        0.53666889206789
B            1.47024814876278        2.53194698726553        0.41821378886038
B            1.46868250334395        0.83754861603289        0.31413674961927
B            0.00112069861401       -1.68420382112306        0.27177088891615
B           -0.00268129263374       -3.38644949139697        0.52268871030751
B            1.46625203745059       -0.84420832370214        0.31717170409330
B            1.46312605369976       -2.53752547091947        0.44032888597099
B            1.46106044069180       -4.22122211096186        0.57077725475105
B            2.93369904855387        3.38472145094237        0.30035872626894
B            2.93372702466614        1.67674598390984        0.45566674429128
B            4.40453881272798        4.20885120198587        0.18465626437254
B            4.40318974095508        2.52722489924406        0.33987640106340
B            4.39873468574277        0.83023238914163        0.43126003833861
B            2.92907401858525       -1.68643693681227        0.46273153831618
B            2.92385467109584       -3.39559317827806        0.32154092401676
B            4.39637955266106       -0.84430137544819        0.43470806931977
B            4.39603264623732       -2.54186404307371        0.35776509060395
B            4.39250012441861       -4.22476236320853        0.21588584324067
B            5.86042323854321        3.36862829577239        0.58369410184855
B            5.86015730011811        1.68940648958379        0.23243674823850
B            5.85521937425606       -1.70889327955902        0.23884586609946
B            5.85110568472954       -3.38555955775110        0.60320807845916
H           -6.78099673788806        3.96012480995412        0.93062346446410
H           -6.80105219931208        1.21713338902453       -0.30907848477476
H           -4.45041397304861        5.32853574999942       -0.26262064372382
H           -6.80280460508377       -1.20562302503957       -0.30978717141838
H           -6.79362478470641       -3.93888682864849        0.95136024673683
H           -4.46363008260225       -5.32463122281566       -0.21755874314928
H           -1.47277728455473        5.38841840131799        0.63115395170160
H           -1.49260062942257       -5.37543338495692        0.74208979066812
H            1.49222898340770        5.37502334137898        0.74374050520154
H            1.47865823668312       -5.37495029005409        0.80019972146633
H            4.47541804981492        5.31594646987643       -0.20375258910768
H            4.45882432317731       -5.33757432035317       -0.15731156911101
H            6.78936660258220        3.94300697646089        1.01352515941292
H            6.81769773807848        1.19865188601504       -0.22748256056782
H            6.81326590599588       -1.22401374996558       -0.22639404910262
H            6.77971172199799       -3.95870381042078        1.03534542485042
60
 energy: -61.503197222028 gnorm: 0.002922384221 xtb: 6.7.1 (edcfbbe)
B           -5.84725727506608        3.38524577779340        0.51132932795136
B           -5.84732127391317        1.70518709795017        0.16068443873060
B           -4.38702407497100        4.22056501687568        0.12468660405986
B           -4.39188141342458        2.53951828210921        0.28744083779423
B           -4.39339716852844        0.84265532085138        0.38845418874031
B           -5.85187232614264       -1.69229941119510        0.16767146251177
B           -5.85696802141561       -3.36953585365621        0.53219747562482
B           -4.39576979297469       -0.83216531709355        0.39094964717357
B           -4.39899907294290       -2.52975087044457        0.30481011148893
B           -4.39865138391545       -4.21224084563105        0.15809909353819
B           -2.91728786117653        3.39217681218750        0.24657765823688
B           -2.92417140021620        1.68492165257098        0.43690192442604
B           -1.45924064251969        4.22219656224738        0.47499845030406
B           -1.46038657154799        2.53620604720682        0.39116338811572
B           -1.46241674495452        0.84154712439324        0.31870527541491
B           -2.92891391604024       -1.67818676870109        0.44161227664427
B           -2.92662726341127       -3.38705019357313        0.27574805084034
B           -1.46474711518011       -0.83991905033158        0.32157548479248
B           -1.46761987008790       -2.53348034204770        0.42522476130006
B           -1.47145293066854       -4.21810581806506        0.53184686909675
B            0.00690979551306        3.38560802910051        0.49486170711959
B            0.00589236696687        1.68119631437358        0.26810443199358
B            1.47280527249254        4.21654132441178        0.53756214972733
B            1.47025398288696        2.53190432276234        0.41912896417454
B            1.46866828285015        0.83751360553357        0.31466224926632
B            0.00111689581783       -1.68414318328873        0.27344397252322
B           -0.00267015045199       -3.38658690132275        0.52030204022249
B            1.46623949327434       -0.84413469744960        0.31792381138378
B            1.46313496171544       -2.53745994195954        0.44064403388946
B            1.46099490668600       -4.22112266666805        0.57139268484604
B            2.93375084994275        3.38469803317742        0.30170127069575
B            2.93366050815617        1.67675661715001        0.45484985172671
B            4.40449336169284        4.20881127679679        0.18467248477668
B            4.40308207512469        2.52722540103681        0.33959779252037
B            4.39864034369428        0.83025994079163        0.43003637756428
B            2.92900341129225       -1.68640737749429        0.46241107279878
B            2.92392815093899       -3.39552927271647        0.32349813972352
B            4.39628163187270       -0.84429341112684        0.43355275347968
B            4.39592765848270       -2.54183730811124        0.35755987334592
B            4.39245863657573       -4.22471719610822        0.21664718408949
B            5.86051839146355        3.36862985280495        0.58373436425788
B            5.86004156958684        1.68941722036420        0.23087673992363
B            5.85511030348015       -1.70890409445210        0.23778113118523
B            5.85117966574802       -3.38549713665498        0.60410519568489
H           -6.78015565459223        3.96032147842779        0.93148120238275
H           -6.79983454352601        1.21718892761864       -0.31270069813177
H           -4.45055172832086        5.32679445301635       -0.26766855321247
H           -6.80173184756202       -1.20606767106736       -0.31278683665103
H           -6.79279968101022       -3.93888071060556        0.95355465420963
H           -4.46402072087505       -5.32280531989161       -0.22179160370735
H           -1.47362195738718        5.38735345512228        0.63869460217642
H           -1.49291534538427       -5.37460503198216        0.74676148273644
H            1.49271550685433        5.37368700169187        0.75005039337797
H            1.47863839237252       -5.37410483157332        0.80448122274360
H            4.47546757924010        5.31467583341093       -0.20705487284190
H            4.45908681172883       -5.33593471323555       -0.16083651497313
H            6.78888100815162        3.94338934763880        1.01372561861611
H            6.81658862500625        1.19872059213395       -0.23119268950680
H            6.81224036091307       -1.22448022470122       -0.22972834132767
H            6.77916349768584       -3.95887246040126        1.03681299040502
60
 energy: -61.503203711140 gnorm: 0.001536668783 xtb: 6.7.1 (edcfbbe)
B           -5.84721124018138        3.38520405963017        0.51061695290753
B           -5.84728010382343        1.70524670770434        0.15950438056526
B           -4.38701183139248        4.22059252905240        0.12457817795796
B           -4.39188346014547        2.53954201627970        0.28618872275225
B           -4.39341869409882        0.84264786655699        0.38621810273595
B           -5.85185595914409       -1.69234903569757        0.16712434826889
B           -5.85691102985248       -3.36943029825824        0.53254681880411
B           -4.39579366215855       -0.83213527000235        0.38889838648554
B           -4.39900854881590       -2.52975399897925        0.30372211372064
B           -4.39868257757250       -4.21225289906825        0.15874216097678
B           -2.91727197583151        3.39223659042077        0.24725619902420
B           -2.92422013557731        1.68491750035263        0.43580567601057
B           -1.45927029579706        4.22217810848400        0.47678889067830
B           -1.46040303704836        2.53621267319721        0.39261279158487
B           -1.46242572715879        0.84154429021850        0.31942048728557
B           -2.92896331989809       -1.67815517679318        0.44085660388705
B           -2.92663254437236       -3.38707825812000        0.27683265455677
B           -1.46476087348895       -0.83988335950327        0.32252716687794
B           -1.46763773543393       -2.53346142217673        0.42585171944986
B           -1.47147836596745       -4.21807588553232        0.53289827658993
B            0.00691974851344        3.38573362886392        0.49369162504546
B            0.00588786249721        1.68119706819275        0.26902087174631
B            1.47281991411544        4.21653751376763        0.53841672213305
B            1.47026403023706        2.53189695815510        0.42070225593118
B            1.46866925359120        0.83750752828189        0.31569643294212
B            0.00110819227923       -1.68411095054558        0.27480533594341
B           -0.00266849478203       -3.38670527801998        0.51923499223047
B            1.46624019455299       -0.84409846398472        0.31922970272390
B            1.46314508291756       -2.53743789698442        0.44146862837694
B            1.46100394403729       -4.22111023338634        0.57195396131237
B            2.93371924353641        3.38475429476650        0.30191398329805
B            2.93372043894172        1.67674911866852        0.45391396789891
B            4.40451853328847        4.20883980551416        0.18500658650378
B            4.40310217270597        2.52724535465765        0.33865451727163
B            4.39868949922427        0.83024586887682        0.42784759350234
B            2.92905545841418       -1.68637822008540        0.46188889661858
B            2.92390870202094       -3.39555491811218        0.32411913647215
B            4.39632921599742       -0.84427176397214        0.43152133879189
B            4.39594598075261       -2.54184551934949        0.35656511377153
B            4.39249464599309       -4.22474401957818        0.21754412758925
B            5.86047494032589        3.36855767281848        0.58335207608565
B            5.86001002694081        1.68947040320916        0.22949971311996
B            5.85508644121684       -1.70896513242678        0.23693308173867
B            5.85110898664153       -3.38538392565015        0.60456112549017
H           -6.78042447606207        3.96005927196277        0.93004333347795
H           -6.79966421938937        1.21746566820113       -0.31410139476219
H           -4.45056374859993        5.32578863975002       -0.27006031787682
H           -6.80174750351455       -1.20663359910174       -0.31347982774720
H           -6.79307432431962       -3.93837481041756        0.95343607647395
H           -4.46424799217155       -5.32173490606161       -0.22344143036934
H           -1.47408190695394        5.38645169913155        0.64533214710961
H           -1.49301302428575       -5.37401367029339        0.75043741564787
H            1.49288281844032        5.37269204230186        0.75468504635459
H            1.47854405756454       -5.37355622847211        0.80728572331150
H            4.47549705885983        5.31406273597039       -0.20821603999486
H            4.45928882604372       -5.33501212617120       -0.16211153211648
H            6.78943838161835        3.94300424708761        1.01237450787376
H            6.81645909523455        1.19910754355851       -0.23292597367535
H            6.81219578113427       -1.22511601769704       -0.23094982434520
H            6.77964483020061       -3.95827202119192        1.03668933298056
60
 energy: -61.503208489518 gnorm: 0.000991196744 xtb: 6.7.1 (edcfbbe)
B           -5.84725748495651        3.38524754761759        0.50928629582281
B           -5.84720873227248        1.70528201749240        0.15770794206170
B           -4.38694964463467        4.22062935301205        0.12393011888183
B           -4.39185489924174        2.53953395594193        0.28398731432336
B           -4.39344313105719        0.84263596671303        0.38375109442931
B           -5.85182476850956       -1.69237653441542        0.16639014772811
B           -5.85694787492898       -3.36937905798291        0.53276981366039
B           -4.39582276369032       -0.83208983340232        0.38687190077113
B           -4.39899625950493       -2.52972235126505        0.30193137669549
B           -4.39867940288740       -4.21227392833865        0.15932206312473
B           -2.91717614591607        3.39231884310568        0.24707572842159
B           -2.92424277150394        1.68490643374555        0.43439991465194
B           -1.45932491195845        4.22210822216110        0.47957428591018
B           -1.46041179049021        2.53620987185058        0.39525821738393
B           -1.46241933670905        0.84158018861706        0.32025333564363
B           -2.92898695737199       -1.67810034956082        0.44028554950336
B           -2.92657995474021       -3.38712389444090        0.27748945501934
B           -1.46476042790361       -0.83987732959792        0.32364261606372
B           -1.46764505659764       -2.53341954331846        0.42722692331683
B           -1.47152465316244       -4.21797909174984        0.53476250021137
B            0.00693348066319        3.38576999861188        0.49275512884046
B            0.00589248317020        1.68122478075296        0.26904256060325
B            1.47285801725673        4.21649901468842        0.53952429370622
B            1.47025834237695        2.53187817764685        0.42353893577230
B            1.46865609288575        0.83753944576015        0.31695619099567
B            0.00110129822251       -1.68410213783263        0.27569262753484
B           -0.00267321199741       -3.38669688361312        0.51922313868934
B            1.46622529048813       -0.84409791654817        0.32089061152722
B            1.46313556836199       -2.53739373044481        0.44317439387588
B            1.46102098676581       -4.22105707557541        0.57281906620424
B            2.93363564448451        3.38481863586610        0.30142768400250
B            2.93376506776193        1.67672637097033        0.45266224285966
B            4.40449928867172        4.20886601543070        0.18479747153190
B            4.40311496510813        2.52722398222918        0.33692143109253
B            4.39874923437324        0.83021836474611        0.42558726275705
B            2.92908262109002       -1.68633327143033        0.46141782113320
B            2.92383156695660       -3.39560435231628        0.32441572613359
B            4.39638472321727       -0.84424604039702        0.42964165635287
B            4.39595265711082       -2.54182349407222        0.35480577961906
B            4.39248569997960       -4.22476599089756        0.21811573977439
B            5.86054755279907        3.36857736542764        0.58228950677192
B            5.85996392043013        1.68948619919843        0.22757039177396
B            5.85505340671091       -1.70901147019919        0.23595242919148
B            5.85113197743172       -3.38535616006887        0.60485494891410
H           -6.78181129794478        3.95955657348189        0.92626434278585
H           -6.80030067609956        1.21818689400483       -0.31504523147510
H           -4.45050932617456        5.32487733163665       -0.27294181232984
H           -6.80265697862852       -1.20761992374726       -0.31319135666159
H           -6.79440918646290       -3.93750393684431        0.95165240048645
H           -4.46443797428422       -5.32073624615881       -0.22524697452632
H           -1.47461120838513        5.38510557284028        0.65611386814621
H           -1.49311535392855       -5.37321811422727        0.75581111962398
H            1.49306522193354        5.37140049390681        0.76158443822628
H            1.47857498759062       -5.37288956989378        0.81091046106641
H            4.47549247672802        5.31370219333418       -0.20935531352383
H            4.45955607041736       -5.33424273470224       -0.16342068837152
H            6.79107792049933        3.94212028119150        1.00905798384674
H            6.81704062094955        1.20003836859262       -0.23441246496207
H            6.81292282358576       -1.22630071647188       -0.23143074665824
H            6.78113872392197       -3.95713268106099        1.03518600104433
