60
 energy: -61.503219115942 gnorm: 0.124292994119 xtb: 6.7.1 (edcfbbe)
B           -5.92946592000000        3.32015271000000        1.12464550000000
B           -5.92005185000000        1.65975355000000        0.72228996000000
B           -4.49499687000000        4.20280920000000        0.81198588000000
B           -4.47023391000000        2.51276644000000        0.82895967000000
B           -4.44442108000000        0.81749202000000        0.76815939000000
B           -5.87610226000000       -1.72443604000000        0.50757621000000
B           -5.84175144000000       -3.42210611000000        0.69821350000000
B           -4.42291457000000       -0.85655699000000        0.65681039000000
B           -4.40474151000000       -2.54596720000000        0.50207508000000
B           -4.38542470000000       -4.22097118000000        0.27953061000000
B           -3.01142086000000        3.38671511000000        0.81323670000000
B           -2.98849593000000        1.68296047000000        0.77883142000000
B           -1.55499276000000        4.22946996000000        0.99438559000000
B           -1.53889940000000        2.55507542000000        0.76519001000000
B           -1.52044355000000        0.87120696000000        0.56255305000000
B           -2.94523903000000       -1.67821171000000        0.55577467000000
B           -2.92349050000000       -3.37336045000000        0.38570995000000
B           -1.49869741000000       -0.80842198000000        0.45477745000000
B           -1.47246161000000       -2.50525360000000        0.46056436000000
B           -1.44508158000000       -4.19443481000000        0.47001122000000
B           -0.08575854000000        3.42934317000000        0.72641687000000
B           -0.06375370000000        1.73133570000000        0.61842685000000
B            1.35961954000000        4.29457873000000        0.57240186000000
B            1.38676041000000        2.60505446000000        0.57778666000000
B            1.41215582000000        0.90922388000000        0.56243530000000
B           -0.02006894000000       -1.63074042000000        0.40467544000000
B            0.00229231000000       -3.32932752000000        0.30577676000000
B            1.43371248000000       -0.76983648000000        0.44822043000000
B            1.45268794000000       -2.45494395000000        0.26238879000000
B            1.46890692000000       -4.13032505000000        0.04059520000000
B            2.84036887000000        3.47256630000000        0.65469464000000
B            2.86079924000000        1.77979499000000        0.45367645000000
B            4.29986101000000        4.31911070000000        0.76451443000000
B            4.31841196000000        2.64617304000000        0.52183734000000
B            4.33421238000000        0.96052577000000        0.31714796000000
B            2.90338566000000       -1.58080910000000        0.21763512000000
B            2.92778210000000       -3.28601368000000        0.21121796000000
B            4.35534559000000       -0.71343715000000        0.19765062000000
B            4.38342542000000       -2.41132337000000        0.18312669000000
B            4.40897531000000       -4.10174581000000        0.21462517000000
B            5.75870424000000        3.52271817000000        0.33939321000000
B            5.79207172000000        1.82483517000000        0.50828282000000
B            5.83555362000000       -1.55749144000000        0.27714668000000
B            5.84528177000000       -3.21963176000000       -0.10744947000000
H           -6.86686166000000        3.86075534000000        1.57989246000000
H           -6.89816432000000        1.16311188000000        0.31521607000000
H           -4.56699795000000        5.35044785000000        0.56865101000000
H           -6.86745185000000       -1.20797166000000        0.16226259000000
H           -6.76401602000000       -4.04021872000000        1.08052844000000
H           -4.42899959000000       -5.33017293000000       -0.10673522000000
H           -1.56486721000000        5.36262380000000        1.30790757000000
H           -1.42614466000000       -5.35593260000000        0.64974503000000
H            1.34435197000000        5.45774698000000        0.40203879000000
H            1.47923715000000       -5.26643374000000       -0.26084486000000
H            4.34783120000000        5.42497377000000        1.15945516000000
H            4.48670924000000       -5.24601168000000        0.46999024000000
H            6.67985489000000        4.14957860000000       -0.02975093000000
H            6.77204307000000        1.29846471000000        0.86895785000000
H            6.80181979000000       -1.05632737000000        0.70449757000000
H            6.77983964000000       -3.77114947000000       -0.55485115000000
60
 energy: -61.505913433341 gnorm: 0.037448417892 xtb: 6.7.1 (edcfbbe)
B           -5.92610306953735        3.31770874524589        1.14777260924457
B           -5.91893071648240        1.66386495870010        0.70626288974979
B           -4.49652923063926        4.20146195563339        0.79004027005588
B           -4.47156687210382        2.51300630039176        0.82682246084998
B           -4.44380055435011        0.81417615973885        0.78530384499810
B           -5.87493527545794       -1.72636798079241        0.48968905360069
B           -5.83843219613404       -3.42248642862973        0.72136186304209
B           -4.42223788359889       -0.85565326494120        0.67746974752419
B           -4.40604374592501       -2.54603205334258        0.50094386506525
B           -4.38703808410123       -4.21694346749134        0.25787401607841
B           -3.01090074675509        3.39027193781812        0.81144401570156
B           -2.98778061838768        1.68023019450383        0.77842293029167
B           -1.55389398623575        4.22622659364160        1.01650365812825
B           -1.53897290951270        2.55453736255594        0.77070606826672
B           -1.52084944652756        0.87007952511657        0.55628163197578
B           -2.94449877656802       -1.67561568940867        0.55806604525034
B           -2.92291309595424       -3.37663164336220        0.38295129348360
B           -1.49924462260360       -0.80645055537748        0.44686135082966
B           -1.47264778366421       -2.50525756962582        0.46317996206255
B           -1.44404382546964       -4.19392108039510        0.49175315523949
B           -0.08585100332559        3.43247887006419        0.72764218501045
B           -0.06386354283741        1.72860323610084        0.61799462685185
B            1.35843741204790        4.29419660480849        0.54972953521276
B            1.38664034483429        2.60532583488040        0.57045177565808
B            1.41248538208832        0.90739538128078        0.56753253528882
B           -0.02035205249762       -1.62784714379521        0.40191607683490
B            0.00199794235148       -3.33238948642871        0.30271274560535
B            1.43406175566294       -0.76883401081053        0.45571272101911
B            1.45253197735568       -2.45430270517040        0.25467451846954
B            1.46768177724592       -4.12722942681894        0.01850785772657
B            2.83938489522987        3.47604828215495        0.65359380255290
B            2.85972711370585        1.77727698363397        0.44944123298191
B            4.30118350237460        4.31512580886281        0.78430706597745
B            4.31956622770506        2.64626488669398        0.52307962497298
B            4.33417480556362        0.95851981554207        0.31425004659252
B            2.90250631367549       -1.57818443852661        0.21933813854211
B            2.92696286898181       -3.28952682296455        0.21173370557574
B            4.35544484275367       -0.71138778763778        0.19931753870331
B            4.38465651544268       -2.41174759845408        0.18649418306046
B            4.41029304668268       -4.10034122641994        0.23525980677343
B            5.75525044368929        3.52309397294772        0.31612172972227
B            5.79062369612378        1.82687567863316        0.52409079343317
B            5.83424760988881       -1.56166404860230        0.29261090909202
B            5.84171764886765       -3.21718234946979       -0.13065183375849
H           -6.86443322059325        3.86005529666373        1.60118445616379
H           -6.89697159046927        1.16800414711776        0.29774882836271
H           -4.57073606815339        5.35007397636830        0.54985255662804
H           -6.86648887709544       -1.21000408708329        0.14392514336813
H           -6.76173200006527       -4.04178323085894        1.10118390448699
H           -4.43258222393171       -5.32746120888080       -0.12579939712535
H           -1.56381565206337        5.36126232287995        1.32437504823035
H           -1.42510227927200       -5.35653722920865        0.66774862352276
H            1.34298409670587        5.45876331688880        0.38658561781315
H            1.47923367508931       -5.26562746051494       -0.27613712602214
H            4.35085724350308        5.42246571227845        1.17634081112951
H            4.48983029657483       -5.24611602937467        0.48617585871675
H            6.67731155990672        4.15152632133740       -0.05094326178349
H            6.77266175986805        1.30196811971329        0.88288348143400
H            6.80304723592150       -1.06162646572715        0.71684218043857
H            6.77738004047208       -3.76993493208329       -0.57667376870151
60
 energy: -61.506177699462 gnorm: 0.022271322795 xtb: 6.7.1 (edcfbbe)
B           -5.92694465874294        3.31815076143685        1.15029220724276
B           -5.91925464218207        1.66408547535568        0.70949110088134
B           -4.49700243089354        4.20176150859981        0.78816439068802
B           -4.47129457728811        2.51273498948318        0.82762895545956
B           -4.44422762221019        0.81413245343885        0.78225616949213
B           -5.87525290839245       -1.72696240958586        0.49290217174796
B           -5.83934333899475       -3.42321810939538        0.72297388358248
B           -4.42267981125627       -0.85520589220883        0.67402572432524
B           -4.40578517844893       -2.54586753439112        0.50228835570913
B           -4.38754065770200       -4.21698333649395        0.25581542606691
B           -3.01038414721181        3.39072206040250        0.80905061351387
B           -2.98833908494953        1.68001990229615        0.78067942516279
B           -1.55381181069249        4.22569201619243        1.02430868115961
B           -1.53890697630088        2.55459730881472        0.77290789041201
B           -1.52096175786224        0.87006468599146        0.55742587629164
B           -2.94495051951539       -1.67583277908766        0.56304240622541
B           -2.92241690768559       -3.37674635258164        0.38041697104635
B           -1.49934603164399       -0.80659378629773        0.44832465995898
B           -1.47266822295610       -2.50553962512759        0.46380676305278
B           -1.44402348934171       -4.19435351176807        0.49884333997062
B           -0.08587293904907        3.43264727918328        0.72827795026235
B           -0.06392894055601        1.72857881040394        0.61748686879825
B            1.35825783125595        4.29468194756759        0.54143430705244
B            1.38646496935234        2.60568930195451        0.56760730134882
B            1.41239838238759        0.90759368245871        0.56513390675742
B           -0.02050130915024       -1.62768134411814        0.39985128993269
B            0.00188059337421       -3.33253960683689        0.30139311408881
B            1.43398783138853       -0.76878988703518        0.45391688217428
B            1.45232698908543       -2.45429865597164        0.25128495877140
B            1.46747068586572       -4.12667495849023        0.00997115634838
B            2.83870400077494        3.47637391716295        0.65342773132752
B            2.86016938006639        1.77739240531854        0.44656319151634
B            4.30158046930008        4.31521592668593        0.78608919255512
B            4.31921717279209        2.64607679928573        0.52243021847861
B            4.33478749309533        0.95770747529231        0.32189235696731
B            2.90310134021118       -1.57819576350990        0.21989732443623
B            2.92631163466464       -3.28996349325559        0.21296121039800
B            4.35612884017350       -0.71170275941109        0.20814005644993
B            4.38434905487919       -2.41162654708669        0.18738121796083
B            4.41068568935471       -4.10074321896700        0.23760324404750
B            5.75601728064601        3.52380741802014        0.31306080050121
B            5.79097225712644        1.82746088846066        0.52355569778632
B            5.83461945852254       -1.56225784914459        0.29302000108477
B            5.84247780722622       -3.21755959430083       -0.13334955495769
H           -6.86021640731340        3.85936591419003        1.61215747710264
H           -6.89359874037616        1.17272520370227        0.28836501828594
H           -4.57551829151734        5.34717252508856        0.53641600786956
H           -6.86289132024882       -1.21298244345045        0.13428190796496
H           -6.75768711275339       -4.04204561719555        1.11129040388240
H           -4.43724068643900       -5.32302666151672       -0.13886621575647
H           -1.56366991323298        5.35854056512944        1.33930345338255
H           -1.42467183778609       -5.35550137696076        0.68334253298070
H            1.34160760092356        5.45814824186235        0.37213657767429
H            1.47887492788999       -5.26342536261259       -0.29046335181556
H            4.35465024408453        5.41806422255135        1.18894495194985
H            4.49379281360510       -5.24358061073098        0.49875326671530
H            6.67305879484664        4.15165964590341       -0.06356509171932
H            6.77117966483308        1.30583244902174        0.89062773579452
H            6.80236324487752       -1.06673257572620        0.72371411573415
H            6.77308590008999       -3.76826323799625       -0.58924921612189
60
 energy: -61.506310474608 gnorm: 0.012109898689 xtb: 6.7.1 (edcfbbe)
B           -5.92651739115855        3.31781203767962        1.15241593263643
B           -5.91907281657503        1.66389832229860        0.71199485099792
B           -4.49686137276472        4.20162598403020        0.78740984585382
B           -4.47105726996495        2.51254302446478        0.82861829237578
B           -4.44427032270297        0.81427851591515        0.78033489315639
B           -5.87508724470580       -1.72703880460515        0.49522934416082
B           -5.83898763540053       -3.42309423731832        0.72449202515813
B           -4.42271557122585       -0.85510098040728        0.67229370825981
B           -4.40556078970121       -2.54580116872998        0.50375113478029
B           -4.38746884507123       -4.21666085021796        0.25449417539719
B           -3.01017395500855        3.39064413768324        0.80764314039828
B           -2.98835871055259        1.67992883869424        0.78280082522862
B           -1.55366261889941        4.22517431719271        1.02797849728026
B           -1.53874006761781        2.55447289566394        0.77444348922733
B           -1.52081572853009        0.86991368553582        0.56154873969685
B           -2.94492066389885       -1.67608166454610        0.56665912803130
B           -2.92223445887016       -3.37648689139702        0.37916394381935
B           -1.49917055964515       -0.80699130445406        0.45309809299094
B           -1.47258015336137       -2.50555504662124        0.46408941282874
B           -1.44394167308256       -4.19429085580068        0.50213328904160
B           -0.08586760759725        3.43225350028836        0.72884282613125
B           -0.06397756262238        1.72869432058097        0.61688768186482
B            1.35806264134386        4.29461684130519        0.53753568757283
B            1.38625244088002        2.60573143501646        0.56606412612928
B            1.41211157511425        0.90801293423453        0.56009839237111
B           -0.02059886959949       -1.62768753100141        0.39847537722797
B            0.00183055084223       -3.33218113562303        0.30109119939086
B            1.43371047357357       -0.76861982282324        0.44927513744494
B            1.45207580027176       -2.45414086635512        0.24922689092037
B            1.46724044830339       -4.12613567240451        0.00598393679467
B            2.83838297646027        3.47625053978085        0.65281359036518
B            2.86015401564270        1.77752028773868        0.44471097815143
B            4.30136946611079        4.31501931384681        0.78631616680119
B            4.31892498094311        2.64598190064073        0.52133246208712
B            4.33493094378983        0.95731307145516        0.32718760059950
B            2.90318693748687       -1.57830790570638        0.22056023938530
B            2.92600214498697       -3.28988220304174        0.21367015464037
B            4.35631516813156       -0.71211226289943        0.21419346124179
B            4.38407704066853       -2.41151007370287        0.18740212592200
B            4.41042963206531       -4.10067689887301        0.23829005648200
B            5.75555213495798        3.52363634169356        0.31082028216719
B            5.79074863168295        1.82748379712620        0.52296268841852
B            5.83440707463259       -1.56228719969943        0.29330040106610
B            5.84202108717666       -3.21724009195748       -0.13477797624657
H           -6.85507266298154        3.85905776095721        1.62385890001864
H           -6.89019175165395        1.17753334013405        0.27742382715000
H           -4.58015784874965        5.34379479970359        0.52199957086625
H           -6.85927137886635       -1.21581544652569        0.12295405089034
H           -6.75273130338387       -4.04284842440403        1.12217524947811
H           -4.44165194046346       -5.31796718948409       -0.15318879208773
H           -1.56336113397962        5.35496600256641        1.35459947845633
H           -1.42396699675605       -5.35366320766635        0.69911181181691
H            1.34011234849578        5.45666637699078        0.35737132453772
H            1.47817992612125       -5.26028314670611       -0.30520595264464
H            4.35830808660788        5.41290988380667        1.20251167132412
H            4.49757034242463       -5.24037717798428        0.51240306337179
H            6.66795399353471        4.15175612305479       -0.07693643369370
H            6.76943139023593        1.30928171606978        0.89932957872223
H            6.80132372555687       -1.07152648735162        0.73163472897148
H            6.76797100734866       -3.76660661784151       -0.60203331542688
60
 energy: -61.506366874275 gnorm: 0.005291845638 xtb: 6.7.1 (edcfbbe)
B           -5.92611380356755        3.31735209563632        1.15680444356497
B           -5.91918261478452        1.66399422088009        0.71101515773039
B           -4.49702460703565        4.20165372994212        0.78535223279963
B           -4.47131282014835        2.51270306612304        0.82905503559187
B           -4.44432512844328        0.81432626130360        0.78199479221520
B           -5.87521051394636       -1.72697617776357        0.49403433896374
B           -5.83863457927022       -3.42315421224452        0.72840407552501
B           -4.42274737534157       -0.85537463273056        0.67451773763535
B           -4.40580975748410       -2.54603354070361        0.50452344163268
B           -4.38768770896231       -4.21634163140105        0.25173667850334
B           -3.01053401010572        3.39073838684054        0.80734897082961
B           -2.98817402734132        1.67990499286760        0.78489232666935
B           -1.55354338178056        4.22504307843727        1.02971943074878
B           -1.53870636658038        2.55440598935152        0.77627107678776
B           -1.52067969711073        0.86963147173896        0.56707966130565
B           -2.94474543622696       -1.67632654573720        0.56874566695659
B           -2.92260714965309       -3.37655722689826        0.37890934534028
B           -1.49902164535827       -0.80742770133676        0.45891514370587
B           -1.47260617665021       -2.50565276273803        0.46472220611622
B           -1.44386531133890       -4.19437013477272        0.50373398785934
B           -0.08587352214921        3.43223979894672        0.72923340247292
B           -0.06402920077920        1.72885329104049        0.61631889776686
B            1.35791179327858        4.29467086923684        0.53588155398116
B            1.38619916293819        2.60583287564469        0.56495104659712
B            1.41190001929117        0.90844556256571        0.55441100357595
B           -0.02065326369928       -1.62779338254044        0.39806476860159
B            0.00182139324414       -3.33223040084488        0.30151945203981
B            1.43351011582399       -0.76836665381180        0.44396007997081
B            1.45199238494887       -2.45409132796447        0.24764748002909
B            1.46708547098888       -4.12601295129881        0.00446698906060
B            2.83864702917013        3.47638718871214        0.65203337380258
B            2.85996843515003        1.77765843756023        0.44363034771142
B            4.30146230655827        4.31487303639251        0.78743975836788
B            4.31912405340344        2.64619993495517        0.52042036333051
B            4.33504229365686        0.95734893258589        0.32860083345525
B            2.90305501357040       -1.57844587152055        0.22088943912297
B            2.92628960927251       -3.29000242807638        0.21400866537928
B            4.35645292049398       -0.71241091014246        0.21622577059933
B            4.38429619086287       -2.41167420567014        0.18716389283402
B            4.41049613042569       -4.10074768496595        0.23995576633110
B            5.75511773839337        3.52368568886701        0.30654263422000
B            5.79080088929455        1.82738051234090        0.52444557310550
B            5.83447918134175       -1.56242407600351        0.29545502300311
B            5.84162048424394       -3.21689138213334       -0.13798651308676
H           -6.85059534843311        3.85898888792737        1.63591234540541
H           -6.88761097367620        1.18191734535526        0.26544685934881
H           -4.58409483497598        5.34065694974640        0.50763343088035
H           -6.85655262862990       -1.21819161758941        0.11070863064096
H           -6.74839626802816       -4.04415209373897        1.13343209458880
H           -4.44534004674929       -5.31312578269630       -0.16761368991359
H           -1.56301094073555        5.35113533146458        1.36938302236134
H           -1.42337057760216       -5.35155563511831        0.71387535064395
H            1.33915669832945        5.45483324186648        0.34315889861492
H            1.47751706847824       -5.25667719682517       -0.31976168552411
H            4.36149627958245        5.40797130558181        1.21579435797580
H            4.50072532121853       -5.23734755001048        0.52598489356842
H            6.66352562205944        4.15187794236044       -0.09067785561259
H            6.76802297163929        1.31186453931585        0.90864673017070
H            6.80035361284077       -1.07530210572999        0.74047425874358
H            6.76357960608819       -3.76511626257996       -0.61458798464642
60
 energy: -61.506372946942 gnorm: 0.002536879340 xtb: 6.7.1 (edcfbbe)
B           -5.92612011798621        3.31729471600317        1.15770839483960
B           -5.91911835179730        1.66405826826295        0.70995982576232
B           -4.49702968383997        4.20158711912947        0.78520730744115
B           -4.47124294860502        2.51273306746142        0.82822634533554
B           -4.44422055533231        0.81431960098296        0.78204276325385
B           -5.87513783883055       -1.72692515011199        0.49308583834966
B           -5.83864091296950       -3.42322639613136        0.72921571451902
B           -4.42265232688581       -0.85536203773114        0.67427571539500
B           -4.40572744941865       -2.54597293202173        0.50370723931516
B           -4.38767477574415       -4.21626924090024        0.25156097199681
B           -3.01055645942859        3.39067983818460        0.80735077390451
B           -2.98805685739562        1.67981032777721        0.78587862994315
B           -1.55349156354264        4.22501140841935        1.02969523150686
B           -1.53866789541076        2.55426079237199        0.77758328656834
B           -1.52059807761475        0.86946242605671        0.56877401753893
B           -2.94464234880879       -1.67633870973904        0.56926273241735
B           -2.92262186009146       -3.37650303095839        0.37883042715799
B           -1.49894973127865       -0.80747043366709        0.46040817969380
B           -1.47256968907489       -2.50566106200253        0.46585526158174
B           -1.44379655439272       -4.19433880932293        0.50395165553920
B           -0.08588289708820        3.43234718412696        0.72920002135956
B           -0.06403227367246        1.72878090794170        0.61638226385601
B            1.35786375095423        4.29462299315898        0.53620581269855
B            1.38618820584398        2.60581432928717        0.56449890693190
B            1.41185009049537        0.90845683680307        0.55334875409915
B           -0.02062264313454       -1.62777464832288        0.39886912044125
B            0.00184892877456       -3.33237127838716        0.30213270583215
B            1.43346458934626       -0.76824305899233        0.44298769278635
B            1.45197754026604       -2.45400127701887        0.24701873445089
B            1.46705114278943       -4.12601012124629        0.00485800792719
B            2.83868461953661        3.47629594208011        0.65262388698431
B            2.85986322350514        1.77766052351427        0.44324915941102
B            4.30149108208076        4.31478992961631        0.78767971675320
B            4.31904104958002        2.64615297904013        0.52080947886794
B            4.33490863385753        0.95742531613294        0.32770207462958
B            2.90293116426812       -1.57835939514291        0.22000127624263
B            2.92633336478367       -3.28997238013235        0.21453836874305
B            4.35631110049459       -0.71234723711664        0.21514056597103
B            4.38421002136049       -2.41165176668103        0.18729344855932
B            4.41054959169864       -4.10068784229242        0.24057054458669
B            5.75508763622949        3.52380140804751        0.30535526709213
B            5.79075209183952        1.82735804162699        0.52486473759963
B            5.83443457850837       -1.56244947602000        0.29602569428174
B            5.84161647871513       -3.21687250938391       -0.13885699727056
H           -6.85060428469315        3.85868167553171        1.63684386190539
H           -6.88757693166964        1.18267136581722        0.26393066380947
H           -4.58462105694378        5.34003470740055        0.50621579379505
H           -6.85654135260291       -1.21876905227302        0.10933451783680
H           -6.74836821964073       -4.04412295146903        1.13428655157215
H           -4.44591337581697       -5.31234802014936       -0.16899568479312
H           -1.56316368051082        5.35018803044560        1.37213424112603
H           -1.42375159820106       -5.35103060001128        0.71613385584753
H            1.33968520207292        5.45428813013231        0.34074961985818
H            1.47767794839695       -5.25559714112210       -0.32287540439993
H            4.36212695920457        5.40724423125771        1.21704281490462
H            4.50120001560347       -5.23680207770572        0.52770688813192
H            6.66342070780731        4.15151030703843       -0.09238961307990
H            6.76795490971931        1.31216341431281        0.90953456467212
H            6.80012162836803       -1.07551295419968        0.74172251544451
H            6.76353813632199       -3.76471334770897       -0.61558973152547
60
 energy: -61.506375759417 gnorm: 0.001281566378 xtb: 6.7.1 (edcfbbe)
B           -5.92609720678295        3.31728092012290        1.15754512512307
B           -5.91912643117923        1.66407119916073        0.70962772849446
B           -4.49703241447596        4.20157461752002        0.78548451843155
B           -4.47128399529325        2.51280458675359        0.82727750450235
B           -4.44424052298138        0.81433471636695        0.78183732031294
B           -5.87513895808844       -1.72692011564271        0.49283072456255
B           -5.83860383967936       -3.42320825364647        0.72913109424698
B           -4.42267666630817       -0.85535376027825        0.67395028937278
B           -4.40575578791983       -2.54594395107872        0.50285106040868
B           -4.38765656373486       -4.21631462921087        0.25190732032183
B           -3.01055307674038        3.39066429761194        0.80742625149905
B           -2.98803721415822        1.67975641357452        0.78667452601235
B           -1.55347621464895        4.22502510651698        1.02986321072803
B           -1.53860921079862        2.55415144473996        0.77902204828647
B           -1.52055643014493        0.86938873136845        0.56972729200047
B           -2.94463072107569       -1.67637438938719        0.56974682136241
B           -2.92260809006878       -3.37650478866930        0.37892474457734
B           -1.49890788422561       -0.80751864849429        0.46133562104285
B           -1.47250853171908       -2.50572472668418        0.46716634969397
B           -1.44376444028237       -4.19437382020910        0.50414933675525
B           -0.08588482322452        3.43241056959112        0.72909930620160
B           -0.06401625160645        1.72875862590190        0.61655975268466
B            1.35786020199477        4.29465060886954        0.53630521106272
B            1.38616878069653        2.60585676234549        0.56377552477810
B            1.41185332314503        0.90847699054113        0.55289004423586
B           -0.02057687709754       -1.62780636077512        0.39959913452239
B            0.00188357549679       -3.33245082257503        0.30256196885863
B            1.43346768217974       -0.76819271441296        0.44249588134302
B            1.45195514018652       -2.45392960891590        0.24607513995426
B            1.46706618690088       -4.12604643585298        0.00501054180994
B            2.83871329428529        3.47625790734499        0.65309440647327
B            2.85986445429862        1.77770541346755        0.44274545108597
B            4.30151036755166        4.31480874940979        0.78748077665410
B            4.31907518993242        2.64614209019637        0.52133931541766
B            4.33490439830727        0.95748095554195        0.32708953738571
B            2.90292043787918       -1.57829503861321        0.21906223465292
B            2.92637034032251       -3.28998302294320        0.21502484622842
B            4.35630249178101       -0.71230009308838        0.21442110447949
B            4.38424662807296       -2.41168150760506        0.18765902413604
B            4.41059140054896       -4.10066537725054        0.24066128845694
B            5.75503864854416        3.52380743193952        0.30523222810263
B            5.79076241895313        1.82738774605393        0.52458593084202
B            5.83445110962899       -1.56242402053319        0.29585405194579
B            5.84160497911029       -3.21688287888266       -0.13856930898201
H           -6.85113122840802        3.85834445556738        1.63594762599624
H           -6.88772861992521        1.18286260180671        0.26395999569979
H           -4.58457280218071        5.33979452671264        0.50625205331431
H           -6.85675255499615       -1.21902490324217        0.10954744665203
H           -6.74888085934770       -4.04382537720917        1.13342239895710
H           -4.44595957316405       -5.31212522214259       -0.16887154693190
H           -1.56324330846769        5.34965155538296        1.37369103879458
H           -1.42407522206141       -5.35081260182190        0.71688659846801
H            1.34012713682819        5.45401677320400        0.33967940957163
H            1.47779778639875       -5.25493310359775       -0.32467721566805
H            4.36229989658356        5.40711886337715        1.21674353823254
H            4.50120083998817       -5.23665956674756        0.52767190992006
H            6.66373160608669        4.15119000768805       -0.09208960596515
H            6.76799089262911        1.31223119197536        0.90909482881107
H            6.79998032750989       -1.07532674955660        0.74161666134082
H            6.76393686494433       -3.76460249158657       -0.61454240725852
60
 energy: -61.506378059428 gnorm: 0.001073781291 xtb: 6.7.1 (edcfbbe)
B           -5.92611921360635        3.31733029203922        1.15703172404740
B           -5.91912284833223        1.66403233968254        0.70954196076668
B           -4.49698987512814        4.20156355511556        0.78597708278374
B           -4.47137137555348        2.51292394815691        0.82525684990734
B           -4.44424888765459        0.81431646085821        0.78225066106135
B           -5.87512469736833       -1.72691472190382        0.49292926125405
B           -5.83859389343157       -3.42321982339531        0.72890768818316
B           -4.42267933111203       -0.85540462822439        0.67447349269562
B           -4.40581672042804       -2.54584929907934        0.50124240484464
B           -4.38758213429675       -4.21640355339941        0.25258830491051
B           -3.01050587296615        3.39064236294879        0.80780500030863
B           -2.98798884972120        1.67967349606145        0.78783764264440
B           -1.55343298184574        4.22499077230698        1.03043648308831
B           -1.53842891128554        2.55390229421105        0.78248487159310
B           -1.52049227127082        0.86933599880473        0.57100437176660
B           -2.94458614000698       -1.67643429565881        0.57070279626117
B           -2.92254316476178       -3.37655040785121        0.37952927185352
B           -1.49883204315235       -0.80763883603437        0.46279683232178
B           -1.47233558617307       -2.50588379908187        0.47015814744199
B           -1.44370428722740       -4.19441181293410        0.50452767556381
B           -0.08588298472084        3.43239527938801        0.72892066485876
B           -0.06397659582376        1.72874987224478        0.61703752842392
B            1.35784626984931        4.29467333287030        0.53624445255954
B            1.38607276193310        2.60597955294191        0.56171252316744
B            1.41186442712604        0.90854248037085        0.55239294363352
B           -0.02049114212562       -1.62790693411425        0.40094087549385
B            0.00194758545864       -3.33245761666090        0.30321677074202
B            1.43348318593008       -0.76818146369416        0.44205177766700
B            1.45184173109567       -2.45373637067677        0.24338158624526
B            1.46708069009494       -4.12603876100415        0.00490102309728
B            2.83872818442664        3.47624094998129        0.65341576329827
B            2.85984717401473        1.77778349188741        0.44168014578814
B            4.30150613104173        4.31487983608425        0.78689223269814
B            4.31915373721115        2.64609465313112        0.52237911564419
B            4.33488631650626        0.95758215718661        0.32573992360041
B            2.90290269737115       -1.57819871800360        0.21777181428045
B            2.92640479886182       -3.29001630132080        0.21578486367975
B            4.35628500602099       -0.71221028695246        0.21306785421466
B            4.38433625151672       -2.41174286144602        0.18873651060554
B            4.41062787126355       -4.10065131533727        0.24082084514436
B            5.75503041332416        3.52385600709695        0.30504069201974
B            5.79077273581559        1.82745482553113        0.52351623307086
B            5.83447937732655       -1.56234253211563        0.29537549837956
B            5.84168351739385       -3.21697157529771       -0.13771778718402
H           -6.85243773871074        3.85799617284391        1.63329520439696
H           -6.88789523352601        1.18304230112356        0.26406686426670
H           -4.58412255140142        5.33947097841806        0.50575717129709
H           -6.85706398332454       -1.21930669011342        0.11016207938222
H           -6.75020851622817       -4.04333497422618        1.13089266777673
H           -4.44570795240165       -5.31175771844336       -0.16911573824127
H           -1.56304874645495        5.34847272231670        1.37763123390365
H           -1.42424326402810       -5.35048028694085        0.71862393954346
H            1.34042525643196        5.45354588856042        0.33733807615021
H            1.47769350087711       -5.25352951484303       -0.32905043948499
H            4.36233141452795        5.40706493983581        1.21618595716438
H            4.50091667785811       -5.23662529337301        0.52757406729161
H            6.66440129165163        4.15107960096905       -0.09076396708543
H            6.76803967156498        1.31232744553455        0.90784807026440
H            6.79974693272589       -1.07495838563558        0.74126908891952
H            6.76483226484790       -3.76498435074039       -0.61163563997160
60
 energy: -61.506378767818 gnorm: 0.000529380506 xtb: 6.7.1 (edcfbbe)
B           -5.92610703938494        3.31734794480456        1.15704996496056
B           -5.91912010750039        1.66400785829746        0.70998525411216
B           -4.49698929693905        4.20158599854985        0.78587098691451
B           -4.47134738744131        2.51290042896661        0.82536580189988
B           -4.44420453932224        0.81429916144307        0.78262206246464
B           -5.87512328893029       -1.72693856157845        0.49352056395655
B           -5.83859210351087       -3.42322442138578        0.72895579220435
B           -4.42263409717694       -0.85541944441610        0.67484274030692
B           -4.40579836493183       -2.54583272174038        0.50145454797887
B           -4.38759637719894       -4.21640273870537        0.25256319776321
B           -3.01049366943994        3.39064587356536        0.80793642283467
B           -2.98801368693067        1.67971241315984        0.78731331068181
B           -1.55342371228661        4.22497029394795        1.03060353135696
B           -1.53842128680152        2.55388601259611        0.78275006956182
B           -1.52052211496926        0.86938303899636        0.57038896831613
B           -2.94459062030588       -1.67642647352313        0.57070131114712
B           -2.92253913658175       -3.37656637980383        0.37972178774291
B           -1.49886172849679       -0.80761070897177        0.46223756312150
B           -1.47234694932975       -2.50588752721457        0.47018682189278
B           -1.44371789824670       -4.19440696580046        0.50451597102883
B           -0.08587824078116        3.43237514436880        0.72901173056370
B           -0.06398189836116        1.72875117724646        0.61696387681673
B            1.35784101791043        4.29467158365175        0.53597507921859
B            1.38606512610378        2.60599726136207        0.56132293548044
B            1.41187673964570        0.90852097455412        0.55281381418754
B           -0.02051306174063       -1.62788784037897        0.40066147717290
B            0.00192773695748       -3.33242971940568        0.30295544843783
B            1.43349979776500       -0.76822972018543        0.44261623345470
B            1.45181969519434       -2.45370199735756        0.24284880165592
B            1.46705950576021       -4.12599794941972        0.00451952278958
B            2.83869965058627        3.47629192235528        0.65275214733697
B            2.85985516224842        1.77775796457003        0.44189238488031
B            4.30150124418215        4.31489678721386        0.78681175326712
B            4.31913133744064        2.64607355213180        0.52225675602989
B            4.33487109197201        0.95756424726020        0.32584862382656
B            2.90293625411542       -1.57826235912073        0.21864043228407
B            2.92637670966955       -3.29001223032314        0.21542580387634
B            4.35627928552509       -0.71224216523927        0.21340319430554
B            4.38431952342006       -2.41174309729793        0.18893547617934
B            4.41060602614564       -4.10068532520940        0.24081881977915
B            5.75501836985381        3.52383876474150        0.30492412829381
B            5.79077450494856        1.82745684929891        0.52340514376166
B            5.83448014472156       -1.56235763502422        0.29548627283889
B            5.84166506209646       -3.21697114856341       -0.13770353286328
H           -6.85234871714914        3.85848077307531        1.63300991610593
H           -6.88774681969296        1.18296510112718        0.26403403185228
H           -4.58415481517484        5.33955437732024        0.50526251303075
H           -6.85689540232036       -1.21915929320031        0.11030884179262
H           -6.75012357545090       -4.04365331128860        1.13067682247943
H           -4.44566087262559       -5.31178222192985       -0.16950319152382
H           -1.56287089290848        5.34842674847322        1.37819054862656
H           -1.42387276511729       -5.35055781247431        0.71887230961013
H            1.33994631583704        5.45363683307352        0.33716664168167
H            1.47748719411537       -5.25352677483319       -0.32961308318013
H            4.36222213974868        5.40712446546591        1.21642470771821
H            4.50089807357420       -5.23676748525686        0.52772465179025
H            6.66430645700317        4.15148431156830       -0.09060575242761
H            6.76803009731337        1.31229472580099        0.90784594350548
H            6.79983017782804       -1.07505962420343        0.74138397230959
H            6.76475610536564       -3.76535805513480       -0.61148685719175
