60
 energy: -61.502475088880 gnorm: 0.123827071525 xtb: 6.7.1 (edcfbbe)
B           -5.97731576000000        3.13290388000000        1.36317432000000
B           -5.91524630000000        1.52016566000000        0.78071284000000
B           -4.56550255000000        4.08096192000000        1.13598622000000
B           -4.49259401000000        2.40152127000000        0.97880948000000
B           -4.41790699000000        0.72183964000000        0.75796368000000
B           -5.75975553000000       -1.87986173000000        0.61695561000000
B           -5.69921611000000       -3.49579783000000        0.05255546000000
B           -4.34516626000000       -0.94192989000000        0.54794095000000
B           -4.27286893000000       -2.62417929000000        0.34157338000000
B           -4.19481926000000       -4.30531065000000        0.19771194000000
B           -3.05944233000000        3.30804426000000        1.09816541000000
B           -2.98556749000000        1.61077447000000        0.94597322000000
B           -1.63068614000000        4.17464532000000        1.36220658000000
B           -1.56146738000000        2.52108070000000        1.02653371000000
B           -1.49027122000000        0.85395323000000        0.73604187000000
B           -2.84490493000000       -1.70291661000000        0.34758516000000
B           -2.76932199000000       -3.38946185000000        0.12607996000000
B           -1.41818863000000       -0.80910229000000        0.48813857000000
B           -1.34859705000000       -2.47221420000000        0.16853253000000
B           -1.28068843000000       -4.11585221000000       -0.22039528000000
B           -0.13127629000000        3.42126810000000        1.16884706000000
B           -0.06396969000000        1.76643184000000        0.75647527000000
B            1.29433542000000        4.32138455000000        1.23564843000000
B            1.36463954000000        2.66208116000000        0.93015510000000
B            1.43358715000000        1.00384317000000        0.58323284000000
B            0.08064327000000       -1.56623938000000        0.27891386000000
B            0.15359927000000       -3.24980610000000        0.04282568000000
B            1.50440368000000       -0.65465635000000        0.30366791000000
B            1.57999180000000       -2.34248445000000        0.14527480000000
B            1.65541552000000       -4.02752747000000        0.02387462000000
B            2.78595255000000        3.58667838000000        0.92155204000000
B            2.86535174000000        1.88285328000000        0.81594917000000
B            4.21262013000000        4.49192080000000        0.92194193000000
B            4.29048483000000        2.80732655000000        0.80348467000000
B            4.36373551000000        1.11986395000000        0.63260105000000
B            3.00733233000000       -1.43694262000000        0.25925893000000
B            3.07563368000000       -3.10746100000000       -0.06891336000000
B            4.43506688000000       -0.53739863000000        0.37720240000000
B            4.50666209000000       -2.19921937000000        0.03825904000000
B            4.57150116000000       -3.84175733000000       -0.35906879000000
B            5.71856032000000        3.68059915000000        1.08141466000000
B            5.78053634000000        2.06417947000000        0.52685377000000
B            5.92565102000000       -1.28628179000000        0.02579693000000
B            6.00602408000000       -2.99144173000000        0.05212951000000
H           -6.93574129000000        3.58956736000000        1.86028568000000
H           -6.86524097000000        1.05782135000000        0.27525402000000
H           -4.67405096000000        5.23167859000000        0.92639677000000
H           -6.71375205000000       -1.49466544000000        1.17421255000000
H           -6.62695822000000       -4.04916737000000       -0.40112706000000
H           -4.18039240000000       -5.46126369000000        0.39659678000000
H           -1.68439396000000        5.30898327000000        1.66635502000000
H           -1.23946130000000       -5.21945885000000       -0.61693892000000
H            1.25963465000000        5.45847820000000        1.53189050000000
H            1.72143826000000       -5.19773316000000        0.04413448000000
H            4.20531338000000        5.65113873000000        0.73632652000000
H            4.66002887000000       -4.88749603000000       -0.88307823000000
H            6.64800909000000        4.23069440000000        1.53803896000000
H            6.74476898000000        1.67733763000000       -0.00945450000000
H            6.84364296000000       -0.66831755000000       -0.34861520000000
H            6.97993288000000       -3.58329027000000        0.32437454000000
60
 energy: -61.505372849709 gnorm: 0.038581307790 xtb: 6.7.1 (edcfbbe)
B           -5.97424562619224        3.12886058560015        1.38229283407405
B           -5.91399944501503        1.52794404251468        0.75043388945214
B           -4.56674830087418        4.08232492776093        1.10856227634003
B           -4.49382121775299        2.40421155080245        0.96155130587352
B           -4.41814250460696        0.72084845175166        0.75062326126936
B           -5.75662365121015       -1.88621496538946        0.64152096993364
B           -5.69748505818294       -3.49118988213134        0.03337877324232
B           -4.34475026707896       -0.94146975735463        0.56226193346242
B           -4.27337359135117       -2.62609045191428        0.35498733179284
B           -4.19448718964889       -4.30575874213027        0.22032828678411
B           -3.05958870859771        3.31255684812763        1.09170929820106
B           -2.98489961526028        1.60849957776320        0.94484979311235
B           -1.63013832637043        4.17137376426623        1.37668225400066
B           -1.56137064582942        2.52045175206829        1.03137884509934
B           -1.49010159300463        0.85160522519816        0.74247200087648
B           -2.84428933526159       -1.70039697263725        0.35083674280057
B           -2.76863243774252       -3.39304038315798        0.12844080218180
B           -1.41802960780241       -0.80830945551241        0.49502400069254
B           -1.34909068216853       -2.47048084603614        0.16004375976060
B           -1.28140623218434       -4.10962029156889       -0.24597305881389
B           -0.13119026795791        3.42277094321134        1.17898859679222
B           -0.06401609408025        1.76500254030026        0.75020508004051
B            1.29496035661479        4.31834967464997        1.24976079332887
B            1.36478110045281        2.66198746168034        0.93136788112243
B            1.43368814139837        1.00351669930084        0.57788143409734
B            0.08054174408450       -1.56326176348000        0.27847587434410
B            0.15353818002007       -3.25218340497668        0.03823757988677
B            1.50473260590974       -0.65349219672471        0.30740225353960
B            1.58038887985053       -2.34294487209752        0.15113010907275
B            1.65568871645418       -4.02838678864928        0.04178686797937
B            2.78505911620759        3.59081994701084        0.91714359458942
B            2.86482640433101        1.87990548886123        0.81870706776212
B            4.21287146750374        4.49278814047648        0.89767325765415
B            4.29121105324171        2.80850459796998        0.79789803531309
B            4.36420830836593        1.11765102270619        0.63520228458978
B            3.00656638090437       -1.43505666923997        0.26594186907240
B            3.07498787289446       -3.10988923555890       -0.07412197550242
B            4.43524967667242       -0.53538503718253        0.38000302234782
B            4.50765192531115       -2.19817870313632        0.03265803968234
B            4.57114654238277       -3.83509491005078       -0.38187088418183
B            5.71690456733179        3.67596210525437        1.10487165388769
B            5.77782013094343        2.07014050725294        0.50913889499355
B            5.92339929014289       -1.28705252000439        0.01088077626673
B            6.00413849861034       -2.99363060176861        0.07364212442556
H           -6.93403339155045        3.58544334309924        1.88165955016308
H           -6.86951285910313        1.06340648873579        0.25537800804691
H           -4.67783073321594        5.23623841672341        0.91134418176738
H           -6.71563828847245       -1.50165516572719        1.19288977400835
H           -6.62695735973372       -4.04729574954530       -0.41896904378782
H           -4.18149091769960       -5.46580244327575        0.40767327054102
H           -1.68411328645801        5.30785035975301        1.67597575767080
H           -1.24015025328045       -5.21850708669534       -0.63369915370548
H            1.26011111886950        5.45521302118703        1.54983488861572
H            1.72178936173280       -5.20136926634326        0.06088863097039
H            4.20810631471177        5.65459057928519        0.72007259374033
H            4.66232072417791       -4.88838249321363       -0.89454938946467
H            6.64817417933085        4.22873228089087        1.55935967690064
H            6.74613242907566        1.68278842780523       -0.02171034757291
H            6.84539729465358       -0.67066926633011       -0.35963355170843
H            6.97949806550664       -3.58874370017507        0.34335066257440
60
 energy: -61.505665805304 gnorm: 0.024361919073 xtb: 6.7.1 (edcfbbe)
B           -5.97555265337636        3.13039365436530        1.37734102597067
B           -5.91427649018469        1.52899353810999        0.74453950530815
B           -4.56721273105547        4.08370166879847        1.10049904425280
B           -4.49373585820780        2.40537486109445        0.95275533801725
B           -4.41854952493604        0.72137366752282        0.74583673959433
B           -5.75656164275571       -1.88712392685287        0.64685746855708
B           -5.69851514347516       -3.49209089581296        0.03544743129356
B           -4.34487068164041       -0.94207745327418        0.56890081026181
B           -4.27284375605656       -2.62656616676944        0.36075045370977
B           -4.19463316946130       -4.30644609149710        0.22358098334015
B           -3.05906370569277        3.31398071153420        1.08406332141044
B           -2.98542430176663        1.60847751957989        0.94543334105552
B           -1.63027740327523        4.17045199149390        1.38351652760212
B           -1.56137727617056        2.52073672682875        1.03170588463917
B           -1.49017207736054        0.85179979515713        0.74244877648099
B           -2.84471470444095       -1.70068177459754        0.35384368329493
B           -2.76781136208354       -3.39351049901024        0.13083888459862
B           -1.41799205948872       -0.80861343684190        0.49740058331440
B           -1.34913635708271       -2.47031558115222        0.15837665525106
B           -1.28196239027536       -4.10805490657449       -0.25482829636300
B           -0.13090956053896        3.42151944383702        1.18780442117982
B           -0.06417057367929        1.76596426094844        0.74472289953494
B            1.29572262061852        4.31667276305650        1.26168324889436
B            1.36483978633466        2.66205221163666        0.93319292538266
B            1.43379973490184        1.00358014345411        0.57883401741952
B            0.08058255077266       -1.56315226857323        0.27886016683593
B            0.15349293026453       -3.25185813337195        0.03513658711957
B            1.50496618605869       -0.65400640992597        0.31122328596610
B            1.58047516707112       -2.34312960841318        0.15168846374154
B            1.65616867032459       -4.02912280891842        0.04668584666594
B            2.78416910221687        3.59193454977527        0.91199561382038
B            2.86553532382528        1.87969982707884        0.82092027755719
B            4.21299134767805        4.49384705885486        0.89266346582412
B            4.29088677470167        2.80903012547285        0.79433958499474
B            4.36431049431985        1.11870449853401        0.62754339560398
B            3.00734163454795       -1.43547634303611        0.26997802268369
B            3.07421849696777       -3.10933457593020       -0.07889848090108
B            4.43542924260124       -0.53401719573946        0.37397736290737
B            4.50735038128361       -2.19758304101586        0.03091278153426
B            4.57146200530854       -3.83457579442432       -0.38580204474909
B            5.71789952750075        3.67675230937539        1.10487695952175
B            5.77819342665641        2.07096138866945        0.50814355314137
B            5.92397613639630       -1.28759587433284        0.01195635062166
B            6.00527231938840       -2.99427275463371        0.07481973656102
H           -6.93000178316667        3.58168088797009        1.88944159043250
H           -6.86807530400587        1.06930600706997        0.24217153393459
H           -4.68224812907135        5.23568117058480        0.89590217943627
H           -6.71363799093889       -1.50838375862180        1.20551890284362
H           -6.62516750111725       -4.04482908816056       -0.42421462299348
H           -4.18424618944077       -5.46557523823299        0.41681586042493
H           -1.68449719490649        5.30524647131725        1.68906010724845
H           -1.24169288755463       -5.21457508263596       -0.65041420231519
H            1.26145104446362        5.45085714123319        1.57211948463562
H            1.72190490694971       -5.20261499267888        0.07785193506884
H            4.21190328137620        5.65400530538742        0.70562039824557
H            4.66549839091221       -4.88573763495854       -0.90224454734333
H            6.64423865607212        4.22656973875762        1.57052732778668
H            6.74441381153068        1.68768696269087       -0.02876863599443
H            6.84460799933928       -0.67351081716879       -0.36493449292711
H            6.97596141282362       -3.59141909703386        0.35325561806493
60
 energy: -61.505828225636 gnorm: 0.012731260791 xtb: 6.7.1 (edcfbbe)
B           -5.97555865561109        3.13142475719343        1.37080863253968
B           -5.91408012066539        1.52909717038408        0.74149687279863
B           -4.56699921507728        4.08447357226592        1.09377343279009
B           -4.49355528503865        2.40610201006090        0.94679898333764
B           -4.41843397604090        0.72134935580819        0.74635865822055
B           -5.75620959171752       -1.88710884288123        0.64941865726701
B           -5.69816092794212       -3.49241674859157        0.03898226198510
B           -4.34472288586390       -0.94225699729323        0.57061039015052
B           -4.27241904859723       -2.62680426369961        0.36416122606120
B           -4.19426546494849       -4.30640144729391        0.22443942379502
B           -3.05885422097559        3.31471784653671        1.07781127641383
B           -2.98547385084010        1.60853283084906        0.94600475893943
B           -1.63028952466488        4.16945404415468        1.38812303970748
B           -1.56131371140108        2.52098294490798        1.03040897402325
B           -1.49022883272040        0.85249753136521        0.73935848041054
B           -2.84466679957758       -1.70105048628948        0.35653376129367
B           -2.76737913371018       -3.39355139861252        0.13298370788976
B           -1.41794089461363       -0.80859072266208        0.49698711036535
B           -1.34901963434808       -2.47013726132514        0.15800779081890
B           -1.28213778576129       -4.10714018679371       -0.25813341231139
B           -0.13070386665041        3.42002355655738        1.19429315873076
B           -0.06438029369985        1.76711714875576        0.73852460007906
B            1.29622819981315        4.31448558319182        1.27364259753936
B            1.36476596880203        2.66186862320259        0.93466172182010
B            1.43380227457401        1.00352048745468        0.58062657571382
B            0.08062904110889       -1.56326626204490        0.27961746586366
B            0.15345020213743       -3.25110677036116        0.03310621863597
B            1.50509631539441       -0.65475444105154        0.31594693066350
B            1.58041596841717       -2.34298938574811        0.15160684381383
B            1.65634618992077       -4.02909818745069        0.04857239449060
B            2.78370963140207        3.59215652042010        0.91005336852323
B            2.86566098921329        1.87966571427422        0.82223017326850
B            4.21246654888919        4.49437232575771        0.88844379061081
B            4.29053634249120        2.80938677348233        0.79184853514108
B            4.36410567262968        1.11949525281515        0.62312596043282
B            3.00755223257088       -1.43573038235003        0.27208254926783
B            3.07379537445029       -3.10846988067523       -0.08261943506871
B            4.43528325721884       -0.53338259189040        0.37072883675034
B            4.50709551036755       -2.19715680471671        0.02976204352269
B            4.57118103871742       -3.83400381197217       -0.38775907826467
B            5.71757061994995        3.67696921592049        1.10304092817119
B            5.77793518474685        2.07121748526390        0.50698349804556
B            5.92389200263464       -1.28755598852514        0.01291526312903
B            6.00500670965357       -2.99389356561557        0.07458964368515
H           -6.92525144825132        3.57887753225105        1.89552337829519
H           -6.86462762236107        1.07501264037603        0.22725441993930
H           -4.68548990584052        5.23412417710534        0.87685985378339
H           -6.71018146983645       -1.51477791777603        1.21856041474106
H           -6.62323353111822       -4.04251222511852       -0.42743563114747
H           -4.18625906083008       -5.46433263019614        0.42695926372425
H           -1.68517342784492        5.30145309319130        1.70506512839592
H           -1.24329936452601       -5.20934161395164       -0.66743879613137
H            1.26360607888536        5.44479123632145        1.60007696588243
H            1.72205785740753       -5.20293894007282        0.09651995992430
H            4.21502436768636        5.65258933764761        0.68779524863620
H            4.66800398851691       -4.88207244563976       -0.91062579916809
H            6.63909735860431        4.22456858759379        1.58145481162176
H            6.74147923300954        1.69252511643496       -0.03837739982349
H            6.84279660417746       -0.67520679110119       -0.37172674645650
H            6.97145174768357       -3.59401832984372        0.36285135672142
60
 energy: -61.505904698232 gnorm: 0.005830553714 xtb: 6.7.1 (edcfbbe)
B           -5.97556510571532        3.13204443194179        1.36696786042137
B           -5.91426877407779        1.52942186112237        0.73793566970938
B           -4.56712513168849        4.08551322142426        1.08559547829682
B           -4.49388156768641        2.40687748745186        0.94236229157181
B           -4.41847089220083        0.72102711357421        0.74978534584135
B           -5.75621636628431       -1.88726051303759        0.65203999791569
B           -5.69795182442497       -3.49251175180847        0.04026351627920
B           -4.34480661370919       -0.94232380612354        0.57021393885525
B           -4.27255618256242       -2.62737190648811        0.36704975353860
B           -4.19414889381180       -4.30667674426051        0.22659307111061
B           -3.05933827625116        3.31536111729712        1.07415923465834
B           -2.98544203507466        1.60874030272124        0.94587902807130
B           -1.63035456836625        4.16885102154522        1.39136965623046
B           -1.56141920803384        2.52123639905287        1.02942566685245
B           -1.49043024890728        0.85327822735337        0.73519623051365
B           -2.84453922298540       -1.70134357480534        0.35794505703028
B           -2.76765689551509       -3.39395988628610        0.13500006381874
B           -1.41811481319255       -0.80812070000511        0.49366844653537
B           -1.34910943403976       -2.46990882844573        0.15651752402852
B           -1.28219666454592       -4.10695725583109       -0.25890259830552
B           -0.13070427087648        3.41947833470450        1.19721114234877
B           -0.06459870548204        1.76809903010230        0.73354956783216
B            1.29658390802172        4.31240443509768        1.28550164303344
B            1.36476835177947        2.66173261119943        0.93620677806620
B            1.43384087781509        1.00344555235143        0.58213090699629
B            0.08063263106194       -1.56345107704567        0.28023590591418
B            0.15340743625997       -3.25093398831151        0.03229200505671
B            1.50528102936890       -0.65550995861386        0.32072798391543
B            1.58048390897022       -2.34310231562473        0.15255444786000
B            1.65640893780464       -4.02917158713581        0.04973382810914
B            2.78398582951306        3.59213717755182        0.91208462096923
B            2.86547415012318        1.87988909175996        0.82197321169585
B            4.21207837692299        4.49513043632355        0.88332704876424
B            4.29061428081537        2.80990104286748        0.79028000111524
B            4.36413176889194        1.11982003386028        0.62281076391362
B            3.00744349699820       -1.43580723551774        0.27244018048735
B            3.07403864619621       -3.10812404425898       -0.08482548136358
B            4.43534534791714       -0.53349382173360        0.37109153139258
B            4.50732106218868       -2.19708643523356        0.02871556169587
B            4.57106800450711       -3.83346441599228       -0.39025338294202
B            5.71732620116570        3.67695630343533        1.10300615561249
B            5.77770279581025        2.07184970804366        0.50348522564553
B            5.92383659281341       -1.28711193889380        0.01124522457283
B            6.00484211457988       -2.99378236585464        0.07578571123206
H           -6.92085197377886        3.57836665708557        1.90035095303128
H           -6.86007869285085        1.07952115822850        0.21075823273686
H           -4.68713904301564        5.23260975288759        0.85523308551662
H           -6.70616773847184       -1.51965078110418        1.23148366134962
H           -6.62203045524806       -4.04135859014542       -0.42959664039826
H           -4.18708325848011       -5.46323134806561        0.43750955532282
H           -1.68624915563610        5.29679835799369        1.72283429924854
H           -1.24477504820037       -5.20345437486769       -0.68411325683947
H            1.26680988883215        5.43698507425313        1.63281505143821
H            1.72282775669770       -5.20241637923311        0.11546937895380
H            4.21686443115887        5.65083916355716        0.66775968455629
H            4.66952067306370       -4.87826193937295       -0.91941880227795
H            6.63447480708206        4.22298180412590        1.59172138091354
H            6.73787292575775        1.69685329928760       -0.05064466842629
H            6.84040997749137       -0.67525323154667       -0.38021502228213
H            6.96760781150522       -3.59626426255763        0.37195233225932
60
 energy: -61.505924871942 gnorm: 0.003262035357 xtb: 6.7.1 (edcfbbe)
B           -5.97566958324109        3.13211410781076        1.36689842621836
B           -5.91422345601386        1.52951195551456        0.73751542833740
B           -4.56717394214608        4.08571987396825        1.08331552744503
B           -4.49385216558600        2.40700544589831        0.94140561001751
B           -4.41843813829347        0.72112542666545        0.74950287287545
B           -5.75616783125345       -1.88724318615413        0.65210354798161
B           -5.69804457100422       -3.49247475835062        0.03953973538449
B           -4.34476669757217       -0.94227808360670        0.56982707240515
B           -4.27245604783546       -2.62746796628152        0.36800843656829
B           -4.19413644084031       -4.30677622124588        0.22814027159710
B           -3.05941901980125        3.31528534056218        1.07441140332572
B           -2.98542563482824        1.60880661415169        0.94541895395069
B           -1.63036991743563        4.16877119385925        1.39142970979787
B           -1.56145764064839        2.52104520553714        1.03037577039315
B           -1.49048917441150        0.85338477899616        0.73417340618080
B           -2.84454702355290       -1.70107309950848        0.35631386003590
B           -2.76769533424552       -3.39401816937511        0.13584863585003
B           -1.41824252003139       -0.80766448599362        0.49113176303331
B           -1.34925716420244       -2.46944723239954        0.15400594297590
B           -1.28215438205772       -4.10697859798443       -0.25860461650882
B           -0.13086283281208        3.41997308216471        1.19496568545144
B           -0.06464650418352        1.76809746015553        0.73331285548530
B            1.29658795309623        4.31166441420086        1.28895400369214
B            1.36474511942938        2.66153663178678        0.93724825609308
B            1.43377882891211        1.00338306636072        0.58229818549537
B            0.08058068624997       -1.56334381812559        0.27998986413362
B            0.15339382083895       -3.25118033992047        0.03338379689533
B            1.50524807916121       -0.65556733173454        0.32147195185710
B            1.58050764999262       -2.34334232764397        0.15466073580767
B            1.65633793115047       -4.02921943833851        0.05094346860299
B            2.78403898719202        3.59187392725327        0.91385645665956
B            2.86529401667134        1.88008083635373        0.82073679108812
B            4.21193197476205        4.49518521230670        0.88274259942624
B            4.29044433608868        2.80998045654235        0.78978742844275
B            4.36396665612965        1.11992406305457        0.62244753627858
B            3.00728798636746       -1.43574153627134        0.27231712578254
B            3.07402628570416       -3.10808020793633       -0.08459040113192
B            4.43520429552286       -0.53351150886147        0.37122455569887
B            4.50715864639833       -2.19701675921372        0.02849922609483
B            4.57100535814066       -3.83339078687237       -0.39029066240851
B            5.71731648326939        3.67700148597035        1.10311789578794
B            5.77748324844817        2.07210410008262        0.50202436619235
B            5.92365924926619       -1.28689746142541        0.01006242483573
B            6.00488071328846       -2.99383815991600        0.07632953315230
H           -6.92017251558975        3.58023724726470        1.89935256447425
H           -6.85835634589629        1.08015582717794        0.20684097369885
H           -4.68737818687650        5.23188710378818        0.84865077505938
H           -6.70488529456506       -1.52007552852552        1.23377724872470
H           -6.62229817243400       -4.04244917286390       -0.42830837597862
H           -4.18715061753251       -5.46301207488577        0.44035988370635
H           -1.68688453902696        5.29468719554480        1.72931474444170
H           -1.24520286899841       -5.20112908502989       -0.68927457840522
H            1.26858691114477        5.43285545550966        1.64669802129458
H            1.72380393032010       -5.20161173675317        0.12180790671499
H            4.21698958857612        5.64974247840848        0.66191644862623
H            4.66975657766863       -4.87747090319020       -0.92059693229669
H            6.63405671918380        4.22275690272377        1.59215687068605
H            6.73651916468914        1.69806417778820       -0.05468247140404
H            6.83952842355888       -0.67484160313734       -0.38279481668896
H            6.96743790169457       -3.59603433585632        0.37280134006817
60
 energy: -61.505939422041 gnorm: 0.002153577876 xtb: 6.7.1 (edcfbbe)
B           -5.97571831540169        3.13223061006404        1.36607903796780
B           -5.91428942221863        1.52966183904155        0.73703174289349
B           -4.56724553199506        4.08586824471735        1.08218984895252
B           -4.49393338175805        2.40726305054104        0.93994644207996
B           -4.41852864102350        0.72140002604327        0.74781808355313
B           -5.75625343452581       -1.88713208682215        0.65137814672559
B           -5.69801127512025       -3.49248623365508        0.03958669515414
B           -4.34485679285198       -0.94212248511676        0.56879557569442
B           -4.27244715662198       -2.62761066722051        0.36903529781367
B           -4.19415785484435       -4.30682937187181        0.22918107967317
B           -3.05946262786017        3.31531888439599        1.07439128184184
B           -2.98554212876572        1.60900463815453        0.94418332490594
B           -1.63043324187134        4.16884141797129        1.39127335732331
B           -1.56146815197601        2.52070357740030        1.03246080367319
B           -1.49055057151928        0.85341967900949        0.73382415175621
B           -2.84468568750625       -1.70073033121120        0.35410638051318
B           -2.76768362115492       -3.39412404512508        0.13679841998346
B           -1.41835746007352       -0.80737250736796        0.48947155894691
B           -1.34942734697798       -2.46886305391289        0.15052818279163
B           -1.28212416188446       -4.10711449979130       -0.25812979023222
B           -0.13103159424534        3.42065971471612        1.19190840963442
B           -0.06467216705546        1.76807155436018        0.73348835018320
B            1.29667676196783        4.31101433026534        1.29265968900325
B            1.36479045066124        2.66118820835810        0.93949682058798
B            1.43375525926515        1.00333335304849        0.58257852193995
B            0.08053947174393       -1.56325958618660        0.27974286746685
B            0.15341804904660       -3.25155398277830        0.03533333076935
B            1.50521854300152       -0.65554304998581        0.32149218730186
B            1.58058865365776       -2.34383195858342        0.15818371787403
B            1.65634038109013       -4.02942137210167        0.05280344234860
B            2.78405062696203        3.59172375724233        0.91516938651254
B            2.86524501359908        1.88039357091665        0.81889322400693
B            4.21190110416388        4.49520203705091        0.88314385996687
B            4.29037013039847        2.81022117752831        0.78850807698261
B            4.36389739059454        1.12024915346865        0.62054648702013
B            3.00728102295302       -1.43569409321923        0.27223367606590
B            3.07400064217453       -3.10814478693809       -0.08401637324217
B            4.43516601311167       -0.53334709312673        0.37034794659830
B            4.50710873314304       -2.19695165740112        0.02808361966888
B            4.57100664811293       -3.83355205729238       -0.38942386501136
B            5.71723406757092        3.67711935425779        1.10240022393254
B            5.77737586290355        2.07235416520304        0.50075062596373
B            5.92357926946230       -1.28676884071914        0.00916404205534
B            6.00481490938576       -2.99369065179151        0.07591343689581
H           -6.92067415285663        3.58272926929768        1.89530281530369
H           -6.85774689345001        1.08039097841793        0.20548246937835
H           -4.68774122188104        5.23121819965034        0.84473117851355
H           -6.70434757786503       -1.51975880421746        1.23359610021323
H           -6.62284388794820       -4.04446744606730       -0.42476200343772
H           -4.18727261765658       -5.46284051764178        0.44182688489645
H           -1.68724865485870        5.29253692035648        1.73557300653159
H           -1.24536169675612       -5.19891276791208       -0.69371382170997
H            1.27023640728782        5.42814348524722        1.66151963117831
H            1.72470518234911       -5.20082599727902        0.12738793970344
H            4.21684053171672        5.64872928423592        0.65871413631449
H            4.66963253616179       -4.87758127518138       -0.91951514945062
H            6.63488667836097        4.22284218967787        1.58917507726825
H            6.73585802279702        1.69914306494576       -0.05716446121871
H            6.83913629187453       -0.67463960361489       -0.38406315799436
H            6.96819557500640       -3.59501976145148        0.37083306797323
60
 energy: -61.505947592848 gnorm: 0.001363106970 xtb: 6.7.1 (edcfbbe)
B           -5.97584006611857        3.13248681133809        1.36468318504744
B           -5.91430441235120        1.52982356449824        0.73604827143722
B           -4.56723206701345        4.08596775703549        1.08187536403959
B           -4.49396348416565        2.40750535611063        0.93839633202440
B           -4.41857384586354        0.72159473121095        0.74642568090342
B           -5.75631914146393       -1.88695178726584        0.65059164034679
B           -5.69803396966875       -3.49264657694999        0.04032652877906
B           -4.34493253279638       -0.94183759164667        0.56712230655526
B           -4.27242029981498       -2.62766882419218        0.36974023201041
B           -4.19414724575168       -4.30679922544251        0.22928364856230
B           -3.05944455076146        3.31550428732450        1.07350711859036
B           -2.98560956114223        1.60925571461826        0.94261276255745
B           -1.63046034092632        4.16885413892159        1.39129404773952
B           -1.56140431863817        2.52032980170423        1.03480751473272
B           -1.49055717007488        0.85347913307549        0.73373081954485
B           -2.84472295438156       -1.70056741104366        0.35329534558370
B           -2.76762679533925       -3.39418564339334        0.13729397824731
B           -1.41834256425634       -0.80742499270383        0.48986142024733
B           -1.34950283430254       -2.46836638275542        0.14764761372612
B           -1.28208077696802       -4.10720735713995       -0.25760383893761
B           -0.13109456955652        3.42099472989970        1.19017270729741
B           -0.06470441581861        1.76823576075804        0.73270458491070
B            1.29678994169724        4.31049068424812        1.29560948167696
B            1.36487321658868        2.66077748215101        0.94214530705754
B            1.43373878426521        1.00341439902405        0.58235434634080
B            0.08054502272759       -1.56325431469141        0.27988581008922
B            0.15345967656479       -3.25170467136170        0.03669934214002
B            1.50519674074754       -0.65548675572974        0.32111564968231
B            1.58068379311837       -2.34429266467788        0.16155557651317
B            1.65638277542320       -4.02954511756829        0.05423112321143
B            2.78400025545565        3.59176583049715        0.91537173940838
B            2.86520425510340        1.88068768854640        0.81710138041661
B            4.21187747483471        4.49525588017222        0.88320545990326
B            4.29031372633567        2.81049027066422        0.78685107128240
B            4.36386969694295        1.12052141602836        0.61889000923097
B            3.00728671676602       -1.43559364755372        0.27194274039588
B            3.07397345132402       -3.10822040558127       -0.08354792893149
B            4.43515984615942       -0.53318463102455        0.36968597547216
B            4.50709825894999       -2.19683507060605        0.02758440692798
B            4.57100902613802       -3.83371898669847       -0.38861609647625
B            5.71725613646413        3.67732508462828        1.10149360046395
B            5.77731157200987        2.07254499979658        0.49965158312598
B            5.92354273788145       -1.28667218477364        0.00859338588837
B            6.00487495337308       -2.99356029687945        0.07524426479942
H           -6.92229596080421        3.58418276409391        1.89029701241510
H           -6.85847580582544        1.08044607603513        0.20604156105765
H           -4.68804749632106        5.23103599870173        0.84380064052009
H           -6.70456062615923       -1.51912960384273        1.23219361966830
H           -6.62345062572128       -4.04626627189873       -0.42090832682699
H           -4.18736156590171       -5.46273411998466        0.44218477534014
H           -1.68720434843787        5.29093019322446        1.74046304429233
H           -1.24523495120589       -5.19739250684589       -0.69687224573091
H            1.27118336482736        5.42427726211170        1.67360089048880
H            1.72485579069440       -5.20060603485048        0.13150663696081
H            4.21659614377727        5.64847352013629        0.65789440499460
H            4.66918267408544       -4.87847372143435       -0.91732961697939
H            6.63646415608697        4.22341545141938        1.58478980486051
H            6.73619547840291        1.70003271796797       -0.05791320053301
H            6.83941720018955       -0.67475102495838       -0.38411140537000
H            6.96933939061601       -3.59423653244758        0.36777195227727
60
 energy: -61.505951553639 gnorm: 0.001118963821 xtb: 6.7.1 (edcfbbe)
B           -5.97591513182194        3.13286821880352        1.36252001196830
B           -5.91431052918365        1.52997889794446        0.73457328399668
B           -4.56719939066391        4.08613397570859        1.08141142606637
B           -4.49399387672645        2.40775541667298        0.93660039944503
B           -4.41861630063205        0.72183117521219        0.74478277634480
B           -5.75636763825756       -1.88679339921243        0.65016349193297
B           -5.69797057031305       -3.49281074360649        0.04133833093800
B           -4.34495376082953       -0.94173225578530        0.56657831201316
B           -4.27237036562143       -2.62775776177995        0.37075998685104
B           -4.19413139205117       -4.30679947913102        0.22912040387045
B           -3.05940498150059        3.31577366529311        1.07189805649708
B           -2.98569480623601        1.60959490104004        0.94064040553597
B           -1.63047932923461        4.16877903427861        1.39175742383890
B           -1.56132579279344        2.51989004479353        1.03764736061309
B           -1.49054955985237        0.85356764542865        0.73355042052330
B           -2.84468913244093       -1.70073685109709        0.35449963955399
B           -2.76756854857988       -3.39417635690324        0.13728282794860
B           -1.41826421556949       -0.80769279701135        0.49157101859325
B           -1.34957638804121       -2.46790387053724        0.14489802584072
B           -1.28207085711627       -4.10721906663374       -0.25756250500146
B           -0.13108569296037        3.42101305614394        1.18997396315548
B           -0.06475553492015        1.76855685713256        0.73092830470479
B            1.29692452900598        4.31002153298838        1.29824245375988
B            1.36501297483114        2.66025141321138        0.94552621873479
B            1.43370695957842        1.00365157407660        0.58123106132256
B            0.08058068136156       -1.56333165368803        0.28046007718041
B            0.15348188308991       -3.25165449432035        0.03683750429752
B            1.50520171820470       -0.65544321677762        0.32074629335249
B            1.58081834025468       -2.34473956696569        0.16482586932261
B            1.65644932131957       -4.02961387967492        0.05500153220571
B            2.78390648809825        3.59193683467418        0.91467777929669
B            2.86519402009299        1.88102467135008        0.81521225506730
B            4.21182602565106        4.49540672977069        0.88280230247206
B            4.29026403748088        2.81079265180644        0.78496730396682
B            4.36386823837129        1.12070832243876        0.61790668815820
B            3.00732838811859       -1.43549543199917        0.27157608724965
B            3.07396666396436       -3.10829678893978       -0.08306622703095
B            4.43518150542020       -0.53308772230871        0.36938450341748
B            4.50710899002186       -2.19671101879713        0.02713702313531
B            4.57103796187864       -3.83392204698343       -0.38779387254453
B            5.71721497502397        3.67767037962935        1.09968038512130
B            5.77731111964297        2.07265838223224        0.49883202296424
B            5.92357740318380       -1.28660885600508        0.00843310454229
B            6.00487778512145       -2.99335042882172        0.07423408091547
H           -6.92461272132964        3.58450505246815        1.88473397087054
H           -6.85991899885336        1.08004741054108        0.20743989179406
H           -4.68779256825387        5.23161856831064        0.84495678252833
H           -6.70530575067049       -1.51802143291768        1.23017852526652
H           -6.62401094764518       -4.04728159072755       -0.41778375103452
H           -4.18716412520884       -5.46284293392517        0.44183283244472
H           -1.68713417659487        5.28965339329413        1.74483535333329
H           -1.24503580517054       -5.19655544759337       -0.69916855562539
H            1.27199994588100        5.42101460904627        1.68412837518913
H            1.72450945839819       -5.20088285136869        0.13463154361565
H            4.21622058165589        5.64900242070477        0.65872710547525
H            4.66850902017744       -4.88002781779132       -0.91419179679071
H            6.63823650622601        4.22476186101275        1.57890123393995
H            6.73708793891749        1.70047054838069       -0.05751576971651
H            6.84006077013420       -0.67484868663175       -0.38314911162768
H            6.97053761796657       -3.59381564645396        0.36393059819966
60
 energy: -61.505952386731 gnorm: 0.000720168535 xtb: 6.7.1 (edcfbbe)
B           -5.97592755621505        3.13289449823510        1.36236966500293
B           -5.91430066456834        1.52992498646151        0.73462341023722
B           -4.56716956467257        4.08606749863259        1.08156059990358
B           -4.49398346780534        2.40764586085409        0.93722149294647
B           -4.41858206191031        0.72170870802342        0.74552675677426
B           -5.75632751265905       -1.88686398577421        0.65051716335490
B           -5.69798011093780       -3.49280962573265        0.04122665812916
B           -4.34491411778344       -0.94183467126215        0.56716495514143
B           -4.27238387310735       -2.62774302881261        0.37046537515281
B           -4.19409979905128       -4.30676326668678        0.22882936511174
B           -3.05942057152021        3.31576388541199        1.07178836498987
B           -2.98565688222500        1.60955638991499        0.94082576906549
B           -1.63046941453436        4.16876503307240        1.39171992718928
B           -1.56131748806214        2.51993443355886        1.03725136038981
B           -1.49054240884522        0.85357312580610        0.73339508756134
B           -2.84462282295724       -1.70090185590953        0.35546691480033
B           -2.76758589385955       -3.39415385783669        0.13702452072188
B           -1.41822937841823       -0.80779386983778        0.49215386525011
B           -1.34953568511137       -2.46802857584992        0.14564901260153
B           -1.28207152218193       -4.10716013282521       -0.25781735525596
B           -0.13106227218128        3.42088371801254        1.19054946402955
B           -0.06475938153822        1.76858399748808        0.73063698674804
B            1.29690064264670        4.31015613869365        1.29744550038986
B            1.36500982314406        2.66022381660139        0.94553899529287
B            1.43369681469567        1.00369015839621        0.58087678193632
B            0.08059716450884       -1.56338517934293        0.28068971350066
B            0.15347102622726       -3.25155828123447        0.03613281173371
B            1.50519804059476       -0.65543075740470        0.32060915712316
B            1.58079376821826       -2.34463828379465        0.16411031613317
B            1.65643752247093       -4.02955685773303        0.05440019834605
B            2.78390163978610        3.59198505319525        0.91418997416939
B            2.86518412287188        1.88099410248844        0.81537569577600
B            4.21179031361805        4.49542484233666        0.88247403202595
B            4.29028131805915        2.81075790280083        0.78520445934982
B            4.36389256884135        1.12061208520089        0.61854691226263
B            3.00731865932652       -1.43550409923080        0.27153704082906
B            3.07399422958705       -3.10829255186686       -0.08310882026203
B            4.43519903060236       -0.53316447269209        0.36976410588757
B            4.50714270710265       -2.19677797505133        0.02742448841916
B            4.57103494540119       -3.83388822918417       -0.38785012638335
B            5.71723485646240        3.67775788125180        1.09928426926792
B            5.77731724896965        2.07259376493995        0.49908760394642
B            5.92358028516643       -1.28664140995341        0.00868618185253
B            6.00491800883148       -2.99340224911506        0.07440951642788
H           -6.92439504380195        3.58392794320939        1.88545661285710
H           -6.85984965350316        1.07979434951312        0.20741543168820
H           -4.68726539733725        5.23198598538130        0.84629281028354
H           -6.70552775924442       -1.51814509083153        1.23024117763409
H           -6.62387262498374       -4.04639448367938       -0.41915976130638
H           -4.18696102041900       -5.46288358248306        0.44145649600141
H           -1.68723947109992        5.28999170237849        1.74389656064237
H           -1.24516982890252       -5.19712793685783       -0.69816873242686
H            1.27195257643809        5.42195138735706        1.68127885842777
H            1.72438259719442       -5.20102279781036        0.13345495836498
H            4.21605044971454        5.64942123400896        0.65973388892082
H            4.66849890078001       -4.88006111136606       -0.91420604093358
H            6.63785222481618        4.22518105321024        1.57893480694325
H            6.73704168997899        1.69977739712649       -0.05705098593782
H            6.84000229081391       -0.67468515440656       -0.38285322291439
H            6.97028074256855       -3.59413040899615        0.36457401388507
